04-27 18:57:00.864 I/NetworkAccelerateSwitchService( 3839): checkWifiRssiAndLinkSpeed mcsidx:-1
04-27 18:57:00.864 I/NetworkAccelerateSwitchService( 3839): checkWifiRssiAndLinkSpeed rssi difference:-9
04-27 18:57:00.864 I/NetworkAccelerateSwitchService( 3839): checkWifiRssiAndLinkSpeed txBandwidthCapMbps proportions:1.0
04-27 18:57:00.864 I/NetworkAccelerateSwitchService( 3839): checkWifiRssiAndLinkSpeed rxBandwidthCapMbps proportions:1.0
04-27 18:57:00.864 I/NetworkAccelerateSwitchService( 3839): checkWifiRssiAndLinkSpeed mcsidx difference:0
04-27 18:57:00.864 I/NetworkAccelerateSwitchService( 3839): checkWifiRssiAndLinkSpeed FastFadeWeakNetThresholdAdjustment:0
04-27 18:57:00.864 I/NetworkAccelerateSwitchService( 3839): ================= checkWifiRssiAndLinkSpeed END ================
04-27 18:57:00.864 I/NetworkAccelerateSwitchService( 3839): checkWifiRssiAndLinkSpeed rssi:26
04-27 18:57:00.864 I/NetworkAccelerateSwitchService( 3839): checkWifiRssiAndLinkSpeed mWifiFastFade:false mWifiFastFadeAdjustThreshold:false
04-27 18:57:00.864 I/NetworkAccelerateSwitchService( 3839): getAverageWifiRssi:28
04-27 18:57:01.545 D/MiuiWifiCommonBase( 3839): band: 0, compensate: 0
04-27 18:57:01.545 D/WifiClientModeImpl[719075603:wlan0]( 3839): updateLinkLayerStatsRssiSpeedFrequencyCapabilities rssi=-26 TxLinkspeed=300 freq=2462 RxLinkSpeed=300
04-27 18:57:01.545 I/WifiService( 3839): getConnectionInfo uid=1000
04-27 18:57:01.545 V/WifiService( 3839): Clearing REDACT_FOR_LOCAL_MAC_ADDRESS for android(uid=1000)
04-27 18:57:01.545 V/WifiService( 3839): Clearing REDACT_FOR_NETWORK_SETTINGS for android(uid=1000)
04-27 18:57:01.545 V/WifiService( 3839): Clearing REDACT_FOR_ACCESS_FINE_LOCATION for android(uid=1000)
04-27 18:57:01.546 D/WifiDataStall( 3839): tx tput in kbps: 96937
04-27 18:57:01.546 D/WifiDataStall( 3839): rx tput in kbps: 206250
04-27 18:57:01.546 V/WifiConfigManager( 3839): Updating scan detail cache freq=2462 BSSID=74:39:89:2a:67:26 RSSI=-26 for "MstRobot"WPA_PSK
04-27 18:57:01.546 D/WifiChannelUtilization( 3839):  freq: 2462 onTime: 276860 busyTime: 160816 onTimeDiff: 662 busyTimeDiff: 542 utilization: 208 utilization t0: 148
04-27 18:57:01.546 D/WifiDataStall( 3839):  ccaLevel = 80
04-27 18:57:01.546 D/WifiDataStall( 3839): L2 txTputKbps: 59812, rxTputKbps: 206250, L3 txTputKbps: 0, rxTputKbps: 0, TxTrafficHigh: true, RxTrafficHigh: false, Throughput Sufficient: true
04-27 18:57:01.547 D/WifiThroughputPredictor( 3839):  utilization (LLS) 80 isBluetoothConnected: false final utilization: 80
04-27 18:57:01.547 D/WifiThroughputPredictor( 3839):  BW: 1 RSSI: -26 Nss: 2 Mode: 4 symDur: 3600 snrDb 51 bitPerTone: 5000 rate: 300 throughput: 205
04-27 18:57:01.547 D/WifiThroughputPredictor( 3839):  utilization (LLS) 80 isBluetoothConnected: false final utilization: 80
04-27 18:57:01.547 D/WifiThroughputPredictor( 3839):  BW: 1 RSSI: -26 Nss: 2 Mode: 4 symDur: 3600 snrDb 51 bitPerTone: 5000 rate: 300 throughput: 205
04-27 18:57:01.548 D/WifiScoreCard( 3839): BSSID update SIGNAL_POLL ID: 404527809 SSID: "MstRobot", BSSID: 74:39:89:2a:67:26, MAC: fa:2c:a2:da:d1:aa, IP: /192.168.0.101, Security type: 2, Supplicant state: COMPLETED, Wi-Fi standard: 11n, RSSI: -26, Link speed: 300Mbps, Tx Link speed: 300Mbps, Max Supported Tx Link speed: 300Mbps, Rx Link speed: 300Mbps, Max Supported Rx Link speed: 300Mbps, Frequency: 2462MHz, Net ID: 6, Metered hint: false, score: 60, isUsable: true, CarrierMerged: false, SubscriptionId: -1, IsPrimary: 1, Trusted: true, Restricted: false, Ephemeral: false, OEM paid: false, OEM private: false, OSU AP: false, FQDN: <none>, Provider friendly name: <none>, Requesting package name: <none>"MstRobot"wpa2-pskMLO Information: , Is TID-To-Link negotiation supported by the AP: false, AP MLD Address: <none>, AP MLO Link Id: <none>, AP MLO Affiliated links: <none>, Vendor Data: <none>
04-27 18:57:01.548 D/WifiScoreCard( 3839): txRate: 6 txSpeed: 300
04-27 18:57:01.548 D/WifiScoreCard( 3839): network update SIGNAL_POLL "MstRobot" ID: 608343939 RSSI -26 txSpeed 300
04-27 18:57:01.548 D/WifiClientModeImpl[719075603:wlan0]( 3839):  ClientModeImpl$L2ConnectedState screen=on 1 0 "MstRobot" 74:39:89:2a:67:26 rssi=-26 f=2462 sc= 60, mSwithInWeakNet: true [updated score = 60,  failpercent=100 { out=2 in=0 lost=4 inretrans=4 total retrans=2 tmo=29 inflight=4}] link=300 tx=2.9, 2.2, 0.0 rx=1.5 bcn=8654 [on:662 tx:3 rx:14 period:3014] from screen [on:281725 period:1066202] score=60
04-27 18:57:01.549 I/WifiService( 3839): getVerboseLoggingLevel uid=1000
04-27 18:57:01.552 I/WifiService( 3839): getScanResults uid=1000
04-27 18:57:01.552 D/AmlWifiScoreReportInjector( 3839): getMaxRssiInWaeknet weaknetRssi = -72
04-27 18:57:01.552 I/WifiService( 3839): getVerboseLoggingLevel uid=1000
04-27 18:57:01.553 D/AmlWifiScoreReportInjector( 3839): onWifiUsabilityStats: channelUtilization=208 seqNum = 134764 bssidChanged = 0 isQcomPlatform = true
04-27 18:57:02.847 I/WifiService( 3839): getConnectionInfo uid=1001
04-27 18:57:02.847 V/WifiService( 3839): Clearing REDACT_FOR_LOCAL_MAC_ADDRESS for com.android.phone(uid=1001)
04-27 18:57:02.847 V/WifiService( 3839): Clearing REDACT_FOR_NETWORK_SETTINGS for com.android.phone(uid=1001)
04-27 18:57:02.847 V/WifiService( 3839): Clearing REDACT_FOR_ACCESS_FINE_LOCATION for com.android.phone(uid=1001)
04-27 18:57:02.850 D/SlaveWifiManager( 5894): getWifiSlaveConnectionInfo
04-27 18:57:03.867 I/WifiService( 3839): getConnectionInfo uid=1000
04-27 18:57:03.867 V/WifiService( 3839): Clearing REDACT_FOR_LOCAL_MAC_ADDRESS for android(uid=1000)
04-27 18:57:03.867 V/WifiService( 3839): Clearing REDACT_FOR_NETWORK_SETTINGS for android(uid=1000)
04-27 18:57:03.867 V/WifiService( 3839): Clearing REDACT_FOR_ACCESS_FINE_LOCATION for android(uid=1000)
04-27 18:57:03.867 I/WifiService( 3839): getVerboseLoggingLevel uid=1000
04-27 18:57:03.867 I/NetworkAccelerateSwitchService( 3839): ================= checkWifiRssiAndLinkSpeed START ================
04-27 18:57:03.867 I/NetworkAccelerateSwitchService( 3839): checkWifiRssiAndLinkSpeed mMinRssiFastFadeDifference:9 mMedRssiFastFadeDifference:13 mMaxRssiFastFadeDifference:15
04-27 18:57:03.867 I/NetworkAccelerateSwitchService( 3839): checkWifiRssiAndLinkSpeed txBandwidthCapMbps:300
04-27 18:57:03.867 I/NetworkAccelerateSwitchService( 3839): checkWifiRssiAndLinkSpeed rxBandwidthCapMbps:300
04-27 18:57:03.867 I/NetworkAccelerateSwitchService( 3839): checkWifiRssiAndLinkSpeed mcsidx:-1
04-27 18:57:03.867 I/NetworkAccelerateSwitchService( 3839): checkWifiRssiAndLinkSpeed rssi difference:0
04-27 18:57:03.867 I/NetworkAccelerateSwitchService( 3839): checkWifiRssiAndLinkSpeed txBandwidthCapMbps proportions:1.0
04-27 18:57:03.867 I/NetworkAccelerateSwitchService( 3839): checkWifiRssiAndLinkSpeed rxBandwidthCapMbps proportions:1.0
04-27 18:57:03.867 I/NetworkAccelerateSwitchService( 3839): checkWifiRssiAndLinkSpeed mcsidx difference:0
04-27 18:57:03.867 I/NetworkAccelerateSwitchService( 3839): checkWifiRssiAndLinkSpeed FastFadeWeakNetThresholdAdjustment:0
04-27 18:57:03.867 I/NetworkAccelerateSwitchService( 3839): ================= checkWifiRssiAndLinkSpeed END ================
04-27 18:57:03.867 I/NetworkAccelerateSwitchService( 3839): checkWifiRssiAndLinkSpeed rssi:26
04-27 18:57:03.867 I/NetworkAccelerateSwitchService( 3839): checkWifiRssiAndLinkSpeed mWifiFastFade:false mWifiFastFadeAdjustThreshold:false
04-27 18:57:03.867 I/NetworkAccelerateSwitchService( 3839): getAverageWifiRssi:28
04-27 18:57:04.559 D/MiuiWifiCommonBase( 3839): band: 0, compensate: 0
04-27 18:57:04.559 D/WifiClientModeImpl[719075603:wlan0]( 3839): updateLinkLayerStatsRssiSpeedFrequencyCapabilities rssi=-25 TxLinkspeed=300 freq=2462 RxLinkSpeed=300
04-27 18:57:04.559 I/WifiService( 3839): getConnectionInfo uid=1000
04-27 18:57:04.559 V/WifiService( 3839): Clearing REDACT_FOR_LOCAL_MAC_ADDRESS for android(uid=1000)
04-27 18:57:04.559 V/WifiService( 3839): Clearing REDACT_FOR_NETWORK_SETTINGS for android(uid=1000)
04-27 18:57:04.559 V/WifiService( 3839): Clearing REDACT_FOR_ACCESS_FINE_LOCATION for android(uid=1000)
04-27 18:57:04.561 D/WifiDataStall( 3839): tx tput in kbps: 59812
04-27 18:57:04.561 D/WifiDataStall( 3839): rx tput in kbps: 206250
04-27 18:57:04.561 V/WifiConfigManager( 3839): Updating scan detail cache freq=2462 BSSID=74:39:89:2a:67:26 RSSI=-25 for "MstRobot"WPA_PSK
04-27 18:57:04.561 D/WifiChannelUtilization( 3839):  freq: 2462 onTime: 277932 busyTime: 161483 onTimeDiff: 1072 busyTimeDiff: 667 utilization: 158 utilization t0: 148
04-27 18:57:04.561 D/WifiDataStall( 3839):  ccaLevel = 80
04-27 18:57:04.561 D/WifiDataStall( 3839): L2 txTputKbps: 127875, rxTputKbps: 206250, L3 txTputKbps: 1, rxTputKbps: 0, TxTrafficHigh: true, RxTrafficHigh: false, Throughput Sufficient: true
04-27 18:57:04.563 D/WifiThroughputPredictor( 3839):  utilization (LLS) 80 isBluetoothConnected: false final utilization: 80
04-27 18:57:04.563 D/WifiThroughputPredictor( 3839):  BW: 1 RSSI: -25 Nss: 2 Mode: 4 symDur: 3600 snrDb 52 bitPerTone: 5000 rate: 300 throughput: 205
04-27 18:57:04.563 D/WifiThroughputPredictor( 3839):  utilization (LLS) 80 isBluetoothConnected: false final utilization: 80
04-27 18:57:04.563 D/WifiThroughputPredictor( 3839):  BW: 1 RSSI: -25 Nss: 2 Mode: 4 symDur: 3600 snrDb 52 bitPerTone: 5000 rate: 300 throughput: 205
04-27 18:57:04.564 D/WifiScoreCard( 3839): BSSID update SIGNAL_POLL ID: 404527809 SSID: "MstRobot", BSSID: 74:39:89:2a:67:26, MAC: fa:2c:a2:da:d1:aa, IP: /192.168.0.101, Security type: 2, Supplicant state: COMPLETED, Wi-Fi standard: 11n, RSSI: -25, Link speed: 300Mbps, Tx Link speed: 300Mbps, Max Supported Tx Link speed: 300Mbps, Rx Link speed: 300Mbps, Max Supported Rx Link speed: 300Mbps, Frequency: 2462MHz, Net ID: 6, Metered hint: false, score: 60, isUsable: true, CarrierMerged: false, SubscriptionId: -1, IsPrimary: 1, Trusted: true, Restricted: false, Ephemeral: false, OEM paid: false, OEM private: false, OSU AP: false, FQDN: <none>, Provider friendly name: <none>, Requesting package name: <none>"MstRobot"wpa2-pskMLO Information: , Is TID-To-Link negotiation supported by the AP: false, AP MLD Address: <none>, AP MLO Link Id: <none>, AP MLO Affiliated links: <none>, Vendor Data: <none>
04-27 18:57:04.564 D/WifiScoreCard( 3839): txRate: 5 txSpeed: 300
04-27 18:57:04.564 D/WifiScoreCard( 3839): network update SIGNAL_POLL "MstRobot" ID: 608343939 RSSI -25 txSpeed 300
04-27 18:57:04.565 D/WifiClientModeImpl[719075603:wlan0]( 3839):  ClientModeImpl$L2ConnectedState screen=on 1 0 "MstRobot" 74:39:89:2a:67:26 rssi=-25 f=2462 sc= 60, mSwithInWeakNet: true [updated score = 60,  failpercent=100 { out=4 in=0 lost=4 inretrans=4 total retrans=3 tmo=24 inflight=4}] link=300 tx=2.7, 1.8, 0.0 rx=0.5 bcn=8672 [on:1073 tx:6 rx:14 period:3017] from screen [on:282798 period:1069219] score=60
04-27 18:57:04.566 I/WifiService( 3839): getVerboseLoggingLevel uid=1000
04-27 18:57:04.570 I/WifiService( 3839): getScanResults uid=1000
04-27 18:57:04.571 D/AmlWifiScoreReportInjector( 3839): getMaxRssiInWaeknet weaknetRssi = -72
04-27 18:57:04.571 I/WifiService( 3839): getVerboseLoggingLevel uid=1000
04-27 18:57:04.572 D/AmlWifiScoreReportInjector( 3839): onWifiUsabilityStats: channelUtilization=158 seqNum = 134765 bssidChanged = 0 isQcomPlatform = true
04-27 18:57:05.901 I/WifiService( 3839): getConnectionInfo uid=1001
04-27 18:57:05.901 V/WifiService( 3839): Clearing REDACT_FOR_LOCAL_MAC_ADDRESS for com.android.phone(uid=1001)
04-27 18:57:05.901 V/WifiService( 3839): Clearing REDACT_FOR_NETWORK_SETTINGS for com.android.phone(uid=1001)
04-27 18:57:05.901 V/WifiService( 3839): Clearing REDACT_FOR_ACCESS_FINE_LOCATION for com.android.phone(uid=1001)
04-27 18:57:05.902 D/SlaveWifiManager( 5894): getWifiSlaveConnectionInfo
04-27 18:57:06.871 I/WifiService( 3839): getConnectionInfo uid=1000
04-27 18:57:06.871 V/WifiService( 3839): Clearing REDACT_FOR_LOCAL_MAC_ADDRESS for android(uid=1000)
04-27 18:57:06.871 V/WifiService( 3839): Clearing REDACT_FOR_NETWORK_SETTINGS for android(uid=1000)
04-27 18:57:06.871 V/WifiService( 3839): Clearing REDACT_FOR_ACCESS_FINE_LOCATION for android(uid=1000)
04-27 18:57:06.871 I/WifiService( 3839): getVerboseLoggingLevel uid=1000
04-27 18:57:06.871 I/NetworkAccelerateSwitchService( 3839): ================= checkWifiRssiAndLinkSpeed START ================
04-27 18:57:06.871 I/NetworkAccelerateSwitchService( 3839): checkWifiRssiAndLinkSpeed mMinRssiFastFadeDifference:9 mMedRssiFastFadeDifference:13 mMaxRssiFastFadeDifference:15
04-27 18:57:06.871 I/NetworkAccelerateSwitchService( 3839): checkWifiRssiAndLinkSpeed txBandwidthCapMbps:300
04-27 18:57:06.871 I/NetworkAccelerateSwitchService( 3839): checkWifiRssiAndLinkSpeed rxBandwidthCapMbps:300
04-27 18:57:06.871 I/NetworkAccelerateSwitchService( 3839): checkWifiRssiAndLinkSpeed mcsidx:-1
04-27 18:57:06.871 I/NetworkAccelerateSwitchService( 3839): checkWifiRssiAndLinkSpeed rssi difference:-1
04-27 18:57:06.871 I/NetworkAccelerateSwitchService( 3839): checkWifiRssiAndLinkSpeed txBandwidthCapMbps proportions:1.0
04-27 18:57:06.871 I/NetworkAccelerateSwitchService( 3839): checkWifiRssiAndLinkSpeed rxBandwidthCapMbps proportions:1.0
04-27 18:57:06.871 I/NetworkAccelerateSwitchService( 3839): checkWifiRssiAndLinkSpeed mcsidx difference:0
04-27 18:57:06.871 I/NetworkAccelerateSwitchService( 3839): checkWifiRssiAndLinkSpeed FastFadeWeakNetThresholdAdjustment:0
04-27 18:57:06.871 I/NetworkAccelerateSwitchService( 3839): ================= checkWifiRssiAndLinkSpeed END ================
04-27 18:57:06.871 I/NetworkAccelerateSwitchService( 3839): checkWifiRssiAndLinkSpeed rssi:25
04-27 18:57:06.873 I/NetworkAccelerateSwitchService( 3839): checkWifiRssiAndLinkSpeed mWifiFastFade:false mWifiFastFadeAdjustThreshold:false
04-27 18:57:06.873 I/NetworkAccelerateSwitchService( 3839): getAverageWifiRssi:25
04-27 18:57:07.509 D/SSRU-SpecialResourceTracker( 3839): totalUsage: 3.73% Deatails:{SsruCpuTh=0.7666666666666667, SensorService=0.3, aidl_ssvc_poll=0.16666666666666666, MiuiWifiService=0.2, eduling.default=0.3}
04-27 18:57:07.572 D/MiuiWifiCommonBase( 3839): band: 0, compensate: 0
04-27 18:57:07.572 D/WifiClientModeImpl[719075603:wlan0]( 3839): updateLinkLayerStatsRssiSpeedFrequencyCapabilities rssi=-23 TxLinkspeed=300 freq=2462 RxLinkSpeed=300
04-27 18:57:07.573 I/WifiService( 3839): getConnectionInfo uid=1000
04-27 18:57:07.573 V/WifiService( 3839): Clearing REDACT_FOR_LOCAL_MAC_ADDRESS for android(uid=1000)
04-27 18:57:07.573 V/WifiService( 3839): Clearing REDACT_FOR_NETWORK_SETTINGS for android(uid=1000)
04-27 18:57:07.573 V/WifiService( 3839): Clearing REDACT_FOR_ACCESS_FINE_LOCATION for android(uid=1000)
04-27 18:57:07.576 D/WifiDataStall( 3839): tx tput in kbps: 127875
04-27 18:57:07.576 D/WifiDataStall( 3839): rx tput in kbps: 206250
04-27 18:57:07.576 V/WifiConfigManager( 3839): Updating scan detail cache freq=2462 BSSID=74:39:89:2a:67:26 RSSI=-23 for "MstRobot"WPA_PSK
04-27 18:57:07.576 D/WifiChannelUtilization( 3839):  freq: 2462 onTime: 278914 busyTime: 162108 onTimeDiff: 982 busyTimeDiff: 625 utilization: 162 utilization t0: 148
04-27 18:57:07.576 D/WifiDataStall( 3839):  ccaLevel = 80
04-27 18:57:07.576 D/WifiDataStall( 3839): L2 txTputKbps: 76312, rxTputKbps: 206250, L3 txTputKbps: 1, rxTputKbps: 0, TxTrafficHigh: true, RxTrafficHigh: false, Throughput Sufficient: true
04-27 18:57:07.577 D/WifiThroughputPredictor( 3839):  utilization (LLS) 80 isBluetoothConnected: false final utilization: 80
04-27 18:57:07.577 D/WifiThroughputPredictor( 3839):  BW: 1 RSSI: -23 Nss: 2 Mode: 4 symDur: 3600 snrDb 54 bitPerTone: 5000 rate: 300 throughput: 205
04-27 18:57:07.577 D/WifiThroughputPredictor( 3839):  utilization (LLS) 80 isBluetoothConnected: false final utilization: 80
04-27 18:57:07.577 D/WifiThroughputPredictor( 3839):  BW: 1 RSSI: -23 Nss: 2 Mode: 4 symDur: 3600 snrDb 54 bitPerTone: 5000 rate: 300 throughput: 205
04-27 18:57:07.578 D/WifiScoreCard( 3839): BSSID update SIGNAL_POLL ID: 404527809 SSID: "MstRobot", BSSID: 74:39:89:2a:67:26, MAC: fa:2c:a2:da:d1:aa, IP: /192.168.0.101, Security type: 2, Supplicant state: COMPLETED, Wi-Fi standard: 11n, RSSI: -23, Link speed: 300Mbps, Tx Link speed: 300Mbps, Max Supported Tx Link speed: 300Mbps, Rx Link speed: 300Mbps, Max Supported Rx Link speed: 300Mbps, Frequency: 2462MHz, Net ID: 6, Metered hint: false, score: 60, isUsable: true, CarrierMerged: false, SubscriptionId: -1, IsPrimary: 1, Trusted: true, Restricted: false, Ephemeral: false, OEM paid: false, OEM private: false, OSU AP: false, FQDN: <none>, Provider friendly name: <none>, Requesting package name: <none>"MstRobot"wpa2-pskMLO Information: , Is TID-To-Link negotiation supported by the AP: false, AP MLD Address: <none>, AP MLO Link Id: <none>, AP MLO Affiliated links: <none>, Vendor Data: <none>
04-27 18:57:07.578 D/WifiScoreCard( 3839): txRate: 6 txSpeed: 300
04-27 18:57:07.578 D/WifiScoreCard( 3839): network update SIGNAL_POLL "MstRobot" ID: 608343939 RSSI -23 txSpeed 300
04-27 18:57:07.578 D/WifiClientModeImpl[719075603:wlan0]( 3839):  ClientModeImpl$L2ConnectedState screen=on 1 0 "MstRobot" 74:39:89:2a:67:26 rssi=-23 f=2462 sc= 60, mSwithInWeakNet: true [updated score = 60,  failpercent=100 { out=3 in=0 lost=4 inretrans=4 total retrans=3 tmo=27 inflight=4}] link=300 tx=2.4, 3.2, 0.0 rx=0.2 bcn=8696 [on:981 tx:8 rx:20 period:3013] from screen [on:283779 period:1072232] score=60
04-27 18:57:07.579 I/WifiService( 3839): getVerboseLoggingLevel uid=1000
04-27 18:57:07.582 I/WifiService( 3839): getScanResults uid=1000
04-27 18:57:07.583 D/AmlWifiScoreReportInjector( 3839): getMaxRssiInWaeknet weaknetRssi = -72
04-27 18:57:07.583 I/WifiService( 3839): getVerboseLoggingLevel uid=1000
04-27 18:57:07.584 D/AmlWifiScoreReportInjector( 3839): onWifiUsabilityStats: channelUtilization=162 seqNum = 134766 bssidChanged = 0 isQcomPlatform = true
04-27 18:57:08.954 I/WifiService( 3839): getConnectionInfo uid=1001
04-27 18:57:08.954 V/WifiService( 3839): Clearing REDACT_FOR_LOCAL_MAC_ADDRESS for com.android.phone(uid=1001)
04-27 18:57:08.954 V/WifiService( 3839): Clearing REDACT_FOR_NETWORK_SETTINGS for com.android.phone(uid=1001)
04-27 18:57:08.954 V/WifiService( 3839): Clearing REDACT_FOR_ACCESS_FINE_LOCATION for com.android.phone(uid=1001)
04-27 18:57:08.955 D/SlaveWifiManager( 5894): getWifiSlaveConnectionInfo
04-27 18:57:09.876 I/WifiService( 3839): getConnectionInfo uid=1000
04-27 18:57:09.876 V/WifiService( 3839): Clearing REDACT_FOR_LOCAL_MAC_ADDRESS for android(uid=1000)
04-27 18:57:09.876 V/WifiService( 3839): Clearing REDACT_FOR_NETWORK_SETTINGS for android(uid=1000)
04-27 18:57:09.876 V/WifiService( 3839): Clearing REDACT_FOR_ACCESS_FINE_LOCATION for android(uid=1000)
04-27 18:57:09.876 I/WifiService( 3839): getVerboseLoggingLevel uid=1000
04-27 18:57:09.876 I/NetworkAccelerateSwitchService( 3839): ================= checkWifiRssiAndLinkSpeed START ================
04-27 18:57:09.876 I/NetworkAccelerateSwitchService( 3839): checkWifiRssiAndLinkSpeed mMinRssiFastFadeDifference:9 mMedRssiFastFadeDifference:13 mMaxRssiFastFadeDifference:15
04-27 18:57:09.876 I/NetworkAccelerateSwitchService( 3839): checkWifiRssiAndLinkSpeed txBandwidthCapMbps:300
04-27 18:57:09.876 I/NetworkAccelerateSwitchService( 3839): checkWifiRssiAndLinkSpeed rxBandwidthCapMbps:300
04-27 18:57:09.876 I/NetworkAccelerateSwitchService( 3839): checkWifiRssiAndLinkSpeed mcsidx:-1
04-27 18:57:09.876 I/NetworkAccelerateSwitchService( 3839): checkWifiRssiAndLinkSpeed rssi difference:-2
04-27 18:57:09.876 I/NetworkAccelerateSwitchService( 3839): checkWifiRssiAndLinkSpeed txBandwidthCapMbps proportions:1.0
04-27 18:57:09.876 I/NetworkAccelerateSwitchService( 3839): checkWifiRssiAndLinkSpeed rxBandwidthCapMbps proportions:1.0
04-27 18:57:09.876 I/NetworkAccelerateSwitchService( 3839): checkWifiRssiAndLinkSpeed mcsidx difference:0
04-27 18:57:09.876 I/NetworkAccelerateSwitchService( 3839): checkWifiRssiAndLinkSpeed FastFadeWeakNetThresholdAdjustment:0
04-27 18:57:09.876 I/NetworkAccelerateSwitchService( 3839): ================= checkWifiRssiAndLinkSpeed END ================
04-27 18:57:09.876 I/NetworkAccelerateSwitchService( 3839): checkWifiRssiAndLinkSpeed rssi:23
04-27 18:57:09.876 I/NetworkAccelerateSwitchService( 3839): checkWifiRssiAndLinkSpeed mWifiFastFade:false mWifiFastFadeAdjustThreshold:false
04-27 18:57:09.876 I/NetworkAccelerateSwitchService( 3839): getAverageWifiRssi:24
04-27 18:57:10.603 D/MiuiWifiCommonBase( 3839): band: 0, compensate: 0
04-27 18:57:10.604 D/WifiClientModeImpl[719075603:wlan0]( 3839): updateLinkLayerStatsRssiSpeedFrequencyCapabilities rssi=-27 TxLinkspeed=300 freq=2462 RxLinkSpeed=300
04-27 18:57:10.604 I/WifiService( 3839): getConnectionInfo uid=1000
04-27 18:57:10.604 V/WifiService( 3839): Clearing REDACT_FOR_LOCAL_MAC_ADDRESS for android(uid=1000)
04-27 18:57:10.604 V/WifiService( 3839): Clearing REDACT_FOR_NETWORK_SETTINGS for android(uid=1000)
04-27 18:57:10.604 V/WifiService( 3839): Clearing REDACT_FOR_ACCESS_FINE_LOCATION for android(uid=1000)
04-27 18:57:10.605 D/WifiDataStall( 3839): tx tput in kbps: 76312
04-27 18:57:10.605 D/WifiDataStall( 3839): rx tput in kbps: 206250
04-27 18:57:10.605 V/WifiConfigManager( 3839): Updating scan detail cache freq=2462 BSSID=74:39:89:2a:67:26 RSSI=-25 for "MstRobot"WPA_PSK
04-27 18:57:10.605 D/WifiChannelUtilization( 3839):  freq: 2462 onTime: 279325 busyTime: 162357 onTimeDiff: 411 busyTimeDiff: 249 utilization: 154 utilization t0: 148
04-27 18:57:10.605 D/WifiDataStall( 3839):  ccaLevel = 80
04-27 18:57:10.605 D/WifiDataStall( 3839): L2 txTputKbps: 103125, rxTputKbps: 206250, L3 txTputKbps: 2, rxTputKbps: 1, TxTrafficHigh: true, RxTrafficHigh: false, Throughput Sufficient: true
04-27 18:57:10.606 D/WifiThroughputPredictor( 3839):  utilization (LLS) 80 isBluetoothConnected: false final utilization: 80
04-27 18:57:10.606 D/WifiThroughputPredictor( 3839):  BW: 1 RSSI: -27 Nss: 2 Mode: 4 symDur: 3600 snrDb 50 bitPerTone: 5000 rate: 300 throughput: 205
04-27 18:57:10.606 D/WifiThroughputPredictor( 3839):  utilization (LLS) 80 isBluetoothConnected: false final utilization: 80
04-27 18:57:10.606 D/WifiThroughputPredictor( 3839):  BW: 1 RSSI: -27 Nss: 2 Mode: 4 symDur: 3600 snrDb 50 bitPerTone: 5000 rate: 300 throughput: 205
04-27 18:57:10.607 D/WifiScoreCard( 3839): BSSID update SIGNAL_POLL ID: 404527809 SSID: "MstRobot", BSSID: 74:39:89:2a:67:26, MAC: fa:2c:a2:da:d1:aa, IP: /192.168.0.101, Security type: 2, Supplicant state: COMPLETED, Wi-Fi standard: 11n, RSSI: -27, Link speed: 300Mbps, Tx Link speed: 300Mbps, Max Supported Tx Link speed: 300Mbps, Rx Link speed: 300Mbps, Max Supported Rx Link speed: 300Mbps, Frequency: 2462MHz, Net ID: 6, Metered hint: false, score: 60, isUsable: true, CarrierMerged: false, SubscriptionId: -1, IsPrimary: 1, Trusted: true, Restricted: false, Ephemeral: false, OEM paid: false, OEM private: false, OSU AP: false, FQDN: <none>, Provider friendly name: <none>, Requesting package name: <none>"MstRobot"wpa2-pskMLO Information: , Is TID-To-Link negotiation supported by the AP: false, AP MLD Address: <none>, AP MLO Link Id: <none>, AP MLO Affiliated links: <none>, Vendor Data: <none>
04-27 18:57:10.607 D/WifiScoreCard( 3839): txRate: 5 txSpeed: 300
04-27 18:57:10.607 D/WifiScoreCard( 3839): network update SIGNAL_POLL "MstRobot" ID: 608343939 RSSI -27 txSpeed 300
04-27 18:57:10.607 D/WifiClientModeImpl[719075603:wlan0]( 3839):  ClientModeImpl$L2ConnectedState screen=on 1 0 "MstRobot" 74:39:89:2a:67:26 rssi=-27 f=2462 sc= 60, mSwithInWeakNet: true [updated score = 60,  failpercent=100 { out=3 in=0 lost=4 inretrans=4 total retrans=3 tmo=30 inflight=4}] link=300 tx=2.1, 2.4, 0.0 rx=1.1 bcn=8717 [on:412 tx:6 rx:6 period:3029] from screen [on:284191 period:1075261] score=60
04-27 18:57:10.608 V/WifiManager( 5963): TrafficStateCallbackProxy: onStateChanged state=3
04-27 18:57:10.608 V/WifiManager( 5963): TrafficStateCallbackProxy: onStateChanged state=3
04-27 18:57:10.608 I/WifiService( 3839): getVerboseLoggingLevel uid=1000
04-27 18:57:10.611 I/WifiService( 3839): getScanResults uid=1000
04-27 18:57:10.611 D/AmlWifiScoreReportInjector( 3839): getMaxRssiInWaeknet weaknetRssi = -72
04-27 18:57:10.612 I/WifiService( 3839): getVerboseLoggingLevel uid=1000
04-27 18:57:10.612 D/AmlWifiScoreReportInjector( 3839): onWifiUsabilityStats: channelUtilization=154 seqNum = 134767 bssidChanged = 0 isQcomPlatform = true
04-27 18:57:12.006 I/WifiService( 3839): getConnectionInfo uid=1001
04-27 18:57:12.006 V/WifiService( 3839): Clearing REDACT_FOR_LOCAL_MAC_ADDRESS for com.android.phone(uid=1001)
04-27 18:57:12.006 V/WifiService( 3839): Clearing REDACT_FOR_NETWORK_SETTINGS for com.android.phone(uid=1001)
04-27 18:57:12.006 V/WifiService( 3839): Clearing REDACT_FOR_ACCESS_FINE_LOCATION for com.android.phone(uid=1001)
04-27 18:57:12.007 D/SlaveWifiManager( 5894): getWifiSlaveConnectionInfo
04-27 18:57:12.880 I/WifiService( 3839): getConnectionInfo uid=1000
04-27 18:57:12.880 V/WifiService( 3839): Clearing REDACT_FOR_LOCAL_MAC_ADDRESS for android(uid=1000)
04-27 18:57:12.880 V/WifiService( 3839): Clearing REDACT_FOR_NETWORK_SETTINGS for android(uid=1000)
04-27 18:57:12.880 V/WifiService( 3839): Clearing REDACT_FOR_ACCESS_FINE_LOCATION for android(uid=1000)
04-27 18:57:12.880 I/WifiService( 3839): getVerboseLoggingLevel uid=1000
04-27 18:57:12.880 I/NetworkAccelerateSwitchService( 3839): ================= checkWifiRssiAndLinkSpeed START ================
04-27 18:57:12.880 I/NetworkAccelerateSwitchService( 3839): checkWifiRssiAndLinkSpeed mMinRssiFastFadeDifference:9 mMedRssiFastFadeDifference:13 mMaxRssiFastFadeDifference:15
04-27 18:57:12.880 I/NetworkAccelerateSwitchService( 3839): checkWifiRssiAndLinkSpeed txBandwidthCapMbps:300
04-27 18:57:12.880 I/NetworkAccelerateSwitchService( 3839): checkWifiRssiAndLinkSpeed rxBandwidthCapMbps:300
04-27 18:57:12.880 I/NetworkAccelerateSwitchService( 3839): checkWifiRssiAndLinkSpeed mcsidx:-1
04-27 18:57:12.880 I/NetworkAccelerateSwitchService( 3839): checkWifiRssiAndLinkSpeed rssi difference:4
04-27 18:57:12.880 I/NetworkAccelerateSwitchService( 3839): checkWifiRssiAndLinkSpeed txBandwidthCapMbps proportions:1.0
04-27 18:57:12.880 I/NetworkAccelerateSwitchService( 3839): checkWifiRssiAndLinkSpeed rxBandwidthCapMbps proportions:1.0
04-27 18:57:12.880 I/NetworkAccelerateSwitchService( 3839): checkWifiRssiAndLinkSpeed mcsidx difference:0
04-27 18:57:12.880 I/NetworkAccelerateSwitchService( 3839): checkWifiRssiAndLinkSpeed FastFadeWeakNetThresholdAdjustment:0
04-27 18:57:12.880 I/NetworkAccelerateSwitchService( 3839): ================= checkWifiRssiAndLinkSpeed END ================
04-27 18:57:12.880 I/NetworkAccelerateSwitchService( 3839): checkWifiRssiAndLinkSpeed rssi:27
04-27 18:57:12.880 I/NetworkAccelerateSwitchService( 3839): checkWifiRssiAndLinkSpeed mWifiFastFade:false mWifiFastFadeAdjustThreshold:false
04-27 18:57:12.880 I/NetworkAccelerateSwitchService( 3839): getAverageWifiRssi:25
04-27 18:57:13.616 D/MiuiWifiCommonBase( 3839): band: 0, compensate: 0
04-27 18:57:13.617 D/WifiClientModeImpl[719075603:wlan0]( 3839): updateLinkLayerStatsRssiSpeedFrequencyCapabilities rssi=-25 TxLinkspeed=300 freq=2462 RxLinkSpeed=300
04-27 18:57:13.617 I/WifiService( 3839): getConnectionInfo uid=1000
04-27 18:57:13.617 V/WifiService( 3839): Clearing REDACT_FOR_LOCAL_MAC_ADDRESS for android(uid=1000)
04-27 18:57:13.617 V/WifiService( 3839): Clearing REDACT_FOR_NETWORK_SETTINGS for android(uid=1000)
04-27 18:57:13.617 V/WifiService( 3839): Clearing REDACT_FOR_ACCESS_FINE_LOCATION for android(uid=1000)
04-27 18:57:13.618 D/WifiDataStall( 3839): tx tput in kbps: 103125
04-27 18:57:13.618 D/WifiDataStall( 3839): rx tput in kbps: 206250
04-27 18:57:13.618 V/WifiConfigManager( 3839): Updating scan detail cache freq=2462 BSSID=74:39:89:2a:67:26 RSSI=-25 for "MstRobot"WPA_PSK
04-27 18:57:13.618 D/WifiChannelUtilization( 3839):  freq: 2462 onTime: 279581 busyTime: 162520 onTimeDiff: 256 busyTimeDiff: 163 utilization: 162 utilization t0: 148
04-27 18:57:13.619 D/WifiDataStall( 3839):  ccaLevel = 80
04-27 18:57:13.619 D/WifiDataStall( 3839): L2 txTputKbps: 195937, rxTputKbps: 206250, L3 txTputKbps: 0, rxTputKbps: 0, TxTrafficHigh: false, RxTrafficHigh: false, Throughput Sufficient: true
04-27 18:57:13.619 D/WifiThroughputPredictor( 3839):  utilization (LLS) 80 isBluetoothConnected: false final utilization: 80
04-27 18:57:13.619 D/WifiThroughputPredictor( 3839):  BW: 1 RSSI: -25 Nss: 2 Mode: 4 symDur: 3600 snrDb 52 bitPerTone: 5000 rate: 300 throughput: 205
04-27 18:57:13.619 D/WifiThroughputPredictor( 3839):  utilization (LLS) 80 isBluetoothConnected: false final utilization: 80
04-27 18:57:13.619 D/WifiThroughputPredictor( 3839):  BW: 1 RSSI: -25 Nss: 2 Mode: 4 symDur: 3600 snrDb 52 bitPerTone: 5000 rate: 300 throughput: 205
04-27 18:57:13.620 D/WifiScoreCard( 3839): BSSID update SIGNAL_POLL ID: 404527809 SSID: "MstRobot", BSSID: 74:39:89:2a:67:26, MAC: fa:2c:a2:da:d1:aa, IP: /192.168.0.101, Security type: 2, Supplicant state: COMPLETED, Wi-Fi standard: 11n, RSSI: -25, Link speed: 300Mbps, Tx Link speed: 300Mbps, Max Supported Tx Link speed: 300Mbps, Rx Link speed: 300Mbps, Max Supported Rx Link speed: 300Mbps, Frequency: 2462MHz, Net ID: 6, Metered hint: false, score: 60, isUsable: true, CarrierMerged: false, SubscriptionId: -1, IsPrimary: 1, Trusted: true, Restricted: false, Ephemeral: false, OEM paid: false, OEM private: false, OSU AP: false, FQDN: <none>, Provider friendly name: <none>, Requesting package name: <none>"MstRobot"wpa2-pskMLO Information: , Is TID-To-Link negotiation supported by the AP: false, AP MLD Address: <none>, AP MLO Link Id: <none>, AP MLO Affiliated links: <none>, Vendor Data: <none>
04-27 18:57:13.620 D/WifiScoreCard( 3839): txRate: 3 txSpeed: 300
04-27 18:57:13.620 D/WifiScoreCard( 3839): network update SIGNAL_POLL "MstRobot" ID: 608343939 RSSI -25 txSpeed -1
04-27 18:57:13.620 V/WifiManager( 5963): TrafficStateCallbackProxy: onStateChanged state=2
04-27 18:57:13.620 D/WifiClientModeImpl[719075603:wlan0]( 3839):  ClientModeImpl$L2ConnectedState screen=on 1 0 "MstRobot" 74:39:89:2a:67:26 rssi=-25 f=2462 sc= 60, mSwithInWeakNet: true [updated score = 60,  failpercent=100 { out=1 in=0 lost=4 inretrans=4 total retrans=1 tmo=31 inflight=4}] link=300 tx=1.2, 1.5, 0.0 rx=0.4 bcn=8747 [on:256 tx:2 rx:8 period:3013] from screen [on:284447 period:1078274] score=60
04-27 18:57:13.621 I/WifiService( 3839): getVerboseLoggingLevel uid=1000
04-27 18:57:13.621 V/WifiManager( 5963): TrafficStateCallbackProxy: onStateChanged state=2
04-27 18:57:13.626 I/WifiService( 3839): getScanResults uid=1000
04-27 18:57:13.626 D/AmlWifiScoreReportInjector( 3839): getMaxRssiInWaeknet weaknetRssi = -72
04-27 18:57:13.627 I/WifiService( 3839): getVerboseLoggingLevel uid=1000
04-27 18:57:13.627 D/AmlWifiScoreReportInjector( 3839): onWifiUsabilityStats: channelUtilization=162 seqNum = 134768 bssidChanged = 0 isQcomPlatform = true
04-27 18:57:15.061 I/WifiService( 3839): getConnectionInfo uid=1001
04-27 18:57:15.061 V/WifiService( 3839): Clearing REDACT_FOR_LOCAL_MAC_ADDRESS for com.android.phone(uid=1001)
04-27 18:57:15.061 V/WifiService( 3839): Clearing REDACT_FOR_NETWORK_SETTINGS for com.android.phone(uid=1001)
04-27 18:57:15.061 V/WifiService( 3839): Clearing REDACT_FOR_ACCESS_FINE_LOCATION for com.android.phone(uid=1001)
04-27 18:57:15.062 D/SlaveWifiManager( 5894): getWifiSlaveConnectionInfo
04-27 18:57:15.882 I/WifiService( 3839): getConnectionInfo uid=1000
04-27 18:57:15.882 V/WifiService( 3839): Clearing REDACT_FOR_LOCAL_MAC_ADDRESS for android(uid=1000)
04-27 18:57:15.882 V/WifiService( 3839): Clearing REDACT_FOR_NETWORK_SETTINGS for android(uid=1000)
04-27 18:57:15.882 V/WifiService( 3839): Clearing REDACT_FOR_ACCESS_FINE_LOCATION for android(uid=1000)
04-27 18:57:15.882 I/WifiService( 3839): getVerboseLoggingLevel uid=1000
04-27 18:57:15.882 I/NetworkAccelerateSwitchService( 3839): ================= checkWifiRssiAndLinkSpeed START ================
04-27 18:57:15.882 I/NetworkAccelerateSwitchService( 3839): checkWifiRssiAndLinkSpeed mMinRssiFastFadeDifference:9 mMedRssiFastFadeDifference:13 mMaxRssiFastFadeDifference:15
04-27 18:57:15.882 I/NetworkAccelerateSwitchService( 3839): checkWifiRssiAndLinkSpeed txBandwidthCapMbps:300
04-27 18:57:15.882 I/NetworkAccelerateSwitchService( 3839): checkWifiRssiAndLinkSpeed rxBandwidthCapMbps:300
04-27 18:57:15.882 I/NetworkAccelerateSwitchService( 3839): checkWifiRssiAndLinkSpeed mcsidx:-1
04-27 18:57:15.882 I/NetworkAccelerateSwitchService( 3839): checkWifiRssiAndLinkSpeed rssi difference:-2
04-27 18:57:15.882 I/NetworkAccelerateSwitchService( 3839): checkWifiRssiAndLinkSpeed txBandwidthCapMbps proportions:1.0
04-27 18:57:15.882 I/NetworkAccelerateSwitchService( 3839): checkWifiRssiAndLinkSpeed rxBandwidthCapMbps proportions:1.0
04-27 18:57:15.882 I/NetworkAccelerateSwitchService( 3839): checkWifiRssiAndLinkSpeed mcsidx difference:0
04-27 18:57:15.882 I/NetworkAccelerateSwitchService( 3839): checkWifiRssiAndLinkSpeed FastFadeWeakNetThresholdAdjustment:0
04-27 18:57:15.882 I/NetworkAccelerateSwitchService( 3839): ================= checkWifiRssiAndLinkSpeed END ================
04-27 18:57:15.882 I/NetworkAccelerateSwitchService( 3839): checkWifiRssiAndLinkSpeed rssi:25
04-27 18:57:15.882 I/NetworkAccelerateSwitchService( 3839): checkWifiRssiAndLinkSpeed mWifiFastFade:false mWifiFastFadeAdjustThreshold:false
04-27 18:57:15.882 I/NetworkAccelerateSwitchService( 3839): getAverageWifiRssi:25
04-27 18:57:16.646 D/MiuiWifiCommonBase( 3839): band: 0, compensate: 0
04-27 18:57:16.646 D/WifiClientModeImpl[719075603:wlan0]( 3839): updateLinkLayerStatsRssiSpeedFrequencyCapabilities rssi=-27 TxLinkspeed=300 freq=2462 RxLinkSpeed=300
04-27 18:57:16.647 I/WifiService( 3839): getConnectionInfo uid=1000
04-27 18:57:16.647 V/WifiService( 3839): Clearing REDACT_FOR_LOCAL_MAC_ADDRESS for android(uid=1000)
04-27 18:57:16.647 V/WifiService( 3839): Clearing REDACT_FOR_NETWORK_SETTINGS for android(uid=1000)
04-27 18:57:16.647 V/WifiService( 3839): Clearing REDACT_FOR_ACCESS_FINE_LOCATION for android(uid=1000)
04-27 18:57:16.648 D/WifiDataStall( 3839): tx tput in kbps: 195937
04-27 18:57:16.648 D/WifiDataStall( 3839): rx tput in kbps: 206250
04-27 18:57:16.648 V/WifiConfigManager( 3839): Updating scan detail cache freq=2462 BSSID=74:39:89:2a:67:26 RSSI=-26 for "MstRobot"WPA_PSK
04-27 18:57:16.648 D/WifiChannelUtilization( 3839):  freq: 2462 onTime: 279581 busyTime: 162520 onTimeDiff: 256 busyTimeDiff: 163 utilization: 162 utilization t0: 148
04-27 18:57:16.648 D/WifiDataStall( 3839):  ccaLevel = 80
04-27 18:57:16.648 D/WifiDataStall( 3839): L2 txTputKbps: 195937, rxTputKbps: 206250, L3 txTputKbps: 0, rxTputKbps: 0, TxTrafficHigh: false, RxTrafficHigh: false, Throughput Sufficient: true
04-27 18:57:16.648 D/WifiThroughputPredictor( 3839):  utilization (LLS) 80 isBluetoothConnected: false final utilization: 80
04-27 18:57:16.648 D/WifiThroughputPredictor( 3839):  BW: 1 RSSI: -27 Nss: 2 Mode: 4 symDur: 3600 snrDb 50 bitPerTone: 5000 rate: 300 throughput: 205
04-27 18:57:16.648 D/WifiThroughputPredictor( 3839):  utilization (LLS) 80 isBluetoothConnected: false final utilization: 80
04-27 18:57:16.648 D/WifiThroughputPredictor( 3839):  BW: 1 RSSI: -27 Nss: 2 Mode: 4 symDur: 3600 snrDb 50 bitPerTone: 5000 rate: 300 throughput: 205
04-27 18:57:16.648 D/WifiScoreCard( 3839): BSSID update SIGNAL_POLL ID: 404527809 SSID: "MstRobot", BSSID: 74:39:89:2a:67:26, MAC: fa:2c:a2:da:d1:aa, IP: /192.168.0.101, Security type: 2, Supplicant state: COMPLETED, Wi-Fi standard: 11n, RSSI: -27, Link speed: 300Mbps, Tx Link speed: 300Mbps, Max Supported Tx Link speed: 300Mbps, Rx Link speed: 300Mbps, Max Supported Rx Link speed: 300Mbps, Frequency: 2462MHz, Net ID: 6, Metered hint: false, score: 60, isUsable: true, CarrierMerged: false, SubscriptionId: -1, IsPrimary: 1, Trusted: true, Restricted: false, Ephemeral: false, OEM paid: false, OEM private: false, OSU AP: false, FQDN: <none>, Provider friendly name: <none>, Requesting package name: <none>"MstRobot"wpa2-pskMLO Information: , Is TID-To-Link negotiation supported by the AP: false, AP MLD Address: <none>, AP MLO Link Id: <none>, AP MLO Affiliated links: <none>, Vendor Data: <none>
04-27 18:57:16.648 D/WifiScoreCard( 3839): txRate: 1 txSpeed: 300
04-27 18:57:16.648 D/WifiScoreCard( 3839): network update SIGNAL_POLL "MstRobot" ID: 608343939 RSSI -27 txSpeed -1
04-27 18:57:16.649 V/WifiManager( 5963): TrafficStateCallbackProxy: onStateChanged state=0
04-27 18:57:16.649 D/WifiClientModeImpl[719075603:wlan0]( 3839):  ClientModeImpl$L2ConnectedState screen=on 1 0 "MstRobot" 74:39:89:2a:67:26 rssi=-27 f=2462 sc= 60, mSwithInWeakNet: true [updated score = 60,  failpercent=-1 { out=0 in=0 lost=4 inretrans=4 total retrans=0 tmo=31 inflight=4}] link=300 tx=0.4, 0.5, 0.0 rx=0.1 bcn=8772 [on:0 tx:0 rx:0 period:3028] from screen [on:284447 period:1081303] score=60
04-27 18:57:16.649 V/WifiManager( 5963): TrafficStateCallbackProxy: onStateChanged state=0
04-27 18:57:16.650 I/WifiService( 3839): getVerboseLoggingLevel uid=1000
04-27 18:57:16.653 I/WifiService( 3839): getScanResults uid=1000
04-27 18:57:16.653 D/AmlWifiScoreReportInjector( 3839): getMaxRssiInWaeknet weaknetRssi = -72
04-27 18:57:18.114 I/WifiService( 3839): getConnectionInfo uid=1001
04-27 18:57:18.114 V/WifiService( 3839): Clearing REDACT_FOR_LOCAL_MAC_ADDRESS for com.android.phone(uid=1001)
04-27 18:57:18.114 V/WifiService( 3839): Clearing REDACT_FOR_NETWORK_SETTINGS for com.android.phone(uid=1001)
04-27 18:57:18.114 V/WifiService( 3839): Clearing REDACT_FOR_ACCESS_FINE_LOCATION for com.android.phone(uid=1001)
04-27 18:57:18.115 D/SlaveWifiManager( 5894): getWifiSlaveConnectionInfo
04-27 18:57:18.883 I/WifiService( 3839): getConnectionInfo uid=1000
04-27 18:57:18.883 V/WifiService( 3839): Clearing REDACT_FOR_LOCAL_MAC_ADDRESS for android(uid=1000)
04-27 18:57:18.883 V/WifiService( 3839): Clearing REDACT_FOR_NETWORK_SETTINGS for android(uid=1000)
04-27 18:57:18.883 V/WifiService( 3839): Clearing REDACT_FOR_ACCESS_FINE_LOCATION for android(uid=1000)
04-27 18:57:18.883 I/WifiService( 3839): getVerboseLoggingLevel uid=1000
04-27 18:57:18.883 I/NetworkAccelerateSwitchService( 3839): ================= checkWifiRssiAndLinkSpeed START ================
04-27 18:57:18.884 I/NetworkAccelerateSwitchService( 3839): checkWifiRssiAndLinkSpeed mMinRssiFastFadeDifference:9 mMedRssiFastFadeDifference:13 mMaxRssiFastFadeDifference:15
04-27 18:57:18.884 I/NetworkAccelerateSwitchService( 3839): checkWifiRssiAndLinkSpeed txBandwidthCapMbps:300
04-27 18:57:18.884 I/NetworkAccelerateSwitchService( 3839): checkWifiRssiAndLinkSpeed rxBandwidthCapMbps:300
04-27 18:57:18.884 I/NetworkAccelerateSwitchService( 3839): checkWifiRssiAndLinkSpeed mcsidx:-1
04-27 18:57:18.884 I/NetworkAccelerateSwitchService( 3839): checkWifiRssiAndLinkSpeed rssi difference:2
04-27 18:57:18.884 I/NetworkAccelerateSwitchService( 3839): checkWifiRssiAndLinkSpeed txBandwidthCapMbps proportions:1.0
04-27 18:57:18.884 I/NetworkAccelerateSwitchService( 3839): checkWifiRssiAndLinkSpeed rxBandwidthCapMbps proportions:1.0
04-27 18:57:18.884 I/NetworkAccelerateSwitchService( 3839): checkWifiRssiAndLinkSpeed mcsidx difference:0
04-27 18:57:18.884 I/NetworkAccelerateSwitchService( 3839): checkWifiRssiAndLinkSpeed FastFadeWeakNetThresholdAdjustment:0
04-27 18:57:18.884 I/NetworkAccelerateSwitchService( 3839): ================= checkWifiRssiAndLinkSpeed END ================
04-27 18:57:18.884 I/NetworkAccelerateSwitchService( 3839): checkWifiRssiAndLinkSpeed rssi:27
04-27 18:57:18.884 I/NetworkAccelerateSwitchService( 3839): checkWifiRssiAndLinkSpeed mWifiFastFade:false mWifiFastFadeAdjustThreshold:false
04-27 18:57:18.884 I/NetworkAccelerateSwitchService( 3839): getAverageWifiRssi:25
04-27 18:57:19.658 D/MiuiWifiCommonBase( 3839): band: 0, compensate: 0
04-27 18:57:19.658 D/WifiClientModeImpl[719075603:wlan0]( 3839): updateLinkLayerStatsRssiSpeedFrequencyCapabilities rssi=-26 TxLinkspeed=300 freq=2462 RxLinkSpeed=300
04-27 18:57:19.658 I/WifiService( 3839): getConnectionInfo uid=1000
04-27 18:57:19.658 V/WifiService( 3839): Clearing REDACT_FOR_LOCAL_MAC_ADDRESS for android(uid=1000)
04-27 18:57:19.658 V/WifiService( 3839): Clearing REDACT_FOR_NETWORK_SETTINGS for android(uid=1000)
04-27 18:57:19.658 V/WifiService( 3839): Clearing REDACT_FOR_ACCESS_FINE_LOCATION for android(uid=1000)
04-27 18:57:19.660 D/WifiDataStall( 3839): tx tput in kbps: 195937
04-27 18:57:19.660 D/WifiDataStall( 3839): rx tput in kbps: 206250
04-27 18:57:19.660 V/WifiConfigManager( 3839): Updating scan detail cache freq=2462 BSSID=74:39:89:2a:67:26 RSSI=-26 for "MstRobot"WPA_PSK
04-27 18:57:19.660 D/WifiChannelUtilization( 3839):  freq: 2462 onTime: 279758 busyTime: 162631 onTimeDiff: 433 busyTimeDiff: 274 utilization: 161 utilization t0: 148
04-27 18:57:19.661 D/WifiDataStall( 3839):  ccaLevel = 80
04-27 18:57:19.661 D/WifiDataStall( 3839): L2 txTputKbps: 195937, rxTputKbps: 206250, L3 txTputKbps: 0, rxTputKbps: 0, TxTrafficHigh: false, RxTrafficHigh: false, Throughput Sufficient: true
04-27 18:57:19.661 D/WifiThroughputPredictor( 3839):  utilization (LLS) 80 isBluetoothConnected: false final utilization: 80
04-27 18:57:19.661 D/WifiThroughputPredictor( 3839):  BW: 1 RSSI: -26 Nss: 2 Mode: 4 symDur: 3600 snrDb 51 bitPerTone: 5000 rate: 300 throughput: 205
04-27 18:57:19.661 D/WifiThroughputPredictor( 3839):  utilization (LLS) 80 isBluetoothConnected: false final utilization: 80
04-27 18:57:19.661 D/WifiThroughputPredictor( 3839):  BW: 1 RSSI: -26 Nss: 2 Mode: 4 symDur: 3600 snrDb 51 bitPerTone: 5000 rate: 300 throughput: 205
04-27 18:57:19.661 D/WifiScoreCard( 3839): BSSID update SIGNAL_POLL ID: 404527809 SSID: "MstRobot", BSSID: 74:39:89:2a:67:26, MAC: fa:2c:a2:da:d1:aa, IP: /192.168.0.101, Security type: 2, Supplicant state: COMPLETED, Wi-Fi standard: 11n, RSSI: -26, Link speed: 300Mbps, Tx Link speed: 300Mbps, Max Supported Tx Link speed: 300Mbps, Rx Link speed: 300Mbps, Max Supported Rx Link speed: 300Mbps, Frequency: 2462MHz, Net ID: 6, Metered hint: false, score: 60, isUsable: true, CarrierMerged: false, SubscriptionId: -1, IsPrimary: 1, Trusted: true, Restricted: false, Ephemeral: false, OEM paid: false, OEM private: false, OSU AP: false, FQDN: <none>, Provider friendly name: <none>, Requesting package name: <none>"MstRobot"wpa2-pskMLO Information: , Is TID-To-Link negotiation supported by the AP: false, AP MLD Address: <none>, AP MLO Link Id: <none>, AP MLO Affiliated links: <none>, Vendor Data: <none>
04-27 18:57:19.661 D/WifiScoreCard( 3839): txRate: 1 txSpeed: 300
04-27 18:57:19.661 D/WifiScoreCard( 3839): network update SIGNAL_POLL "MstRobot" ID: 608343939 RSSI -26 txSpeed -1
04-27 18:57:19.662 V/WifiManager( 5963): TrafficStateCallbackProxy: onStateChanged state=2
04-27 18:57:19.662 V/WifiManager( 5963): TrafficStateCallbackProxy: onStateChanged state=2
04-27 18:57:19.663 D/WifiClientModeImpl[719075603:wlan0]( 3839):  ClientModeImpl$L2ConnectedState screen=on 1 0 "MstRobot" 74:39:89:2a:67:26 rssi=-26 f=2462 sc= 60, mSwithInWeakNet: true [updated score = 60,  failpercent=-1 { out=0 in=0 lost=4 inretrans=4 total retrans=0 tmo=31 inflight=4}] link=300 tx=0.5, 0.4, 0.0 rx=0.0 bcn=8796 [on:176 tx:0 rx:5 period:3014] from screen [on:284623 period:1084317] score=60
04-27 18:57:19.664 I/WifiService( 3839): getVerboseLoggingLevel uid=1000
04-27 18:57:19.667 I/WifiService( 3839): getScanResults uid=1000
04-27 18:57:19.668 D/AmlWifiScoreReportInjector( 3839): getMaxRssiInWaeknet weaknetRssi = -72
04-27 18:57:21.169 I/WifiService( 3839): getConnectionInfo uid=1001
04-27 18:57:21.169 V/WifiService( 3839): Clearing REDACT_FOR_LOCAL_MAC_ADDRESS for com.android.phone(uid=1001)
04-27 18:57:21.169 V/WifiService( 3839): Clearing REDACT_FOR_NETWORK_SETTINGS for com.android.phone(uid=1001)
04-27 18:57:21.169 V/WifiService( 3839): Clearing REDACT_FOR_ACCESS_FINE_LOCATION for com.android.phone(uid=1001)
04-27 18:57:21.170 D/SlaveWifiManager( 5894): getWifiSlaveConnectionInfo
04-27 18:57:21.887 I/WifiService( 3839): getConnectionInfo uid=1000
04-27 18:57:21.887 V/WifiService( 3839): Clearing REDACT_FOR_LOCAL_MAC_ADDRESS for android(uid=1000)
04-27 18:57:21.887 V/WifiService( 3839): Clearing REDACT_FOR_NETWORK_SETTINGS for android(uid=1000)
04-27 18:57:21.887 V/WifiService( 3839): Clearing REDACT_FOR_ACCESS_FINE_LOCATION for android(uid=1000)
04-27 18:57:21.887 I/WifiService( 3839): getVerboseLoggingLevel uid=1000
04-27 18:57:21.887 I/NetworkAccelerateSwitchService( 3839): ================= checkWifiRssiAndLinkSpeed START ================
04-27 18:57:21.887 I/NetworkAccelerateSwitchService( 3839): checkWifiRssiAndLinkSpeed mMinRssiFastFadeDifference:9 mMedRssiFastFadeDifference:13 mMaxRssiFastFadeDifference:15
04-27 18:57:21.888 I/NetworkAccelerateSwitchService( 3839): checkWifiRssiAndLinkSpeed txBandwidthCapMbps:300
04-27 18:57:21.888 I/NetworkAccelerateSwitchService( 3839): checkWifiRssiAndLinkSpeed rxBandwidthCapMbps:300
04-27 18:57:21.888 I/NetworkAccelerateSwitchService( 3839): checkWifiRssiAndLinkSpeed mcsidx:-1
04-27 18:57:21.888 I/NetworkAccelerateSwitchService( 3839): checkWifiRssiAndLinkSpeed rssi difference:-1
04-27 18:57:21.888 I/NetworkAccelerateSwitchService( 3839): checkWifiRssiAndLinkSpeed txBandwidthCapMbps proportions:1.0
04-27 18:57:21.888 I/NetworkAccelerateSwitchService( 3839): checkWifiRssiAndLinkSpeed rxBandwidthCapMbps proportions:1.0
04-27 18:57:21.888 I/NetworkAccelerateSwitchService( 3839): checkWifiRssiAndLinkSpeed mcsidx difference:0
04-27 18:57:21.888 I/NetworkAccelerateSwitchService( 3839): checkWifiRssiAndLinkSpeed FastFadeWeakNetThresholdAdjustment:0
04-27 18:57:21.888 I/NetworkAccelerateSwitchService( 3839): ================= checkWifiRssiAndLinkSpeed END ================
04-27 18:57:21.888 I/NetworkAccelerateSwitchService( 3839): checkWifiRssiAndLinkSpeed rssi:26
04-27 18:57:21.888 I/NetworkAccelerateSwitchService( 3839): checkWifiRssiAndLinkSpeed mWifiFastFade:false mWifiFastFadeAdjustThreshold:false
04-27 18:57:21.888 I/NetworkAccelerateSwitchService( 3839): getAverageWifiRssi:25
04-27 18:57:21.995 I/IzatSvc_FreeWifiScanObserver( 1875): sendFreeWifiScanRequest:148] sendFreeWifiScanRequest requst id 97, valid time 14400, client FreeWifiScanObserver
04-27 18:57:21.996 D/LOWI-9.0.1.118( 2990): [MqClientIpcReciver] FROM: FreeWifiScanObserver
04-27 18:57:21.997 D/LOWI-9.0.1.118( 2990): [MqClientIpcReciver] FROM: FreeWifiScanObserver
04-27 18:57:21.997 D/LOWI-9.0.1.118( 2990): [LOWIEventReceiver] handleEvent:FROM:FreeWifiScanObserver, TO:LOWI-SERVER, REQ:LOWI_ASYNC_DISCOVERY_SCAN_RESULTS, IREQ:NA, REQ_ID:97, RESP:NA, INFO:NA
04-27 18:57:21.997 I/LOWI-9.0.1.118( 2990): [LOWIUtils] inPostcardToRequest - FROM: FreeWifiScanObserver, TO:   LOWI-SERVER, REQ:  LOWI_ASYNC_DISCOVERY_SCAN_RESULTS
04-27 18:57:21.997 D/LOWI-9.0.1.118( 2990): [LOWIController] _process: Request FreeWifiScanObserver_97 received, type(ASYNC_DISCOVERY_SCAN_RESULTS)
04-27 18:57:21.997 I/LOWI-9.0.1.118( 2990): [LOWIController] addRequestToAsyncScanRequestList: Request FreeWifiScanObserver_96 timeout! Dropping it!
04-27 18:57:21.997 D/LOWI-9.0.1.118( 2990): [LOWIController] generateResponse: Type (ASYNC_DISCOVERY_SCAN_RESULTS) ScanStatus (6) request FreeWifiScanObserver_96
04-27 18:57:21.997 D/LOWI-9.0.1.118( 2990): [LOWIEventDispatcher] sendResponse - originator = FreeWifiScanObserver
04-27 18:57:21.997 I/LOWI-9.0.1.118( 2990): [LOWIUtils] responseToOutPostcard - TO: FreeWifiScanObserver, FROM:   LOWI-SERVER, RESP:  LOWI_ASYNC_DISCOVERY_SCAN_RESULTS
04-27 18:57:21.997 D/LOWI-9.0.1.118( 2990): [LOWIController] addRequestToAsyncScanRequestList: Add request FreeWifiScanObserver_97 timeout(ms) = 1777301841998
04-27 18:57:21.997 D/LOWI-9.0.1.118( 2990): [LOWIController] processRequest: Request FreeWifiScanObserver_97 added to async scan list
04-27 18:57:21.997 D/LOWI-9.0.1.118( 2990): [LOWIEventReceiver] handleEvent:FROM:FreeWifiScanObserver, TO:LOWI-SERVER, REQ:LOWI_SNOOP_RTT_REGISTER_REQUEST, IREQ:NA, REQ_ID:97, RESP:NA, INFO:NA
04-27 18:57:21.997 I/LOWI-9.0.1.118( 2990): [LOWIUtils] inPostcardToRequest - FROM: FreeWifiScanObserver, TO:   LOWI-SERVER, REQ:  LOWI_SNOOP_RTT_REGISTER_REQUEST
04-27 18:57:21.997 D/LOWI-9.0.1.118( 2990): [LOWIController] _process: Request FreeWifiScanObserver_97 received, type(LOWI_SNOOP_RTT_REGISTER_REQUEST)
04-27 18:57:21.997 I/LOWI-9.0.1.118( 2990): [LOWIController] processSnoopRTTRequest: Request FreeWifiScanObserver_96 timeout! Dropping it!
04-27 18:57:21.997 D/LOWI-9.0.1.118( 2990): [LOWIEventDispatcher] sendResponse - originator = FreeWifiScanObserver
04-27 18:57:21.997 I/LOWI-9.0.1.118( 2990): [LOWIUtils] responseToOutPostcard - TO: FreeWifiScanObserver, FROM:   LOWI-SERVER, RESP:  LOWI_SNOOP_RTT_REGISTER_RESPONSE
04-27 18:57:21.997 D/LOWI-9.0.1.118( 2990): [LOWIController] processSnoopRTTRequest: Add request FreeWifiScanObserver_97 timeout(ms) = 1777301841998
04-27 18:57:21.997 D/LOWI-9.0.1.118( 2990): [LOWIEventDispatcher] sendResponse - originator = FreeWifiScanObserver
04-27 18:57:21.997 I/LOWI-9.0.1.118( 2990): [LOWIUtils] responseToOutPostcard - TO: FreeWifiScanObserver, FROM:   LOWI-SERVER, RESP:  LOWI_SNOOP_RTT_REGISTER_RESPONSE
04-27 18:57:21.997 D/LOWI-9.0.1.118( 2990): [LOWIController] processRequest: Request FreeWifiScanObserver_97 added to Snoop RTT list
04-27 18:57:21.998 I/IzatSvc_FreeWifiScanObserver( 1875): handleMsg:392] ASYNC DISCOVERY response received with SCAN_STATUS_INVALID_REQ
04-27 18:57:21.998 I/IzatSvc_FreeWifiScanObserver( 1875): sendFreeWifiScanRequest:148] sendFreeWifiScanRequest requst id 98, valid time 14400, client FreeWifiScanObserver
04-27 18:57:21.998 D/LOWI-9.0.1.118( 2990): [MqClientIpcReciver] FROM: FreeWifiScanObserver
04-27 18:57:21.998 D/LOWI-9.0.1.118( 2990): [MqClientIpcReciver] FROM: FreeWifiScanObserver
