04-27 18:56:43.450 I/WifiService( 3839): getConnectionInfo uid=1000
04-27 18:56:43.450 V/WifiService( 3839): Clearing REDACT_FOR_LOCAL_MAC_ADDRESS for android(uid=1000)
04-27 18:56:43.450 V/WifiService( 3839): Clearing REDACT_FOR_NETWORK_SETTINGS for android(uid=1000)
04-27 18:56:43.450 V/WifiService( 3839): Clearing REDACT_FOR_ACCESS_FINE_LOCATION for android(uid=1000)
04-27 18:56:43.452 D/WifiDataStall( 3839): tx tput in kbps: 195937
04-27 18:56:43.452 D/WifiDataStall( 3839): rx tput in kbps: 206250
04-27 18:56:43.452 V/WifiConfigManager( 3839): Updating scan detail cache freq=2462 BSSID=74:39:89:2a:67:26 RSSI=-26 for "MstRobot"WPA_PSK
04-27 18:56:43.452 D/WifiChannelUtilization( 3839):  freq: 2462 onTime: 270454 busyTime: 156348 onTimeDiff: 536 busyTimeDiff: 302 utilization: 143 utilization t0: 147
04-27 18:56:43.452 D/WifiDataStall( 3839):  ccaLevel = 80
04-27 18:56:43.453 D/WifiDataStall( 3839): L2 txTputKbps: 195937, rxTputKbps: 206250, L3 txTputKbps: 0, rxTputKbps: 2, TxTrafficHigh: false, RxTrafficHigh: false, Throughput Sufficient: true
04-27 18:56:43.453 D/WifiThroughputPredictor( 3839):  utilization (LLS) 80 isBluetoothConnected: false final utilization: 80
04-27 18:56:43.453 D/WifiThroughputPredictor( 3839):  BW: 1 RSSI: -26 Nss: 2 Mode: 4 symDur: 3600 snrDb 51 bitPerTone: 5000 rate: 300 throughput: 205
04-27 18:56:43.453 D/WifiThroughputPredictor( 3839):  utilization (LLS) 80 isBluetoothConnected: false final utilization: 80
04-27 18:56:43.453 D/WifiThroughputPredictor( 3839):  BW: 1 RSSI: -26 Nss: 2 Mode: 4 symDur: 3600 snrDb 51 bitPerTone: 5000 rate: 300 throughput: 205
04-27 18:56:43.453 D/WifiScoreCard( 3839): BSSID update SIGNAL_POLL ID: 404527809 SSID: "MstRobot", BSSID: 74:39:89:2a:67:26, MAC: fa:2c:a2:da:d1:aa, IP: /192.168.0.101, Security type: 2, Supplicant state: COMPLETED, Wi-Fi standard: 11n, RSSI: -26, Link speed: 300Mbps, Tx Link speed: 300Mbps, Max Supported Tx Link speed: 300Mbps, Rx Link speed: 300Mbps, Max Supported Rx Link speed: 300Mbps, Frequency: 2462MHz, Net ID: 6, Metered hint: false, score: 60, isUsable: true, CarrierMerged: false, SubscriptionId: -1, IsPrimary: 1, Trusted: true, Restricted: false, Ephemeral: false, OEM paid: false, OEM private: false, OSU AP: false, FQDN: <none>, Provider friendly name: <none>, Requesting package name: <none>"MstRobot"wpa2-pskMLO Information: , Is TID-To-Link negotiation supported by the AP: false, AP MLD Address: <none>, AP MLO Link Id: <none>, AP MLO Affiliated links: <none>, Vendor Data: <none>
04-27 18:56:43.453 D/WifiScoreCard( 3839): txRate: 2 txSpeed: 300
04-27 18:56:43.453 D/WifiScoreCard( 3839): network update SIGNAL_POLL "MstRobot" ID: 608343939 RSSI -26 txSpeed -1
04-27 18:56:43.454 D/WifiClientModeImpl[719075603:wlan0]( 3839):  ClientModeImpl$L2ConnectedState screen=on 1 0 "MstRobot" 74:39:89:2a:67:26 rssi=-26 f=2462 sc= 60, mSwithInWeakNet: true [updated score = 60,  failpercent=-1 { out=0 in=0 lost=3 inretrans=3 total retrans=0 tmo=23 inflight=3}] link=300 tx=0.6, 0.6, 0.0 rx=0.0 bcn=8545 [on:247 tx:0 rx:10 period:3011] from screen [on:275319 period:1048108] score=60
04-27 18:56:43.456 I/WifiService( 3839): getVerboseLoggingLevel uid=1000
04-27 18:56:43.460 I/WifiService( 3839): getScanResults uid=1000
04-27 18:56:43.460 D/AmlWifiScoreReportInjector( 3839): getMaxRssiInWaeknet weaknetRssi = -72
04-27 18:56:44.513 I/WifiService( 3839): getConnectionInfo uid=1001
04-27 18:56:44.514 V/WifiService( 3839): Clearing REDACT_FOR_LOCAL_MAC_ADDRESS for com.android.phone(uid=1001)
04-27 18:56:44.514 V/WifiService( 3839): Clearing REDACT_FOR_NETWORK_SETTINGS for com.android.phone(uid=1001)
04-27 18:56:44.514 V/WifiService( 3839): Clearing REDACT_FOR_ACCESS_FINE_LOCATION for com.android.phone(uid=1001)
04-27 18:56:44.514 D/SlaveWifiManager( 5894): getWifiSlaveConnectionInfo
04-27 18:56:45.849 I/WifiService( 3839): getConnectionInfo uid=1000
04-27 18:56:45.849 V/WifiService( 3839): Clearing REDACT_FOR_LOCAL_MAC_ADDRESS for android(uid=1000)
04-27 18:56:45.849 V/WifiService( 3839): Clearing REDACT_FOR_NETWORK_SETTINGS for android(uid=1000)
04-27 18:56:45.849 V/WifiService( 3839): Clearing REDACT_FOR_ACCESS_FINE_LOCATION for android(uid=1000)
04-27 18:56:45.849 I/WifiService( 3839): getVerboseLoggingLevel uid=1000
04-27 18:56:45.849 I/NetworkAccelerateSwitchService( 3839): ================= checkWifiRssiAndLinkSpeed START ================
04-27 18:56:45.849 I/NetworkAccelerateSwitchService( 3839): checkWifiRssiAndLinkSpeed mMinRssiFastFadeDifference:9 mMedRssiFastFadeDifference:13 mMaxRssiFastFadeDifference:15
04-27 18:56:45.849 I/NetworkAccelerateSwitchService( 3839): checkWifiRssiAndLinkSpeed txBandwidthCapMbps:300
04-27 18:56:45.849 I/NetworkAccelerateSwitchService( 3839): checkWifiRssiAndLinkSpeed rxBandwidthCapMbps:300
04-27 18:56:45.849 I/NetworkAccelerateSwitchService( 3839): checkWifiRssiAndLinkSpeed mcsidx:-1
04-27 18:56:45.849 I/NetworkAccelerateSwitchService( 3839): checkWifiRssiAndLinkSpeed rssi difference:-2
04-27 18:56:45.850 I/NetworkAccelerateSwitchService( 3839): checkWifiRssiAndLinkSpeed txBandwidthCapMbps proportions:1.0
04-27 18:56:45.850 I/NetworkAccelerateSwitchService( 3839): checkWifiRssiAndLinkSpeed rxBandwidthCapMbps proportions:1.0
04-27 18:56:45.850 I/NetworkAccelerateSwitchService( 3839): checkWifiRssiAndLinkSpeed mcsidx difference:0
04-27 18:56:45.850 I/NetworkAccelerateSwitchService( 3839): checkWifiRssiAndLinkSpeed FastFadeWeakNetThresholdAdjustment:0
04-27 18:56:45.850 I/NetworkAccelerateSwitchService( 3839): ================= checkWifiRssiAndLinkSpeed END ================
04-27 18:56:45.850 I/NetworkAccelerateSwitchService( 3839): checkWifiRssiAndLinkSpeed rssi:26
04-27 18:56:45.850 I/NetworkAccelerateSwitchService( 3839): checkWifiRssiAndLinkSpeed mWifiFastFade:false mWifiFastFadeAdjustThreshold:false
04-27 18:56:45.850 I/NetworkAccelerateSwitchService( 3839): getAverageWifiRssi:26
04-27 18:56:46.464 D/MiuiWifiCommonBase( 3839): band: 0, compensate: 0
04-27 18:56:46.464 D/WifiClientModeImpl[719075603:wlan0]( 3839): updateLinkLayerStatsRssiSpeedFrequencyCapabilities rssi=-27 TxLinkspeed=300 freq=2462 RxLinkSpeed=300
04-27 18:56:46.464 I/WifiService( 3839): getConnectionInfo uid=1000
04-27 18:56:46.464 V/WifiService( 3839): Clearing REDACT_FOR_LOCAL_MAC_ADDRESS for android(uid=1000)
04-27 18:56:46.464 V/WifiService( 3839): Clearing REDACT_FOR_NETWORK_SETTINGS for android(uid=1000)
04-27 18:56:46.464 V/WifiService( 3839): Clearing REDACT_FOR_ACCESS_FINE_LOCATION for android(uid=1000)
04-27 18:56:46.466 D/WifiDataStall( 3839): tx tput in kbps: 195937
04-27 18:56:46.466 D/WifiDataStall( 3839): rx tput in kbps: 206250
04-27 18:56:46.466 V/WifiConfigManager( 3839): Updating scan detail cache freq=2462 BSSID=74:39:89:2a:67:26 RSSI=-26 for "MstRobot"WPA_PSK
04-27 18:56:46.466 D/WifiChannelUtilization( 3839):  freq: 2462 onTime: 271579 busyTime: 157018 onTimeDiff: 1125 busyTimeDiff: 670 utilization: 151 utilization t0: 147
04-27 18:56:46.466 D/WifiDataStall( 3839):  ccaLevel = 80
04-27 18:56:46.466 D/WifiDataStall( 3839): L2 txTputKbps: 146437, rxTputKbps: 206250, L3 txTputKbps: 1, rxTputKbps: 19, TxTrafficHigh: true, RxTrafficHigh: false, Throughput Sufficient: true
04-27 18:56:46.466 D/WifiThroughputPredictor( 3839):  utilization (LLS) 80 isBluetoothConnected: false final utilization: 80
04-27 18:56:46.466 D/WifiThroughputPredictor( 3839):  BW: 1 RSSI: -27 Nss: 2 Mode: 4 symDur: 3600 snrDb 50 bitPerTone: 5000 rate: 300 throughput: 205
04-27 18:56:46.466 D/WifiThroughputPredictor( 3839):  utilization (LLS) 80 isBluetoothConnected: false final utilization: 80
04-27 18:56:46.466 D/WifiThroughputPredictor( 3839):  BW: 1 RSSI: -27 Nss: 2 Mode: 4 symDur: 3600 snrDb 50 bitPerTone: 5000 rate: 300 throughput: 205
04-27 18:56:46.467 D/WifiScoreCard( 3839): BSSID update SIGNAL_POLL ID: 404527809 SSID: "MstRobot", BSSID: 74:39:89:2a:67:26, MAC: fa:2c:a2:da:d1:aa, IP: /192.168.0.101, Security type: 2, Supplicant state: COMPLETED, Wi-Fi standard: 11n, RSSI: -27, Link speed: 300Mbps, Tx Link speed: 300Mbps, Max Supported Tx Link speed: 300Mbps, Rx Link speed: 300Mbps, Max Supported Rx Link speed: 300Mbps, Frequency: 2462MHz, Net ID: 6, Metered hint: false, score: 60, isUsable: true, CarrierMerged: false, SubscriptionId: -1, IsPrimary: 1, Trusted: true, Restricted: false, Ephemeral: false, OEM paid: false, OEM private: false, OSU AP: false, FQDN: <none>, Provider friendly name: <none>, Requesting package name: <none>"MstRobot"wpa2-pskMLO Information: , Is TID-To-Link negotiation supported by the AP: false, AP MLD Address: <none>, AP MLO Link Id: <none>, AP MLO Affiliated links: <none>, Vendor Data: <none>
04-27 18:56:46.467 D/WifiScoreCard( 3839): txRate: 5 txSpeed: 300
04-27 18:56:46.467 D/WifiScoreCard( 3839): network update SIGNAL_POLL "MstRobot" ID: 608343939 RSSI -27 txSpeed 300
04-27 18:56:46.468 V/WifiManager( 5963): TrafficStateCallbackProxy: onStateChanged state=3
04-27 18:56:46.468 V/WifiManager( 5963): TrafficStateCallbackProxy: onStateChanged state=3
04-27 18:56:46.468 D/WifiClientModeImpl[719075603:wlan0]( 3839):  ClientModeImpl$L2ConnectedState screen=on 1 0 "MstRobot" 74:39:89:2a:67:26 rssi=-27 f=2462 sc= 60, mSwithInWeakNet: true [updated score = 60,  failpercent=100 { out=3 in=0 lost=4 inretrans=4 total retrans=2 tmo=25 inflight=4}] link=300 tx=2.7, 1.2, 0.0 rx=0.8 bcn=8558 [on:1125 tx:6 rx:91 period:3013] from screen [on:276444 period:1051122] score=60
04-27 18:56:46.470 I/WifiService( 3839): getVerboseLoggingLevel uid=1000
04-27 18:56:46.473 I/WifiService( 3839): getScanResults uid=1000
04-27 18:56:46.474 D/AmlWifiScoreReportInjector( 3839): getMaxRssiInWaeknet weaknetRssi = -72
04-27 18:56:46.475 I/WifiService( 3839): getVerboseLoggingLevel uid=1000
04-27 18:56:46.475 D/AmlWifiScoreReportInjector( 3839): onWifiUsabilityStats: channelUtilization=151 seqNum = 134759 bssidChanged = 0 isQcomPlatform = true
04-27 18:56:47.569 I/WifiService( 3839): getConnectionInfo uid=1001
04-27 18:56:47.569 V/WifiService( 3839): Clearing REDACT_FOR_LOCAL_MAC_ADDRESS for com.android.phone(uid=1001)
04-27 18:56:47.569 V/WifiService( 3839): Clearing REDACT_FOR_NETWORK_SETTINGS for com.android.phone(uid=1001)
04-27 18:56:47.569 V/WifiService( 3839): Clearing REDACT_FOR_ACCESS_FINE_LOCATION for com.android.phone(uid=1001)
04-27 18:56:47.570 D/SlaveWifiManager( 5894): getWifiSlaveConnectionInfo
04-27 18:56:48.851 I/WifiService( 3839): getConnectionInfo uid=1000
04-27 18:56:48.852 V/WifiService( 3839): Clearing REDACT_FOR_LOCAL_MAC_ADDRESS for android(uid=1000)
04-27 18:56:48.852 V/WifiService( 3839): Clearing REDACT_FOR_NETWORK_SETTINGS for android(uid=1000)
04-27 18:56:48.852 V/WifiService( 3839): Clearing REDACT_FOR_ACCESS_FINE_LOCATION for android(uid=1000)
04-27 18:56:48.852 I/WifiService( 3839): getVerboseLoggingLevel uid=1000
04-27 18:56:48.852 I/NetworkAccelerateSwitchService( 3839): ================= checkWifiRssiAndLinkSpeed START ================
04-27 18:56:48.852 I/NetworkAccelerateSwitchService( 3839): checkWifiRssiAndLinkSpeed mMinRssiFastFadeDifference:9 mMedRssiFastFadeDifference:13 mMaxRssiFastFadeDifference:15
04-27 18:56:48.852 I/NetworkAccelerateSwitchService( 3839): checkWifiRssiAndLinkSpeed txBandwidthCapMbps:300
04-27 18:56:48.852 I/NetworkAccelerateSwitchService( 3839): checkWifiRssiAndLinkSpeed rxBandwidthCapMbps:300
04-27 18:56:48.852 I/NetworkAccelerateSwitchService( 3839): checkWifiRssiAndLinkSpeed mcsidx:-1
04-27 18:56:48.852 I/NetworkAccelerateSwitchService( 3839): checkWifiRssiAndLinkSpeed rssi difference:1
04-27 18:56:48.852 I/NetworkAccelerateSwitchService( 3839): checkWifiRssiAndLinkSpeed txBandwidthCapMbps proportions:1.0
04-27 18:56:48.852 I/NetworkAccelerateSwitchService( 3839): checkWifiRssiAndLinkSpeed rxBandwidthCapMbps proportions:1.0
04-27 18:56:48.852 I/NetworkAccelerateSwitchService( 3839): checkWifiRssiAndLinkSpeed mcsidx difference:0
04-27 18:56:48.852 I/NetworkAccelerateSwitchService( 3839): checkWifiRssiAndLinkSpeed FastFadeWeakNetThresholdAdjustment:0
04-27 18:56:48.852 I/NetworkAccelerateSwitchService( 3839): ================= checkWifiRssiAndLinkSpeed END ================
04-27 18:56:48.852 I/NetworkAccelerateSwitchService( 3839): checkWifiRssiAndLinkSpeed rssi:27
04-27 18:56:48.852 I/NetworkAccelerateSwitchService( 3839): checkWifiRssiAndLinkSpeed mWifiFastFade:false mWifiFastFadeAdjustThreshold:false
04-27 18:56:48.852 I/NetworkAccelerateSwitchService( 3839): getAverageWifiRssi:26
04-27 18:56:49.480 D/MiuiWifiCommonBase( 3839): band: 0, compensate: 0
04-27 18:56:49.480 D/WifiClientModeImpl[719075603:wlan0]( 3839): updateLinkLayerStatsRssiSpeedFrequencyCapabilities rssi=-25 TxLinkspeed=300 freq=2462 RxLinkSpeed=300
04-27 18:56:49.480 I/WifiService( 3839): getConnectionInfo uid=1000
04-27 18:56:49.480 V/WifiService( 3839): Clearing REDACT_FOR_LOCAL_MAC_ADDRESS for android(uid=1000)
04-27 18:56:49.480 V/WifiService( 3839): Clearing REDACT_FOR_NETWORK_SETTINGS for android(uid=1000)
04-27 18:56:49.480 V/WifiService( 3839): Clearing REDACT_FOR_ACCESS_FINE_LOCATION for android(uid=1000)
04-27 18:56:49.482 D/WifiDataStall( 3839): tx tput in kbps: 146437
04-27 18:56:49.482 D/WifiDataStall( 3839): rx tput in kbps: 206250
04-27 18:56:49.482 V/WifiConfigManager( 3839): Updating scan detail cache freq=2462 BSSID=74:39:89:2a:67:26 RSSI=-25 for "MstRobot"WPA_PSK
04-27 18:56:49.482 D/WifiChannelUtilization( 3839):  freq: 2462 onTime: 272921 busyTime: 157824 onTimeDiff: 1342 busyTimeDiff: 806 utilization: 153 utilization t0: 147
04-27 18:56:49.482 D/WifiDataStall( 3839):  ccaLevel = 80
04-27 18:56:49.482 D/WifiDataStall( 3839): L2 txTputKbps: 94875, rxTputKbps: 206250, L3 txTputKbps: 1, rxTputKbps: 8, TxTrafficHigh: true, RxTrafficHigh: false, Throughput Sufficient: true
04-27 18:56:49.482 D/WifiThroughputPredictor( 3839):  utilization (LLS) 80 isBluetoothConnected: false final utilization: 80
04-27 18:56:49.482 D/WifiThroughputPredictor( 3839):  BW: 1 RSSI: -25 Nss: 2 Mode: 4 symDur: 3600 snrDb 52 bitPerTone: 5000 rate: 300 throughput: 205
04-27 18:56:49.482 D/WifiThroughputPredictor( 3839):  utilization (LLS) 80 isBluetoothConnected: false final utilization: 80
04-27 18:56:49.482 D/WifiThroughputPredictor( 3839):  BW: 1 RSSI: -25 Nss: 2 Mode: 4 symDur: 3600 snrDb 52 bitPerTone: 5000 rate: 300 throughput: 205
04-27 18:56:49.483 D/WifiScoreCard( 3839): BSSID update SIGNAL_POLL ID: 404527809 SSID: "MstRobot", BSSID: 74:39:89:2a:67:26, MAC: fa:2c:a2:da:d1:aa, IP: /192.168.0.101, Security type: 2, Supplicant state: COMPLETED, Wi-Fi standard: 11n, RSSI: -25, Link speed: 300Mbps, Tx Link speed: 300Mbps, Max Supported Tx Link speed: 300Mbps, Rx Link speed: 300Mbps, Max Supported Rx Link speed: 300Mbps, Frequency: 2462MHz, Net ID: 6, Metered hint: false, score: 60, isUsable: true, CarrierMerged: false, SubscriptionId: -1, IsPrimary: 1, Trusted: true, Restricted: false, Ephemeral: false, OEM paid: false, OEM private: false, OSU AP: false, FQDN: <none>, Provider friendly name: <none>, Requesting package name: <none>"MstRobot"wpa2-pskMLO Information: , Is TID-To-Link negotiation supported by the AP: false, AP MLD Address: <none>, AP MLO Link Id: <none>, AP MLO Affiliated links: <none>, Vendor Data: <none>
04-27 18:56:49.483 D/WifiScoreCard( 3839): txRate: 7 txSpeed: 300
04-27 18:56:49.483 D/WifiScoreCard( 3839): network update SIGNAL_POLL "MstRobot" ID: 608343939 RSSI -25 txSpeed 300
04-27 18:56:49.484 V/WifiManager( 5963): TrafficStateCallbackProxy: onStateChanged state=2
04-27 18:56:49.485 D/WifiClientModeImpl[719075603:wlan0]( 3839):  ClientModeImpl$L2ConnectedState screen=on 1 0 "MstRobot" 74:39:89:2a:67:26 rssi=-25 f=2462 sc= 60, mSwithInWeakNet: true [updated score = 60,  failpercent=100 { out=5 in=0 lost=2 inretrans=2 total retrans=3 tmo=12 inflight=4}] link=300 tx=3.1, 2.9, 0.0 rx=0.3 bcn=8571 [on:1342 tx:6 rx:44 period:3016] from screen [on:277786 period:1054139] score=60
04-27 18:56:49.486 V/WifiManager( 5963): TrafficStateCallbackProxy: onStateChanged state=2
04-27 18:56:49.486 I/WifiService( 3839): getVerboseLoggingLevel uid=1000
04-27 18:56:49.490 I/WifiService( 3839): getScanResults uid=1000
04-27 18:56:49.490 D/AmlWifiScoreReportInjector( 3839): getMaxRssiInWaeknet weaknetRssi = -72
04-27 18:56:49.490 I/WifiService( 3839): getVerboseLoggingLevel uid=1000
04-27 18:56:49.491 D/AmlWifiScoreReportInjector( 3839): onWifiUsabilityStats: channelUtilization=153 seqNum = 134760 bssidChanged = 0 isQcomPlatform = true
04-27 18:56:50.630 I/WifiService( 3839): getConnectionInfo uid=1001
04-27 18:56:50.631 V/WifiService( 3839): Clearing REDACT_FOR_LOCAL_MAC_ADDRESS for com.android.phone(uid=1001)
04-27 18:56:50.631 V/WifiService( 3839): Clearing REDACT_FOR_NETWORK_SETTINGS for com.android.phone(uid=1001)
04-27 18:56:50.631 V/WifiService( 3839): Clearing REDACT_FOR_ACCESS_FINE_LOCATION for com.android.phone(uid=1001)
04-27 18:56:50.631 D/SlaveWifiManager( 5894): getWifiSlaveConnectionInfo
04-27 18:56:51.856 I/WifiService( 3839): getConnectionInfo uid=1000
04-27 18:56:51.856 V/WifiService( 3839): Clearing REDACT_FOR_LOCAL_MAC_ADDRESS for android(uid=1000)
04-27 18:56:51.856 V/WifiService( 3839): Clearing REDACT_FOR_NETWORK_SETTINGS for android(uid=1000)
04-27 18:56:51.856 V/WifiService( 3839): Clearing REDACT_FOR_ACCESS_FINE_LOCATION for android(uid=1000)
04-27 18:56:51.856 I/WifiService( 3839): getVerboseLoggingLevel uid=1000
04-27 18:56:51.856 I/NetworkAccelerateSwitchService( 3839): ================= checkWifiRssiAndLinkSpeed START ================
04-27 18:56:51.856 I/NetworkAccelerateSwitchService( 3839): checkWifiRssiAndLinkSpeed mMinRssiFastFadeDifference:9 mMedRssiFastFadeDifference:13 mMaxRssiFastFadeDifference:15
04-27 18:56:51.856 I/NetworkAccelerateSwitchService( 3839): checkWifiRssiAndLinkSpeed txBandwidthCapMbps:300
04-27 18:56:51.856 I/NetworkAccelerateSwitchService( 3839): checkWifiRssiAndLinkSpeed rxBandwidthCapMbps:300
04-27 18:56:51.856 I/NetworkAccelerateSwitchService( 3839): checkWifiRssiAndLinkSpeed mcsidx:-1
04-27 18:56:51.856 I/NetworkAccelerateSwitchService( 3839): checkWifiRssiAndLinkSpeed rssi difference:-2
04-27 18:56:51.856 I/NetworkAccelerateSwitchService( 3839): checkWifiRssiAndLinkSpeed txBandwidthCapMbps proportions:1.0
04-27 18:56:51.856 I/NetworkAccelerateSwitchService( 3839): checkWifiRssiAndLinkSpeed rxBandwidthCapMbps proportions:1.0
04-27 18:56:51.856 I/NetworkAccelerateSwitchService( 3839): checkWifiRssiAndLinkSpeed mcsidx difference:0
04-27 18:56:51.856 I/NetworkAccelerateSwitchService( 3839): checkWifiRssiAndLinkSpeed FastFadeWeakNetThresholdAdjustment:0
04-27 18:56:51.856 I/NetworkAccelerateSwitchService( 3839): ================= checkWifiRssiAndLinkSpeed END ================
04-27 18:56:51.856 I/NetworkAccelerateSwitchService( 3839): checkWifiRssiAndLinkSpeed rssi:25
04-27 18:56:51.856 I/NetworkAccelerateSwitchService( 3839): checkWifiRssiAndLinkSpeed mWifiFastFade:false mWifiFastFadeAdjustThreshold:false
04-27 18:56:51.856 I/NetworkAccelerateSwitchService( 3839): getAverageWifiRssi:26
04-27 18:56:52.497 D/MiuiWifiCommonBase( 3839): band: 0, compensate: 0
04-27 18:56:52.497 D/WifiClientModeImpl[719075603:wlan0]( 3839): updateLinkLayerStatsRssiSpeedFrequencyCapabilities rssi=-26 TxLinkspeed=300 freq=2462 RxLinkSpeed=300
04-27 18:56:52.497 I/WifiService( 3839): getConnectionInfo uid=1000
04-27 18:56:52.498 V/WifiService( 3839): Clearing REDACT_FOR_LOCAL_MAC_ADDRESS for android(uid=1000)
04-27 18:56:52.498 V/WifiService( 3839): Clearing REDACT_FOR_NETWORK_SETTINGS for android(uid=1000)
04-27 18:56:52.498 V/WifiService( 3839): Clearing REDACT_FOR_ACCESS_FINE_LOCATION for android(uid=1000)
04-27 18:56:52.500 D/WifiDataStall( 3839): tx tput in kbps: 94875
04-27 18:56:52.500 D/WifiDataStall( 3839): rx tput in kbps: 206250
04-27 18:56:52.500 V/WifiConfigManager( 3839): Updating scan detail cache freq=2462 BSSID=74:39:89:2a:67:26 RSSI=-25 for "MstRobot"WPA_PSK
04-27 18:56:52.500 D/WifiChannelUtilization( 3839):  freq: 2462 onTime: 274009 busyTime: 158488 onTimeDiff: 1088 busyTimeDiff: 664 utilization: 155 utilization t0: 147
04-27 18:56:52.501 D/WifiDataStall( 3839):  ccaLevel = 80
04-27 18:56:52.501 D/WifiDataStall( 3839): L2 txTputKbps: 119625, rxTputKbps: 206250, L3 txTputKbps: 1, rxTputKbps: 0, TxTrafficHigh: true, RxTrafficHigh: false, Throughput Sufficient: true
04-27 18:56:52.502 D/WifiThroughputPredictor( 3839):  utilization (LLS) 80 isBluetoothConnected: false final utilization: 80
04-27 18:56:52.502 D/WifiThroughputPredictor( 3839):  BW: 1 RSSI: -26 Nss: 2 Mode: 4 symDur: 3600 snrDb 51 bitPerTone: 5000 rate: 300 throughput: 205
04-27 18:56:52.502 D/WifiThroughputPredictor( 3839):  utilization (LLS) 80 isBluetoothConnected: false final utilization: 80
04-27 18:56:52.502 D/WifiThroughputPredictor( 3839):  BW: 1 RSSI: -26 Nss: 2 Mode: 4 symDur: 3600 snrDb 51 bitPerTone: 5000 rate: 300 throughput: 205
04-27 18:56:52.503 D/WifiScoreCard( 3839): BSSID update SIGNAL_POLL ID: 404527809 SSID: "MstRobot", BSSID: 74:39:89:2a:67:26, MAC: fa:2c:a2:da:d1:aa, IP: /192.168.0.101, Security type: 2, Supplicant state: COMPLETED, Wi-Fi standard: 11n, RSSI: -26, Link speed: 300Mbps, Tx Link speed: 300Mbps, Max Supported Tx Link speed: 300Mbps, Rx Link speed: 300Mbps, Max Supported Rx Link speed: 300Mbps, Frequency: 2462MHz, Net ID: 6, Metered hint: false, score: 60, isUsable: true, CarrierMerged: false, SubscriptionId: -1, IsPrimary: 1, Trusted: true, Restricted: false, Ephemeral: false, OEM paid: false, OEM private: false, OSU AP: false, FQDN: <none>, Provider friendly name: <none>, Requesting package name: <none>"MstRobot"wpa2-pskMLO Information: , Is TID-To-Link negotiation supported by the AP: false, AP MLD Address: <none>, AP MLO Link Id: <none>, AP MLO Affiliated links: <none>, Vendor Data: <none>
04-27 18:56:52.503 D/WifiScoreCard( 3839): txRate: 6 txSpeed: 300
04-27 18:56:52.503 D/WifiScoreCard( 3839): network update SIGNAL_POLL "MstRobot" ID: 608343939 RSSI -26 txSpeed 300
04-27 18:56:52.504 D/WifiClientModeImpl[719075603:wlan0]( 3839):  ClientModeImpl$L2ConnectedState screen=on 1 0 "MstRobot" 74:39:89:2a:67:26 rssi=-26 f=2462 sc= 60, mSwithInWeakNet: true [updated score = 60,  failpercent=100 { out=8 in=0 lost=4 inretrans=4 total retrans=8 tmo=20 inflight=4}] link=300 tx=2.8, 2.3, 0.0 rx=0.1 bcn=8593 [on:1089 tx:6 rx:16 period:3019] from screen [on:278875 period:1057158] score=60
04-27 18:56:52.505 I/WifiService( 3839): getVerboseLoggingLevel uid=1000
04-27 18:56:52.512 I/WifiService( 3839): getScanResults uid=1000
04-27 18:56:52.512 D/AmlWifiScoreReportInjector( 3839): getMaxRssiInWaeknet weaknetRssi = -72
04-27 18:56:52.513 I/WifiService( 3839): getVerboseLoggingLevel uid=1000
04-27 18:56:52.513 D/AmlWifiScoreReportInjector( 3839): onWifiUsabilityStats: channelUtilization=155 seqNum = 134761 bssidChanged = 0 isQcomPlatform = true
04-27 18:56:53.681 I/WifiService( 3839): getConnectionInfo uid=1001
04-27 18:56:53.682 V/WifiService( 3839): Clearing REDACT_FOR_LOCAL_MAC_ADDRESS for com.android.phone(uid=1001)
04-27 18:56:53.682 V/WifiService( 3839): Clearing REDACT_FOR_NETWORK_SETTINGS for com.android.phone(uid=1001)
04-27 18:56:53.682 V/WifiService( 3839): Clearing REDACT_FOR_ACCESS_FINE_LOCATION for com.android.phone(uid=1001)
04-27 18:56:53.682 D/SlaveWifiManager( 5894): getWifiSlaveConnectionInfo
04-27 18:56:54.731 D/ConnectivityService( 3839): Data stall detected with methods: 2
04-27 18:56:54.737 D/WifiDfs ( 3839): Try report event.
04-27 18:56:54.737 D/WifiDfs ( 3839): Current priority is 2, last priority is 2
04-27 18:56:54.737 D/WifiDfs ( 3839): Not timeout, should not report event.
04-27 18:56:54.738 I/WifiService( 3839): getWifiApEnabledState uid=1000
04-27 18:56:54.738 I/WifiService( 3839): getVerboseLoggingLevel uid=1000
04-27 18:56:54.738 I/WifiService( 3839): getConnectionInfo uid=1000
04-27 18:56:54.739 V/WifiService( 3839): Clearing REDACT_FOR_LOCAL_MAC_ADDRESS for android(uid=1000)
04-27 18:56:54.739 V/WifiService( 3839): Clearing REDACT_FOR_NETWORK_SETTINGS for android(uid=1000)
04-27 18:56:54.739 V/WifiService( 3839): Clearing REDACT_FOR_ACCESS_FINE_LOCATION for android(uid=1000)
04-27 18:56:54.739 D/SlaveWifiManager( 3839): getWifiSlaveConnectionInfo
04-27 18:56:54.739 I/WifiService( 3839): getCurrentNetwork uid=1000
04-27 18:56:54.739 D/WifiLinkLayerDiagnostics( 3839): start link diagnostics
04-27 18:56:54.740 I/WifiService( 3839): getConnectionInfo uid=1000
04-27 18:56:54.740 V/WifiService( 3839): Clearing REDACT_FOR_LOCAL_MAC_ADDRESS for android(uid=1000)
04-27 18:56:54.740 V/WifiService( 3839): Clearing REDACT_FOR_NETWORK_SETTINGS for android(uid=1000)
04-27 18:56:54.740 V/WifiService( 3839): Clearing REDACT_FOR_ACCESS_FINE_LOCATION for android(uid=1000)
04-27 18:56:54.749 I/WifiService( 3839): getConnectionInfo uid=1000
04-27 18:56:54.749 V/WifiService( 3839): Clearing REDACT_FOR_LOCAL_MAC_ADDRESS for com.miui.daemon(uid=1000)
04-27 18:56:54.749 V/WifiService( 3839): Clearing REDACT_FOR_NETWORK_SETTINGS for com.miui.daemon(uid=1000)
04-27 18:56:54.749 V/WifiService( 3839): Clearing REDACT_FOR_ACCESS_FINE_LOCATION for com.miui.daemon(uid=1000)
04-27 18:56:54.750 I/WifiService( 3839): getScanResults uid=1000
04-27 18:56:54.754 I/WifiService( 3839): getCurrentNetwork uid=1000
04-27 18:56:54.758 I/WifiService( 3839): getCurrentNetwork uid=1000
04-27 18:56:54.772 I/WifiService( 3839): getCurrentNetwork uid=1000
04-27 18:56:54.772 I/WifiService( 3839): getConnectionInfo uid=1000
04-27 18:56:54.772 V/WifiService( 3839): Clearing REDACT_FOR_LOCAL_MAC_ADDRESS for android(uid=1000)
04-27 18:56:54.772 V/WifiService( 3839): Clearing REDACT_FOR_NETWORK_SETTINGS for android(uid=1000)
04-27 18:56:54.772 V/WifiService( 3839): Clearing REDACT_FOR_ACCESS_FINE_LOCATION for android(uid=1000)
04-27 18:56:54.858 I/WifiService( 3839): getConnectionInfo uid=1000
04-27 18:56:54.858 V/WifiService( 3839): Clearing REDACT_FOR_LOCAL_MAC_ADDRESS for android(uid=1000)
04-27 18:56:54.858 V/WifiService( 3839): Clearing REDACT_FOR_NETWORK_SETTINGS for android(uid=1000)
04-27 18:56:54.858 V/WifiService( 3839): Clearing REDACT_FOR_ACCESS_FINE_LOCATION for android(uid=1000)
04-27 18:56:54.858 I/WifiService( 3839): getVerboseLoggingLevel uid=1000
04-27 18:56:54.858 I/NetworkAccelerateSwitchService( 3839): ================= checkWifiRssiAndLinkSpeed START ================
04-27 18:56:54.858 I/NetworkAccelerateSwitchService( 3839): checkWifiRssiAndLinkSpeed mMinRssiFastFadeDifference:9 mMedRssiFastFadeDifference:13 mMaxRssiFastFadeDifference:15
04-27 18:56:54.858 I/NetworkAccelerateSwitchService( 3839): checkWifiRssiAndLinkSpeed txBandwidthCapMbps:300
04-27 18:56:54.858 I/NetworkAccelerateSwitchService( 3839): checkWifiRssiAndLinkSpeed rxBandwidthCapMbps:300
04-27 18:56:54.858 I/NetworkAccelerateSwitchService( 3839): checkWifiRssiAndLinkSpeed mcsidx:-1
04-27 18:56:54.858 I/NetworkAccelerateSwitchService( 3839): checkWifiRssiAndLinkSpeed rssi difference:1
04-27 18:56:54.858 I/NetworkAccelerateSwitchService( 3839): checkWifiRssiAndLinkSpeed txBandwidthCapMbps proportions:1.0
04-27 18:56:54.858 I/NetworkAccelerateSwitchService( 3839): checkWifiRssiAndLinkSpeed rxBandwidthCapMbps proportions:1.0
04-27 18:56:54.858 I/NetworkAccelerateSwitchService( 3839): checkWifiRssiAndLinkSpeed mcsidx difference:0
04-27 18:56:54.858 I/NetworkAccelerateSwitchService( 3839): checkWifiRssiAndLinkSpeed FastFadeWeakNetThresholdAdjustment:0
04-27 18:56:54.858 I/NetworkAccelerateSwitchService( 3839): ================= checkWifiRssiAndLinkSpeed END ================
04-27 18:56:54.858 I/NetworkAccelerateSwitchService( 3839): checkWifiRssiAndLinkSpeed rssi:26
04-27 18:56:54.858 I/NetworkAccelerateSwitchService( 3839): checkWifiRssiAndLinkSpeed mWifiFastFade:false mWifiFastFadeAdjustThreshold:false
04-27 18:56:54.858 I/NetworkAccelerateSwitchService( 3839): getAverageWifiRssi:26
04-27 18:56:54.939 D/NetworkMonitor/161( 5536): PROBE_HTTP http://connect.rom.miui.com/generate_204 time=183ms ret=204 request={Connection=[close], User-Agent=[Mozilla/5.0 (X11; Linux x86_64) AppleWebKit/537.36 (KHTML, like Gecko) Chrome/60.0.3112.32 Safari/537.36]} headers={null=[HTTP/1.1 204 No Content], Connection=[close], Date=[Mon, 27 Apr 2026 10:56:55 GMT], Server=[openresty], X-Android-Received-Millis=[1777287414939], X-Android-Response-Source=[NETWORK 204], X-Android-Selected-Protocol=[http/1.1], X-Android-Sent-Millis=[1777287414816]}
04-27 18:56:55.038 D/NetworkMonitor/161( 5536): PROBE_HTTPS https://www.baidu.com time=281ms ret=204 request={Connection=[close], User-Agent=[Mozilla/5.0 (X11; Linux x86_64) AppleWebKit/537.36 (KHTML, like Gecko) Chrome/60.0.3112.32 Safari/537.36]} headers={null=[HTTP/1.1 200 OK], Cache-Control=[private, no-cache, no-store, proxy-revalidate, no-transform], Connection=[close], Content-Type=[text/html], Date=[Mon, 27 Apr 2026 10:56:55 GMT], Pragma=[no-cache], Server=[bfe], Set-Cookie=[BDORZ=27315; max-age=86400; domain=.baidu.com; path=/], X-Android-Received-Millis=[1777287415038], X-Android-Response-Source=[NETWORK 200], X-Android-Selected-Protocol=[http/1.1], X-Android-Sent-Millis=[1777287414907]}
04-27 18:56:55.040 I/WifiService( 3839): getConnectionInfo uid=1073
04-27 18:56:55.040 V/WifiService( 3839): Clearing REDACT_FOR_ACCESS_FINE_LOCATION for com.android.networkstack(uid=1073)
04-27 18:56:55.041 D/WifiAssistant( 3839): handleNetworkValidationResult: 161 | true | true | true
04-27 18:56:55.042 V/WifiPermissionsUtil( 3839): deviceOwner:null
04-27 18:56:55.044 I/WifiService( 3839): getConfiguredNetworks uid=1000
04-27 18:56:55.045 I/WifiService( 3839): getConnectionInfo uid=1000
04-27 18:56:55.046 V/WifiService( 3839): Clearing REDACT_FOR_LOCAL_MAC_ADDRESS for android(uid=1000)
04-27 18:56:55.046 V/WifiService( 3839): Clearing REDACT_FOR_NETWORK_SETTINGS for android(uid=1000)
04-27 18:56:55.046 V/WifiService( 3839): Clearing REDACT_FOR_ACCESS_FINE_LOCATION for android(uid=1000)
04-27 18:56:55.046 D/WifiAssistant( 3839): getAssociatedWifiConfiguration: 161 | 6
04-27 18:56:55.046 V/WifiPermissionsUtil( 3839): deviceOwner:null
04-27 18:56:55.046 I/WifiService( 3839): getConfiguredNetworks uid=1000
04-27 18:56:55.048 I/WifiService( 3839): getConnectionInfo uid=1000
04-27 18:56:55.048 V/WifiService( 3839): Clearing REDACT_FOR_LOCAL_MAC_ADDRESS for android(uid=1000)
04-27 18:56:55.048 V/WifiService( 3839): Clearing REDACT_FOR_NETWORK_SETTINGS for android(uid=1000)
04-27 18:56:55.048 V/WifiService( 3839): Clearing REDACT_FOR_ACCESS_FINE_LOCATION for android(uid=1000)
04-27 18:56:55.048 D/WifiAssistant( 3839): getAssociatedWifiConfiguration: 161 | 6
04-27 18:56:55.048 D/WifiAssistant( 3839): maybeClearNotification: 161
04-27 18:56:55.048 D/WifiAssistant( 3839): maybeClearNotification: no eventId 161
04-27 18:56:55.048 D/WifiAssistant( 3839): handleNetworkValidationResult: abort for validated: true, hasDone: false
04-27 18:56:55.048 D/MiuiWifiRecoveryEngine( 3839): network: 161 ,valid: true ,type: 0
04-27 18:56:55.048 D/ConnectivityService( 3839): [161 WIFI] validation passed
04-27 18:56:55.049 D/AmlWifiScoreReportInjector( 3839): suspect data stall: false actual:false
04-27 18:56:55.115 D/NetworkMonitor/161( 5536): PROBE_HTTPS https://connect.rom.miui.com/generate_204 time=368ms ret=204 request={Connection=[close], User-Agent=[Mozilla/5.0 (X11; Linux x86_64) AppleWebKit/537.36 (KHTML, like Gecko) Chrome/60.0.3112.32 Safari/537.36]} headers={null=[HTTP/1.1 204 No Content], Connection=[close], Date=[Mon, 27 Apr 2026 10:56:55 GMT], Server=[openresty], X-Android-Received-Millis=[1777287415114], X-Android-Response-Source=[NETWORK 204], X-Android-Selected-Protocol=[http/1.1], X-Android-Sent-Millis=[1777287415025]}
04-27 18:56:55.163 I/WifiService( 3839): getConnectionInfo uid=1000
04-27 18:56:55.163 V/WifiService( 3839): Clearing REDACT_FOR_LOCAL_MAC_ADDRESS for android(uid=1000)
04-27 18:56:55.163 V/WifiService( 3839): Clearing REDACT_FOR_NETWORK_SETTINGS for android(uid=1000)
04-27 18:56:55.163 V/WifiService( 3839): Clearing REDACT_FOR_ACCESS_FINE_LOCATION for android(uid=1000)
04-27 18:56:55.168 D/WifiLinkLayerDiagnostics( 3839): finish link diagnostics
04-27 18:56:55.168 I/OneTrackWifiUtil( 3839): reportWifiEvent event= Network_Diag
04-27 18:56:55.168 I/OneTrackWifiUtil( 3839): reportWifiEvent event= Network_Diag
04-27 18:56:55.168 I/OneTrackWifiUtil( 3839): reportWifiEvent event= Network_Diag
04-27 18:56:55.168 I/OneTrackWifiUtil( 3839): reportWifiEvent event= Network_Diag
04-27 18:56:55.168 I/OneTrackWifiUtil( 3839): reportWifiEvent event= Network_Diag
04-27 18:56:55.168 I/OneTrackWifiUtil( 3839): reportWifiEvent event= Network_Diag
04-27 18:56:55.168 I/OneTrackWifiUtil( 3839): reportWifiEvent event= Network_Diag
04-27 18:56:55.168 I/OneTrackWifiUtil( 3839): reportWifiEvent event= Network_Diag
04-27 18:56:55.168 I/OneTrackWifiUtil( 3839): reportWifiEvent event= Network_Diag
04-27 18:56:55.168 W/ContextImpl( 3839): Calling a method in the system process without a qualified user: android.app.ContextImpl.startService:2013 android.content.ContextWrapper.startService:871 com.android.server.wifi.OneTrackWifiUtil.reportFromOneTrack:158 com.android.server.wifi.OneTrackWifiUtil.-$$Nest$smreportFromOneTrack:0 com.android.server.wifi.OneTrackWifiUtil$2.run:128 
04-27 18:56:55.168 I/MiuiNetworkDiagnostics( 3839): NetDiagReporter reportWifiEvent bundle=[Bundle[{net_diag_type=0, net_diag_result_code=1023, net_diag_result=0}], Bundle[{net_diag_type=101, net_diag_result_code=0, net_diag_result=0}], Bundle[{net_diag_type=104, net_diag_result_code=0, net_diag_result=0}], Bundle[{net_diag_type=105, net_diag_result_code=0, net_diag_result=0}], Bundle[{net_diag_type=103, net_diag_result_code=0, net_diag_result=0}], Bundle[{net_diag_type=106, net_diag_result_code=0, net_diag_result=0}], Bundle[{net_diag_type=107, net_diag_result_code=0, net_diag_result=0}], Bundle[{net_diag_type=108, net_diag_result_code=0, net_diag_result=0}], Bundle[{net_diag_type=102, net_diag_result_code=0, net_diag_result=0}]]
04-27 18:56:55.168 I/OneTrackWifiUtil( 3839): reportWifiEvent event= Self_Recovery_Statistics
04-27 18:56:55.168 I/WifiService( 3839): getVerboseLoggingLevel uid=1000
04-27 18:56:55.172 W/ContextImpl( 3839): Calling a method in the system process without a qualified user: android.app.ContextImpl.startService:2013 android.content.ContextWrapper.startService:871 com.android.server.wifi.OneTrackWifiUtil.reportFromOneTrack:158 com.android.server.wifi.OneTrackWifiUtil.-$$Nest$smreportFromOneTrack:0 com.android.server.wifi.OneTrackWifiUtil$2.run:128 
04-27 18:56:55.174 W/ContextImpl( 3839): Calling a method in the system process without a qualified user: android.app.ContextImpl.startService:2013 android.content.ContextWrapper.startService:871 com.android.server.wifi.OneTrackWifiUtil.reportFromOneTrack:158 com.android.server.wifi.OneTrackWifiUtil.-$$Nest$smreportFromOneTrack:0 com.android.server.wifi.OneTrackWifiUtil$2.run:128 
04-27 18:56:55.175 W/ContextImpl( 3839): Calling a method in the system process without a qualified user: android.app.ContextImpl.startService:2013 android.content.ContextWrapper.startService:871 com.android.server.wifi.OneTrackWifiUtil.reportFromOneTrack:158 com.android.server.wifi.OneTrackWifiUtil.-$$Nest$smreportFromOneTrack:0 com.android.server.wifi.OneTrackWifiUtil$2.run:128 
04-27 18:56:55.177 W/ContextImpl( 3839): Calling a method in the system process without a qualified user: android.app.ContextImpl.startService:2013 android.content.ContextWrapper.startService:871 com.android.server.wifi.OneTrackWifiUtil.reportFromOneTrack:158 com.android.server.wifi.OneTrackWifiUtil.-$$Nest$smreportFromOneTrack:0 com.android.server.wifi.OneTrackWifiUtil$2.run:128 
04-27 18:56:55.179 W/ContextImpl( 3839): Calling a method in the system process without a qualified user: android.app.ContextImpl.startService:2013 android.content.ContextWrapper.startService:871 com.android.server.wifi.OneTrackWifiUtil.reportFromOneTrack:158 com.android.server.wifi.OneTrackWifiUtil.-$$Nest$smreportFromOneTrack:0 com.android.server.wifi.OneTrackWifiUtil$2.run:128 
04-27 18:56:55.180 W/ContextImpl( 3839): Calling a method in the system process without a qualified user: android.app.ContextImpl.startService:2013 android.content.ContextWrapper.startService:871 com.android.server.wifi.OneTrackWifiUtil.reportFromOneTrack:158 com.android.server.wifi.OneTrackWifiUtil.-$$Nest$smreportFromOneTrack:0 com.android.server.wifi.OneTrackWifiUtil$2.run:128 
04-27 18:56:55.182 W/ContextImpl( 3839): Calling a method in the system process without a qualified user: android.app.ContextImpl.startService:2013 android.content.ContextWrapper.startService:871 com.android.server.wifi.OneTrackWifiUtil.reportFromOneTrack:158 com.android.server.wifi.OneTrackWifiUtil.-$$Nest$smreportFromOneTrack:0 com.android.server.wifi.OneTrackWifiUtil$2.run:128 
04-27 18:56:55.184 W/ContextImpl( 3839): Calling a method in the system process without a qualified user: android.app.ContextImpl.startService:2013 android.content.ContextWrapper.startService:871 com.android.server.wifi.OneTrackWifiUtil.reportFromOneTrack:158 com.android.server.wifi.OneTrackWifiUtil.-$$Nest$smreportFromOneTrack:0 com.android.server.wifi.OneTrackWifiUtil$2.run:128 
04-27 18:56:55.185 W/ContextImpl( 3839): Calling a method in the system process without a qualified user: android.app.ContextImpl.startService:2013 android.content.ContextWrapper.startService:871 com.android.server.wifi.OneTrackWifiUtil.reportFromOneTrack:158 com.android.server.wifi.OneTrackWifiUtil.-$$Nest$smreportFromOneTrack:0 com.android.server.wifi.OneTrackWifiUtil$2.run:128 
04-27 18:56:55.515 D/MiuiWifiCommonBase( 3839): band: 0, compensate: 0
04-27 18:56:55.515 D/WifiClientModeImpl[719075603:wlan0]( 3839): updateLinkLayerStatsRssiSpeedFrequencyCapabilities rssi=-35 TxLinkspeed=300 freq=2462 RxLinkSpeed=300
04-27 18:56:55.515 I/WifiService( 3839): getConnectionInfo uid=1000
04-27 18:56:55.516 V/WifiService( 3839): Clearing REDACT_FOR_LOCAL_MAC_ADDRESS for android(uid=1000)
04-27 18:56:55.516 V/WifiService( 3839): Clearing REDACT_FOR_NETWORK_SETTINGS for android(uid=1000)
04-27 18:56:55.516 V/WifiService( 3839): Clearing REDACT_FOR_ACCESS_FINE_LOCATION for android(uid=1000)
04-27 18:56:55.517 D/WifiDataStall( 3839): tx tput in kbps: 119625
04-27 18:56:55.517 D/WifiDataStall( 3839): rx tput in kbps: 206250
04-27 18:56:55.517 V/WifiConfigManager( 3839): Updating scan detail cache freq=2462 BSSID=74:39:89:2a:67:26 RSSI=-30 for "MstRobot"WPA_PSK
04-27 18:56:55.517 D/WifiChannelUtilization( 3839):  freq: 2462 onTime: 275044 busyTime: 159282 onTimeDiff: 1035 busyTimeDiff: 794 utilization: 195 utilization t0: 147
04-27 18:56:55.519 D/WifiDataStall( 3839):  ccaLevel = 80
04-27 18:56:55.519 D/WifiDataStall( 3839): L2 txTputKbps: 162937, rxTputKbps: 206250, L3 txTputKbps: 0, rxTputKbps: 0, TxTrafficHigh: true, RxTrafficHigh: true, Throughput Sufficient: true
04-27 18:56:55.519 D/WifiThroughputPredictor( 3839):  utilization (LLS) 80 isBluetoothConnected: false final utilization: 80
04-27 18:56:55.519 D/WifiThroughputPredictor( 3839):  BW: 1 RSSI: -35 Nss: 2 Mode: 4 symDur: 3600 snrDb 42 bitPerTone: 5000 rate: 300 throughput: 205
04-27 18:56:55.519 D/WifiThroughputPredictor( 3839):  utilization (LLS) 80 isBluetoothConnected: false final utilization: 80
04-27 18:56:55.519 D/WifiThroughputPredictor( 3839):  BW: 1 RSSI: -35 Nss: 2 Mode: 4 symDur: 3600 snrDb 42 bitPerTone: 5000 rate: 300 throughput: 205
04-27 18:56:55.519 D/WifiScoreCard( 3839): BSSID update SIGNAL_POLL ID: 404527809 SSID: "MstRobot", BSSID: 74:39:89:2a:67:26, MAC: fa:2c:a2:da:d1:aa, IP: /192.168.0.101, Security type: 2, Supplicant state: COMPLETED, Wi-Fi standard: 11n, RSSI: -35, Link speed: 300Mbps, Tx Link speed: 300Mbps, Max Supported Tx Link speed: 300Mbps, Rx Link speed: 300Mbps, Max Supported Rx Link speed: 300Mbps, Frequency: 2462MHz, Net ID: 6, Metered hint: false, score: 60, isUsable: true, CarrierMerged: false, SubscriptionId: -1, IsPrimary: 1, Trusted: true, Restricted: false, Ephemeral: false, OEM paid: false, OEM private: false, OSU AP: false, FQDN: <none>, Provider friendly name: <none>, Requesting package name: <none>"MstRobot"wpa2-pskMLO Information: , Is TID-To-Link negotiation supported by the AP: false, AP MLD Address: <none>, AP MLO Link Id: <none>, AP MLO Affiliated links: <none>, Vendor Data: <none>
04-27 18:56:55.519 D/WifiScoreCard( 3839): txRate: 21 txSpeed: 300
04-27 18:56:55.519 D/WifiScoreCard( 3839): network update SIGNAL_POLL "MstRobot" ID: 608343939 RSSI -35 txSpeed 300
04-27 18:56:55.519 V/WifiManager( 5963): TrafficStateCallbackProxy: onStateChanged state=3
04-27 18:56:55.520 V/WifiManager( 5963): TrafficStateCallbackProxy: onStateChanged state=3
04-27 18:56:55.520 D/WifiClientModeImpl[719075603:wlan0]( 3839):  ClientModeImpl$L2ConnectedState screen=on 1 0 "MstRobot" 74:39:89:2a:67:26 rssi=-35 f=2462 sc= 60, mSwithInWeakNet: true [updated score = 60,  failpercent=100 { out=4 in=0 lost=4 inretrans=4 total retrans=4 tmo=24 inflight=4}] link=300 tx=15.5, 4.8, 0.0 rx=11.8 bcn=8614 [on:1034 tx:22 rx:16 period:3016] from screen [on:279909 period:1060174] score=60
04-27 18:56:55.520 I/WifiService( 3839): getVerboseLoggingLevel uid=1000
04-27 18:56:55.521 D/AmlWifiScoreReportInjector( 3839): probabilityOfFailedTx = 0.23813175826939476
04-27 18:56:55.521 D/AmlWifiScoreReportInjector( 3839): mSwitchBackWifiThresholdAdjustment = 0
04-27 18:56:55.524 I/WifiService( 3839): getScanResults uid=1000
04-27 18:56:55.524 D/AmlWifiScoreReportInjector( 3839): getMaxRssiInWaeknet weaknetRssi = -72
04-27 18:56:55.524 I/WifiService( 3839): getVerboseLoggingLevel uid=1000
04-27 18:56:55.525 D/AmlWifiScoreReportInjector( 3839): onWifiUsabilityStats: channelUtilization=195 seqNum = 134762 bssidChanged = 0 isQcomPlatform = true
04-27 18:56:56.738 I/WifiService( 3839): getConnectionInfo uid=1001
04-27 18:56:56.738 V/WifiService( 3839): Clearing REDACT_FOR_LOCAL_MAC_ADDRESS for com.android.phone(uid=1001)
04-27 18:56:56.738 V/WifiService( 3839): Clearing REDACT_FOR_NETWORK_SETTINGS for com.android.phone(uid=1001)
04-27 18:56:56.738 V/WifiService( 3839): Clearing REDACT_FOR_ACCESS_FINE_LOCATION for com.android.phone(uid=1001)
04-27 18:56:56.738 D/SlaveWifiManager( 5894): getWifiSlaveConnectionInfo
04-27 18:56:57.861 I/WifiService( 3839): getConnectionInfo uid=1000
04-27 18:56:57.862 V/WifiService( 3839): Clearing REDACT_FOR_LOCAL_MAC_ADDRESS for android(uid=1000)
04-27 18:56:57.862 V/WifiService( 3839): Clearing REDACT_FOR_NETWORK_SETTINGS for android(uid=1000)
04-27 18:56:57.862 V/WifiService( 3839): Clearing REDACT_FOR_ACCESS_FINE_LOCATION for android(uid=1000)
04-27 18:56:57.862 I/WifiService( 3839): getVerboseLoggingLevel uid=1000
04-27 18:56:57.862 I/NetworkAccelerateSwitchService( 3839): ================= checkWifiRssiAndLinkSpeed START ================
04-27 18:56:57.862 I/NetworkAccelerateSwitchService( 3839): checkWifiRssiAndLinkSpeed mMinRssiFastFadeDifference:9 mMedRssiFastFadeDifference:13 mMaxRssiFastFadeDifference:15
04-27 18:56:57.862 I/NetworkAccelerateSwitchService( 3839): checkWifiRssiAndLinkSpeed txBandwidthCapMbps:300
04-27 18:56:57.862 I/NetworkAccelerateSwitchService( 3839): checkWifiRssiAndLinkSpeed rxBandwidthCapMbps:300
04-27 18:56:57.862 I/NetworkAccelerateSwitchService( 3839): checkWifiRssiAndLinkSpeed mcsidx:-1
04-27 18:56:57.862 I/NetworkAccelerateSwitchService( 3839): checkWifiRssiAndLinkSpeed rssi difference:9
04-27 18:56:57.862 I/NetworkAccelerateSwitchService( 3839): checkWifiRssiAndLinkSpeed txBandwidthCapMbps proportions:1.0
04-27 18:56:57.862 I/NetworkAccelerateSwitchService( 3839): checkWifiRssiAndLinkSpeed rxBandwidthCapMbps proportions:1.0
04-27 18:56:57.862 I/NetworkAccelerateSwitchService( 3839): checkWifiRssiAndLinkSpeed mcsidx difference:0
04-27 18:56:57.862 I/NetworkAccelerateSwitchService( 3839): checkWifiRssiAndLinkSpeed FastFadeWeakNetThresholdAdjustment:0
04-27 18:56:57.862 I/NetworkAccelerateSwitchService( 3839): ================= checkWifiRssiAndLinkSpeed END ================
04-27 18:56:57.862 I/NetworkAccelerateSwitchService( 3839): checkWifiRssiAndLinkSpeed rssi:35
04-27 18:56:57.862 I/NetworkAccelerateSwitchService( 3839): checkWifiRssiAndLinkSpeed mWifiFastFade:false mWifiFastFadeAdjustThreshold:false
04-27 18:56:57.862 I/NetworkAccelerateSwitchService( 3839): getAverageWifiRssi:27
04-27 18:56:58.529 D/MiuiWifiCommonBase( 3839): band: 0, compensate: 0
04-27 18:56:58.529 D/WifiClientModeImpl[719075603:wlan0]( 3839): updateLinkLayerStatsRssiSpeedFrequencyCapabilities rssi=-26 TxLinkspeed=300 freq=2462 RxLinkSpeed=300
04-27 18:56:58.529 I/WifiService( 3839): getConnectionInfo uid=1000
04-27 18:56:58.529 V/WifiService( 3839): Clearing REDACT_FOR_LOCAL_MAC_ADDRESS for android(uid=1000)
04-27 18:56:58.529 V/WifiService( 3839): Clearing REDACT_FOR_NETWORK_SETTINGS for android(uid=1000)
04-27 18:56:58.529 V/WifiService( 3839): Clearing REDACT_FOR_ACCESS_FINE_LOCATION for android(uid=1000)
04-27 18:56:58.530 D/WifiDataStall( 3839): tx tput in kbps: 162937
04-27 18:56:58.530 D/WifiDataStall( 3839): rx tput in kbps: 206250
04-27 18:56:58.530 V/WifiConfigManager( 3839): Updating scan detail cache freq=2462 BSSID=74:39:89:2a:67:26 RSSI=-27 for "MstRobot"WPA_PSK
04-27 18:56:58.530 D/WifiChannelUtilization( 3839):  freq: 2462 onTime: 276198 busyTime: 160274 onTimeDiff: 1154 busyTimeDiff: 992 utilization: 219 utilization t0: 147
04-27 18:56:58.531 D/WifiDataStall( 3839):  ccaLevel = 80
04-27 18:56:58.531 D/WifiDataStall( 3839): L2 txTputKbps: 96937, rxTputKbps: 206250, L3 txTputKbps: 21, rxTputKbps: 48, TxTrafficHigh: true, RxTrafficHigh: false, Throughput Sufficient: true
04-27 18:56:58.531 D/WifiThroughputPredictor( 3839):  utilization (LLS) 80 isBluetoothConnected: false final utilization: 80
04-27 18:56:58.531 D/WifiThroughputPredictor( 3839):  BW: 1 RSSI: -26 Nss: 2 Mode: 4 symDur: 3600 snrDb 51 bitPerTone: 5000 rate: 300 throughput: 205
04-27 18:56:58.531 D/WifiThroughputPredictor( 3839):  utilization (LLS) 80 isBluetoothConnected: false final utilization: 80
04-27 18:56:58.531 D/WifiThroughputPredictor( 3839):  BW: 1 RSSI: -26 Nss: 2 Mode: 4 symDur: 3600 snrDb 51 bitPerTone: 5000 rate: 300 throughput: 205
04-27 18:56:58.532 D/WifiScoreCard( 3839): BSSID update SIGNAL_POLL ID: 404527809 SSID: "MstRobot", BSSID: 74:39:89:2a:67:26, MAC: fa:2c:a2:da:d1:aa, IP: /192.168.0.101, Security type: 2, Supplicant state: COMPLETED, Wi-Fi standard: 11n, RSSI: -26, Link speed: 300Mbps, Tx Link speed: 300Mbps, Max Supported Tx Link speed: 300Mbps, Rx Link speed: 300Mbps, Max Supported Rx Link speed: 300Mbps, Frequency: 2462MHz, Net ID: 6, Metered hint: false, score: 60, isUsable: true, CarrierMerged: false, SubscriptionId: -1, IsPrimary: 1, Trusted: true, Restricted: false, Ephemeral: false, OEM paid: false, OEM private: false, OSU AP: false, FQDN: <none>, Provider friendly name: <none>, Requesting package name: <none>"MstRobot"wpa2-pskMLO Information: , Is TID-To-Link negotiation supported by the AP: false, AP MLD Address: <none>, AP MLO Link Id: <none>, AP MLO Affiliated links: <none>, Vendor Data: <none>
04-27 18:56:58.532 D/WifiScoreCard( 3839): txRate: 11 txSpeed: 300
04-27 18:56:58.532 D/WifiScoreCard( 3839): network update SIGNAL_POLL "MstRobot" ID: 608343939 RSSI -26 txSpeed 300
04-27 18:56:58.533 V/WifiManager( 5963): TrafficStateCallbackProxy: onStateChanged state=2
04-27 18:56:58.533 V/WifiManager( 5963): TrafficStateCallbackProxy: onStateChanged state=2
04-27 18:56:58.534 D/WifiClientModeImpl[719075603:wlan0]( 3839):  ClientModeImpl$L2ConnectedState screen=on 1 0 "MstRobot" 74:39:89:2a:67:26 rssi=-26 f=2462 sc= 60, mSwithInWeakNet: true [updated score = 60,  failpercent=100 { out=3 in=0 lost=4 inretrans=4 total retrans=3 tmo=27 inflight=4}] link=300 tx=6.9, 3.2, 0.0 rx=4.3 bcn=8635 [on:1154 tx:5 rx:45 period:3014] from screen [on:281063 period:1063188] score=60
04-27 18:56:58.535 I/WifiService( 3839): getVerboseLoggingLevel uid=1000
04-27 18:56:58.535 D/AmlWifiScoreReportInjector( 3839): probabilityOfFailedTx = 0.31868248460532733
04-27 18:56:58.535 D/AmlWifiScoreReportInjector( 3839): mSwitchBackWifiThresholdAdjustment = 0
04-27 18:56:58.540 I/WifiService( 3839): getScanResults uid=1000
04-27 18:56:58.540 D/AmlWifiScoreReportInjector( 3839): getMaxRssiInWaeknet weaknetRssi = -72
04-27 18:56:58.540 I/WifiService( 3839): getVerboseLoggingLevel uid=1000
04-27 18:56:58.541 D/AmlWifiScoreReportInjector( 3839): onWifiUsabilityStats: channelUtilization=219 seqNum = 134763 bssidChanged = 0 isQcomPlatform = true
04-27 18:56:59.792 I/WifiService( 3839): getConnectionInfo uid=1001
04-27 18:56:59.792 V/WifiService( 3839): Clearing REDACT_FOR_LOCAL_MAC_ADDRESS for com.android.phone(uid=1001)
04-27 18:56:59.792 V/WifiService( 3839): Clearing REDACT_FOR_NETWORK_SETTINGS for com.android.phone(uid=1001)
04-27 18:56:59.792 V/WifiService( 3839): Clearing REDACT_FOR_ACCESS_FINE_LOCATION for com.android.phone(uid=1001)
04-27 18:56:59.793 D/SlaveWifiManager( 5894): getWifiSlaveConnectionInfo
04-27 18:57:00.864 I/WifiService( 3839): getConnectionInfo uid=1000
04-27 18:57:00.864 V/WifiService( 3839): Clearing REDACT_FOR_LOCAL_MAC_ADDRESS for android(uid=1000)
04-27 18:57:00.864 V/WifiService( 3839): Clearing REDACT_FOR_NETWORK_SETTINGS for android(uid=1000)
04-27 18:57:00.864 V/WifiService( 3839): Clearing REDACT_FOR_ACCESS_FINE_LOCATION for android(uid=1000)
04-27 18:57:00.864 I/WifiService( 3839): getVerboseLoggingLevel uid=1000
04-27 18:57:00.864 I/NetworkAccelerateSwitchService( 3839): ================= checkWifiRssiAndLinkSpeed START ================
04-27 18:57:00.864 I/NetworkAccelerateSwitchService( 3839): checkWifiRssiAndLinkSpeed mMinRssiFastFadeDifference:9 mMedRssiFastFadeDifference:13 mMaxRssiFastFadeDifference:15
04-27 18:57:00.864 I/NetworkAccelerateSwitchService( 3839): checkWifiRssiAndLinkSpeed txBandwidthCapMbps:300
04-27 18:57:00.864 I/NetworkAccelerateSwitchService( 3839): checkWifiRssiAndLinkSpeed rxBandwidthCapMbps:300
