04-27 18:57:41.288 D/WifiScoreCard( 3839): BSSID update SIGNAL_POLL ID: 404527809 SSID: "MstRobot", BSSID: 74:39:89:2a:67:26, MAC: fa:2c:a2:da:d1:aa, IP: /192.168.0.101, Security type: 2, Supplicant state: COMPLETED, Wi-Fi standard: 11n, RSSI: -24, Link speed: 300Mbps, Tx Link speed: 300Mbps, Max Supported Tx Link speed: 300Mbps, Rx Link speed: 300Mbps, Max Supported Rx Link speed: 300Mbps, Frequency: 2462MHz, Net ID: 6, Metered hint: false, score: 60, isUsable: true, CarrierMerged: false, SubscriptionId: -1, IsPrimary: 1, Trusted: true, Restricted: false, Ephemeral: false, OEM paid: false, OEM private: false, OSU AP: false, FQDN: <none>, Provider friendly name: <none>, Requesting package name: <none>"MstRobot"wpa2-pskMLO Information: , Is TID-To-Link negotiation supported by the AP: false, AP MLD Address: <none>, AP MLO Link Id: <none>, AP MLO Affiliated links: <none>, Vendor Data: <none>
04-27 18:57:41.288 D/WifiScoreCard( 3839): txRate: 7 txSpeed: 300
04-27 18:57:41.288 D/WifiScoreCard( 3839): network update SIGNAL_POLL "MstRobot" ID: 608343939 RSSI -24 txSpeed 300
04-27 18:57:41.290 D/WifiClientModeImpl[719075603:wlan0]( 3839):  ClientModeImpl$L2ConnectedState screen=on 1 0 "MstRobot" 74:39:89:2a:67:26 rssi=-24 f=2462 sc= 60, mSwithInWeakNet: true [updated score = 60,  failpercent=100 { out=4 in=0 lost=4 inretrans=4 total retrans=3 tmo=24 inflight=4}] link=300 tx=1.9, 4.5, 0.0 rx=0.0 bcn=8976 [on:1038 tx:10 rx:29 period:3017] from screen [on:290498 period:1105944] score=60
04-27 18:57:41.290 I/WifiService( 3839): getVerboseLoggingLevel uid=1000
04-27 18:57:41.293 I/WifiService( 3839): getScanResults uid=1000
04-27 18:57:41.294 D/AmlWifiScoreReportInjector( 3839): getMaxRssiInWaeknet weaknetRssi = -72
04-27 18:57:41.294 I/WifiService( 3839): getVerboseLoggingLevel uid=1000
04-27 18:57:41.295 D/AmlWifiScoreReportInjector( 3839): onWifiUsabilityStats: channelUtilization=169 seqNum = 134777 bssidChanged = 0 isQcomPlatform = true
04-27 18:57:42.546 I/WifiService( 3839): getConnectionInfo uid=1001
04-27 18:57:42.546 V/WifiService( 3839): Clearing REDACT_FOR_LOCAL_MAC_ADDRESS for com.android.phone(uid=1001)
04-27 18:57:42.546 V/WifiService( 3839): Clearing REDACT_FOR_NETWORK_SETTINGS for com.android.phone(uid=1001)
04-27 18:57:42.546 V/WifiService( 3839): Clearing REDACT_FOR_ACCESS_FINE_LOCATION for com.android.phone(uid=1001)
04-27 18:57:42.547 D/SlaveWifiManager( 5894): getWifiSlaveConnectionInfo
04-27 18:57:42.911 I/WifiService( 3839): getConnectionInfo uid=1000
04-27 18:57:42.911 V/WifiService( 3839): Clearing REDACT_FOR_LOCAL_MAC_ADDRESS for android(uid=1000)
04-27 18:57:42.911 V/WifiService( 3839): Clearing REDACT_FOR_NETWORK_SETTINGS for android(uid=1000)
04-27 18:57:42.912 V/WifiService( 3839): Clearing REDACT_FOR_ACCESS_FINE_LOCATION for android(uid=1000)
04-27 18:57:42.912 I/WifiService( 3839): getVerboseLoggingLevel uid=1000
04-27 18:57:42.912 I/NetworkAccelerateSwitchService( 3839): ================= checkWifiRssiAndLinkSpeed START ================
04-27 18:57:42.912 I/NetworkAccelerateSwitchService( 3839): checkWifiRssiAndLinkSpeed mMinRssiFastFadeDifference:9 mMedRssiFastFadeDifference:13 mMaxRssiFastFadeDifference:15
04-27 18:57:42.912 I/NetworkAccelerateSwitchService( 3839): checkWifiRssiAndLinkSpeed txBandwidthCapMbps:300
04-27 18:57:42.912 I/NetworkAccelerateSwitchService( 3839): checkWifiRssiAndLinkSpeed rxBandwidthCapMbps:300
04-27 18:57:42.912 I/NetworkAccelerateSwitchService( 3839): checkWifiRssiAndLinkSpeed mcsidx:-1
04-27 18:57:42.912 I/NetworkAccelerateSwitchService( 3839): checkWifiRssiAndLinkSpeed rssi difference:-1
04-27 18:57:42.912 I/NetworkAccelerateSwitchService( 3839): checkWifiRssiAndLinkSpeed txBandwidthCapMbps proportions:1.0
04-27 18:57:42.912 I/NetworkAccelerateSwitchService( 3839): checkWifiRssiAndLinkSpeed rxBandwidthCapMbps proportions:1.0
04-27 18:57:42.912 I/NetworkAccelerateSwitchService( 3839): checkWifiRssiAndLinkSpeed mcsidx difference:0
04-27 18:57:42.912 I/NetworkAccelerateSwitchService( 3839): checkWifiRssiAndLinkSpeed FastFadeWeakNetThresholdAdjustment:0
04-27 18:57:42.912 I/NetworkAccelerateSwitchService( 3839): ================= checkWifiRssiAndLinkSpeed END ================
04-27 18:57:42.912 I/NetworkAccelerateSwitchService( 3839): checkWifiRssiAndLinkSpeed rssi:24
04-27 18:57:42.912 I/NetworkAccelerateSwitchService( 3839): checkWifiRssiAndLinkSpeed mWifiFastFade:false mWifiFastFadeAdjustThreshold:false
04-27 18:57:42.912 I/NetworkAccelerateSwitchService( 3839): getAverageWifiRssi:24
04-27 18:57:44.312 D/MiuiWifiCommonBase( 3839): band: 0, compensate: 0
04-27 18:57:44.312 D/WifiClientModeImpl[719075603:wlan0]( 3839): updateLinkLayerStatsRssiSpeedFrequencyCapabilities rssi=-18 TxLinkspeed=300 freq=2462 RxLinkSpeed=300
04-27 18:57:44.313 I/WifiService( 3839): getConnectionInfo uid=1000
04-27 18:57:44.313 V/WifiService( 3839): Clearing REDACT_FOR_LOCAL_MAC_ADDRESS for android(uid=1000)
04-27 18:57:44.313 V/WifiService( 3839): Clearing REDACT_FOR_NETWORK_SETTINGS for android(uid=1000)
04-27 18:57:44.313 V/WifiService( 3839): Clearing REDACT_FOR_ACCESS_FINE_LOCATION for android(uid=1000)
04-27 18:57:44.314 D/WifiDataStall( 3839): tx tput in kbps: 49500
04-27 18:57:44.314 D/WifiDataStall( 3839): rx tput in kbps: 206250
04-27 18:57:44.314 V/WifiConfigManager( 3839): Updating scan detail cache freq=2462 BSSID=74:39:89:2a:67:26 RSSI=-20 for "MstRobot"WPA_PSK
04-27 18:57:44.315 D/WifiChannelUtilization( 3839):  freq: 2462 onTime: 286230 busyTime: 166897 onTimeDiff: 597 busyTimeDiff: 366 utilization: 156 utilization t0: 148
04-27 18:57:44.315 D/WifiDataStall( 3839):  ccaLevel = 80
04-27 18:57:44.315 D/WifiDataStall( 3839): L2 txTputKbps: 195937, rxTputKbps: 206250, L3 txTputKbps: 0, rxTputKbps: 0, TxTrafficHigh: false, RxTrafficHigh: false, Throughput Sufficient: true
04-27 18:57:44.316 D/WifiThroughputPredictor( 3839):  utilization (LLS) 80 isBluetoothConnected: false final utilization: 80
04-27 18:57:44.316 D/WifiThroughputPredictor( 3839):  BW: 1 RSSI: -18 Nss: 2 Mode: 4 symDur: 3600 snrDb 59 bitPerTone: 5000 rate: 300 throughput: 205
04-27 18:57:44.316 D/WifiThroughputPredictor( 3839):  utilization (LLS) 80 isBluetoothConnected: false final utilization: 80
04-27 18:57:44.316 D/WifiThroughputPredictor( 3839):  BW: 1 RSSI: -18 Nss: 2 Mode: 4 symDur: 3600 snrDb 59 bitPerTone: 5000 rate: 300 throughput: 205
04-27 18:57:44.316 D/WifiScoreCard( 3839): BSSID update SIGNAL_POLL ID: 404527809 SSID: "MstRobot", BSSID: 74:39:89:2a:67:26, MAC: fa:2c:a2:da:d1:aa, IP: /192.168.0.101, Security type: 2, Supplicant state: COMPLETED, Wi-Fi standard: 11n, RSSI: -18, Link speed: 300Mbps, Tx Link speed: 300Mbps, Max Supported Tx Link speed: 300Mbps, Rx Link speed: 300Mbps, Max Supported Rx Link speed: 300Mbps, Frequency: 2462MHz, Net ID: 6, Metered hint: false, score: 60, isUsable: true, CarrierMerged: false, SubscriptionId: -1, IsPrimary: 1, Trusted: true, Restricted: false, Ephemeral: false, OEM paid: false, OEM private: false, OSU AP: false, FQDN: <none>, Provider friendly name: <none>, Requesting package name: <none>"MstRobot"wpa2-pskMLO Information: , Is TID-To-Link negotiation supported by the AP: false, AP MLD Address: <none>, AP MLO Link Id: <none>, AP MLO Affiliated links: <none>, Vendor Data: <none>
04-27 18:57:44.316 D/WifiScoreCard( 3839): txRate: 4 txSpeed: 300
04-27 18:57:44.316 D/WifiScoreCard( 3839): network update SIGNAL_POLL "MstRobot" ID: 608343939 RSSI -18 txSpeed 300
04-27 18:57:44.317 D/WifiClientModeImpl[719075603:wlan0]( 3839):  ClientModeImpl$L2ConnectedState screen=on 1 0 "MstRobot" 74:39:89:2a:67:26 rssi=-18 f=2462 sc= 60, mSwithInWeakNet: true [updated score = 60,  failpercent=100 { out=3 in=0 lost=4 inretrans=4 total retrans=3 tmo=27 inflight=4}] link=300 tx=1.7, 1.8, 0.0 rx=0.0 bcn=8999 [on:598 tx:3 rx:15 period:3027] from screen [on:291096 period:1108971] score=60
04-27 18:57:44.317 I/WifiService( 3839): getVerboseLoggingLevel uid=1000
04-27 18:57:44.321 I/WifiService( 3839): getScanResults uid=1000
04-27 18:57:44.322 D/AmlWifiScoreReportInjector( 3839): getMaxRssiInWaeknet weaknetRssi = -72
04-27 18:57:44.323 I/WifiService( 3839): getVerboseLoggingLevel uid=1000
04-27 18:57:44.323 D/AmlWifiScoreReportInjector( 3839): onWifiUsabilityStats: channelUtilization=156 seqNum = 134778 bssidChanged = 0 isQcomPlatform = true
04-27 18:57:45.598 I/WifiService( 3839): getConnectionInfo uid=1001
04-27 18:57:45.598 V/WifiService( 3839): Clearing REDACT_FOR_LOCAL_MAC_ADDRESS for com.android.phone(uid=1001)
04-27 18:57:45.598 V/WifiService( 3839): Clearing REDACT_FOR_NETWORK_SETTINGS for com.android.phone(uid=1001)
04-27 18:57:45.598 V/WifiService( 3839): Clearing REDACT_FOR_ACCESS_FINE_LOCATION for com.android.phone(uid=1001)
04-27 18:57:45.598 D/SlaveWifiManager( 5894): getWifiSlaveConnectionInfo
04-27 18:57:45.915 I/WifiService( 3839): getConnectionInfo uid=1000
04-27 18:57:45.916 V/WifiService( 3839): Clearing REDACT_FOR_LOCAL_MAC_ADDRESS for android(uid=1000)
04-27 18:57:45.916 V/WifiService( 3839): Clearing REDACT_FOR_NETWORK_SETTINGS for android(uid=1000)
04-27 18:57:45.916 V/WifiService( 3839): Clearing REDACT_FOR_ACCESS_FINE_LOCATION for android(uid=1000)
04-27 18:57:45.916 I/WifiService( 3839): getVerboseLoggingLevel uid=1000
04-27 18:57:45.916 I/NetworkAccelerateSwitchService( 3839): ================= checkWifiRssiAndLinkSpeed START ================
04-27 18:57:45.916 I/NetworkAccelerateSwitchService( 3839): checkWifiRssiAndLinkSpeed mMinRssiFastFadeDifference:9 mMedRssiFastFadeDifference:13 mMaxRssiFastFadeDifference:15
04-27 18:57:45.916 I/NetworkAccelerateSwitchService( 3839): checkWifiRssiAndLinkSpeed txBandwidthCapMbps:300
04-27 18:57:45.916 I/NetworkAccelerateSwitchService( 3839): checkWifiRssiAndLinkSpeed rxBandwidthCapMbps:300
04-27 18:57:45.916 I/NetworkAccelerateSwitchService( 3839): checkWifiRssiAndLinkSpeed mcsidx:-1
04-27 18:57:45.916 I/NetworkAccelerateSwitchService( 3839): checkWifiRssiAndLinkSpeed rssi difference:-6
04-27 18:57:45.916 I/NetworkAccelerateSwitchService( 3839): checkWifiRssiAndLinkSpeed txBandwidthCapMbps proportions:1.0
04-27 18:57:45.916 I/NetworkAccelerateSwitchService( 3839): checkWifiRssiAndLinkSpeed rxBandwidthCapMbps proportions:1.0
04-27 18:57:45.916 I/NetworkAccelerateSwitchService( 3839): checkWifiRssiAndLinkSpeed mcsidx difference:0
04-27 18:57:45.916 I/NetworkAccelerateSwitchService( 3839): checkWifiRssiAndLinkSpeed FastFadeWeakNetThresholdAdjustment:0
04-27 18:57:45.916 I/NetworkAccelerateSwitchService( 3839): ================= checkWifiRssiAndLinkSpeed END ================
04-27 18:57:45.916 I/NetworkAccelerateSwitchService( 3839): checkWifiRssiAndLinkSpeed rssi:18
04-27 18:57:45.916 I/NetworkAccelerateSwitchService( 3839): checkWifiRssiAndLinkSpeed mWifiFastFade:false mWifiFastFadeAdjustThreshold:false
04-27 18:57:45.916 I/NetworkAccelerateSwitchService( 3839): getAverageWifiRssi:22
04-27 18:57:47.328 D/MiuiWifiCommonBase( 3839): band: 0, compensate: 0
04-27 18:57:47.328 D/WifiClientModeImpl[719075603:wlan0]( 3839): updateLinkLayerStatsRssiSpeedFrequencyCapabilities rssi=-26 TxLinkspeed=300 freq=2462 RxLinkSpeed=300
04-27 18:57:47.328 I/WifiService( 3839): getConnectionInfo uid=1000
04-27 18:57:47.329 V/WifiService( 3839): Clearing REDACT_FOR_LOCAL_MAC_ADDRESS for android(uid=1000)
04-27 18:57:47.329 V/WifiService( 3839): Clearing REDACT_FOR_NETWORK_SETTINGS for android(uid=1000)
04-27 18:57:47.329 V/WifiService( 3839): Clearing REDACT_FOR_ACCESS_FINE_LOCATION for android(uid=1000)
04-27 18:57:47.330 D/WifiDataStall( 3839): tx tput in kbps: 195937
04-27 18:57:47.330 D/WifiDataStall( 3839): rx tput in kbps: 206250
04-27 18:57:47.330 V/WifiConfigManager( 3839): Updating scan detail cache freq=2462 BSSID=74:39:89:2a:67:26 RSSI=-23 for "MstRobot"WPA_PSK
04-27 18:57:47.330 D/WifiChannelUtilization( 3839):  freq: 2462 onTime: 286488 busyTime: 167082 onTimeDiff: 258 busyTimeDiff: 185 utilization: 182 utilization t0: 148
04-27 18:57:47.330 D/WifiDataStall( 3839):  ccaLevel = 80
04-27 18:57:47.331 D/WifiDataStall( 3839): L2 txTputKbps: 195937, rxTputKbps: 206250, L3 txTputKbps: 0, rxTputKbps: 1, TxTrafficHigh: false, RxTrafficHigh: false, Throughput Sufficient: true
04-27 18:57:47.331 D/WifiThroughputPredictor( 3839):  utilization (LLS) 80 isBluetoothConnected: false final utilization: 80
04-27 18:57:47.331 D/WifiThroughputPredictor( 3839):  BW: 1 RSSI: -26 Nss: 2 Mode: 4 symDur: 3600 snrDb 51 bitPerTone: 5000 rate: 300 throughput: 205
04-27 18:57:47.331 D/WifiThroughputPredictor( 3839):  utilization (LLS) 80 isBluetoothConnected: false final utilization: 80
04-27 18:57:47.331 D/WifiThroughputPredictor( 3839):  BW: 1 RSSI: -26 Nss: 2 Mode: 4 symDur: 3600 snrDb 51 bitPerTone: 5000 rate: 300 throughput: 205
04-27 18:57:47.331 D/WifiScoreCard( 3839): BSSID update SIGNAL_POLL ID: 404527809 SSID: "MstRobot", BSSID: 74:39:89:2a:67:26, MAC: fa:2c:a2:da:d1:aa, IP: /192.168.0.101, Security type: 2, Supplicant state: COMPLETED, Wi-Fi standard: 11n, RSSI: -26, Link speed: 300Mbps, Tx Link speed: 300Mbps, Max Supported Tx Link speed: 300Mbps, Rx Link speed: 300Mbps, Max Supported Rx Link speed: 300Mbps, Frequency: 2462MHz, Net ID: 6, Metered hint: false, score: 60, isUsable: true, CarrierMerged: false, SubscriptionId: -1, IsPrimary: 1, Trusted: true, Restricted: false, Ephemeral: false, OEM paid: false, OEM private: false, OSU AP: false, FQDN: <none>, Provider friendly name: <none>, Requesting package name: <none>"MstRobot"wpa2-pskMLO Information: , Is TID-To-Link negotiation supported by the AP: false, AP MLD Address: <none>, AP MLO Link Id: <none>, AP MLO Affiliated links: <none>, Vendor Data: <none>
04-27 18:57:47.331 D/WifiScoreCard( 3839): txRate: 2 txSpeed: 300
04-27 18:57:47.331 D/WifiScoreCard( 3839): network update SIGNAL_POLL "MstRobot" ID: 608343939 RSSI -26 txSpeed -1
04-27 18:57:47.332 D/WifiClientModeImpl[719075603:wlan0]( 3839):  ClientModeImpl$L2ConnectedState screen=on 1 0 "MstRobot" 74:39:89:2a:67:26 rssi=-26 f=2462 sc= 60, mSwithInWeakNet: true [updated score = 60,  failpercent=100 { out=3 in=0 lost=4 inretrans=4 total retrans=3 tmo=30 inflight=4}] link=300 tx=1.2, 0.6, 0.0 rx=0.2 bcn=9023 [on:258 tx:2 rx:14 period:3015] from screen [on:291354 period:1111986] score=60
04-27 18:57:47.332 V/WifiManager( 5963): TrafficStateCallbackProxy: onStateChanged state=3
04-27 18:57:47.332 I/WifiService( 3839): getVerboseLoggingLevel uid=1000
04-27 18:57:47.332 V/WifiManager( 5963): TrafficStateCallbackProxy: onStateChanged state=3
04-27 18:57:47.336 I/WifiService( 3839): getScanResults uid=1000
04-27 18:57:47.336 D/AmlWifiScoreReportInjector( 3839): getMaxRssiInWaeknet weaknetRssi = -72
04-27 18:57:47.337 I/WifiService( 3839): getVerboseLoggingLevel uid=1000
04-27 18:57:47.337 D/AmlWifiScoreReportInjector( 3839): onWifiUsabilityStats: channelUtilization=182 seqNum = 134779 bssidChanged = 0 isQcomPlatform = true
04-27 18:57:48.654 I/WifiService( 3839): getConnectionInfo uid=1001
04-27 18:57:48.654 V/WifiService( 3839): Clearing REDACT_FOR_LOCAL_MAC_ADDRESS for com.android.phone(uid=1001)
04-27 18:57:48.654 V/WifiService( 3839): Clearing REDACT_FOR_NETWORK_SETTINGS for com.android.phone(uid=1001)
04-27 18:57:48.654 V/WifiService( 3839): Clearing REDACT_FOR_ACCESS_FINE_LOCATION for com.android.phone(uid=1001)
04-27 18:57:48.655 D/SlaveWifiManager( 5894): getWifiSlaveConnectionInfo
04-27 18:57:48.918 I/WifiService( 3839): getConnectionInfo uid=1000
04-27 18:57:48.918 V/WifiService( 3839): Clearing REDACT_FOR_LOCAL_MAC_ADDRESS for android(uid=1000)
04-27 18:57:48.918 V/WifiService( 3839): Clearing REDACT_FOR_NETWORK_SETTINGS for android(uid=1000)
04-27 18:57:48.918 V/WifiService( 3839): Clearing REDACT_FOR_ACCESS_FINE_LOCATION for android(uid=1000)
04-27 18:57:48.918 I/WifiService( 3839): getVerboseLoggingLevel uid=1000
04-27 18:57:48.918 I/NetworkAccelerateSwitchService( 3839): ================= checkWifiRssiAndLinkSpeed START ================
04-27 18:57:48.918 I/NetworkAccelerateSwitchService( 3839): checkWifiRssiAndLinkSpeed mMinRssiFastFadeDifference:9 mMedRssiFastFadeDifference:13 mMaxRssiFastFadeDifference:15
04-27 18:57:48.918 I/NetworkAccelerateSwitchService( 3839): checkWifiRssiAndLinkSpeed txBandwidthCapMbps:300
04-27 18:57:48.918 I/NetworkAccelerateSwitchService( 3839): checkWifiRssiAndLinkSpeed rxBandwidthCapMbps:300
04-27 18:57:48.918 I/NetworkAccelerateSwitchService( 3839): checkWifiRssiAndLinkSpeed mcsidx:-1
04-27 18:57:48.918 I/NetworkAccelerateSwitchService( 3839): checkWifiRssiAndLinkSpeed rssi difference:8
04-27 18:57:48.918 I/NetworkAccelerateSwitchService( 3839): checkWifiRssiAndLinkSpeed txBandwidthCapMbps proportions:1.0
04-27 18:57:48.918 I/NetworkAccelerateSwitchService( 3839): checkWifiRssiAndLinkSpeed rxBandwidthCapMbps proportions:1.0
04-27 18:57:48.918 I/NetworkAccelerateSwitchService( 3839): checkWifiRssiAndLinkSpeed mcsidx difference:0
04-27 18:57:48.918 I/NetworkAccelerateSwitchService( 3839): checkWifiRssiAndLinkSpeed FastFadeWeakNetThresholdAdjustment:0
04-27 18:57:48.918 I/NetworkAccelerateSwitchService( 3839): ================= checkWifiRssiAndLinkSpeed END ================
04-27 18:57:48.918 I/NetworkAccelerateSwitchService( 3839): checkWifiRssiAndLinkSpeed rssi:26
04-27 18:57:48.918 I/NetworkAccelerateSwitchService( 3839): checkWifiRssiAndLinkSpeed mWifiFastFade:false mWifiFastFadeAdjustThreshold:false
04-27 18:57:48.918 I/NetworkAccelerateSwitchService( 3839): getAverageWifiRssi:22
04-27 18:57:50.348 D/MiuiWifiCommonBase( 3839): band: 0, compensate: 0
04-27 18:57:50.348 D/WifiClientModeImpl[719075603:wlan0]( 3839): updateLinkLayerStatsRssiSpeedFrequencyCapabilities rssi=-28 TxLinkspeed=300 freq=2462 RxLinkSpeed=300
04-27 18:57:50.348 I/WifiService( 3839): getConnectionInfo uid=1000
04-27 18:57:50.349 V/WifiService( 3839): Clearing REDACT_FOR_LOCAL_MAC_ADDRESS for android(uid=1000)
04-27 18:57:50.349 V/WifiService( 3839): Clearing REDACT_FOR_NETWORK_SETTINGS for android(uid=1000)
04-27 18:57:50.349 V/WifiService( 3839): Clearing REDACT_FOR_ACCESS_FINE_LOCATION for android(uid=1000)
04-27 18:57:50.351 D/WifiDataStall( 3839): tx tput in kbps: 195937
04-27 18:57:50.351 D/WifiDataStall( 3839): rx tput in kbps: 206250
04-27 18:57:50.351 V/WifiConfigManager( 3839): Updating scan detail cache freq=2462 BSSID=74:39:89:2a:67:26 RSSI=-25 for "MstRobot"WPA_PSK
04-27 18:57:50.351 D/WifiChannelUtilization( 3839):  freq: 2462 onTime: 286728 busyTime: 167255 onTimeDiff: 498 busyTimeDiff: 358 utilization: 183 utilization t0: 148
04-27 18:57:50.352 D/WifiDataStall( 3839):  ccaLevel = 80
04-27 18:57:50.352 D/WifiDataStall( 3839): L2 txTputKbps: 195937, rxTputKbps: 206250, L3 txTputKbps: 0, rxTputKbps: 19, TxTrafficHigh: false, RxTrafficHigh: false, Throughput Sufficient: true
04-27 18:57:50.353 D/WifiThroughputPredictor( 3839):  utilization (LLS) 80 isBluetoothConnected: false final utilization: 80
04-27 18:57:50.353 D/WifiThroughputPredictor( 3839):  BW: 1 RSSI: -28 Nss: 2 Mode: 4 symDur: 3600 snrDb 49 bitPerTone: 5000 rate: 300 throughput: 205
04-27 18:57:50.353 D/WifiThroughputPredictor( 3839):  utilization (LLS) 80 isBluetoothConnected: false final utilization: 80
04-27 18:57:50.353 D/WifiThroughputPredictor( 3839):  BW: 1 RSSI: -28 Nss: 2 Mode: 4 symDur: 3600 snrDb 49 bitPerTone: 5000 rate: 300 throughput: 205
04-27 18:57:50.353 D/WifiScoreCard( 3839): BSSID update SIGNAL_POLL ID: 404527809 SSID: "MstRobot", BSSID: 74:39:89:2a:67:26, MAC: fa:2c:a2:da:d1:aa, IP: /192.168.0.101, Security type: 2, Supplicant state: COMPLETED, Wi-Fi standard: 11n, RSSI: -28, Link speed: 300Mbps, Tx Link speed: 300Mbps, Max Supported Tx Link speed: 300Mbps, Rx Link speed: 300Mbps, Max Supported Rx Link speed: 300Mbps, Frequency: 2462MHz, Net ID: 6, Metered hint: false, score: 60, isUsable: true, CarrierMerged: false, SubscriptionId: -1, IsPrimary: 1, Trusted: true, Restricted: false, Ephemeral: false, OEM paid: false, OEM private: false, OSU AP: false, FQDN: <none>, Provider friendly name: <none>, Requesting package name: <none>"MstRobot"wpa2-pskMLO Information: , Is TID-To-Link negotiation supported by the AP: false, AP MLD Address: <none>, AP MLO Link Id: <none>, AP MLO Affiliated links: <none>, Vendor Data: <none>
04-27 18:57:50.353 D/WifiScoreCard( 3839): txRate: 1 txSpeed: 300
04-27 18:57:50.353 D/WifiScoreCard( 3839): network update SIGNAL_POLL "MstRobot" ID: 608343939 RSSI -28 txSpeed -1
04-27 18:57:50.354 V/WifiManager( 5963): TrafficStateCallbackProxy: onStateChanged state=2
04-27 18:57:50.355 V/WifiManager( 5963): TrafficStateCallbackProxy: onStateChanged state=2
04-27 18:57:50.355 D/WifiClientModeImpl[719075603:wlan0]( 3839):  ClientModeImpl$L2ConnectedState screen=on 1 0 "MstRobot" 74:39:89:2a:67:26 rssi=-28 f=2462 sc= 60, mSwithInWeakNet: true [updated score = 60,  failpercent=100 { out=1 in=0 lost=4 inretrans=4 total retrans=1 tmo=31 inflight=4}] link=300 tx=0.6, 0.2, 0.0 rx=0.0 bcn=9031 [on:240 tx:1 rx:72 period:3023] from screen [on:291594 period:1115009] score=60
04-27 18:57:50.356 I/WifiService( 3839): getVerboseLoggingLevel uid=1000
04-27 18:57:50.360 I/WifiService( 3839): getScanResults uid=1000
04-27 18:57:50.360 D/AmlWifiScoreReportInjector( 3839): getMaxRssiInWaeknet weaknetRssi = -72
04-27 18:57:51.710 I/WifiService( 3839): getConnectionInfo uid=1001
04-27 18:57:51.710 V/WifiService( 3839): Clearing REDACT_FOR_LOCAL_MAC_ADDRESS for com.android.phone(uid=1001)
04-27 18:57:51.710 V/WifiService( 3839): Clearing REDACT_FOR_NETWORK_SETTINGS for com.android.phone(uid=1001)
04-27 18:57:51.710 V/WifiService( 3839): Clearing REDACT_FOR_ACCESS_FINE_LOCATION for com.android.phone(uid=1001)
04-27 18:57:51.711 D/SlaveWifiManager( 5894): getWifiSlaveConnectionInfo
04-27 18:57:51.921 I/WifiService( 3839): getConnectionInfo uid=1000
04-27 18:57:51.922 V/WifiService( 3839): Clearing REDACT_FOR_LOCAL_MAC_ADDRESS for android(uid=1000)
04-27 18:57:51.922 V/WifiService( 3839): Clearing REDACT_FOR_NETWORK_SETTINGS for android(uid=1000)
04-27 18:57:51.922 V/WifiService( 3839): Clearing REDACT_FOR_ACCESS_FINE_LOCATION for android(uid=1000)
04-27 18:57:51.922 I/WifiService( 3839): getVerboseLoggingLevel uid=1000
04-27 18:57:51.922 I/NetworkAccelerateSwitchService( 3839): ================= checkWifiRssiAndLinkSpeed START ================
04-27 18:57:51.922 I/NetworkAccelerateSwitchService( 3839): checkWifiRssiAndLinkSpeed mMinRssiFastFadeDifference:9 mMedRssiFastFadeDifference:13 mMaxRssiFastFadeDifference:15
04-27 18:57:51.922 I/NetworkAccelerateSwitchService( 3839): checkWifiRssiAndLinkSpeed txBandwidthCapMbps:300
04-27 18:57:51.922 I/NetworkAccelerateSwitchService( 3839): checkWifiRssiAndLinkSpeed rxBandwidthCapMbps:300
04-27 18:57:51.922 I/NetworkAccelerateSwitchService( 3839): checkWifiRssiAndLinkSpeed mcsidx:-1
04-27 18:57:51.922 I/NetworkAccelerateSwitchService( 3839): checkWifiRssiAndLinkSpeed rssi difference:2
04-27 18:57:51.922 I/NetworkAccelerateSwitchService( 3839): checkWifiRssiAndLinkSpeed txBandwidthCapMbps proportions:1.0
04-27 18:57:51.922 I/NetworkAccelerateSwitchService( 3839): checkWifiRssiAndLinkSpeed rxBandwidthCapMbps proportions:1.0
04-27 18:57:51.922 I/NetworkAccelerateSwitchService( 3839): checkWifiRssiAndLinkSpeed mcsidx difference:0
04-27 18:57:51.922 I/NetworkAccelerateSwitchService( 3839): checkWifiRssiAndLinkSpeed FastFadeWeakNetThresholdAdjustment:0
04-27 18:57:51.922 I/NetworkAccelerateSwitchService( 3839): ================= checkWifiRssiAndLinkSpeed END ================
04-27 18:57:51.922 I/NetworkAccelerateSwitchService( 3839): checkWifiRssiAndLinkSpeed rssi:28
04-27 18:57:51.922 I/NetworkAccelerateSwitchService( 3839): checkWifiRssiAndLinkSpeed mWifiFastFade:false mWifiFastFadeAdjustThreshold:false
04-27 18:57:51.922 I/NetworkAccelerateSwitchService( 3839): getAverageWifiRssi:24
04-27 18:57:53.378 D/MiuiWifiCommonBase( 3839): band: 0, compensate: 0
04-27 18:57:53.378 D/WifiClientModeImpl[719075603:wlan0]( 3839): updateLinkLayerStatsRssiSpeedFrequencyCapabilities rssi=-27 TxLinkspeed=300 freq=2462 RxLinkSpeed=300
04-27 18:57:53.378 I/WifiService( 3839): getConnectionInfo uid=1000
04-27 18:57:53.378 V/WifiService( 3839): Clearing REDACT_FOR_LOCAL_MAC_ADDRESS for android(uid=1000)
04-27 18:57:53.378 V/WifiService( 3839): Clearing REDACT_FOR_NETWORK_SETTINGS for android(uid=1000)
04-27 18:57:53.378 V/WifiService( 3839): Clearing REDACT_FOR_ACCESS_FINE_LOCATION for android(uid=1000)
04-27 18:57:53.380 D/WifiDataStall( 3839): tx tput in kbps: 195937
04-27 18:57:53.380 D/WifiDataStall( 3839): rx tput in kbps: 206250
04-27 18:57:53.380 V/WifiConfigManager( 3839): Updating scan detail cache freq=2462 BSSID=74:39:89:2a:67:26 RSSI=-26 for "MstRobot"WPA_PSK
04-27 18:57:53.380 D/WifiChannelUtilization( 3839):  freq: 2462 onTime: 286728 busyTime: 167255 onTimeDiff: 498 busyTimeDiff: 358 utilization: 183 utilization t0: 148
04-27 18:57:53.381 D/WifiDataStall( 3839):  ccaLevel = 80
04-27 18:57:53.381 D/WifiDataStall( 3839): L2 txTputKbps: 195937, rxTputKbps: 206250, L3 txTputKbps: 0, rxTputKbps: 8, TxTrafficHigh: false, RxTrafficHigh: false, Throughput Sufficient: true
04-27 18:57:53.383 D/WifiThroughputPredictor( 3839):  utilization (LLS) 80 isBluetoothConnected: false final utilization: 80
04-27 18:57:53.383 D/WifiThroughputPredictor( 3839):  BW: 1 RSSI: -27 Nss: 2 Mode: 4 symDur: 3600 snrDb 50 bitPerTone: 5000 rate: 300 throughput: 205
04-27 18:57:53.383 D/WifiThroughputPredictor( 3839):  utilization (LLS) 80 isBluetoothConnected: false final utilization: 80
04-27 18:57:53.383 D/WifiThroughputPredictor( 3839):  BW: 1 RSSI: -27 Nss: 2 Mode: 4 symDur: 3600 snrDb 50 bitPerTone: 5000 rate: 300 throughput: 205
04-27 18:57:53.384 D/WifiScoreCard( 3839): BSSID update SIGNAL_POLL ID: 404527809 SSID: "MstRobot", BSSID: 74:39:89:2a:67:26, MAC: fa:2c:a2:da:d1:aa, IP: /192.168.0.101, Security type: 2, Supplicant state: COMPLETED, Wi-Fi standard: 11n, RSSI: -27, Link speed: 300Mbps, Tx Link speed: 300Mbps, Max Supported Tx Link speed: 300Mbps, Rx Link speed: 300Mbps, Max Supported Rx Link speed: 300Mbps, Frequency: 2462MHz, Net ID: 6, Metered hint: false, score: 60, isUsable: true, CarrierMerged: false, SubscriptionId: -1, IsPrimary: 1, Trusted: true, Restricted: false, Ephemeral: false, OEM paid: false, OEM private: false, OSU AP: false, FQDN: <none>, Provider friendly name: <none>, Requesting package name: <none>"MstRobot"wpa2-pskMLO Information: , Is TID-To-Link negotiation supported by the AP: false, AP MLD Address: <none>, AP MLO Link Id: <none>, AP MLO Affiliated links: <none>, Vendor Data: <none>
04-27 18:57:53.384 D/WifiScoreCard( 3839): txRate: 1 txSpeed: 300
04-27 18:57:53.384 D/WifiScoreCard( 3839): network update SIGNAL_POLL "MstRobot" ID: 608343939 RSSI -27 txSpeed -1
04-27 18:57:53.384 V/WifiManager( 5963): TrafficStateCallbackProxy: onStateChanged state=0
04-27 18:57:53.384 V/WifiManager( 5963): TrafficStateCallbackProxy: onStateChanged state=0
04-27 18:57:53.385 D/WifiClientModeImpl[719075603:wlan0]( 3839):  ClientModeImpl$L2ConnectedState screen=on 1 0 "MstRobot" 74:39:89:2a:67:26 rssi=-27 f=2462 sc= 60, mSwithInWeakNet: true [updated score = 60,  failpercent=-1 { out=0 in=0 lost=4 inretrans=4 total retrans=0 tmo=31 inflight=4}] link=300 tx=0.2, 0.0, 0.0 rx=0.0 bcn=9049 [on:0 tx:0 rx:31 period:3030] from screen [on:291594 period:1118039] score=60
04-27 18:57:53.386 I/WifiService( 3839): getVerboseLoggingLevel uid=1000
04-27 18:57:53.393 I/WifiService( 3839): getScanResults uid=1000
04-27 18:57:53.393 D/AmlWifiScoreReportInjector( 3839): getMaxRssiInWaeknet weaknetRssi = -72
04-27 18:57:54.764 I/WifiService( 3839): getConnectionInfo uid=1001
04-27 18:57:54.764 V/WifiService( 3839): Clearing REDACT_FOR_LOCAL_MAC_ADDRESS for com.android.phone(uid=1001)
04-27 18:57:54.764 V/WifiService( 3839): Clearing REDACT_FOR_NETWORK_SETTINGS for com.android.phone(uid=1001)
04-27 18:57:54.765 V/WifiService( 3839): Clearing REDACT_FOR_ACCESS_FINE_LOCATION for com.android.phone(uid=1001)
04-27 18:57:54.765 D/SlaveWifiManager( 5894): getWifiSlaveConnectionInfo
04-27 18:57:54.923 I/WifiService( 3839): getConnectionInfo uid=1000
04-27 18:57:54.923 V/WifiService( 3839): Clearing REDACT_FOR_LOCAL_MAC_ADDRESS for android(uid=1000)
04-27 18:57:54.923 V/WifiService( 3839): Clearing REDACT_FOR_NETWORK_SETTINGS for android(uid=1000)
04-27 18:57:54.923 V/WifiService( 3839): Clearing REDACT_FOR_ACCESS_FINE_LOCATION for android(uid=1000)
04-27 18:57:54.924 I/WifiService( 3839): getVerboseLoggingLevel uid=1000
04-27 18:57:54.924 I/NetworkAccelerateSwitchService( 3839): ================= checkWifiRssiAndLinkSpeed START ================
04-27 18:57:54.924 I/NetworkAccelerateSwitchService( 3839): checkWifiRssiAndLinkSpeed mMinRssiFastFadeDifference:9 mMedRssiFastFadeDifference:13 mMaxRssiFastFadeDifference:15
04-27 18:57:54.924 I/NetworkAccelerateSwitchService( 3839): checkWifiRssiAndLinkSpeed txBandwidthCapMbps:300
04-27 18:57:54.924 I/NetworkAccelerateSwitchService( 3839): checkWifiRssiAndLinkSpeed rxBandwidthCapMbps:300
04-27 18:57:54.924 I/NetworkAccelerateSwitchService( 3839): checkWifiRssiAndLinkSpeed mcsidx:-1
04-27 18:57:54.924 I/NetworkAccelerateSwitchService( 3839): checkWifiRssiAndLinkSpeed rssi difference:-1
04-27 18:57:54.924 I/NetworkAccelerateSwitchService( 3839): checkWifiRssiAndLinkSpeed txBandwidthCapMbps proportions:1.0
04-27 18:57:54.924 I/NetworkAccelerateSwitchService( 3839): checkWifiRssiAndLinkSpeed rxBandwidthCapMbps proportions:1.0
04-27 18:57:54.924 I/NetworkAccelerateSwitchService( 3839): checkWifiRssiAndLinkSpeed mcsidx difference:0
04-27 18:57:54.924 I/NetworkAccelerateSwitchService( 3839): checkWifiRssiAndLinkSpeed FastFadeWeakNetThresholdAdjustment:0
04-27 18:57:54.924 I/NetworkAccelerateSwitchService( 3839): ================= checkWifiRssiAndLinkSpeed END ================
04-27 18:57:54.924 I/NetworkAccelerateSwitchService( 3839): checkWifiRssiAndLinkSpeed rssi:27
04-27 18:57:54.924 I/NetworkAccelerateSwitchService( 3839): checkWifiRssiAndLinkSpeed mWifiFastFade:false mWifiFastFadeAdjustThreshold:false
04-27 18:57:54.924 I/NetworkAccelerateSwitchService( 3839): getAverageWifiRssi:26
04-27 18:57:55.525 D/WifiNetworkSelector( 3839): Current connected network: 6
04-27 18:57:55.526 D/Mcp_LinkManager( 3839): check isWifiP2p5gMcc >> mWifiFreq=2462 mP2pGroupFreq=0
04-27 18:57:55.526 V/WifiConnectivityManager( 3839): No partial scan because firmware roaming is supported.
04-27 18:57:55.526 V/WifiConnectivityManager( 3839): schedulePeriodicScanTimer intervalMs 160000
04-27 18:57:56.406 D/MiuiWifiCommonBase( 3839): band: 0, compensate: 0
04-27 18:57:56.406 D/WifiClientModeImpl[719075603:wlan0]( 3839): updateLinkLayerStatsRssiSpeedFrequencyCapabilities rssi=-26 TxLinkspeed=300 freq=2462 RxLinkSpeed=300
04-27 18:57:56.406 I/WifiService( 3839): getConnectionInfo uid=1000
04-27 18:57:56.406 V/WifiService( 3839): Clearing REDACT_FOR_LOCAL_MAC_ADDRESS for android(uid=1000)
04-27 18:57:56.406 V/WifiService( 3839): Clearing REDACT_FOR_NETWORK_SETTINGS for android(uid=1000)
04-27 18:57:56.406 V/WifiService( 3839): Clearing REDACT_FOR_ACCESS_FINE_LOCATION for android(uid=1000)
04-27 18:57:56.410 D/WifiDataStall( 3839): tx tput in kbps: 195937
04-27 18:57:56.410 D/WifiDataStall( 3839): rx tput in kbps: 206250
04-27 18:57:56.410 V/WifiConfigManager( 3839): Updating scan detail cache freq=2462 BSSID=74:39:89:2a:67:26 RSSI=-26 for "MstRobot"WPA_PSK
04-27 18:57:56.410 D/WifiChannelUtilization( 3839):  freq: 2462 onTime: 287113 busyTime: 167505 onTimeDiff: 385 busyTimeDiff: 250 utilization: 165 utilization t0: 148
04-27 18:57:56.412 D/WifiDataStall( 3839):  ccaLevel = 80
04-27 18:57:56.412 D/WifiDataStall( 3839): L2 txTputKbps: 66000, rxTputKbps: 206250, L3 txTputKbps: 0, rxTputKbps: 0, TxTrafficHigh: true, RxTrafficHigh: false, Throughput Sufficient: true
04-27 18:57:56.414 D/WifiThroughputPredictor( 3839):  utilization (LLS) 80 isBluetoothConnected: false final utilization: 80
04-27 18:57:56.414 D/WifiThroughputPredictor( 3839):  BW: 1 RSSI: -26 Nss: 2 Mode: 4 symDur: 3600 snrDb 51 bitPerTone: 5000 rate: 300 throughput: 205
04-27 18:57:56.414 D/WifiThroughputPredictor( 3839):  utilization (LLS) 80 isBluetoothConnected: false final utilization: 80
04-27 18:57:56.414 D/WifiThroughputPredictor( 3839):  BW: 1 RSSI: -26 Nss: 2 Mode: 4 symDur: 3600 snrDb 51 bitPerTone: 5000 rate: 300 throughput: 205
04-27 18:57:56.415 D/WifiScoreCard( 3839): BSSID update SIGNAL_POLL ID: 404527809 SSID: "MstRobot", BSSID: 74:39:89:2a:67:26, MAC: fa:2c:a2:da:d1:aa, IP: /192.168.0.101, Security type: 2, Supplicant state: COMPLETED, Wi-Fi standard: 11n, RSSI: -26, Link speed: 300Mbps, Tx Link speed: 300Mbps, Max Supported Tx Link speed: 300Mbps, Rx Link speed: 300Mbps, Max Supported Rx Link speed: 300Mbps, Frequency: 2462MHz, Net ID: 6, Metered hint: false, score: 60, isUsable: true, CarrierMerged: false, SubscriptionId: -1, IsPrimary: 1, Trusted: true, Restricted: false, Ephemeral: false, OEM paid: false, OEM private: false, OSU AP: false, FQDN: <none>, Provider friendly name: <none>, Requesting package name: <none>"MstRobot"wpa2-pskMLO Information: , Is TID-To-Link negotiation supported by the AP: false, AP MLD Address: <none>, AP MLO Link Id: <none>, AP MLO Affiliated links: <none>, Vendor Data: <none>
04-27 18:57:56.416 D/WifiScoreCard( 3839): txRate: 4 txSpeed: 300
04-27 18:57:56.416 D/WifiScoreCard( 3839): network update SIGNAL_POLL "MstRobot" ID: 608343939 RSSI -26 txSpeed 300
04-27 18:57:56.416 V/WifiManager( 5963): TrafficStateCallbackProxy: onStateChanged state=2
04-27 18:57:56.416 V/WifiManager( 5963): TrafficStateCallbackProxy: onStateChanged state=2
04-27 18:57:56.420 D/WifiClientModeImpl[719075603:wlan0]( 3839):  ClientModeImpl$L2ConnectedState screen=on 1 0 "MstRobot" 74:39:89:2a:67:26 rssi=-26 f=2462 sc= 60, mSwithInWeakNet: true [updated score = 60,  failpercent=-1 { out=0 in=0 lost=4 inretrans=4 total retrans=0 tmo=31 inflight=4}] link=300 tx=1.1, 2.3, 0.0 rx=0.0 bcn=9076 [on:384 tx:5 rx:8 period:3035] from screen [on:291978 period:1121074] score=60
04-27 18:57:56.422 I/WifiService( 3839): getVerboseLoggingLevel uid=1000
04-27 18:57:56.431 I/WifiService( 3839): getScanResults uid=1000
04-27 18:57:56.433 D/AmlWifiScoreReportInjector( 3839): getMaxRssiInWaeknet weaknetRssi = -72
04-27 18:57:56.438 I/WifiService( 3839): getVerboseLoggingLevel uid=1000
04-27 18:57:56.439 D/AmlWifiScoreReportInjector( 3839): onWifiUsabilityStats: channelUtilization=165 seqNum = 134782 bssidChanged = 0 isQcomPlatform = true
04-27 18:57:57.819 I/WifiService( 3839): getConnectionInfo uid=1001
04-27 18:57:57.820 V/WifiService( 3839): Clearing REDACT_FOR_LOCAL_MAC_ADDRESS for com.android.phone(uid=1001)
04-27 18:57:57.820 V/WifiService( 3839): Clearing REDACT_FOR_NETWORK_SETTINGS for com.android.phone(uid=1001)
04-27 18:57:57.820 V/WifiService( 3839): Clearing REDACT_FOR_ACCESS_FINE_LOCATION for com.android.phone(uid=1001)
04-27 18:57:57.820 D/SlaveWifiManager( 5894): getWifiSlaveConnectionInfo
04-27 18:57:57.927 I/WifiService( 3839): getConnectionInfo uid=1000
04-27 18:57:57.927 V/WifiService( 3839): Clearing REDACT_FOR_LOCAL_MAC_ADDRESS for android(uid=1000)
04-27 18:57:57.927 V/WifiService( 3839): Clearing REDACT_FOR_NETWORK_SETTINGS for android(uid=1000)
04-27 18:57:57.927 V/WifiService( 3839): Clearing REDACT_FOR_ACCESS_FINE_LOCATION for android(uid=1000)
04-27 18:57:57.927 I/WifiService( 3839): getVerboseLoggingLevel uid=1000
04-27 18:57:57.927 I/NetworkAccelerateSwitchService( 3839): ================= checkWifiRssiAndLinkSpeed START ================
04-27 18:57:57.927 I/NetworkAccelerateSwitchService( 3839): checkWifiRssiAndLinkSpeed mMinRssiFastFadeDifference:9 mMedRssiFastFadeDifference:13 mMaxRssiFastFadeDifference:15
04-27 18:57:57.927 I/NetworkAccelerateSwitchService( 3839): checkWifiRssiAndLinkSpeed txBandwidthCapMbps:300
04-27 18:57:57.927 I/NetworkAccelerateSwitchService( 3839): checkWifiRssiAndLinkSpeed rxBandwidthCapMbps:300
04-27 18:57:57.927 I/NetworkAccelerateSwitchService( 3839): checkWifiRssiAndLinkSpeed mcsidx:-1
04-27 18:57:57.927 I/NetworkAccelerateSwitchService( 3839): checkWifiRssiAndLinkSpeed rssi difference:-1
04-27 18:57:57.927 I/NetworkAccelerateSwitchService( 3839): checkWifiRssiAndLinkSpeed txBandwidthCapMbps proportions:1.0
04-27 18:57:57.927 I/NetworkAccelerateSwitchService( 3839): checkWifiRssiAndLinkSpeed rxBandwidthCapMbps proportions:1.0
04-27 18:57:57.927 I/NetworkAccelerateSwitchService( 3839): checkWifiRssiAndLinkSpeed mcsidx difference:0
04-27 18:57:57.927 I/NetworkAccelerateSwitchService( 3839): checkWifiRssiAndLinkSpeed FastFadeWeakNetThresholdAdjustment:0
04-27 18:57:57.927 I/NetworkAccelerateSwitchService( 3839): ================= checkWifiRssiAndLinkSpeed END ================
04-27 18:57:57.927 I/NetworkAccelerateSwitchService( 3839): checkWifiRssiAndLinkSpeed rssi:26
04-27 18:57:57.927 I/NetworkAccelerateSwitchService( 3839): checkWifiRssiAndLinkSpeed mWifiFastFade:false mWifiFastFadeAdjustThreshold:false
04-27 18:57:57.927 I/NetworkAccelerateSwitchService( 3839): getAverageWifiRssi:26
