04-27 18:55:38.801 W/ContextImpl( 3839): Calling a method in the system process without a qualified user: android.app.ContextImpl.startService:2013 android.content.ContextWrapper.startService:871 com.android.server.wifi.OneTrackWifiUtil.reportFromOneTrack:158 com.android.server.wifi.OneTrackWifiUtil.-$$Nest$smreportFromOneTrack:0 com.android.server.wifi.OneTrackWifiUtil$2.run:128 
04-27 18:55:38.801 I/OneTrackWifiUtil( 3839): reportWifiEvent event= Self_Recovery_Statistics
04-27 18:55:38.801 I/WifiService( 3839): getVerboseLoggingLevel uid=1000
04-27 18:55:38.803 W/ContextImpl( 3839): Calling a method in the system process without a qualified user: android.app.ContextImpl.startService:2013 android.content.ContextWrapper.startService:871 com.android.server.wifi.OneTrackWifiUtil.reportFromOneTrack:158 com.android.server.wifi.OneTrackWifiUtil.-$$Nest$smreportFromOneTrack:0 com.android.server.wifi.OneTrackWifiUtil$2.run:128 
04-27 18:55:38.804 W/ContextImpl( 3839): Calling a method in the system process without a qualified user: android.app.ContextImpl.startService:2013 android.content.ContextWrapper.startService:871 com.android.server.wifi.OneTrackWifiUtil.reportFromOneTrack:158 com.android.server.wifi.OneTrackWifiUtil.-$$Nest$smreportFromOneTrack:0 com.android.server.wifi.OneTrackWifiUtil$2.run:128 
04-27 18:55:38.805 W/ContextImpl( 3839): Calling a method in the system process without a qualified user: android.app.ContextImpl.startService:2013 android.content.ContextWrapper.startService:871 com.android.server.wifi.OneTrackWifiUtil.reportFromOneTrack:158 com.android.server.wifi.OneTrackWifiUtil.-$$Nest$smreportFromOneTrack:0 com.android.server.wifi.OneTrackWifiUtil$2.run:128 
04-27 18:55:38.806 W/ContextImpl( 3839): Calling a method in the system process without a qualified user: android.app.ContextImpl.startService:2013 android.content.ContextWrapper.startService:871 com.android.server.wifi.OneTrackWifiUtil.reportFromOneTrack:158 com.android.server.wifi.OneTrackWifiUtil.-$$Nest$smreportFromOneTrack:0 com.android.server.wifi.OneTrackWifiUtil$2.run:128 
04-27 18:55:38.807 W/ContextImpl( 3839): Calling a method in the system process without a qualified user: android.app.ContextImpl.startService:2013 android.content.ContextWrapper.startService:871 com.android.server.wifi.OneTrackWifiUtil.reportFromOneTrack:158 com.android.server.wifi.OneTrackWifiUtil.-$$Nest$smreportFromOneTrack:0 com.android.server.wifi.OneTrackWifiUtil$2.run:128 
04-27 18:55:38.809 W/ContextImpl( 3839): Calling a method in the system process without a qualified user: android.app.ContextImpl.startService:2013 android.content.ContextWrapper.startService:871 com.android.server.wifi.OneTrackWifiUtil.reportFromOneTrack:158 com.android.server.wifi.OneTrackWifiUtil.-$$Nest$smreportFromOneTrack:0 com.android.server.wifi.OneTrackWifiUtil$2.run:128 
04-27 18:55:38.810 W/ContextImpl( 3839): Calling a method in the system process without a qualified user: android.app.ContextImpl.startService:2013 android.content.ContextWrapper.startService:871 com.android.server.wifi.OneTrackWifiUtil.reportFromOneTrack:158 com.android.server.wifi.OneTrackWifiUtil.-$$Nest$smreportFromOneTrack:0 com.android.server.wifi.OneTrackWifiUtil$2.run:128 
04-27 18:55:38.811 W/ContextImpl( 3839): Calling a method in the system process without a qualified user: android.app.ContextImpl.startService:2013 android.content.ContextWrapper.startService:871 com.android.server.wifi.OneTrackWifiUtil.reportFromOneTrack:158 com.android.server.wifi.OneTrackWifiUtil.-$$Nest$smreportFromOneTrack:0 com.android.server.wifi.OneTrackWifiUtil$2.run:128 
04-27 18:55:38.812 W/ContextImpl( 3839): Calling a method in the system process without a qualified user: android.app.ContextImpl.startService:2013 android.content.ContextWrapper.startService:871 com.android.server.wifi.OneTrackWifiUtil.reportFromOneTrack:158 com.android.server.wifi.OneTrackWifiUtil.-$$Nest$smreportFromOneTrack:0 com.android.server.wifi.OneTrackWifiUtil$2.run:128 
04-27 18:55:39.771 I/WifiService( 3839): getConnectionInfo uid=1000
04-27 18:55:39.771 V/WifiService( 3839): Clearing REDACT_FOR_LOCAL_MAC_ADDRESS for android(uid=1000)
04-27 18:55:39.771 V/WifiService( 3839): Clearing REDACT_FOR_NETWORK_SETTINGS for android(uid=1000)
04-27 18:55:39.772 V/WifiService( 3839): Clearing REDACT_FOR_ACCESS_FINE_LOCATION for android(uid=1000)
04-27 18:55:39.772 I/WifiService( 3839): getVerboseLoggingLevel uid=1000
04-27 18:55:39.772 I/NetworkAccelerateSwitchService( 3839): ================= checkWifiRssiAndLinkSpeed START ================
04-27 18:55:39.772 I/NetworkAccelerateSwitchService( 3839): checkWifiRssiAndLinkSpeed mMinRssiFastFadeDifference:9 mMedRssiFastFadeDifference:13 mMaxRssiFastFadeDifference:15
04-27 18:55:39.772 I/NetworkAccelerateSwitchService( 3839): checkWifiRssiAndLinkSpeed txBandwidthCapMbps:300
04-27 18:55:39.772 I/NetworkAccelerateSwitchService( 3839): checkWifiRssiAndLinkSpeed rxBandwidthCapMbps:300
04-27 18:55:39.772 I/NetworkAccelerateSwitchService( 3839): checkWifiRssiAndLinkSpeed mcsidx:-1
04-27 18:55:39.772 I/NetworkAccelerateSwitchService( 3839): checkWifiRssiAndLinkSpeed rssi difference:2
04-27 18:55:39.772 I/NetworkAccelerateSwitchService( 3839): checkWifiRssiAndLinkSpeed txBandwidthCapMbps proportions:1.0
04-27 18:55:39.772 I/NetworkAccelerateSwitchService( 3839): checkWifiRssiAndLinkSpeed rxBandwidthCapMbps proportions:1.0
04-27 18:55:39.772 I/NetworkAccelerateSwitchService( 3839): checkWifiRssiAndLinkSpeed mcsidx difference:0
04-27 18:55:39.772 I/NetworkAccelerateSwitchService( 3839): checkWifiRssiAndLinkSpeed FastFadeWeakNetThresholdAdjustment:0
04-27 18:55:39.772 I/NetworkAccelerateSwitchService( 3839): ================= checkWifiRssiAndLinkSpeed END ================
04-27 18:55:39.772 I/NetworkAccelerateSwitchService( 3839): checkWifiRssiAndLinkSpeed rssi:31
04-27 18:55:39.772 I/NetworkAccelerateSwitchService( 3839): checkWifiRssiAndLinkSpeed mWifiFastFade:false mWifiFastFadeAdjustThreshold:false
04-27 18:55:39.772 I/NetworkAccelerateSwitchService( 3839): getAverageWifiRssi:30
04-27 18:55:40.074 D/MiuiWifiCommonBase( 3839): band: 0, compensate: 0
04-27 18:55:40.075 D/WifiClientModeImpl[719075603:wlan0]( 3839): updateLinkLayerStatsRssiSpeedFrequencyCapabilities rssi=-30 TxLinkspeed=300 freq=2462 RxLinkSpeed=300
04-27 18:55:40.075 I/WifiService( 3839): getConnectionInfo uid=1000
04-27 18:55:40.075 V/WifiService( 3839): Clearing REDACT_FOR_LOCAL_MAC_ADDRESS for android(uid=1000)
04-27 18:55:40.075 V/WifiService( 3839): Clearing REDACT_FOR_NETWORK_SETTINGS for android(uid=1000)
04-27 18:55:40.075 V/WifiService( 3839): Clearing REDACT_FOR_ACCESS_FINE_LOCATION for android(uid=1000)
04-27 18:55:40.076 D/WifiDataStall( 3839): tx tput in kbps: 160875
04-27 18:55:40.077 D/WifiDataStall( 3839): rx tput in kbps: 206250
04-27 18:55:40.077 V/WifiConfigManager( 3839): Updating scan detail cache freq=2462 BSSID=74:39:89:2a:67:26 RSSI=-30 for "MstRobot"WPA_PSK
04-27 18:55:40.077 D/WifiChannelUtilization( 3839):  freq: 2462 onTime: 258021 busyTime: 148951 onTimeDiff: 1107 busyTimeDiff: 666 utilization: 153 utilization t0: 147
04-27 18:55:40.077 D/WifiDataStall( 3839):  ccaLevel = 80
04-27 18:55:40.077 D/WifiDataStall( 3839): L2 txTputKbps: 177375, rxTputKbps: 206250, L3 txTputKbps: 18, rxTputKbps: 39, TxTrafficHigh: true, RxTrafficHigh: true, Throughput Sufficient: true
04-27 18:55:40.078 D/WifiThroughputPredictor( 3839):  utilization (LLS) 80 isBluetoothConnected: false final utilization: 80
04-27 18:55:40.078 D/WifiThroughputPredictor( 3839):  BW: 1 RSSI: -30 Nss: 2 Mode: 4 symDur: 3600 snrDb 47 bitPerTone: 5000 rate: 300 throughput: 205
04-27 18:55:40.078 D/WifiThroughputPredictor( 3839):  utilization (LLS) 80 isBluetoothConnected: false final utilization: 80
04-27 18:55:40.078 D/WifiThroughputPredictor( 3839):  BW: 1 RSSI: -30 Nss: 2 Mode: 4 symDur: 3600 snrDb 47 bitPerTone: 5000 rate: 300 throughput: 205
04-27 18:55:40.078 D/WifiScoreCard( 3839): BSSID update SIGNAL_POLL ID: 404527809 SSID: "MstRobot", BSSID: 74:39:89:2a:67:26, MAC: fa:2c:a2:da:d1:aa, IP: /192.168.0.101, Security type: 2, Supplicant state: COMPLETED, Wi-Fi standard: 11n, RSSI: -30, Link speed: 300Mbps, Tx Link speed: 300Mbps, Max Supported Tx Link speed: 300Mbps, Rx Link speed: 300Mbps, Max Supported Rx Link speed: 300Mbps, Frequency: 2462MHz, Net ID: 6, Metered hint: false, score: 60, isUsable: true, CarrierMerged: false, SubscriptionId: -1, IsPrimary: 1, Trusted: true, Restricted: false, Ephemeral: false, OEM paid: false, OEM private: false, OSU AP: false, FQDN: <none>, Provider friendly name: <none>, Requesting package name: <none>"MstRobot"wpa2-pskMLO Information: , Is TID-To-Link negotiation supported by the AP: false, AP MLD Address: <none>, AP MLO Link Id: <none>, AP MLO Affiliated links: <none>, Vendor Data: <none>
04-27 18:55:40.078 D/WifiScoreCard( 3839): txRate: 19 txSpeed: 300
04-27 18:55:40.078 D/WifiScoreCard( 3839): network update SIGNAL_POLL "MstRobot" ID: 608343939 RSSI -30 txSpeed 300
04-27 18:55:40.078 V/WifiManager( 5963): TrafficStateCallbackProxy: onStateChanged state=3
04-27 18:55:40.079 D/WifiClientModeImpl[719075603:wlan0]( 3839):  ClientModeImpl$L2ConnectedState screen=on 1 0 "MstRobot" 74:39:89:2a:67:26 rssi=-30 f=2462 sc= 60, mSwithInWeakNet: true [updated score = 60,  failpercent=100 { out=3 in=0 lost=2 inretrans=2 total retrans=2 tmo=10 inflight=2}] link=300 tx=15.6, 2.8, 0.0 rx=13.2 bcn=8066 [on:1107 tx:15 rx:39 period:3014] from screen [on:262887 period:984733] score=60
04-27 18:55:40.079 V/WifiManager( 5963): TrafficStateCallbackProxy: onStateChanged state=3
04-27 18:55:40.080 I/WifiService( 3839): getVerboseLoggingLevel uid=1000
04-27 18:55:40.080 D/AmlWifiScoreReportInjector( 3839): probabilityOfFailedTx = 0.15238571469299064
04-27 18:55:40.080 D/AmlWifiScoreReportInjector( 3839): mSwitchBackWifiThresholdAdjustment = 0
04-27 18:55:40.083 I/WifiService( 3839): getScanResults uid=1000
04-27 18:55:40.083 D/AmlWifiScoreReportInjector( 3839): getMaxRssiInWaeknet weaknetRssi = -72
04-27 18:55:40.084 I/WifiService( 3839): getVerboseLoggingLevel uid=1000
04-27 18:55:40.084 D/AmlWifiScoreReportInjector( 3839): onWifiUsabilityStats: channelUtilization=153 seqNum = 134737 bssidChanged = 0 isQcomPlatform = true
04-27 18:55:40.386 I/WifiService( 3839): getConnectionInfo uid=1001
04-27 18:55:40.386 V/WifiService( 3839): Clearing REDACT_FOR_LOCAL_MAC_ADDRESS for com.android.phone(uid=1001)
04-27 18:55:40.386 V/WifiService( 3839): Clearing REDACT_FOR_NETWORK_SETTINGS for com.android.phone(uid=1001)
04-27 18:55:40.386 V/WifiService( 3839): Clearing REDACT_FOR_ACCESS_FINE_LOCATION for com.android.phone(uid=1001)
04-27 18:55:40.387 D/SlaveWifiManager( 5894): getWifiSlaveConnectionInfo
04-27 18:55:42.441 D/DynamicService_WifiBt( 5894): PhoneStateListener.onDataActivity: direction=4
04-27 18:55:42.441 D/DynamicService_WifiBt( 5894): modem or radio power state change,messageType: 128 state: 4
04-27 18:55:42.775 I/WifiService( 3839): getConnectionInfo uid=1000
04-27 18:55:42.776 V/WifiService( 3839): Clearing REDACT_FOR_LOCAL_MAC_ADDRESS for android(uid=1000)
04-27 18:55:42.776 V/WifiService( 3839): Clearing REDACT_FOR_NETWORK_SETTINGS for android(uid=1000)
04-27 18:55:42.776 V/WifiService( 3839): Clearing REDACT_FOR_ACCESS_FINE_LOCATION for android(uid=1000)
04-27 18:55:42.776 I/WifiService( 3839): getVerboseLoggingLevel uid=1000
04-27 18:55:42.776 I/NetworkAccelerateSwitchService( 3839): ================= checkWifiRssiAndLinkSpeed START ================
04-27 18:55:42.776 I/NetworkAccelerateSwitchService( 3839): checkWifiRssiAndLinkSpeed mMinRssiFastFadeDifference:9 mMedRssiFastFadeDifference:13 mMaxRssiFastFadeDifference:15
04-27 18:55:42.776 I/NetworkAccelerateSwitchService( 3839): checkWifiRssiAndLinkSpeed txBandwidthCapMbps:300
04-27 18:55:42.776 I/NetworkAccelerateSwitchService( 3839): checkWifiRssiAndLinkSpeed rxBandwidthCapMbps:300
04-27 18:55:42.776 I/NetworkAccelerateSwitchService( 3839): checkWifiRssiAndLinkSpeed mcsidx:-1
04-27 18:55:42.776 I/NetworkAccelerateSwitchService( 3839): checkWifiRssiAndLinkSpeed rssi difference:-1
04-27 18:55:42.776 I/NetworkAccelerateSwitchService( 3839): checkWifiRssiAndLinkSpeed txBandwidthCapMbps proportions:1.0
04-27 18:55:42.776 I/NetworkAccelerateSwitchService( 3839): checkWifiRssiAndLinkSpeed rxBandwidthCapMbps proportions:1.0
04-27 18:55:42.776 I/NetworkAccelerateSwitchService( 3839): checkWifiRssiAndLinkSpeed mcsidx difference:0
04-27 18:55:42.776 I/NetworkAccelerateSwitchService( 3839): checkWifiRssiAndLinkSpeed FastFadeWeakNetThresholdAdjustment:0
04-27 18:55:42.776 I/NetworkAccelerateSwitchService( 3839): ================= checkWifiRssiAndLinkSpeed END ================
04-27 18:55:42.776 I/NetworkAccelerateSwitchService( 3839): checkWifiRssiAndLinkSpeed rssi:30
04-27 18:55:42.776 I/NetworkAccelerateSwitchService( 3839): checkWifiRssiAndLinkSpeed mWifiFastFade:false mWifiFastFadeAdjustThreshold:false
04-27 18:55:42.776 I/NetworkAccelerateSwitchService( 3839): getAverageWifiRssi:30
04-27 18:55:43.087 D/MiuiWifiCommonBase( 3839): band: 0, compensate: 0
04-27 18:55:43.087 D/WifiClientModeImpl[719075603:wlan0]( 3839): updateLinkLayerStatsRssiSpeedFrequencyCapabilities rssi=-31 TxLinkspeed=300 freq=2462 RxLinkSpeed=300
04-27 18:55:43.087 I/WifiService( 3839): getConnectionInfo uid=1000
04-27 18:55:43.087 V/WifiService( 3839): Clearing REDACT_FOR_LOCAL_MAC_ADDRESS for android(uid=1000)
04-27 18:55:43.087 V/WifiService( 3839): Clearing REDACT_FOR_NETWORK_SETTINGS for android(uid=1000)
04-27 18:55:43.087 V/WifiService( 3839): Clearing REDACT_FOR_ACCESS_FINE_LOCATION for android(uid=1000)
04-27 18:55:43.089 D/WifiDataStall( 3839): tx tput in kbps: 177375
04-27 18:55:43.089 D/WifiDataStall( 3839): rx tput in kbps: 206250
04-27 18:55:43.089 V/WifiConfigManager( 3839): Updating scan detail cache freq=2462 BSSID=74:39:89:2a:67:26 RSSI=-30 for "MstRobot"WPA_PSK
04-27 18:55:43.089 D/WifiChannelUtilization( 3839):  freq: 2462 onTime: 258736 busyTime: 149383 onTimeDiff: 715 busyTimeDiff: 432 utilization: 154 utilization t0: 147
04-27 18:55:43.089 D/WifiDataStall( 3839):  ccaLevel = 80
04-27 18:55:43.089 D/WifiDataStall( 3839): L2 txTputKbps: 109312, rxTputKbps: 206250, L3 txTputKbps: 2, rxTputKbps: 0, TxTrafficHigh: true, RxTrafficHigh: false, Throughput Sufficient: true
04-27 18:55:43.090 D/WifiThroughputPredictor( 3839):  utilization (LLS) 80 isBluetoothConnected: false final utilization: 80
04-27 18:55:43.090 D/WifiThroughputPredictor( 3839):  BW: 1 RSSI: -31 Nss: 2 Mode: 4 symDur: 3600 snrDb 46 bitPerTone: 5000 rate: 300 throughput: 205
04-27 18:55:43.090 D/WifiThroughputPredictor( 3839):  utilization (LLS) 80 isBluetoothConnected: false final utilization: 80
04-27 18:55:43.090 D/WifiThroughputPredictor( 3839):  BW: 1 RSSI: -31 Nss: 2 Mode: 4 symDur: 3600 snrDb 46 bitPerTone: 5000 rate: 300 throughput: 205
04-27 18:55:43.091 D/WifiScoreCard( 3839): BSSID update SIGNAL_POLL ID: 404527809 SSID: "MstRobot", BSSID: 74:39:89:2a:67:26, MAC: fa:2c:a2:da:d1:aa, IP: /192.168.0.101, Security type: 2, Supplicant state: COMPLETED, Wi-Fi standard: 11n, RSSI: -31, Link speed: 300Mbps, Tx Link speed: 300Mbps, Max Supported Tx Link speed: 300Mbps, Rx Link speed: 300Mbps, Max Supported Rx Link speed: 300Mbps, Frequency: 2462MHz, Net ID: 6, Metered hint: false, score: 60, isUsable: true, CarrierMerged: false, SubscriptionId: -1, IsPrimary: 1, Trusted: true, Restricted: false, Ephemeral: false, OEM paid: false, OEM private: false, OSU AP: false, FQDN: <none>, Provider friendly name: <none>, Requesting package name: <none>"MstRobot"wpa2-pskMLO Information: , Is TID-To-Link negotiation supported by the AP: false, AP MLD Address: <none>, AP MLO Link Id: <none>, AP MLO Affiliated links: <none>, Vendor Data: <none>
04-27 18:55:43.091 D/WifiScoreCard( 3839): txRate: 11 txSpeed: 300
04-27 18:55:43.091 D/WifiScoreCard( 3839): network update SIGNAL_POLL "MstRobot" ID: 608343939 RSSI -31 txSpeed 300
04-27 18:55:43.092 V/WifiManager( 5963): TrafficStateCallbackProxy: onStateChanged state=2
04-27 18:55:43.092 V/WifiManager( 5963): TrafficStateCallbackProxy: onStateChanged state=2
04-27 18:55:43.092 D/WifiClientModeImpl[719075603:wlan0]( 3839):  ClientModeImpl$L2ConnectedState screen=on 1 0 "MstRobot" 74:39:89:2a:67:26 rssi=-31 f=2462 sc= 60, mSwithInWeakNet: true [updated score = 60,  failpercent=100 { out=3 in=0 lost=2 inretrans=2 total retrans=3 tmo=13 inflight=2}] link=300 tx=7.6, 2.7, 0.0 rx=4.8 bcn=8092 [on:714 tx:4 rx:20 period:3013] from screen [on:263601 period:987746] score=60
04-27 18:55:43.093 I/WifiService( 3839): getVerboseLoggingLevel uid=1000
04-27 18:55:43.093 D/AmlWifiScoreReportInjector( 3839): probabilityOfFailedTx = 0.2625337605177342
04-27 18:55:43.093 D/AmlWifiScoreReportInjector( 3839): mSwitchBackWifiThresholdAdjustment = 0
04-27 18:55:43.098 I/WifiService( 3839): getScanResults uid=1000
04-27 18:55:43.098 D/AmlWifiScoreReportInjector( 3839): getMaxRssiInWaeknet weaknetRssi = -72
04-27 18:55:43.099 I/WifiService( 3839): getVerboseLoggingLevel uid=1000
04-27 18:55:43.099 D/AmlWifiScoreReportInjector( 3839): onWifiUsabilityStats: channelUtilization=154 seqNum = 134738 bssidChanged = 0 isQcomPlatform = true
04-27 18:55:43.441 I/WifiService( 3839): getConnectionInfo uid=1001
04-27 18:55:43.441 V/WifiService( 3839): Clearing REDACT_FOR_LOCAL_MAC_ADDRESS for com.android.phone(uid=1001)
04-27 18:55:43.441 V/WifiService( 3839): Clearing REDACT_FOR_NETWORK_SETTINGS for com.android.phone(uid=1001)
04-27 18:55:43.441 V/WifiService( 3839): Clearing REDACT_FOR_ACCESS_FINE_LOCATION for com.android.phone(uid=1001)
04-27 18:55:43.441 D/SlaveWifiManager( 5894): getWifiSlaveConnectionInfo
04-27 18:55:45.780 I/WifiService( 3839): getConnectionInfo uid=1000
04-27 18:55:45.780 V/WifiService( 3839): Clearing REDACT_FOR_LOCAL_MAC_ADDRESS for android(uid=1000)
04-27 18:55:45.780 V/WifiService( 3839): Clearing REDACT_FOR_NETWORK_SETTINGS for android(uid=1000)
04-27 18:55:45.780 V/WifiService( 3839): Clearing REDACT_FOR_ACCESS_FINE_LOCATION for android(uid=1000)
04-27 18:55:45.780 I/WifiService( 3839): getVerboseLoggingLevel uid=1000
04-27 18:55:45.780 I/NetworkAccelerateSwitchService( 3839): ================= checkWifiRssiAndLinkSpeed START ================
04-27 18:55:45.780 I/NetworkAccelerateSwitchService( 3839): checkWifiRssiAndLinkSpeed mMinRssiFastFadeDifference:9 mMedRssiFastFadeDifference:13 mMaxRssiFastFadeDifference:15
04-27 18:55:45.780 I/NetworkAccelerateSwitchService( 3839): checkWifiRssiAndLinkSpeed txBandwidthCapMbps:300
04-27 18:55:45.780 I/NetworkAccelerateSwitchService( 3839): checkWifiRssiAndLinkSpeed rxBandwidthCapMbps:300
04-27 18:55:45.780 I/NetworkAccelerateSwitchService( 3839): checkWifiRssiAndLinkSpeed mcsidx:-1
04-27 18:55:45.780 I/NetworkAccelerateSwitchService( 3839): checkWifiRssiAndLinkSpeed rssi difference:1
04-27 18:55:45.780 I/NetworkAccelerateSwitchService( 3839): checkWifiRssiAndLinkSpeed txBandwidthCapMbps proportions:1.0
04-27 18:55:45.780 I/NetworkAccelerateSwitchService( 3839): checkWifiRssiAndLinkSpeed rxBandwidthCapMbps proportions:1.0
04-27 18:55:45.780 I/NetworkAccelerateSwitchService( 3839): checkWifiRssiAndLinkSpeed mcsidx difference:0
04-27 18:55:45.780 I/NetworkAccelerateSwitchService( 3839): checkWifiRssiAndLinkSpeed FastFadeWeakNetThresholdAdjustment:0
04-27 18:55:45.780 I/NetworkAccelerateSwitchService( 3839): ================= checkWifiRssiAndLinkSpeed END ================
04-27 18:55:45.780 I/NetworkAccelerateSwitchService( 3839): checkWifiRssiAndLinkSpeed rssi:31
04-27 18:55:45.780 I/NetworkAccelerateSwitchService( 3839): checkWifiRssiAndLinkSpeed mWifiFastFade:false mWifiFastFadeAdjustThreshold:false
04-27 18:55:45.780 I/NetworkAccelerateSwitchService( 3839): getAverageWifiRssi:30
04-27 18:55:46.120 D/MiuiWifiCommonBase( 3839): band: 0, compensate: 0
04-27 18:55:46.120 D/WifiClientModeImpl[719075603:wlan0]( 3839): updateLinkLayerStatsRssiSpeedFrequencyCapabilities rssi=-31 TxLinkspeed=300 freq=2462 RxLinkSpeed=300
04-27 18:55:46.120 I/WifiService( 3839): getConnectionInfo uid=1000
04-27 18:55:46.120 V/WifiService( 3839): Clearing REDACT_FOR_LOCAL_MAC_ADDRESS for android(uid=1000)
04-27 18:55:46.120 V/WifiService( 3839): Clearing REDACT_FOR_NETWORK_SETTINGS for android(uid=1000)
04-27 18:55:46.120 V/WifiService( 3839): Clearing REDACT_FOR_ACCESS_FINE_LOCATION for android(uid=1000)
04-27 18:55:46.120 D/WifiDataStall( 3839): tx tput in kbps: 109312
04-27 18:55:46.120 D/WifiDataStall( 3839): rx tput in kbps: 206250
04-27 18:55:46.120 V/WifiConfigManager( 3839): Updating scan detail cache freq=2462 BSSID=74:39:89:2a:67:26 RSSI=-30 for "MstRobot"WPA_PSK
04-27 18:55:46.120 D/WifiChannelUtilization( 3839):  freq: 2462 onTime: 259241 busyTime: 149687 onTimeDiff: 505 busyTimeDiff: 304 utilization: 153 utilization t0: 147
04-27 18:55:46.121 D/WifiDataStall( 3839):  ccaLevel = 80
04-27 18:55:46.121 D/WifiDataStall( 3839): L2 txTputKbps: 195937, rxTputKbps: 206250, L3 txTputKbps: 0, rxTputKbps: 0, TxTrafficHigh: false, RxTrafficHigh: false, Throughput Sufficient: true
04-27 18:55:46.121 D/WifiThroughputPredictor( 3839):  utilization (LLS) 80 isBluetoothConnected: false final utilization: 80
04-27 18:55:46.121 D/WifiThroughputPredictor( 3839):  BW: 1 RSSI: -31 Nss: 2 Mode: 4 symDur: 3600 snrDb 46 bitPerTone: 5000 rate: 300 throughput: 205
04-27 18:55:46.121 D/WifiThroughputPredictor( 3839):  utilization (LLS) 80 isBluetoothConnected: false final utilization: 80
04-27 18:55:46.121 D/WifiThroughputPredictor( 3839):  BW: 1 RSSI: -31 Nss: 2 Mode: 4 symDur: 3600 snrDb 46 bitPerTone: 5000 rate: 300 throughput: 205
04-27 18:55:46.122 D/WifiScoreCard( 3839): BSSID update SIGNAL_POLL ID: 404527809 SSID: "MstRobot", BSSID: 74:39:89:2a:67:26, MAC: fa:2c:a2:da:d1:aa, IP: /192.168.0.101, Security type: 2, Supplicant state: COMPLETED, Wi-Fi standard: 11n, RSSI: -31, Link speed: 300Mbps, Tx Link speed: 300Mbps, Max Supported Tx Link speed: 300Mbps, Rx Link speed: 300Mbps, Max Supported Rx Link speed: 300Mbps, Frequency: 2462MHz, Net ID: 6, Metered hint: false, score: 60, isUsable: true, CarrierMerged: false, SubscriptionId: -1, IsPrimary: 1, Trusted: true, Restricted: false, Ephemeral: false, OEM paid: false, OEM private: false, OSU AP: false, FQDN: <none>, Provider friendly name: <none>, Requesting package name: <none>"MstRobot"wpa2-pskMLO Information: , Is TID-To-Link negotiation supported by the AP: false, AP MLD Address: <none>, AP MLO Link Id: <none>, AP MLO Affiliated links: <none>, Vendor Data: <none>
04-27 18:55:46.122 D/WifiScoreCard( 3839): txRate: 5 txSpeed: 300
04-27 18:55:46.122 D/WifiScoreCard( 3839): network update SIGNAL_POLL "MstRobot" ID: 608343939 RSSI -31 txSpeed 300
04-27 18:55:46.124 D/WifiClientModeImpl[719075603:wlan0]( 3839):  ClientModeImpl$L2ConnectedState screen=on 1 0 "MstRobot" 74:39:89:2a:67:26 rssi=-31 f=2462 sc= 60, mSwithInWeakNet: true [updated score = 60,  failpercent=100 { out=1 in=0 lost=2 inretrans=2 total retrans=1 tmo=14 inflight=2}] link=300 tx=3.4, 0.9, 0.0 rx=1.7 bcn=8120 [on:505 tx:2 rx:26 period:3032] from screen [on:264106 period:990778] score=60
04-27 18:55:46.125 I/WifiService( 3839): getVerboseLoggingLevel uid=1000
04-27 18:55:46.129 I/WifiService( 3839): getScanResults uid=1000
04-27 18:55:46.129 D/AmlWifiScoreReportInjector( 3839): getMaxRssiInWaeknet weaknetRssi = -72
04-27 18:55:46.129 I/WifiService( 3839): getVerboseLoggingLevel uid=1000
04-27 18:55:46.129 D/AmlWifiScoreReportInjector( 3839): onWifiUsabilityStats: channelUtilization=153 seqNum = 134739 bssidChanged = 0 isQcomPlatform = true
04-27 18:55:46.494 I/WifiService( 3839): getConnectionInfo uid=1001
04-27 18:55:46.494 V/WifiService( 3839): Clearing REDACT_FOR_LOCAL_MAC_ADDRESS for com.android.phone(uid=1001)
04-27 18:55:46.494 V/WifiService( 3839): Clearing REDACT_FOR_NETWORK_SETTINGS for com.android.phone(uid=1001)
04-27 18:55:46.494 V/WifiService( 3839): Clearing REDACT_FOR_ACCESS_FINE_LOCATION for com.android.phone(uid=1001)
04-27 18:55:46.495 D/SlaveWifiManager( 5894): getWifiSlaveConnectionInfo
04-27 18:55:47.347 I/WifiService( 3839): isFeatureSupported uid=1000 returns [WIFI_FEATURE_INFRA, WIFI_FEATURE_PASSPOINT, WIFI_FEATURE_P2P, WIFI_FEATURE_MOBILE_HOTSPOT, WIFI_FEATURE_AWARE, WIFI_FEATURE_PNO, WIFI_FEATURE_TDLS, WIFI_FEATURE_AP_STA, WIFI_FEATURE_LINK_LAYER_STATS, WIFI_FEATURE_RSSI_MONITOR, WIFI_FEATURE_CONFIG_NDO, WIFI_FEATURE_CONTROL_ROAMING, WIFI_FEATURE_TX_POWER_LIMIT, WIFI_FEATURE_WPA3_SAE, WIFI_FEATURE_WPA3_SUITE_B, WIFI_FEATURE_OWE, WIFI_FEATURE_LOW_LATENCY, WIFI_FEATURE_DPP, WIFI_FEATURE_CONNECTED_RAND_MAC, WIFI_FEATURE_AP_RAND_MAC, WIFI_FEATURE_MBO, WIFI_FEATURE_OCE, WIFI_FEATURE_WAPI, WIFI_FEATURE_FILS_SHA256, WIFI_FEATURE_FILS_SHA384, WIFI_FEATURE_SAE_PK, WIFI_FEATURE_DPP_ENROLLEE_RESPONDER, WIFI_FEATURE_PASSPOINT_TERMS_AND_CONDITIONS, WIFI_FEATURE_SAE_H2E, WIFI_FEATURE_WFD_R2, WIFI_FEATURE_DECORATED_IDENTITY, WIFI_FEATURE_TRUST_ON_FIRST_USE, WIFI_FEATURE_ADDITIONAL_STA_MULTI_INTERNET, WIFI_FEATURE_SET_TLS_MINIMUM_VERSION, WIFI_FEATURE_TLS_V1_3, WIFI_FEATURE_DUAL_BAND_SIMULTANEOUS, WIFI_FEATURE_WEP, WIFI_FEATURE_WPA_PERSONAL, WIFI_FEATURE_AGGRESSIVE_ROAMING_MODE_SUPPORT]
04-27 18:55:47.347 I/WifiService( 3839): getWifiActivityEnergyInfoAsync uid=1000
04-27 18:55:48.783 I/WifiService( 3839): getConnectionInfo uid=1000
04-27 18:55:48.783 V/WifiService( 3839): Clearing REDACT_FOR_LOCAL_MAC_ADDRESS for android(uid=1000)
04-27 18:55:48.783 V/WifiService( 3839): Clearing REDACT_FOR_NETWORK_SETTINGS for android(uid=1000)
04-27 18:55:48.783 V/WifiService( 3839): Clearing REDACT_FOR_ACCESS_FINE_LOCATION for android(uid=1000)
04-27 18:55:48.783 I/WifiService( 3839): getVerboseLoggingLevel uid=1000
04-27 18:55:48.784 I/NetworkAccelerateSwitchService( 3839): ================= checkWifiRssiAndLinkSpeed START ================
04-27 18:55:48.784 I/NetworkAccelerateSwitchService( 3839): checkWifiRssiAndLinkSpeed mMinRssiFastFadeDifference:9 mMedRssiFastFadeDifference:13 mMaxRssiFastFadeDifference:15
04-27 18:55:48.784 I/NetworkAccelerateSwitchService( 3839): checkWifiRssiAndLinkSpeed txBandwidthCapMbps:300
04-27 18:55:48.784 I/NetworkAccelerateSwitchService( 3839): checkWifiRssiAndLinkSpeed rxBandwidthCapMbps:300
04-27 18:55:48.784 I/NetworkAccelerateSwitchService( 3839): checkWifiRssiAndLinkSpeed mcsidx:-1
04-27 18:55:48.784 I/NetworkAccelerateSwitchService( 3839): checkWifiRssiAndLinkSpeed rssi difference:0
04-27 18:55:48.784 I/NetworkAccelerateSwitchService( 3839): checkWifiRssiAndLinkSpeed txBandwidthCapMbps proportions:1.0
04-27 18:55:48.784 I/NetworkAccelerateSwitchService( 3839): checkWifiRssiAndLinkSpeed rxBandwidthCapMbps proportions:1.0
04-27 18:55:48.784 I/NetworkAccelerateSwitchService( 3839): checkWifiRssiAndLinkSpeed mcsidx difference:0
04-27 18:55:48.784 I/NetworkAccelerateSwitchService( 3839): checkWifiRssiAndLinkSpeed FastFadeWeakNetThresholdAdjustment:0
04-27 18:55:48.784 I/NetworkAccelerateSwitchService( 3839): ================= checkWifiRssiAndLinkSpeed END ================
04-27 18:55:48.784 I/NetworkAccelerateSwitchService( 3839): checkWifiRssiAndLinkSpeed rssi:31
04-27 18:55:48.784 I/NetworkAccelerateSwitchService( 3839): checkWifiRssiAndLinkSpeed mWifiFastFade:false mWifiFastFadeAdjustThreshold:false
04-27 18:55:48.784 I/NetworkAccelerateSwitchService( 3839): getAverageWifiRssi:30
04-27 18:55:49.136 D/MiuiWifiCommonBase( 3839): band: 0, compensate: 0
04-27 18:55:49.136 D/WifiClientModeImpl[719075603:wlan0]( 3839): updateLinkLayerStatsRssiSpeedFrequencyCapabilities rssi=-24 TxLinkspeed=300 freq=2462 RxLinkSpeed=300
04-27 18:55:49.137 I/WifiService( 3839): getConnectionInfo uid=1000
04-27 18:55:49.137 V/WifiService( 3839): Clearing REDACT_FOR_LOCAL_MAC_ADDRESS for android(uid=1000)
04-27 18:55:49.137 V/WifiService( 3839): Clearing REDACT_FOR_NETWORK_SETTINGS for android(uid=1000)
04-27 18:55:49.137 V/WifiService( 3839): Clearing REDACT_FOR_ACCESS_FINE_LOCATION for android(uid=1000)
04-27 18:55:49.144 D/WifiDataStall( 3839): tx tput in kbps: 195937
04-27 18:55:49.144 D/WifiDataStall( 3839): rx tput in kbps: 206250
04-27 18:55:49.144 V/WifiConfigManager( 3839): Updating scan detail cache freq=2462 BSSID=74:39:89:2a:67:26 RSSI=-26 for "MstRobot"WPA_PSK
04-27 18:55:49.144 D/WifiChannelUtilization( 3839):  freq: 2462 onTime: 259452 busyTime: 149817 onTimeDiff: 716 busyTimeDiff: 434 utilization: 154 utilization t0: 147
04-27 18:55:49.145 D/WifiDataStall( 3839):  ccaLevel = 80
04-27 18:55:49.145 D/WifiDataStall( 3839): L2 txTputKbps: 195937, rxTputKbps: 206250, L3 txTputKbps: 0, rxTputKbps: 0, TxTrafficHigh: false, RxTrafficHigh: false, Throughput Sufficient: true
04-27 18:55:49.145 D/WifiThroughputPredictor( 3839):  utilization (LLS) 80 isBluetoothConnected: false final utilization: 80
04-27 18:55:49.146 D/WifiThroughputPredictor( 3839):  BW: 1 RSSI: -24 Nss: 2 Mode: 4 symDur: 3600 snrDb 53 bitPerTone: 5000 rate: 300 throughput: 205
04-27 18:55:49.146 D/WifiThroughputPredictor( 3839):  utilization (LLS) 80 isBluetoothConnected: false final utilization: 80
04-27 18:55:49.146 D/WifiThroughputPredictor( 3839):  BW: 1 RSSI: -24 Nss: 2 Mode: 4 symDur: 3600 snrDb 53 bitPerTone: 5000 rate: 300 throughput: 205
04-27 18:55:49.147 D/WifiScoreCard( 3839): BSSID update SIGNAL_POLL ID: 404527809 SSID: "MstRobot", BSSID: 74:39:89:2a:67:26, MAC: fa:2c:a2:da:d1:aa, IP: /192.168.0.101, Security type: 2, Supplicant state: COMPLETED, Wi-Fi standard: 11n, RSSI: -24, Link speed: 300Mbps, Tx Link speed: 300Mbps, Max Supported Tx Link speed: 300Mbps, Rx Link speed: 300Mbps, Max Supported Rx Link speed: 300Mbps, Frequency: 2462MHz, Net ID: 6, Metered hint: false, score: 60, isUsable: true, CarrierMerged: false, SubscriptionId: -1, IsPrimary: 1, Trusted: true, Restricted: false, Ephemeral: false, OEM paid: false, OEM private: false, OSU AP: false, FQDN: <none>, Provider friendly name: <none>, Requesting package name: <none>"MstRobot"wpa2-pskMLO Information: , Is TID-To-Link negotiation supported by the AP: false, AP MLD Address: <none>, AP MLO Link Id: <none>, AP MLO Affiliated links: <none>, Vendor Data: <none>
04-27 18:55:49.147 D/WifiScoreCard( 3839): txRate: 3 txSpeed: 300
04-27 18:55:49.147 D/WifiScoreCard( 3839): network update SIGNAL_POLL "MstRobot" ID: 608343939 RSSI -24 txSpeed -1
04-27 18:55:49.147 D/WifiClientModeImpl[719075603:wlan0]( 3839):  ClientModeImpl$L2ConnectedState screen=on 1 0 "MstRobot" 74:39:89:2a:67:26 rssi=-24 f=2462 sc= 60, mSwithInWeakNet: true [updated score = 60,  failpercent=100 { out=1 in=0 lost=2 inretrans=2 total retrans=1 tmo=15 inflight=2}] link=300 tx=1.7, 0.3, 0.0 rx=0.6 bcn=8144 [on:211 tx:0 rx:8 period:3023] from screen [on:264317 period:993801] score=60
04-27 18:55:49.148 I/WifiService( 3839): getVerboseLoggingLevel uid=1000
04-27 18:55:49.153 I/WifiService( 3839): getScanResults uid=1000
04-27 18:55:49.153 D/AmlWifiScoreReportInjector( 3839): getMaxRssiInWaeknet weaknetRssi = -72
04-27 18:55:49.549 I/WifiService( 3839): getConnectionInfo uid=1001
04-27 18:55:49.549 V/WifiService( 3839): Clearing REDACT_FOR_LOCAL_MAC_ADDRESS for com.android.phone(uid=1001)
04-27 18:55:49.549 V/WifiService( 3839): Clearing REDACT_FOR_NETWORK_SETTINGS for com.android.phone(uid=1001)
04-27 18:55:49.549 V/WifiService( 3839): Clearing REDACT_FOR_ACCESS_FINE_LOCATION for com.android.phone(uid=1001)
04-27 18:55:49.551 D/SlaveWifiManager( 5894): getWifiSlaveConnectionInfo
04-27 18:55:51.788 I/WifiService( 3839): getConnectionInfo uid=1000
04-27 18:55:51.788 V/WifiService( 3839): Clearing REDACT_FOR_LOCAL_MAC_ADDRESS for android(uid=1000)
04-27 18:55:51.788 V/WifiService( 3839): Clearing REDACT_FOR_NETWORK_SETTINGS for android(uid=1000)
04-27 18:55:51.788 V/WifiService( 3839): Clearing REDACT_FOR_ACCESS_FINE_LOCATION for android(uid=1000)
04-27 18:55:51.788 I/WifiService( 3839): getVerboseLoggingLevel uid=1000
04-27 18:55:51.788 I/NetworkAccelerateSwitchService( 3839): ================= checkWifiRssiAndLinkSpeed START ================
04-27 18:55:51.788 I/NetworkAccelerateSwitchService( 3839): checkWifiRssiAndLinkSpeed mMinRssiFastFadeDifference:9 mMedRssiFastFadeDifference:13 mMaxRssiFastFadeDifference:15
04-27 18:55:51.788 I/NetworkAccelerateSwitchService( 3839): checkWifiRssiAndLinkSpeed txBandwidthCapMbps:300
04-27 18:55:51.788 I/NetworkAccelerateSwitchService( 3839): checkWifiRssiAndLinkSpeed rxBandwidthCapMbps:300
04-27 18:55:51.788 I/NetworkAccelerateSwitchService( 3839): checkWifiRssiAndLinkSpeed mcsidx:-1
04-27 18:55:51.788 I/NetworkAccelerateSwitchService( 3839): checkWifiRssiAndLinkSpeed rssi difference:-7
04-27 18:55:51.788 I/NetworkAccelerateSwitchService( 3839): checkWifiRssiAndLinkSpeed txBandwidthCapMbps proportions:1.0
04-27 18:55:51.788 I/NetworkAccelerateSwitchService( 3839): checkWifiRssiAndLinkSpeed rxBandwidthCapMbps proportions:1.0
04-27 18:55:51.788 I/NetworkAccelerateSwitchService( 3839): checkWifiRssiAndLinkSpeed mcsidx difference:0
04-27 18:55:51.788 I/NetworkAccelerateSwitchService( 3839): checkWifiRssiAndLinkSpeed FastFadeWeakNetThresholdAdjustment:0
04-27 18:55:51.788 I/NetworkAccelerateSwitchService( 3839): ================= checkWifiRssiAndLinkSpeed END ================
04-27 18:55:51.788 I/NetworkAccelerateSwitchService( 3839): checkWifiRssiAndLinkSpeed rssi:24
04-27 18:55:51.788 I/NetworkAccelerateSwitchService( 3839): checkWifiRssiAndLinkSpeed mWifiFastFade:false mWifiFastFadeAdjustThreshold:false
04-27 18:55:51.788 I/NetworkAccelerateSwitchService( 3839): getAverageWifiRssi:28
04-27 18:55:52.157 D/MiuiWifiCommonBase( 3839): band: 0, compensate: 0
04-27 18:55:52.157 D/WifiClientModeImpl[719075603:wlan0]( 3839): updateLinkLayerStatsRssiSpeedFrequencyCapabilities rssi=-30 TxLinkspeed=300 freq=2462 RxLinkSpeed=300
04-27 18:55:52.157 I/WifiService( 3839): getConnectionInfo uid=1000
04-27 18:55:52.158 V/WifiService( 3839): Clearing REDACT_FOR_LOCAL_MAC_ADDRESS for android(uid=1000)
04-27 18:55:52.158 V/WifiService( 3839): Clearing REDACT_FOR_NETWORK_SETTINGS for android(uid=1000)
04-27 18:55:52.158 V/WifiService( 3839): Clearing REDACT_FOR_ACCESS_FINE_LOCATION for android(uid=1000)
04-27 18:55:52.159 D/WifiDataStall( 3839): tx tput in kbps: 195937
04-27 18:55:52.159 D/WifiDataStall( 3839): rx tput in kbps: 206250
04-27 18:55:52.159 V/WifiConfigManager( 3839): Updating scan detail cache freq=2462 BSSID=74:39:89:2a:67:26 RSSI=-28 for "MstRobot"WPA_PSK
04-27 18:55:52.160 D/WifiChannelUtilization( 3839):  freq: 2462 onTime: 260099 busyTime: 150252 onTimeDiff: 647 busyTimeDiff: 435 utilization: 171 utilization t0: 147
04-27 18:55:52.161 D/WifiDataStall( 3839):  ccaLevel = 80
04-27 18:55:52.161 D/WifiDataStall( 3839): L2 txTputKbps: 148500, rxTputKbps: 206250, L3 txTputKbps: 0, rxTputKbps: 0, TxTrafficHigh: true, RxTrafficHigh: false, Throughput Sufficient: true
04-27 18:55:52.162 D/WifiThroughputPredictor( 3839):  utilization (LLS) 80 isBluetoothConnected: false final utilization: 80
04-27 18:55:52.162 D/WifiThroughputPredictor( 3839):  BW: 1 RSSI: -30 Nss: 2 Mode: 4 symDur: 3600 snrDb 47 bitPerTone: 5000 rate: 300 throughput: 205
04-27 18:55:52.162 D/WifiThroughputPredictor( 3839):  utilization (LLS) 80 isBluetoothConnected: false final utilization: 80
04-27 18:55:52.162 D/WifiThroughputPredictor( 3839):  BW: 1 RSSI: -30 Nss: 2 Mode: 4 symDur: 3600 snrDb 47 bitPerTone: 5000 rate: 300 throughput: 205
04-27 18:55:52.162 D/WifiScoreCard( 3839): BSSID update SIGNAL_POLL ID: 404527809 SSID: "MstRobot", BSSID: 74:39:89:2a:67:26, MAC: fa:2c:a2:da:d1:aa, IP: /192.168.0.101, Security type: 2, Supplicant state: COMPLETED, Wi-Fi standard: 11n, RSSI: -30, Link speed: 300Mbps, Tx Link speed: 300Mbps, Max Supported Tx Link speed: 300Mbps, Rx Link speed: 300Mbps, Max Supported Rx Link speed: 300Mbps, Frequency: 2462MHz, Net ID: 6, Metered hint: false, score: 60, isUsable: true, CarrierMerged: false, SubscriptionId: -1, IsPrimary: 1, Trusted: true, Restricted: false, Ephemeral: false, OEM paid: false, OEM private: false, OSU AP: false, FQDN: <none>, Provider friendly name: <none>, Requesting package name: <none>"MstRobot"wpa2-pskMLO Information: , Is TID-To-Link negotiation supported by the AP: false, AP MLD Address: <none>, AP MLO Link Id: <none>, AP MLO Affiliated links: <none>, Vendor Data: <none>
04-27 18:55:52.163 D/WifiScoreCard( 3839): txRate: 3 txSpeed: 300
04-27 18:55:52.163 D/WifiScoreCard( 3839): network update SIGNAL_POLL "MstRobot" ID: 608343939 RSSI -30 txSpeed -1
04-27 18:55:52.163 D/WifiClientModeImpl[719075603:wlan0]( 3839):  ClientModeImpl$L2ConnectedState screen=on 1 0 "MstRobot" 74:39:89:2a:67:26 rssi=-30 f=2462 sc= 60, mSwithInWeakNet: true [updated score = 60,  failpercent=100 { out=2 in=0 lost=2 inretrans=2 total retrans=1 tmo=8 inflight=2}] link=300 tx=1.7, 0.5, 0.0 rx=0.2 bcn=8171 [on:648 tx:2 rx:27 period:3016] from screen [on:264965 period:996817] score=60
04-27 18:55:52.163 I/WifiService( 3839): getVerboseLoggingLevel uid=1000
04-27 18:55:52.169 I/WifiService( 3839): getScanResults uid=1000
04-27 18:55:52.170 D/AmlWifiScoreReportInjector( 3839): getMaxRssiInWaeknet weaknetRssi = -72
04-27 18:55:52.170 I/WifiService( 3839): getVerboseLoggingLevel uid=1000
04-27 18:55:52.171 D/AmlWifiScoreReportInjector( 3839): onWifiUsabilityStats: channelUtilization=171 seqNum = 134741 bssidChanged = 0 isQcomPlatform = true
04-27 18:55:52.603 I/WifiService( 3839): getConnectionInfo uid=1001
04-27 18:55:52.603 V/WifiService( 3839): Clearing REDACT_FOR_LOCAL_MAC_ADDRESS for com.android.phone(uid=1001)
04-27 18:55:52.603 V/WifiService( 3839): Clearing REDACT_FOR_NETWORK_SETTINGS for com.android.phone(uid=1001)
04-27 18:55:52.603 V/WifiService( 3839): Clearing REDACT_FOR_ACCESS_FINE_LOCATION for com.android.phone(uid=1001)
04-27 18:55:52.605 D/SlaveWifiManager( 5894): getWifiSlaveConnectionInfo
04-27 18:55:54.791 I/WifiService( 3839): getConnectionInfo uid=1000
04-27 18:55:54.792 V/WifiService( 3839): Clearing REDACT_FOR_LOCAL_MAC_ADDRESS for android(uid=1000)
04-27 18:55:54.792 V/WifiService( 3839): Clearing REDACT_FOR_NETWORK_SETTINGS for android(uid=1000)
04-27 18:55:54.792 V/WifiService( 3839): Clearing REDACT_FOR_ACCESS_FINE_LOCATION for android(uid=1000)
04-27 18:55:54.792 I/WifiService( 3839): getVerboseLoggingLevel uid=1000
04-27 18:55:54.792 I/NetworkAccelerateSwitchService( 3839): ================= checkWifiRssiAndLinkSpeed START ================
04-27 18:55:54.792 I/NetworkAccelerateSwitchService( 3839): checkWifiRssiAndLinkSpeed mMinRssiFastFadeDifference:9 mMedRssiFastFadeDifference:13 mMaxRssiFastFadeDifference:15
04-27 18:55:54.792 I/NetworkAccelerateSwitchService( 3839): checkWifiRssiAndLinkSpeed txBandwidthCapMbps:300
04-27 18:55:54.792 I/NetworkAccelerateSwitchService( 3839): checkWifiRssiAndLinkSpeed rxBandwidthCapMbps:300
04-27 18:55:54.792 I/NetworkAccelerateSwitchService( 3839): checkWifiRssiAndLinkSpeed mcsidx:-1
04-27 18:55:54.792 I/NetworkAccelerateSwitchService( 3839): checkWifiRssiAndLinkSpeed rssi difference:6
04-27 18:55:54.792 I/NetworkAccelerateSwitchService( 3839): checkWifiRssiAndLinkSpeed txBandwidthCapMbps proportions:1.0
04-27 18:55:54.792 I/NetworkAccelerateSwitchService( 3839): checkWifiRssiAndLinkSpeed rxBandwidthCapMbps proportions:1.0
04-27 18:55:54.792 I/NetworkAccelerateSwitchService( 3839): checkWifiRssiAndLinkSpeed mcsidx difference:0
04-27 18:55:54.792 I/NetworkAccelerateSwitchService( 3839): checkWifiRssiAndLinkSpeed FastFadeWeakNetThresholdAdjustment:0
04-27 18:55:54.792 I/NetworkAccelerateSwitchService( 3839): ================= checkWifiRssiAndLinkSpeed END ================
04-27 18:55:54.792 I/NetworkAccelerateSwitchService( 3839): checkWifiRssiAndLinkSpeed rssi:30
04-27 18:55:54.792 I/NetworkAccelerateSwitchService( 3839): checkWifiRssiAndLinkSpeed mWifiFastFade:false mWifiFastFadeAdjustThreshold:false
04-27 18:55:54.792 I/NetworkAccelerateSwitchService( 3839): getAverageWifiRssi:28
04-27 18:55:55.173 D/MiuiWifiCommonBase( 3839): band: 0, compensate: 0
04-27 18:55:55.173 D/WifiClientModeImpl[719075603:wlan0]( 3839): updateLinkLayerStatsRssiSpeedFrequencyCapabilities rssi=-21 TxLinkspeed=300 freq=2462 RxLinkSpeed=300
04-27 18:55:55.173 I/WifiService( 3839): getConnectionInfo uid=1000
04-27 18:55:55.173 V/WifiService( 3839): Clearing REDACT_FOR_LOCAL_MAC_ADDRESS for android(uid=1000)
04-27 18:55:55.173 V/WifiService( 3839): Clearing REDACT_FOR_NETWORK_SETTINGS for android(uid=1000)
04-27 18:55:55.173 V/WifiService( 3839): Clearing REDACT_FOR_ACCESS_FINE_LOCATION for android(uid=1000)
04-27 18:55:55.175 D/WifiDataStall( 3839): tx tput in kbps: 148500
04-27 18:55:55.175 D/WifiDataStall( 3839): rx tput in kbps: 206250
04-27 18:55:55.175 V/WifiConfigManager( 3839): Updating scan detail cache freq=2462 BSSID=74:39:89:2a:67:26 RSSI=-23 for "MstRobot"WPA_PSK
04-27 18:55:55.175 D/WifiChannelUtilization( 3839):  freq: 2462 onTime: 260869 busyTime: 150777 onTimeDiff: 770 busyTimeDiff: 525 utilization: 173 utilization t0: 147
04-27 18:55:55.176 D/WifiDataStall( 3839):  ccaLevel = 80
04-27 18:55:55.176 D/WifiDataStall( 3839): L2 txTputKbps: 96937, rxTputKbps: 206250, L3 txTputKbps: 0, rxTputKbps: 0, TxTrafficHigh: true, RxTrafficHigh: false, Throughput Sufficient: true
04-27 18:55:55.176 D/WifiThroughputPredictor( 3839):  utilization (LLS) 80 isBluetoothConnected: false final utilization: 80
04-27 18:55:55.176 D/WifiThroughputPredictor( 3839):  BW: 1 RSSI: -21 Nss: 2 Mode: 4 symDur: 3600 snrDb 56 bitPerTone: 5000 rate: 300 throughput: 205
04-27 18:55:55.176 D/WifiThroughputPredictor( 3839):  utilization (LLS) 80 isBluetoothConnected: false final utilization: 80
04-27 18:55:55.176 D/WifiThroughputPredictor( 3839):  BW: 1 RSSI: -21 Nss: 2 Mode: 4 symDur: 3600 snrDb 56 bitPerTone: 5000 rate: 300 throughput: 205
04-27 18:55:55.176 D/WifiScoreCard( 3839): BSSID update SIGNAL_POLL ID: 404527809 SSID: "MstRobot", BSSID: 74:39:89:2a:67:26, MAC: fa:2c:a2:da:d1:aa, IP: /192.168.0.101, Security type: 2, Supplicant state: COMPLETED, Wi-Fi standard: 11n, RSSI: -21, Link speed: 300Mbps, Tx Link speed: 300Mbps, Max Supported Tx Link speed: 300Mbps, Rx Link speed: 300Mbps, Max Supported Rx Link speed: 300Mbps, Frequency: 2462MHz, Net ID: 6, Metered hint: false, score: 60, isUsable: true, CarrierMerged: false, SubscriptionId: -1, IsPrimary: 1, Trusted: true, Restricted: false, Ephemeral: false, OEM paid: false, OEM private: false, OSU AP: false, FQDN: <none>, Provider friendly name: <none>, Requesting package name: <none>"MstRobot"wpa2-pskMLO Information: , Is TID-To-Link negotiation supported by the AP: false, AP MLD Address: <none>, AP MLO Link Id: <none>, AP MLO Affiliated links: <none>, Vendor Data: <none>
04-27 18:55:55.176 D/WifiScoreCard( 3839): txRate: 4 txSpeed: 300
04-27 18:55:55.176 D/WifiScoreCard( 3839): network update SIGNAL_POLL "MstRobot" ID: 608343939 RSSI -21 txSpeed 300
04-27 18:55:55.176 V/WifiManager( 5963): TrafficStateCallbackProxy: onStateChanged state=3
04-27 18:55:55.177 D/WifiClientModeImpl[719075603:wlan0]( 3839):  ClientModeImpl$L2ConnectedState screen=on 1 0 "MstRobot" 74:39:89:2a:67:26 rssi=-21 f=2462 sc= 60, mSwithInWeakNet: true [updated score = 60,  failpercent=100 { out=3 in=0 lost=2 inretrans=2 total retrans=3 tmo=11 inflight=2}] link=300 tx=1.8, 1.6, 0.0 rx=0.2 bcn=8198 [on:770 tx:7 rx:21 period:3014] from screen [on:265735 period:999831] score=60
04-27 18:55:55.177 V/WifiManager( 5963): TrafficStateCallbackProxy: onStateChanged state=3
04-27 18:55:55.178 I/WifiService( 3839): getVerboseLoggingLevel uid=1000
04-27 18:55:55.181 I/WifiService( 3839): getScanResults uid=1000
04-27 18:55:55.181 D/AmlWifiScoreReportInjector( 3839): getMaxRssiInWaeknet weaknetRssi = -72
04-27 18:55:55.181 I/WifiService( 3839): getVerboseLoggingLevel uid=1000
04-27 18:55:55.182 D/AmlWifiScoreReportInjector( 3839): onWifiUsabilityStats: channelUtilization=173 seqNum = 134742 bssidChanged = 0 isQcomPlatform = true
04-27 18:55:55.659 I/WifiService( 3839): getConnectionInfo uid=1001
04-27 18:55:55.659 V/WifiService( 3839): Clearing REDACT_FOR_LOCAL_MAC_ADDRESS for com.android.phone(uid=1001)
04-27 18:55:55.659 V/WifiService( 3839): Clearing REDACT_FOR_NETWORK_SETTINGS for com.android.phone(uid=1001)
04-27 18:55:55.659 V/WifiService( 3839): Clearing REDACT_FOR_ACCESS_FINE_LOCATION for com.android.phone(uid=1001)
04-27 18:55:55.660 D/SlaveWifiManager( 5894): getWifiSlaveConnectionInfo
04-27 18:55:57.794 I/WifiService( 3839): getConnectionInfo uid=1000
04-27 18:55:57.794 V/WifiService( 3839): Clearing REDACT_FOR_LOCAL_MAC_ADDRESS for android(uid=1000)
04-27 18:55:57.794 V/WifiService( 3839): Clearing REDACT_FOR_NETWORK_SETTINGS for android(uid=1000)
04-27 18:55:57.794 V/WifiService( 3839): Clearing REDACT_FOR_ACCESS_FINE_LOCATION for android(uid=1000)
04-27 18:55:57.794 I/WifiService( 3839): getVerboseLoggingLevel uid=1000
04-27 18:55:57.794 I/NetworkAccelerateSwitchService( 3839): ================= checkWifiRssiAndLinkSpeed START ================
04-27 18:55:57.795 I/NetworkAccelerateSwitchService( 3839): checkWifiRssiAndLinkSpeed mMinRssiFastFadeDifference:9 mMedRssiFastFadeDifference:13 mMaxRssiFastFadeDifference:15
04-27 18:55:57.795 I/NetworkAccelerateSwitchService( 3839): checkWifiRssiAndLinkSpeed txBandwidthCapMbps:300
04-27 18:55:57.795 I/NetworkAccelerateSwitchService( 3839): checkWifiRssiAndLinkSpeed rxBandwidthCapMbps:300
04-27 18:55:57.795 I/NetworkAccelerateSwitchService( 3839): checkWifiRssiAndLinkSpeed mcsidx:-1
04-27 18:55:57.795 I/NetworkAccelerateSwitchService( 3839): checkWifiRssiAndLinkSpeed rssi difference:-9
04-27 18:55:57.795 I/NetworkAccelerateSwitchService( 3839): checkWifiRssiAndLinkSpeed txBandwidthCapMbps proportions:1.0
04-27 18:55:57.795 I/NetworkAccelerateSwitchService( 3839): checkWifiRssiAndLinkSpeed rxBandwidthCapMbps proportions:1.0
04-27 18:55:57.795 I/NetworkAccelerateSwitchService( 3839): checkWifiRssiAndLinkSpeed mcsidx difference:0
04-27 18:55:57.795 I/NetworkAccelerateSwitchService( 3839): checkWifiRssiAndLinkSpeed FastFadeWeakNetThresholdAdjustment:0
04-27 18:55:57.795 I/NetworkAccelerateSwitchService( 3839): ================= checkWifiRssiAndLinkSpeed END ================
04-27 18:55:57.795 I/NetworkAccelerateSwitchService( 3839): checkWifiRssiAndLinkSpeed rssi:21
04-27 18:55:57.795 I/NetworkAccelerateSwitchService( 3839): checkWifiRssiAndLinkSpeed mWifiFastFade:false mWifiFastFadeAdjustThreshold:false
04-27 18:55:57.795 I/NetworkAccelerateSwitchService( 3839): getAverageWifiRssi:25
04-27 18:55:58.204 D/MiuiWifiCommonBase( 3839): band: 0, compensate: 0
04-27 18:55:58.204 D/WifiClientModeImpl[719075603:wlan0]( 3839): updateLinkLayerStatsRssiSpeedFrequencyCapabilities rssi=-26 TxLinkspeed=300 freq=2462 RxLinkSpeed=300
04-27 18:55:58.204 I/WifiService( 3839): getConnectionInfo uid=1000
04-27 18:55:58.204 V/WifiService( 3839): Clearing REDACT_FOR_LOCAL_MAC_ADDRESS for android(uid=1000)
04-27 18:55:58.204 V/WifiService( 3839): Clearing REDACT_FOR_NETWORK_SETTINGS for android(uid=1000)
04-27 18:55:58.204 V/WifiService( 3839): Clearing REDACT_FOR_ACCESS_FINE_LOCATION for android(uid=1000)
04-27 18:55:58.205 D/WifiDataStall( 3839): tx tput in kbps: 96937
04-27 18:55:58.205 D/WifiDataStall( 3839): rx tput in kbps: 206250
04-27 18:55:58.205 V/WifiConfigManager( 3839): Updating scan detail cache freq=2462 BSSID=74:39:89:2a:67:26 RSSI=-24 for "MstRobot"WPA_PSK
04-27 18:55:58.205 D/WifiChannelUtilization( 3839):  freq: 2462 onTime: 261070 busyTime: 150901 onTimeDiff: 971 busyTimeDiff: 649 utilization: 170 utilization t0: 147
04-27 18:55:58.206 D/WifiDataStall( 3839):  ccaLevel = 80
04-27 18:55:58.206 D/WifiDataStall( 3839): L2 txTputKbps: 195937, rxTputKbps: 206250, L3 txTputKbps: 0, rxTputKbps: 0, TxTrafficHigh: false, RxTrafficHigh: false, Throughput Sufficient: true
04-27 18:55:58.206 D/WifiThroughputPredictor( 3839):  utilization (LLS) 80 isBluetoothConnected: false final utilization: 80
04-27 18:55:58.207 D/WifiThroughputPredictor( 3839):  BW: 1 RSSI: -26 Nss: 2 Mode: 4 symDur: 3600 snrDb 51 bitPerTone: 5000 rate: 300 throughput: 205
04-27 18:55:58.207 D/WifiThroughputPredictor( 3839):  utilization (LLS) 80 isBluetoothConnected: false final utilization: 80
04-27 18:55:58.207 D/WifiThroughputPredictor( 3839):  BW: 1 RSSI: -26 Nss: 2 Mode: 4 symDur: 3600 snrDb 51 bitPerTone: 5000 rate: 300 throughput: 205
04-27 18:55:58.207 D/WifiScoreCard( 3839): BSSID update SIGNAL_POLL ID: 404527809 SSID: "MstRobot", BSSID: 74:39:89:2a:67:26, MAC: fa:2c:a2:da:d1:aa, IP: /192.168.0.101, Security type: 2, Supplicant state: COMPLETED, Wi-Fi standard: 11n, RSSI: -26, Link speed: 300Mbps, Tx Link speed: 300Mbps, Max Supported Tx Link speed: 300Mbps, Rx Link speed: 300Mbps, Max Supported Rx Link speed: 300Mbps, Frequency: 2462MHz, Net ID: 6, Metered hint: false, score: 60, isUsable: true, CarrierMerged: false, SubscriptionId: -1, IsPrimary: 1, Trusted: true, Restricted: false, Ephemeral: false, OEM paid: false, OEM private: false, OSU AP: false, FQDN: <none>, Provider friendly name: <none>, Requesting package name: <none>"MstRobot"wpa2-pskMLO Information: , Is TID-To-Link negotiation supported by the AP: false, AP MLD Address: <none>, AP MLO Link Id: <none>, AP MLO Affiliated links: <none>, Vendor Data: <none>
04-27 18:55:58.207 D/WifiScoreCard( 3839): txRate: 3 txSpeed: 300
04-27 18:55:58.207 D/WifiScoreCard( 3839): network update SIGNAL_POLL "MstRobot" ID: 608343939 RSSI -26 txSpeed -1
04-27 18:55:58.208 V/WifiManager( 5963): TrafficStateCallbackProxy: onStateChanged state=2
04-27 18:55:58.209 D/WifiClientModeImpl[719075603:wlan0]( 3839):  ClientModeImpl$L2ConnectedState screen=on 1 0 "MstRobot" 74:39:89:2a:67:26 rssi=-26 f=2462 sc= 60, mSwithInWeakNet: true [updated score = 60,  failpercent=100 { out=3 in=0 lost=2 inretrans=2 total retrans=3 tmo=14 inflight=2}] link=300 tx=0.9, 1.2, 0.0 rx=0.1 bcn=8224 [on:200 tx:2 rx:5 period:3032] from screen [on:265935 period:1002863] score=60
04-27 18:55:58.209 V/WifiManager( 5963): TrafficStateCallbackProxy: onStateChanged state=2
04-27 18:55:58.210 I/WifiService( 3839): getVerboseLoggingLevel uid=1000
