03-02 19:53:29.723  5411  5411 E ClipAnimationHelper: updateTargetRect  mSourceRect=RectF(0.0, 0.0, 1440.0, 3200.0)   mTargetRect=RectF(0.0, 0.0, 1440.0, 3200.0)   mSourceWindowClipInsets=RectF(0.0, 0.0, 0.0, 0.0)   mHomeStackBounds=Rect(0, 0 - 0, 0)   targetRect=Rect(0, 0 - 1440, 3200)
03-02 19:53:29.723  5411  5411 E MultiSpringDynamicAnimation62b7b95: ERROR Not Found Bundle Radius
03-02 19:53:29.723  5411  5411 E MultiSpringDynamicAnimation62b7b95: ERROR Not Found Bundle SurfaceExtAlpha
03-02 19:53:29.723  5411  5411 E MultiSpringDynamicAnimation62b7b95: ERROR Not Found Bundle appLeashBlurRadius
03-02 19:53:29.723  5411  5411 E MultiSpringDynamicAnimation62b7b95: ERROR Not Found Bundle SurfaceExtAlpha
03-02 19:53:29.723  5411  5411 E MultiSpringDynamicAnimation62b7b95: ERROR Not Found Bundle SurfaceExtAlpha
03-02 19:53:29.723  5411  5411 E MultiSpringDynamicAnimation62b7b95: ERROR Not Found Bundle appLeashBlurRadius
03-02 19:53:29.724 13538 16551 E SuggestManager: openApp name = com.miui.home
03-02 19:53:29.724  3784  6336 E WindowManager:  source = Task{916acd1 #26230 type=standard A=11401:com.smartsales.prism} excludeMiuiNavBar = true excludeMiuiStatusBar = true excludeIme = false excludeNavBar = true miuiNavSurfaceControl = Surface(name=NavigationBar Container of Task = 26230#7924)/@0x1f57336 miuiStatusSurfaceControl = Surface(name=StatusBar Container of Task = 26230#7925)/@0x60b237
03-02 19:53:29.724  2064  4710 E ConversionHelperAidl: Function: parseAndSetVendorParameters Line: 94 Failed 
03-02 19:53:29.724  2064  4710 E ConversionHelperAidl: Function: parseAndSetVendorParameters Line: 94 Failed 
03-02 19:53:29.724  2064  4710 E ConversionHelperAidl: Function: parseAndSetVendorParameters Line: 94 Failed 
03-02 19:53:29.727  5411  5411 E MultiSpringDynamicAnimation62b7b95: ERROR Not Found Bundle Radius
03-02 19:53:29.728  5411  5411 E MultiSpringDynamicAnimation62b7b95: ERROR Not Found Bundle Radius
03-02 19:53:29.728  5411  5411 E MultiSpringDynamicAnimation62b7b95: ERROR Not Found Bundle SurfaceExtAlpha
03-02 19:53:29.728  5411  5411 E MultiSpringDynamicAnimation62b7b95: ERROR Not Found Bundle appLeashBlurRadius
03-02 19:53:29.728  5411  5411 E MultiSpringDynamicAnimation62b7b95: ERROR Not Found Bundle SurfaceExtAlpha
03-02 19:53:29.729  5411  5411 E MultiSpringDynamicAnimation62b7b95: ERROR Not Found Bundle Radius
03-02 19:53:29.729  5411  5411 E MultiSpringDynamicAnimation62b7b95: ERROR Not Found Bundle SurfaceExtAlpha
03-02 19:53:29.729  5411  5411 E MultiSpringDynamicAnimation62b7b95: ERROR Not Found Bundle appLeashBlurRadius
03-02 19:53:29.729  5411  5411 E MultiSpringDynamicAnimation62b7b95: ERROR Not Found Bundle SurfaceExtAlpha
03-02 19:53:29.731  1763  1805 E traffic : add TrafficMobileLimiter whitelist 10140
03-02 19:53:29.732  1763  1805 E traffic : add TrafficMobileLimiter whitelist 10135
03-02 19:53:29.733  1763  1805 E traffic : add TrafficMobileLimiter whitelist 10134
03-02 19:53:29.736  5411  5411 E MultiSpringDynamicAnimation62b7b95: ERROR Not Found Bundle Radius
03-02 19:53:29.737  5411  5411 E MultiSpringDynamicAnimation62b7b95: ERROR Not Found Bundle Radius
03-02 19:53:29.737  5411  5411 E MultiSpringDynamicAnimation62b7b95: ERROR Not Found Bundle SurfaceExtAlpha
03-02 19:53:29.737  5411  5411 E MultiSpringDynamicAnimation62b7b95: ERROR Not Found Bundle appLeashBlurRadius
03-02 19:53:29.737  5411  5411 E MultiSpringDynamicAnimation62b7b95: ERROR Not Found Bundle SurfaceExtAlpha
03-02 19:53:29.738  5411  5411 E BlurUtils: fastBlur ratio=0.0   withAnim=true   sBlurRatioValue=0.0
03-02 19:53:29.738  5411  5411 E SystemUiController: updateUiState: 10 state: GestureHome
03-02 19:53:29.738  5411  5411 E MultiSpringDynamicAnimation62b7b95: ERROR Not Found Bundle Radius
03-02 19:53:29.738  5411  5411 E MultiSpringDynamicAnimation62b7b95: ERROR Not Found Bundle SurfaceExtAlpha
03-02 19:53:29.738  5411  5411 E MultiSpringDynamicAnimation62b7b95: ERROR Not Found Bundle appLeashBlurRadius
03-02 19:53:29.738  5411  5411 E MultiSpringDynamicAnimation62b7b95: ERROR Not Found Bundle SurfaceExtAlpha
03-02 19:53:29.738  5411  5411 E TaskViewsElement: animTo,mode=6
03-02 19:53:29.739  5411  5411 E RotationHelper: setCurrentTransitionRequest: request=0
03-02 19:53:29.739  5411  5411 E RotationHelper: notifyChange activityFlags=1, mMultiWindowRotationRequest=3, mCurrentTransitionRequest=0, mCurrentStateRequest=0
03-02 19:53:29.763  3784  6497 E WindowManager:  source = Task{916acd1 #26230 type=standard A=11401:com.smartsales.prism} excludeMiuiNavBar = true excludeMiuiStatusBar = true excludeIme = false excludeNavBar = true miuiNavSurfaceControl = Surface(name=NavigationBar Container of Task = 26230#7924)/@0x1f57336 miuiStatusSurfaceControl = Surface(name=StatusBar Container of Task = 26230#7925)/@0x60b237
03-02 19:53:29.788  5411  6272 E StateNotifyUtils: sendFsStateBroadCast state=crossSafeArea   channel=gesture   packageName=
03-02 19:53:29.789  3784  4814 E HandwritingModeController: Cannot get requestId: Handwriting was not initialized.
03-02 19:53:29.789  5411  6272 E StateNotifyUtils: sendFsStateBroadCast state=startControlAppWindow   channel=gesture   packageName=
03-02 19:53:29.789  5411  6272 E Launcher: mFsGestureStatusRefreshRunnable:run usingFsGesture=true   show=true   focus=false   pause=false
03-02 19:53:29.790  1912  1912 E PERFHAL-SERVICE: PERFHAL-SERVICE: perfHintAsync() 599: perfHintAsync SubmitScenarioDRequest initcomplete
03-02 19:53:29.790  1912  2161 E PERFHAL-WLC-SCENARIO: PERFHAL-WLC-SCENARIO: GetWeight() 127: empty appName or WLC is not initialized
03-02 19:53:29.791  5411  6272 E StateNotifyUtils: sendFsStateBroadCast state=toHome   channel=gesture   packageName=
03-02 19:53:29.793  3784  4689 E TransitionChain: Can't collect into a chain with no transition
03-02 19:53:29.794  3784  6822 E TransitionChain: Can't collect into a chain with no transition
03-02 19:53:29.819  2653  2757 E MiuiBooster: "Unkwnow sched policy:-1073741825!!!"
03-02 19:53:29.819  2653  2757 E MiuiBooster: "pri is changed by others!!!"
03-02 19:53:29.825  2064  5151 E ConversionHelperAidl: Function: parseAndSetVendorParameters Line: 94 Failed 
03-02 19:53:29.826  2064  5151 E ConversionHelperAidl: Function: parseAndSetVendorParameters Line: 94 Failed 
03-02 19:53:29.826  2064  5151 E ConversionHelperAidl: Function: parseAndSetVendorParameters Line: 94 Failed 
03-02 19:53:30.090  1912  2148 E ANDR-PERF: ExtendedPerfBoost: trigger_rearm_timer() 179: setthermalbreak req empty boostparam=boost:1 cpu0:2611200 cpu6:2572800
03-02 19:53:30.190  1912  2148 E ANDR-PERF: ExtendedPerfBoost: trigger_rearm_timer() 179: setthermalbreak req empty boostparam=boost:1 cpu0:2784000 cpu6:4089600
03-02 19:53:30.296  1912  2148 E ANDR-PERF: ExtendedPerfBoost: trigger_rearm_timer() 179: setthermalbreak req empty boostparam=boost:0
03-02 19:53:30.683  5411  5411 E MultiSpringDynamicAnimation62b7b95: ERROR Not Found Bundle Radius
03-02 19:53:30.683  5411  5411 E FloatingIconView2c75e9b9: recycleView
03-02 19:53:30.684  3784  6822 E WindowManager:  source = Task{916acd1 #26230 type=standard A=11401:com.smartsales.prism} excludeMiuiNavBar = true excludeMiuiStatusBar = true excludeIme = false excludeNavBar = true miuiNavSurfaceControl = Surface(name=NavigationBar Container of Task = 26230#7924)/@0x1f57336 miuiStatusSurfaceControl = Surface(name=StatusBar Container of Task = 26230#7925)/@0x60b237
03-02 19:53:30.723  5411  5411 E WindowElementa6934aa: com.miui.home.recents.anim.WindowElement@a6934aa finishTransition toHome = true isHalf = false runningTaskId = 0
03-02 19:53:30.723  5411  5411 E WindowTransitionCompat: com.android.systemui.shared.recents.system.WindowTransitionCompat@a44f438 finishTransition toHome = true
03-02 19:53:30.734  5411  5411 E RotationHelper: setCurrentTransitionRequest: request=0
03-02 19:53:30.741  1763  1805 E traffic : remove TrafficMobileLimiter whitelist 11401
03-02 19:53:30.774  5411  5411 E PreStartUtils: preLaunchProcess success infoPackage: com.android.mms
03-02 19:53:30.786  5411  6272 E Launcher: mFsGestureStatusRefreshRunnable:run usingFsGesture=true   show=true   focus=true   pause=false
03-02 19:53:30.833  5411  8182 E ActivityManagerWrapper: get all recent tasks force including -1 userId =0
03-02 19:53:30.833  2653  2750 E MiuiBooster: "MSG_CANCEL_PRIORITY: getpriority failed, 127, No such process"
03-02 19:53:30.833  3784  6088 E NativeTurboSchedManagerJni: ioctl 8 failed!
03-02 19:53:30.833  2653  2757 E MiuiBooster: "requestThreadPriority fail:rel=-38,tid=127,No such process"
03-02 19:53:30.835  5411  8182 E ActivityManagerWrapper: getRecentTasksForceIncludingTaskIdIfValid: getRecentTasks: size=10
03-02 19:53:30.835  5411  8182 E ActivityManagerWrapper:  mainTaskId=26230   userId=0   windowMode=1   isExcludedFromRecents=false   baseIntent=Intent { act=android.intent.action.MAIN flag=270532608 cmp=ComponentInfo{com.smartsales.prism/com.smartsales.prism.PrismMainActivity} }
03-02 19:53:30.835  5411  8182 E ActivityManagerWrapper:  mainTaskId=26231   userId=0   windowMode=1   isExcludedFromRecents=false   baseIntent=Intent { act=miui.intent.action.SET_FIREWALL flag=335544320 cmp=ComponentInfo{com.miui.securitycenter/com.miui.antispam.ui.activity.MainActivity} }
03-02 19:53:30.835  5411  8182 E ActivityManagerWrapper:  mainTaskId=26172   userId=0   windowMode=1   isExcludedFromRecents=false   baseIntent=Intent { act=android.intent.action.MAIN flag=271581184 cmp=ComponentInfo{com.tencent.mm/com.tencent.mm.ui.LauncherUI} }
03-02 19:53:30.835  5411  8182 E ActivityManagerWrapper:  mainTaskId=26221   userId=0   windowMode=1   isExcludedFromRecents=false   baseIntent=Intent { act=android.settings.APPLICATION_DETAILS_SETTINGS flag=268468224 cmp=ComponentInfo{com.android.settings/com.android.settings.applications.InstalledAppDetails} }
03-02 19:53:30.835  5411  8182 E ActivityManagerWrapper:  mainTaskId=26219   userId=0   windowMode=1   isExcludedFromRecents=false   baseIntent=Intent { act=android.intent.action.MAIN flag=270532608 cmp=ComponentInfo{com.android.camera/com.android.camera.Camera} }
03-02 19:53:30.835  5411  8182 E ActivityManagerWrapper:  mainTaskId=26218   userId=0   windowMode=1   isExcludedFromRecents=false   baseIntent=Intent { act=android.intent.action.MAIN flag=270532608 cmp=ComponentInfo{com.miui.gallery/com.miui.gallery.activity.HomePageActivity} }
03-02 19:53:30.835  5411  8182 E ActivityManagerWrapper:  mainTaskId=26208   userId=0   windowMode=1   isExcludedFromRecents=false   baseIntent=Intent { act=android.intent.action.MAIN flag=270532608 cmp=ComponentInfo{cn.wch.bledemo/cn.wch.bledemo.host.ScanActivity} }
03-02 19:53:30.835  5411  8182 E ActivityManagerWrapper:  mainTaskId=26189   userId=0   windowMode=0   isExcludedFromRecents=false   baseIntent=Intent { act=null flag=268435456 cmp=ComponentInfo{com.miui.voiceassist/com.xiaomi.voiceassistant.TabHostMainActivity} }
03-02 19:53:30.835  5411  8182 E ActivityManagerWrapper:  mainTaskId=26178   userId=0   windowMode=0   isExcludedFromRecents=false   baseIntent=Intent { act=null flag=268435456 cmp=ComponentInfo{com.android.soundrecorder/com.android.soundrecorder.RecordPreviewActivity} }
03-02 19:53:30.835  5411  8182 E ActivityManagerWrapper:  mainTaskId=26174   userId=0   windowMode=0   isExcludedFromRecents=false   baseIntent=Intent { act=android.intent.action.MAIN flag=270532608 cmp=ComponentInfo{com.xiaomi.mico/com.xiaomi.mico.splash.SplashActivity} }
03-02 19:53:30.862  5411  5411 E Launcher.application: setClickAppWaitForCallback = true
03-02 19:53:30.862  5411  5411 E Launcher.application: setClickAppWaitForCallback = true
03-02 19:53:30.862  3784  5213 E PerfShielderService: onScenarioChanged start type: 296 time:427821780
03-02 19:53:30.863  5411  5411 E Launcher: superStartActivity   type=13
03-02 19:53:30.867  5411  6454 E FloatingIconLayer2: isCuttingIcon. DeviceConfigs.isDefaultMiuiIcon():true DeviceConfigs.isDefaultMiuiIcon():false
03-02 19:53:30.870  1912  2165 E PERFHAL-SERVICE: PERFHAL-SERVICE: perfHintAsync() 599: perfHintAsync SubmitScenarioDRequest initcomplete
03-02 19:53:30.870  1912  2161 E PERFHAL-WLC-SCENARIO: PERFHAL-WLC-SCENARIO: GetType() 104: empty appName  or WLC is not initialized
03-02 19:53:30.870  1912  2161 E PERFHAL-WLC-SCENARIO: PERFHAL-WLC-SCENARIO: GetWeight() 127: empty appName or WLC is not initialized
03-02 19:53:30.870  1912  2161 E PERFHAL-WLC-SCENARIO: PERFHAL-WLC-SCENARIO: GetType() 104: empty appName  or WLC is not initialized
03-02 19:53:30.870  1912  2161 E PERFHAL-SCENARIOD: PERFHAL-SCENARIOD: applyLLBaseBoost() 481: MPCTL-NOW hint:0x1081,2, size:1
03-02 19:53:30.870  1912  2161 E PERFHAL-WLC-SCENARIO: PERFHAL-WLC-SCENARIO: GetType() 104: empty appName  or WLC is not initialized
03-02 19:53:30.870  1912  2161 E PERFHAL-WLC-SCENARIO: PERFHAL-WLC-SCENARIO: GetWeight() 127: empty appName or WLC is not initialized
03-02 19:53:30.870  1912  2147 E PERFHAL-UTIL: PERFHAL-UTIL: save_node_val() 266: Failed to read /sys/class/mmc_host/mmc0/clk_scaling/enable
03-02 19:53:30.870  1912  2147 E PERFHAL-OPTSHANDLER: PERFHAL-OPTSHANDLER: modify_sysfsnode() 1409: Failed to read /sys/class/mmc_host/mmc0/clk_scaling/enable
03-02 19:53:30.870  1912  2147 E PERFHAL-RESOURCEQS: PERFHAL-RESOURCEQS: AddAndApply() 159: Failed to apply optimization [11, 4]
03-02 19:53:30.874  1912  2165 E PERFHAL-SERVICE: PERFHAL-SERVICE: perfHintAsync() 599: perfHintAsync SubmitScenarioDRequest initcomplete
03-02 19:53:30.875  1912  1912 E PERFHAL-SERVICE: PERFHAL-SERVICE: perfHintAsync() 599: perfHintAsync SubmitScenarioDRequest initcomplete
03-02 19:53:30.877  1912  2147 E PERFHAL-UTIL: PERFHAL-UTIL: save_node_val() 266: Failed to read /sys/class/mmc_host/mmc0/clk_scaling/enable
03-02 19:53:30.878  1912  2147 E PERFHAL-OPTSHANDLER: PERFHAL-OPTSHANDLER: modify_sysfsnode() 1409: Failed to read /sys/class/mmc_host/mmc0/clk_scaling/enable
03-02 19:53:30.878  1912  2147 E PERFHAL-RESOURCEQS: PERFHAL-RESOURCEQS: AddAndApply() 159: Failed to apply optimization [11, 4]
03-02 19:53:30.878  1912  2147 E PERFHAL-UTIL: PERFHAL-UTIL: save_node_val() 266: Failed to read /sys/class/mmc_host/mmc0/clk_scaling/enable
03-02 19:53:30.878  1912  2147 E PERFHAL-OPTSHANDLER: PERFHAL-OPTSHANDLER: modify_sysfsnode() 1409: Failed to read /sys/class/mmc_host/mmc0/clk_scaling/enable
03-02 19:53:30.878  1912  2147 E PERFHAL-RESOURCEQS: PERFHAL-RESOURCEQS: AddAndApply() 159: Failed to apply optimization [11, 4]
03-02 19:53:30.883  1912  2147 E PERFHAL-RESOURCEQS: PERFHAL-RESOURCEQS: AddAndApply() 159: Failed to apply optimization [10, 8]
03-02 19:53:30.884  3784  6815 E WindowOrganizerController: Trying to start a transition that isn't collecting. This probably means Shell took too long to respond to a request. WM State may be incorrect now, please file a bug
03-02 19:53:30.885  5411  5411 E MultiSpringDynamicAnimationa4d2dc2: ERROR Not Found Bundle Radius
03-02 19:53:30.885  5411  5411 E MultiSpringDynamicAnimationa4d2dc2: ERROR Not Found Bundle SurfaceExtAlpha
03-02 19:53:30.885  5411  5411 E MultiSpringDynamicAnimationa4d2dc2: ERROR Not Found Bundle appLeashBlurRadius
03-02 19:53:30.885  5411  5411 E MultiSpringDynamicAnimationa4d2dc2: ERROR Not Found Bundle SurfaceExtAlpha
03-02 19:53:30.885  5411  5411 E MultiSpringDynamicAnimationa4d2dc2: ERROR Not Found Bundle SurfaceExtAlpha
03-02 19:53:30.885  5411  5411 E MultiSpringDynamicAnimationa4d2dc2: ERROR Not Found Bundle appLeashBlurRadius
03-02 19:53:30.885  5411  5411 E Launcher.application: setClickAppWaitForCallback = false
03-02 19:53:30.888  5411  6217 E WindowTransitionCompat: startAnimation isFastLaunch = true
03-02 19:53:30.888  5411  6454 E WindowTransitionCompat: 0, check isClosingType type = 1, mode = 1
03-02 19:53:30.888  5411  6454 E WindowTransitionCompat: 1, check isClosingType type = 2, mode = 4
03-02 19:53:30.895  3784  5355 E BarFollowAnimation: navBarVisible throw Exception
03-02 19:53:30.898  1763  1805 E traffic : add TrafficMobileLimiter whitelist 10142
03-02 19:53:30.903  3784  5213 E PerfShielderService: onScenarioChanged end type: 296 time:427821803, startTime : 427821780
03-02 19:53:30.906  1925  1925 E qspmHal : GPU profile file NOT found !!
03-02 19:53:30.907  9130 10403 E ContentCatcherManager: failed to get ContentCatcherService.
03-02 19:53:30.907  9130 10403 E ContentCatcherManager: failed to get ContentCatcherService.
03-02 19:53:30.908 13538 16551 E SuggestManager: openApp name = com.android.mms
03-02 19:53:30.909  5411  5411 E ClipAnimationHelper: updateSourceStack  mSourceInsets=Rect(0, 0 - 0, 0), mSourceStackBounds=Rect(0, 0 - 1440, 3200)
03-02 19:53:30.909  5411  5411 E ClipAnimationHelper: updateHomeStack  mSourceInsets=Rect(0, 0 - 0, 0), mHomeStackBounds=Rect(0, 0 - 1440, 3200)
03-02 19:53:30.909  5411  5411 E WindowAnimParamsProvider: getWindowTargetBounds    bounds=Rect(0, 0 - 1440, 3200)
03-02 19:53:30.909  5411  5411 E ClipAnimationHelper: updateTargetRect  mSourceRect=RectF(0.0, 0.0, 1440.0, 3200.0)   mTargetRect=RectF(0.0, 0.0, 1440.0, 3200.0)   mSourceWindowClipInsets=RectF(0.0, 0.0, 0.0, 0.0)   mHomeStackBounds=Rect(0, 0 - 1440, 3200)   targetRect=Rect(0, 0 - 1440, 3200)
03-02 19:53:30.909  5411  5411 E MultiSpringDynamicAnimationa4d2dc2: ERROR Not Found Bundle SurfaceExtAlpha
03-02 19:53:30.909  5411  5411 E MultiSpringDynamicAnimationa4d2dc2: ERROR Not Found Bundle Radius
03-02 19:53:30.909  5411  5411 E MultiSpringDynamicAnimationa4d2dc2: ERROR Not Found Bundle appLeashBlurRadius
03-02 19:53:30.910  2064  5151 E ConversionHelperAidl: Function: parseAndSetVendorParameters Line: 94 Failed 
03-02 19:53:30.910  2064  5151 E ConversionHelperAidl: Function: parseAndSetVendorParameters Line: 94 Failed 
03-02 19:53:30.910  2064  5151 E ConversionHelperAidl: Function: parseAndSetVendorParameters Line: 94 Failed 
03-02 19:53:30.911  3784  6820 E TransitionChain: Can't collect into a chain with no transition
03-02 19:53:30.911  3784  6820 E TransitionChain: Can't collect into a chain with no transition
03-02 19:53:30.913  5411  8182 E ActivityManagerWrapper: get all recent tasks force including -1 userId =0
03-02 19:53:30.924  5411  8182 E ActivityManagerWrapper: getRecentTasksForceIncludingTaskIdIfValid: getRecentTasks: size=10
03-02 19:53:30.924  5411  8182 E ActivityManagerWrapper:  mainTaskId=26232   userId=0   windowMode=1   isExcludedFromRecents=false   baseIntent=Intent { act=android.intent.action.MAIN flag=270532608 cmp=ComponentInfo{com.android.mms/com.android.mms.ui.MmsTabActivity} }
03-02 19:53:30.924  5411  8182 E ActivityManagerWrapper:  mainTaskId=26230   userId=0   windowMode=1   isExcludedFromRecents=false   baseIntent=Intent { act=android.intent.action.MAIN flag=270532608 cmp=ComponentInfo{com.smartsales.prism/com.smartsales.prism.PrismMainActivity} }
03-02 19:53:30.924  5411  8182 E ActivityManagerWrapper:  mainTaskId=26231   userId=0   windowMode=1   isExcludedFromRecents=false   baseIntent=Intent { act=miui.intent.action.SET_FIREWALL flag=335544320 cmp=ComponentInfo{com.miui.securitycenter/com.miui.antispam.ui.activity.MainActivity} }
03-02 19:53:30.924  5411  8182 E ActivityManagerWrapper:  mainTaskId=26172   userId=0   windowMode=1   isExcludedFromRecents=false   baseIntent=Intent { act=android.intent.action.MAIN flag=271581184 cmp=ComponentInfo{com.tencent.mm/com.tencent.mm.ui.LauncherUI} }
03-02 19:53:30.924  5411  8182 E ActivityManagerWrapper:  mainTaskId=26221   userId=0   windowMode=1   isExcludedFromRecents=false   baseIntent=Intent { act=android.settings.APPLICATION_DETAILS_SETTINGS flag=268468224 cmp=ComponentInfo{com.android.settings/com.android.settings.applications.InstalledAppDetails} }
03-02 19:53:30.924  5411  8182 E ActivityManagerWrapper:  mainTaskId=26219   userId=0   windowMode=1   isExcludedFromRecents=false   baseIntent=Intent { act=android.intent.action.MAIN flag=270532608 cmp=ComponentInfo{com.android.camera/com.android.camera.Camera} }
03-02 19:53:30.924  5411  8182 E ActivityManagerWrapper:  mainTaskId=26218   userId=0   windowMode=1   isExcludedFromRecents=false   baseIntent=Intent { act=android.intent.action.MAIN flag=270532608 cmp=ComponentInfo{com.miui.gallery/com.miui.gallery.activity.HomePageActivity} }
03-02 19:53:30.924  5411  8182 E ActivityManagerWrapper:  mainTaskId=26208   userId=0   windowMode=1   isExcludedFromRecents=false   baseIntent=Intent { act=android.intent.action.MAIN flag=270532608 cmp=ComponentInfo{cn.wch.bledemo/cn.wch.bledemo.host.ScanActivity} }
03-02 19:53:30.924  5411  8182 E ActivityManagerWrapper:  mainTaskId=26189   userId=0   windowMode=0   isExcludedFromRecents=false   baseIntent=Intent { act=null flag=268435456 cmp=ComponentInfo{com.miui.voiceassist/com.xiaomi.voiceassistant.TabHostMainActivity} }
03-02 19:53:30.924  5411  8182 E ActivityManagerWrapper:  mainTaskId=26178   userId=0   windowMode=0   isExcludedFromRecents=false   baseIntent=Intent { act=null flag=268435456 cmp=ComponentInfo{com.android.soundrecorder/com.android.soundrecorder.RecordPreviewActivity} }
03-02 19:53:30.934 13538 16739 E b       : insert result = 56174
03-02 19:53:30.942  5411  8182 E ScreenElementRoot: load error, manifest root is null
03-02 19:53:30.943  9130  9130 E SmsApplication: com.android.mms lost android:read_cell_broadcasts:  (no permission to fix)
03-02 19:53:30.953  9130  9130 E MI-PreRender: init cloud whiteList failed
03-02 19:53:30.963  9130  9130 E NestedHeaderLayout: maskBackground error java.lang.NullPointerException: Attempt to invoke virtual method 'android.graphics.drawable.Drawable android.graphics.drawable.Drawable.mutate()' on a null object reference
03-02 19:53:30.973  9130  9130 E NativeTurboSchedManagerJni: open /dev/metis failed!
03-02 19:53:30.973  9130  9130 E TurboSchedMonitor: failed to find setSchedAffinity method com.android.mms
03-02 19:53:30.974  9130  9130 E NativeTurboSchedManagerJni: open /dev/metis failed!
03-02 19:53:30.974  9130  9130 E TurboSchedMonitor: failed to find setSchedAffinity method com.android.mms
03-02 19:53:30.977  5411  8182 E ActivityManagerWrapper: get all recent tasks force including -1 userId =0
03-02 19:53:30.980  5411  8182 E ActivityManagerWrapper: getRecentTasksForceIncludingTaskIdIfValid: getRecentTasks: size=10
03-02 19:53:30.980  5411  8182 E ActivityManagerWrapper:  mainTaskId=26232   userId=0   windowMode=1   isExcludedFromRecents=false   baseIntent=Intent { act=android.intent.action.MAIN flag=270532608 cmp=ComponentInfo{com.android.mms/com.android.mms.ui.MmsTabActivity} }
03-02 19:53:30.980  5411  8182 E ActivityManagerWrapper:  mainTaskId=26230   userId=0   windowMode=1   isExcludedFromRecents=false   baseIntent=Intent { act=android.intent.action.MAIN flag=270532608 cmp=ComponentInfo{com.smartsales.prism/com.smartsales.prism.PrismMainActivity} }
03-02 19:53:30.980  5411  8182 E ActivityManagerWrapper:  mainTaskId=26231   userId=0   windowMode=1   isExcludedFromRecents=false   baseIntent=Intent { act=miui.intent.action.SET_FIREWALL flag=335544320 cmp=ComponentInfo{com.miui.securitycenter/com.miui.antispam.ui.activity.MainActivity} }
03-02 19:53:30.980  5411  8182 E ActivityManagerWrapper:  mainTaskId=26172   userId=0   windowMode=1   isExcludedFromRecents=false   baseIntent=Intent { act=android.intent.action.MAIN flag=271581184 cmp=ComponentInfo{com.tencent.mm/com.tencent.mm.ui.LauncherUI} }
03-02 19:53:30.980  5411  8182 E ActivityManagerWrapper:  mainTaskId=26221   userId=0   windowMode=1   isExcludedFromRecents=false   baseIntent=Intent { act=android.settings.APPLICATION_DETAILS_SETTINGS flag=268468224 cmp=ComponentInfo{com.android.settings/com.android.settings.applications.InstalledAppDetails} }
03-02 19:53:30.980  5411  8182 E ActivityManagerWrapper:  mainTaskId=26219   userId=0   windowMode=1   isExcludedFromRecents=false   baseIntent=Intent { act=android.intent.action.MAIN flag=270532608 cmp=ComponentInfo{com.android.camera/com.android.camera.Camera} }
03-02 19:53:30.980  5411  8182 E ActivityManagerWrapper:  mainTaskId=26218   userId=0   windowMode=1   isExcludedFromRecents=false   baseIntent=Intent { act=android.intent.action.MAIN flag=270532608 cmp=ComponentInfo{com.miui.gallery/com.miui.gallery.activity.HomePageActivity} }
03-02 19:53:30.980  5411  8182 E ActivityManagerWrapper:  mainTaskId=26208   userId=0   windowMode=1   isExcludedFromRecents=false   baseIntent=Intent { act=android.intent.action.MAIN flag=270532608 cmp=ComponentInfo{cn.wch.bledemo/cn.wch.bledemo.host.ScanActivity} }
03-02 19:53:30.980  5411  8182 E ActivityManagerWrapper:  mainTaskId=26189   userId=0   windowMode=0   isExcludedFromRecents=false   baseIntent=Intent { act=null flag=268435456 cmp=ComponentInfo{com.miui.voiceassist/com.xiaomi.voiceassistant.TabHostMainActivity} }
03-02 19:53:30.980  5411  8182 E ActivityManagerWrapper:  mainTaskId=26178   userId=0   windowMode=0   isExcludedFromRecents=false   baseIntent=Intent { act=null flag=268435456 cmp=ComponentInfo{com.android.soundrecorder/com.android.soundrecorder.RecordPreviewActivity} }
03-02 19:53:30.981  3784  3927 E MiuiBatteryIntelligence: handleSensorSceneChanged error cause : java.lang.NullPointerException: Attempt to invoke virtual method 'void com.android.server.MiuiBatteryIntelligence$SensorChargeScence.startStateCharge(int)' on a null object reference
03-02 19:53:30.990  9130  9130 E CommonConversation: is not support beidou
03-02 19:53:30.995  1763  1805 E traffic : add TrafficMobileLimiter whitelist 10161
03-02 19:53:31.012  2064  5151 E ConversionHelperAidl: Function: parseAndSetVendorParameters Line: 94 Failed 
03-02 19:53:31.012  2064  5151 E ConversionHelperAidl: Function: parseAndSetVendorParameters Line: 94 Failed 
03-02 19:53:31.012  2064  5151 E ConversionHelperAidl: Function: parseAndSetVendorParameters Line: 94 Failed 
03-02 19:53:31.046  1763  1805 E traffic : updateWifiUploadLimiter, 522, limit is invalid.
03-02 19:53:31.047  9130  9130 E ConstraintLayout: layout_constraintWidth_default="wrap" is deprecated.
03-02 19:53:31.047  9130  9130 E ConstraintLayout: Use layout_width="WRAP_CONTENT" and layout_constrainedWidth="true" instead.
03-02 19:53:31.072  9130  9130 E ConstraintLayout: layout_constraintWidth_default="wrap" is deprecated.
03-02 19:53:31.072  9130  9130 E ConstraintLayout: Use layout_width="WRAP_CONTENT" and layout_constrainedWidth="true" instead.
03-02 19:53:31.076  9130  9130 E ConstraintLayout: layout_constraintWidth_default="wrap" is deprecated.
03-02 19:53:31.076  9130  9130 E ConstraintLayout: Use layout_width="WRAP_CONTENT" and layout_constrainedWidth="true" instead.
03-02 19:53:31.090  1763  1805 E traffic : add TrafficMobileLimiter whitelist 10080
03-02 19:53:31.102  1763  1805 E traffic : add TrafficMobileLimiter whitelist 10196
03-02 19:53:31.125  1763  1805 E traffic : add TrafficMobileLimiter whitelist 10137
03-02 19:53:31.127  9130  9130 E SmsApplication: com.android.mms lost android:read_cell_broadcasts:  (no permission to fix)
03-02 19:53:31.129  6060  6120 E PhoneAdapter: get ntnphones failed, exception: java.lang.IllegalStateException: not support satellite!
03-02 19:53:31.134  9130  9130 E NativeTurboSchedManagerJni: open /dev/metis failed!
03-02 19:53:31.134  9130  9130 E TurboSchedMonitor: failed to find setSchedAffinity method com.android.mms
03-02 19:53:31.134  9130  9130 E NativeTurboSchedManagerJni: open /dev/metis failed!
03-02 19:53:31.134  9130  9130 E TurboSchedMonitor: failed to find setSchedAffinity method com.android.mms
03-02 19:53:31.137  5411  8182 E ActivityManagerWrapper: get all recent tasks force including -1 userId =0
03-02 19:53:31.142  5411  8182 E ActivityManagerWrapper: getRecentTasksForceIncludingTaskIdIfValid: getRecentTasks: size=10
03-02 19:53:31.142  5411  8182 E ActivityManagerWrapper:  mainTaskId=26232   userId=0   windowMode=1   isExcludedFromRecents=false   baseIntent=Intent { act=android.intent.action.MAIN flag=270532608 cmp=ComponentInfo{com.android.mms/com.android.mms.ui.MmsTabActivity} }
03-02 19:53:31.142  5411  8182 E ActivityManagerWrapper:  mainTaskId=26230   userId=0   windowMode=1   isExcludedFromRecents=false   baseIntent=Intent { act=android.intent.action.MAIN flag=270532608 cmp=ComponentInfo{com.smartsales.prism/com.smartsales.prism.PrismMainActivity} }
03-02 19:53:31.142  5411  8182 E ActivityManagerWrapper:  mainTaskId=26231   userId=0   windowMode=1   isExcludedFromRecents=false   baseIntent=Intent { act=miui.intent.action.SET_FIREWALL flag=335544320 cmp=ComponentInfo{com.miui.securitycenter/com.miui.antispam.ui.activity.MainActivity} }
03-02 19:53:31.142  5411  8182 E ActivityManagerWrapper:  mainTaskId=26172   userId=0   windowMode=1   isExcludedFromRecents=false   baseIntent=Intent { act=android.intent.action.MAIN flag=271581184 cmp=ComponentInfo{com.tencent.mm/com.tencent.mm.ui.LauncherUI} }
03-02 19:53:31.142  5411  8182 E ActivityManagerWrapper:  mainTaskId=26221   userId=0   windowMode=1   isExcludedFromRecents=false   baseIntent=Intent { act=android.settings.APPLICATION_DETAILS_SETTINGS flag=268468224 cmp=ComponentInfo{com.android.settings/com.android.settings.applications.InstalledAppDetails} }
03-02 19:53:31.142  5411  8182 E ActivityManagerWrapper:  mainTaskId=26219   userId=0   windowMode=1   isExcludedFromRecents=false   baseIntent=Intent { act=android.intent.action.MAIN flag=270532608 cmp=ComponentInfo{com.android.camera/com.android.camera.Camera} }
03-02 19:53:31.142  5411  8182 E ActivityManagerWrapper:  mainTaskId=26218   userId=0   windowMode=1   isExcludedFromRecents=false   baseIntent=Intent { act=android.intent.action.MAIN flag=270532608 cmp=ComponentInfo{com.miui.gallery/com.miui.gallery.activity.HomePageActivity} }
03-02 19:53:31.142  5411  8182 E ActivityManagerWrapper:  mainTaskId=26208   userId=0   windowMode=1   isExcludedFromRecents=false   baseIntent=Intent { act=android.intent.action.MAIN flag=270532608 cmp=ComponentInfo{cn.wch.bledemo/cn.wch.bledemo.host.ScanActivity} }
03-02 19:53:31.142  5411  8182 E ActivityManagerWrapper:  mainTaskId=26189   userId=0   windowMode=0   isExcludedFromRecents=false   baseIntent=Intent { act=null flag=268435456 cmp=ComponentInfo{com.miui.voiceassist/com.xiaomi.voiceassistant.TabHostMainActivity} }
03-02 19:53:31.142  5411  8182 E ActivityManagerWrapper:  mainTaskId=26178   userId=0   windowMode=0   isExcludedFromRecents=false   baseIntent=Intent { act=null flag=268435456 cmp=ComponentInfo{com.android.soundrecorder/com.android.soundrecorder.RecordPreviewActivity} }
03-02 19:53:31.162  9130 10452 E MxChannel: failed to get sim user, close channel aborted
03-02 19:53:31.175  6130  6130 E NotifCollection: No notification to remove with key 0|com.android.mms|114|null|10142 reason=8:REASON_APP_CANCEL
03-02 19:53:31.285  9130 10396 E Privacy_UpdateManager: handlePrivacyRevokeTask error, 
03-02 19:53:31.285  9130 10396 E Privacy_UpdateManager: org.json.JSONException: End of input at character 0 of 
03-02 19:53:31.285  9130 10396 E Privacy_UpdateManager: 	at org.json.JSONTokener.syntaxError(JSONTokener.java:469)
03-02 19:53:31.285  9130 10396 E Privacy_UpdateManager: 	at org.json.JSONTokener.nextValue(JSONTokener.java:101)
03-02 19:53:31.285  9130 10396 E Privacy_UpdateManager: 	at org.json.JSONObject.<init>(JSONObject.java:168)
03-02 19:53:31.285  9130 10396 E Privacy_UpdateManager: 	at org.json.JSONObject.<init>(JSONObject.java:185)
03-02 19:53:31.285  9130 10396 E Privacy_UpdateManager: 	at J3.f.a(Unknown Source:289)
03-02 19:53:31.285  9130 10396 E Privacy_UpdateManager: 	at J3.c.t(Unknown Source:221)
03-02 19:53:31.285  9130 10396 E Privacy_UpdateManager: 	at R9.h.run(Unknown Source:45)
03-02 19:53:31.285  9130 10396 E Privacy_UpdateManager: 	at java.util.concurrent.ThreadPoolExecutor.runWorker(ThreadPoolExecutor.java:1302)
03-02 19:53:31.285  9130 10396 E Privacy_UpdateManager: 	at java.util.concurrent.ThreadPoolExecutor$Worker.run(ThreadPoolExecutor.java:677)
03-02 19:53:31.285  9130 10396 E Privacy_UpdateManager: 	at java.lang.Thread.run(Thread.java:1119)
03-02 19:53:31.285  9130 10396 E PrivacyControlImpl: privacyUpdateCheck: -3:null
03-02 19:53:31.334  2653  2757 E MiuiBooster: "Unkwnow sched policy:-1073741825!!!"
03-02 19:53:31.334  2653  2757 E MiuiBooster: "pri is changed by others!!!"
03-02 19:53:31.360  9130 10395 E Privacy_UpdateManager: handlePrivacyRevokeTask error, 
03-02 19:53:31.360  9130 10395 E Privacy_UpdateManager: org.json.JSONException: End of input at character 0 of 
03-02 19:53:31.360  9130 10395 E Privacy_UpdateManager: 	at org.json.JSONTokener.syntaxError(JSONTokener.java:469)
03-02 19:53:31.360  9130 10395 E Privacy_UpdateManager: 	at org.json.JSONTokener.nextValue(JSONTokener.java:101)
03-02 19:53:31.360  9130 10395 E Privacy_UpdateManager: 	at org.json.JSONObject.<init>(JSONObject.java:168)
03-02 19:53:31.360  9130 10395 E Privacy_UpdateManager: 	at org.json.JSONObject.<init>(JSONObject.java:185)
03-02 19:53:31.360  9130 10395 E Privacy_UpdateManager: 	at J3.f.a(Unknown Source:289)
03-02 19:53:31.360  9130 10395 E Privacy_UpdateManager: 	at J3.c.t(Unknown Source:221)
03-02 19:53:31.360  9130 10395 E Privacy_UpdateManager: 	at R9.h.run(Unknown Source:45)
03-02 19:53:31.360  9130 10395 E Privacy_UpdateManager: 	at java.util.concurrent.ThreadPoolExecutor.runWorker(ThreadPoolExecutor.java:1302)
03-02 19:53:31.360  9130 10395 E Privacy_UpdateManager: 	at java.util.concurrent.ThreadPoolExecutor$Worker.run(ThreadPoolExecutor.java:677)
03-02 19:53:31.360  9130 10395 E Privacy_UpdateManager: 	at java.lang.Thread.run(Thread.java:1119)
03-02 19:53:31.360  9130 10395 E PrivacyControlImpl: privacyUpdateCheck: -3:null
03-02 19:53:31.430  9130 10398 E Privacy_UpdateManager: handlePrivacyRevokeTask error, 
03-02 19:53:31.430  9130 10398 E Privacy_UpdateManager: org.json.JSONException: End of input at character 0 of 
03-02 19:53:31.430  9130 10398 E Privacy_UpdateManager: 	at org.json.JSONTokener.syntaxError(JSONTokener.java:469)
03-02 19:53:31.430  9130 10398 E Privacy_UpdateManager: 	at org.json.JSONTokener.nextValue(JSONTokener.java:101)
03-02 19:53:31.430  9130 10398 E Privacy_UpdateManager: 	at org.json.JSONObject.<init>(JSONObject.java:168)
03-02 19:53:31.430  9130 10398 E Privacy_UpdateManager: 	at org.json.JSONObject.<init>(JSONObject.java:185)
03-02 19:53:31.430  9130 10398 E Privacy_UpdateManager: 	at J3.f.a(Unknown Source:289)
03-02 19:53:31.430  9130 10398 E Privacy_UpdateManager: 	at J3.c.t(Unknown Source:221)
03-02 19:53:31.430  9130 10398 E Privacy_UpdateManager: 	at R9.h.run(Unknown Source:45)
03-02 19:53:31.430  9130 10398 E Privacy_UpdateManager: 	at java.util.concurrent.ThreadPoolExecutor.runWorker(ThreadPoolExecutor.java:1302)
03-02 19:53:31.430  9130 10398 E Privacy_UpdateManager: 	at java.util.concurrent.ThreadPoolExecutor$Worker.run(ThreadPoolExecutor.java:677)
03-02 19:53:31.430  9130 10398 E Privacy_UpdateManager: 	at java.lang.Thread.run(Thread.java:1119)
03-02 19:53:31.430  9130 10398 E PrivacyControlImpl: privacyUpdateCheck: -3:null
03-02 19:53:31.457  3784  5113 E ProcessManager: error write exception log
03-02 19:53:31.467  3784  5113 E ProcessManager: error write exception log
03-02 19:53:31.572  5411  5411 E MultiSpringDynamicAnimationa4d2dc2: ERROR Not Found Bundle Radius
03-02 19:53:31.572  5411  5411 E WindowElementcd9c7d3: com.miui.home.recents.anim.FastLaunchWindowElement@cd9c7d3 finishTransition toHome = false isHalf = false runningTaskId = 0
03-02 19:53:31.572  5411  5411 E WindowTransitionCompat: com.android.systemui.shared.recents.system.WindowTransitionCompat@4e9fa09 finishTransition toHome = false
03-02 19:53:31.573  5411  5411 E FloatingIconView28887779: recycleView
03-02 19:53:31.579  1763  1805 E traffic : remove TrafficMobileLimiter whitelist 10187
03-02 19:53:31.586  1763  1805 E traffic : remove TrafficMobileLimiter whitelist 10140
03-02 19:53:31.590  1763  1805 E traffic : remove TrafficMobileLimiter whitelist 10135
03-02 19:53:31.593  1763  1805 E traffic : remove TrafficMobileLimiter whitelist 10134
03-02 19:53:31.597  9130 10431 E ErrorHandler:  JSON exception 
03-02 19:53:31.597  9130 10431 E ErrorHandler: org.json.JSONException: Value { of type java.lang.String cannot be converted to JSONObject
03-02 19:53:31.597  9130 10431 E ErrorHandler: 	at org.json.JSON.typeMismatch(JSON.java:112)
03-02 19:53:31.597  9130 10431 E ErrorHandler: 	at org.json.JSONObject.<init>(JSONObject.java:172)
03-02 19:53:31.597  9130 10431 E ErrorHandler: 	at org.json.JSONObject.<init>(JSONObject.java:185)
03-02 19:53:31.597  9130 10431 E ErrorHandler: 	at com.miui.smsextra.internal.http.request.ErrorHandler.handle(Unknown Source:117)
03-02 19:53:31.597  9130 10431 E ErrorHandler: 	at com.miui.smsextra.internal.http.request.HttpRequestImpl.tryRequest(Unknown Source:40)
03-02 19:53:31.597  9130 10431 E ErrorHandler: 	at com.miui.smsextra.internal.http.request.HttpRequestImpl.request(Unknown Source:50)
03-02 19:53:31.597  9130 10431 E ErrorHandler: 	at com.miui.smsextra.http.HttpRequest.request(Unknown Source:4)
03-02 19:53:31.597  9130 10431 E ErrorHandler: 	at com.miui.smsextra.http.HttpRequest$Builder.request(Unknown Source:4)
03-02 19:53:31.597  9130 10431 E ErrorHandler: 	at com.miui.smsextra.internal.yellowpage.number.AntispamCategoryUtils.loadCategoryInfo(Unknown Source:78)
03-02 19:53:31.597  9130 10431 E ErrorHandler: 	at com.miui.smsextra.internal.yellowpage.number.AntispamCategoryUtils.b(Unknown Source:0)
03-02 19:53:31.597  9130 10431 E ErrorHandler: 	at com.miui.smsextra.internal.yellowpage.number.AntispamCategoryUtils$2.run(Unknown Source:4)
03-02 19:53:31.597  9130 10431 E ErrorHandler: 	at java.util.concurrent.ThreadPoolExecutor.runWorker(ThreadPoolExecutor.java:1302)
03-02 19:53:31.597  9130 10431 E ErrorHandler: 	at java.util.concurrent.ThreadPoolExecutor$Worker.run(ThreadPoolExecutor.java:677)
03-02 19:53:31.597  9130 10431 E ErrorHandler: 	at java.lang.Thread.run(Thread.java:1119)
03-02 19:53:31.602  5411  6370 E com.miui.home: [passBlur-5411] detachFromView: abandoned SurfaceTexture
03-02 19:53:31.603  5411  5411 E Launcher.application: setClickAppWaitForCallback = false
03-02 19:53:31.718  9130 10431 E ErrorHandler:  JSON exception 
03-02 19:53:31.718  9130 10431 E ErrorHandler: org.json.JSONException: Value { of type java.lang.String cannot be converted to JSONObject
03-02 19:53:31.718  9130 10431 E ErrorHandler: 	at org.json.JSON.typeMismatch(JSON.java:112)
03-02 19:53:31.718  9130 10431 E ErrorHandler: 	at org.json.JSONObject.<init>(JSONObject.java:172)
03-02 19:53:31.718  9130 10431 E ErrorHandler: 	at org.json.JSONObject.<init>(JSONObject.java:185)
03-02 19:53:31.718  9130 10431 E ErrorHandler: 	at com.miui.smsextra.internal.http.request.ErrorHandler.handle(Unknown Source:117)
03-02 19:53:31.718  9130 10431 E ErrorHandler: 	at com.miui.smsextra.internal.http.request.HttpRequestImpl.tryRequest(Unknown Source:40)
03-02 19:53:31.718  9130 10431 E ErrorHandler: 	at com.miui.smsextra.internal.http.request.HttpRequestImpl.request(Unknown Source:50)
03-02 19:53:31.718  9130 10431 E ErrorHandler: 	at com.miui.smsextra.http.HttpRequest.request(Unknown Source:4)
03-02 19:53:31.718  9130 10431 E ErrorHandler: 	at com.miui.smsextra.http.HttpRequest$Builder.request(Unknown Source:4)
03-02 19:53:31.718  9130 10431 E ErrorHandler: 	at com.miui.smsextra.internal.yellowpage.number.AntispamCategoryUtils.loadCategoryInfo(Unknown Source:78)
03-02 19:53:31.718  9130 10431 E ErrorHandler: 	at com.miui.smsextra.internal.yellowpage.number.AntispamCategoryUtils.b(Unknown Source:0)
03-02 19:53:31.718  9130 10431 E ErrorHandler: 	at com.miui.smsextra.internal.yellowpage.number.AntispamCategoryUtils$2.run(Unknown Source:4)
03-02 19:53:31.718  9130 10431 E ErrorHandler: 	at java.util.concurrent.ThreadPoolExecutor.runWorker(ThreadPoolExecutor.java:1302)
03-02 19:53:31.718  9130 10431 E ErrorHandler: 	at java.util.concurrent.ThreadPoolExecutor$Worker.run(ThreadPoolExecutor.java:677)
03-02 19:53:31.718  9130 10431 E ErrorHandler: 	at java.lang.Thread.run(Thread.java:1119)
03-02 19:53:31.867  9130 10431 E ErrorHandler:  JSON exception 
03-02 19:53:31.867  9130 10431 E ErrorHandler: org.json.JSONException: Value { of type java.lang.String cannot be converted to JSONObject
03-02 19:53:31.867  9130 10431 E ErrorHandler: 	at org.json.JSON.typeMismatch(JSON.java:112)
03-02 19:53:31.867  9130 10431 E ErrorHandler: 	at org.json.JSONObject.<init>(JSONObject.java:172)
03-02 19:53:31.867  9130 10431 E ErrorHandler: 	at org.json.JSONObject.<init>(JSONObject.java:185)
03-02 19:53:31.867  9130 10431 E ErrorHandler: 	at com.miui.smsextra.internal.http.request.ErrorHandler.handle(Unknown Source:117)
03-02 19:53:31.867  9130 10431 E ErrorHandler: 	at com.miui.smsextra.internal.http.request.HttpRequestImpl.tryRequest(Unknown Source:40)
03-02 19:53:31.867  9130 10431 E ErrorHandler: 	at com.miui.smsextra.internal.http.request.HttpRequestImpl.request(Unknown Source:50)
03-02 19:53:31.867  9130 10431 E ErrorHandler: 	at com.miui.smsextra.http.HttpRequest.request(Unknown Source:4)
03-02 19:53:31.867  9130 10431 E ErrorHandler: 	at com.miui.smsextra.http.HttpRequest$Builder.request(Unknown Source:4)
03-02 19:53:31.867  9130 10431 E ErrorHandler: 	at com.miui.smsextra.internal.yellowpage.number.AntispamCategoryUtils.loadCategoryInfo(Unknown Source:78)
03-02 19:53:31.867  9130 10431 E ErrorHandler: 	at com.miui.smsextra.internal.yellowpage.number.AntispamCategoryUtils.b(Unknown Source:0)
03-02 19:53:31.867  9130 10431 E ErrorHandler: 	at com.miui.smsextra.internal.yellowpage.number.AntispamCategoryUtils$2.run(Unknown Source:4)
03-02 19:53:31.867  9130 10431 E ErrorHandler: 	at java.util.concurrent.ThreadPoolExecutor.runWorker(ThreadPoolExecutor.java:1302)
03-02 19:53:31.867  9130 10431 E ErrorHandler: 	at java.util.concurrent.ThreadPoolExecutor$Worker.run(ThreadPoolExecutor.java:677)
03-02 19:53:31.867  9130 10431 E ErrorHandler: 	at java.lang.Thread.run(Thread.java:1119)
03-02 19:53:31.870  1912  2148 E ANDR-PERF: ExtendedPerfBoost: trigger_rearm_timer() 179: setthermalbreak req empty boostparam=boost:0
03-02 19:53:32.208  9130 10431 E ErrorHandler:  JSON exception 
03-02 19:53:32.208  9130 10431 E ErrorHandler: org.json.JSONException: Value { of type java.lang.String cannot be converted to JSONObject
03-02 19:53:32.208  9130 10431 E ErrorHandler: 	at org.json.JSON.typeMismatch(JSON.java:112)
03-02 19:53:32.208  9130 10431 E ErrorHandler: 	at org.json.JSONObject.<init>(JSONObject.java:172)
03-02 19:53:32.208  9130 10431 E ErrorHandler: 	at org.json.JSONObject.<init>(JSONObject.java:185)
03-02 19:53:32.208  9130 10431 E ErrorHandler: 	at com.miui.smsextra.internal.http.request.ErrorHandler.handle(Unknown Source:117)
03-02 19:53:32.208  9130 10431 E ErrorHandler: 	at com.miui.smsextra.internal.http.request.HttpRequestImpl.tryRequest(Unknown Source:40)
03-02 19:53:32.208  9130 10431 E ErrorHandler: 	at com.miui.smsextra.internal.http.request.HttpRequestImpl.request(Unknown Source:50)
03-02 19:53:32.208  9130 10431 E ErrorHandler: 	at com.miui.smsextra.http.HttpRequest.request(Unknown Source:4)
03-02 19:53:32.208  9130 10431 E ErrorHandler: 	at com.miui.smsextra.http.HttpRequest$Builder.request(Unknown Source:4)
03-02 19:53:32.208  9130 10431 E ErrorHandler: 	at com.miui.smsextra.internal.yellowpage.number.AntispamCategoryUtils.loadCategoryInfo(Unknown Source:78)
03-02 19:53:32.208  9130 10431 E ErrorHandler: 	at com.miui.smsextra.internal.yellowpage.number.AntispamCategoryUtils.b(Unknown Source:0)
03-02 19:53:32.208  9130 10431 E ErrorHandler: 	at com.miui.smsextra.internal.yellowpage.number.AntispamCategoryUtils$2.run(Unknown Source:4)
03-02 19:53:32.208  9130 10431 E ErrorHandler: 	at java.util.concurrent.ThreadPoolExecutor.runWorker(ThreadPoolExecutor.java:1302)
03-02 19:53:32.208  9130 10431 E ErrorHandler: 	at java.util.concurrent.ThreadPoolExecutor$Worker.run(ThreadPoolExecutor.java:677)
03-02 19:53:32.208  9130 10431 E ErrorHandler: 	at java.lang.Thread.run(Thread.java:1119)
03-02 19:53:32.360  9130 10431 E ErrorHandler:  JSON exception 
03-02 19:53:32.360  9130 10431 E ErrorHandler: org.json.JSONException: Value { of type java.lang.String cannot be converted to JSONObject
03-02 19:53:32.360  9130 10431 E ErrorHandler: 	at org.json.JSON.typeMismatch(JSON.java:112)
03-02 19:53:32.360  9130 10431 E ErrorHandler: 	at org.json.JSONObject.<init>(JSONObject.java:172)
03-02 19:53:32.360  9130 10431 E ErrorHandler: 	at org.json.JSONObject.<init>(JSONObject.java:185)
03-02 19:53:32.360  9130 10431 E ErrorHandler: 	at com.miui.smsextra.internal.http.request.ErrorHandler.handle(Unknown Source:117)
03-02 19:53:32.360  9130 10431 E ErrorHandler: 	at com.miui.smsextra.internal.http.request.HttpRequestImpl.tryRequest(Unknown Source:40)
03-02 19:53:32.360  9130 10431 E ErrorHandler: 	at com.miui.smsextra.internal.http.request.HttpRequestImpl.request(Unknown Source:50)
03-02 19:53:32.360  9130 10431 E ErrorHandler: 	at com.miui.smsextra.http.HttpRequest.request(Unknown Source:4)
03-02 19:53:32.360  9130 10431 E ErrorHandler: 	at com.miui.smsextra.http.HttpRequest$Builder.request(Unknown Source:4)
03-02 19:53:32.360  9130 10431 E ErrorHandler: 	at com.miui.smsextra.internal.yellowpage.number.AntispamCategoryUtils.loadCategoryInfo(Unknown Source:78)
03-02 19:53:32.360  9130 10431 E ErrorHandler: 	at com.miui.smsextra.internal.yellowpage.number.AntispamCategoryUtils.b(Unknown Source:0)
03-02 19:53:32.360  9130 10431 E ErrorHandler: 	at com.miui.smsextra.internal.yellowpage.number.AntispamCategoryUtils$2.run(Unknown Source:4)
03-02 19:53:32.360  9130 10431 E ErrorHandler: 	at java.util.concurrent.ThreadPoolExecutor.runWorker(ThreadPoolExecutor.java:1302)
03-02 19:53:32.360  9130 10431 E ErrorHandler: 	at java.util.concurrent.ThreadPoolExecutor$Worker.run(ThreadPoolExecutor.java:677)
03-02 19:53:32.360  9130 10431 E ErrorHandler: 	at java.lang.Thread.run(Thread.java:1119)
03-02 19:53:32.485  9130 10431 E ErrorHandler:  JSON exception 
03-02 19:53:32.485  9130 10431 E ErrorHandler: org.json.JSONException: Value { of type java.lang.String cannot be converted to JSONObject
03-02 19:53:32.485  9130 10431 E ErrorHandler: 	at org.json.JSON.typeMismatch(JSON.java:112)
03-02 19:53:32.485  9130 10431 E ErrorHandler: 	at org.json.JSONObject.<init>(JSONObject.java:172)
03-02 19:53:32.485  9130 10431 E ErrorHandler: 	at org.json.JSONObject.<init>(JSONObject.java:185)
03-02 19:53:32.485  9130 10431 E ErrorHandler: 	at com.miui.smsextra.internal.http.request.ErrorHandler.handle(Unknown Source:117)
03-02 19:53:32.485  9130 10431 E ErrorHandler: 	at com.miui.smsextra.internal.http.request.HttpRequestImpl.tryRequest(Unknown Source:40)
03-02 19:53:32.485  9130 10431 E ErrorHandler: 	at com.miui.smsextra.internal.http.request.HttpRequestImpl.request(Unknown Source:50)
03-02 19:53:32.485  9130 10431 E ErrorHandler: 	at com.miui.smsextra.http.HttpRequest.request(Unknown Source:4)
03-02 19:53:32.485  9130 10431 E ErrorHandler: 	at com.miui.smsextra.http.HttpRequest$Builder.request(Unknown Source:4)
03-02 19:53:32.485  9130 10431 E ErrorHandler: 	at com.miui.smsextra.internal.yellowpage.number.AntispamCategoryUtils.loadCategoryInfo(Unknown Source:78)
03-02 19:53:32.485  9130 10431 E ErrorHandler: 	at com.miui.smsextra.internal.yellowpage.number.AntispamCategoryUtils.b(Unknown Source:0)
03-02 19:53:32.485  9130 10431 E ErrorHandler: 	at com.miui.smsextra.internal.yellowpage.number.AntispamCategoryUtils$2.run(Unknown Source:4)
03-02 19:53:32.485  9130 10431 E ErrorHandler: 	at java.util.concurrent.ThreadPoolExecutor.runWorker(ThreadPoolExecutor.java:1302)
03-02 19:53:32.485  9130 10431 E ErrorHandler: 	at java.util.concurrent.ThreadPoolExecutor$Worker.run(ThreadPoolExecutor.java:677)
03-02 19:53:32.485  9130 10431 E ErrorHandler: 	at java.lang.Thread.run(Thread.java:1119)
03-02 19:53:32.493 10486 10486 E Zygote  : process_name_ptr:10486 com.android.vending
03-02 19:53:32.493 10486 10486 E Zygote  : SetMemoryProtected process_name_ptr:10486 com.android.vending
03-02 19:53:32.505 10486 10486 E android.vending: Not starting debugger since process cannot load the jdwp agent.
03-02 19:53:32.551  2064  2405 E ConversionHelperAidl: Function: parseAndSetVendorParameters Line: 94 Failed 
03-02 19:53:32.551  2064  2405 E ConversionHelperAidl: Function: parseAndSetVendorParameters Line: 94 Failed 
03-02 19:53:32.551  2064  2405 E ConversionHelperAidl: Function: parseAndSetVendorParameters Line: 94 Failed 
03-02 19:53:32.559  6060  6060 E SatelliteController: registerForSatelliteModemStateChanged: mSatelliteSessionController is not initialized yet
03-02 19:53:32.559  6060  6060 E SatelliteController: unregisterForModemStateChanged: mSatelliteSessionController is not initialized yet
03-02 19:53:32.560  6060  6060 E SatelliteController: registerForSatelliteModemStateChanged: mSatelliteSessionController is not initialized yet
03-02 19:53:32.560  6060  6060 E SatelliteController: unregisterForModemStateChanged: mSatelliteSessionController is not initialized yet
03-02 19:53:32.560 10486 10516 E ashmem  : Pinning is deprecated since Android Q. Please use trim or other methods.
03-02 19:53:32.572  6060  6120 E PhoneAdapter: get ntnphones failed, exception: java.lang.IllegalStateException: not support satellite!
03-02 19:53:32.573  6060  6120 E PhoneAdapter: get ntnphones failed, exception: java.lang.IllegalStateException: not support satellite!
03-02 19:53:32.585  6060  6060 E SatelliteController: registerForSatelliteModemStateChanged: mSatelliteSessionController is not initialized yet
03-02 19:53:32.585  6060  6060 E SatelliteController: unregisterForModemStateChanged: mSatelliteSessionController is not initialized yet
03-02 19:53:32.586  6060  6060 E SatelliteController: registerForSatelliteModemStateChanged: mSatelliteSessionController is not initialized yet
03-02 19:53:32.586  6060  6060 E SatelliteController: unregisterForModemStateChanged: mSatelliteSessionController is not initialized yet
