03-02 19:53:42.641  1912  2147 E PERFHAL-UTIL: PERFHAL-UTIL: save_node_val() 266: Failed to read /sys/class/mmc_host/mmc0/clk_scaling/enable
03-02 19:53:42.641  1912  2147 E PERFHAL-OPTSHANDLER: PERFHAL-OPTSHANDLER: modify_sysfsnode() 1409: Failed to read /sys/class/mmc_host/mmc0/clk_scaling/enable
03-02 19:53:42.641  1912  2147 E PERFHAL-RESOURCEQS: PERFHAL-RESOURCEQS: AddAndApply() 159: Failed to apply optimization [11, 4]
03-02 19:53:42.642  8074 10844 E ANDR-PERF-CLIENT-SYS: death recipent object is fine
03-02 19:53:42.648  5411  5411 E MultiSpringDynamicAnimation150ed8b: ERROR Not Found Bundle Radius
03-02 19:53:42.648  5411  5411 E MultiSpringDynamicAnimation150ed8b: ERROR Not Found Bundle SurfaceExtAlpha
03-02 19:53:42.648  5411  5411 E MultiSpringDynamicAnimation150ed8b: ERROR Not Found Bundle appLeashBlurRadius
03-02 19:53:42.648  5411  5411 E MultiSpringDynamicAnimation150ed8b: ERROR Not Found Bundle SurfaceExtAlpha
03-02 19:53:42.648  5411  5411 E MultiSpringDynamicAnimation150ed8b: ERROR Not Found Bundle SurfaceExtAlpha
03-02 19:53:42.648  5411  5411 E MultiSpringDynamicAnimation150ed8b: ERROR Not Found Bundle appLeashBlurRadius
03-02 19:53:42.648  5411  5411 E Launcher.application: setClickAppWaitForCallback = false
03-02 19:53:42.657  1925  1925 E qspmHal : GPU profile file NOT found !!
03-02 19:53:42.658  2653  2750 E MiuiBooster: "MSG_CANCEL_PRIORITY: getpriority failed, 127, No such process"
03-02 19:53:42.659  2653  2757 E MiuiBooster: "requestThreadPriority fail:rel=-38,tid=127,No such process"
03-02 19:53:42.659  3784  6349 E NativeTurboSchedManagerJni: ioctl 8 failed!
03-02 19:53:42.659  3784  5200 E HyperSentinel: ->pid:8074,processName:"com.android.contacts",Rss Memory Size Change 136552kb -> 182948kb
03-02 19:53:42.659  5411  8182 E ActivityManagerWrapper: get all recent tasks force including -1 userId =0
03-02 19:53:42.662  5411  6441 E WindowTransitionCompat: startAnimation isFastLaunch = true
03-02 19:53:42.663  5411  6454 E WindowTransitionCompat: 0, check isClosingType type = 1, mode = 1
03-02 19:53:42.663  5411  6454 E WindowTransitionCompat: 1, check isClosingType type = 2, mode = 4
03-02 19:53:42.666  5411  8182 E ActivityManagerWrapper: getRecentTasksForceIncludingTaskIdIfValid: getRecentTasks: size=10
03-02 19:53:42.666  5411  8182 E ActivityManagerWrapper:  mainTaskId=26233   userId=0   windowMode=1   isExcludedFromRecents=false   baseIntent=Intent { act=android.intent.action.MAIN flag=270532608 cmp=ComponentInfo{com.android.contacts/com.android.contacts.activities.TwelveKeyDialer} }
03-02 19:53:42.666  5411  8182 E ActivityManagerWrapper:  mainTaskId=26232   userId=0   windowMode=1   isExcludedFromRecents=false   baseIntent=Intent { act=android.intent.action.MAIN flag=270532608 cmp=ComponentInfo{com.android.mms/com.android.mms.ui.MmsTabActivity} }
03-02 19:53:42.666  5411  8182 E ActivityManagerWrapper:  mainTaskId=26230   userId=0   windowMode=1   isExcludedFromRecents=false   baseIntent=Intent { act=android.intent.action.MAIN flag=270532608 cmp=ComponentInfo{com.smartsales.prism/com.smartsales.prism.PrismMainActivity} }
03-02 19:53:42.666  5411  8182 E ActivityManagerWrapper:  mainTaskId=26231   userId=0   windowMode=1   isExcludedFromRecents=false   baseIntent=Intent { act=miui.intent.action.SET_FIREWALL flag=335544320 cmp=ComponentInfo{com.miui.securitycenter/com.miui.antispam.ui.activity.MainActivity} }
03-02 19:53:42.666  5411  8182 E ActivityManagerWrapper:  mainTaskId=26172   userId=0   windowMode=1   isExcludedFromRecents=false   baseIntent=Intent { act=android.intent.action.MAIN flag=271581184 cmp=ComponentInfo{com.tencent.mm/com.tencent.mm.ui.LauncherUI} }
03-02 19:53:42.666  5411  8182 E ActivityManagerWrapper:  mainTaskId=26221   userId=0   windowMode=1   isExcludedFromRecents=false   baseIntent=Intent { act=android.settings.APPLICATION_DETAILS_SETTINGS flag=268468224 cmp=ComponentInfo{com.android.settings/com.android.settings.applications.InstalledAppDetails} }
03-02 19:53:42.666  5411  8182 E ActivityManagerWrapper:  mainTaskId=26219   userId=0   windowMode=1   isExcludedFromRecents=false   baseIntent=Intent { act=android.intent.action.MAIN flag=270532608 cmp=ComponentInfo{com.android.camera/com.android.camera.Camera} }
03-02 19:53:42.666  5411  8182 E ActivityManagerWrapper:  mainTaskId=26218   userId=0   windowMode=1   isExcludedFromRecents=false   baseIntent=Intent { act=android.intent.action.MAIN flag=270532608 cmp=ComponentInfo{com.miui.gallery/com.miui.gallery.activity.HomePageActivity} }
03-02 19:53:42.666  5411  8182 E ActivityManagerWrapper:  mainTaskId=26208   userId=0   windowMode=1   isExcludedFromRecents=false   baseIntent=Intent { act=android.intent.action.MAIN flag=270532608 cmp=ComponentInfo{cn.wch.bledemo/cn.wch.bledemo.host.ScanActivity} }
03-02 19:53:42.666  5411  8182 E ActivityManagerWrapper:  mainTaskId=26189   userId=0   windowMode=0   isExcludedFromRecents=false   baseIntent=Intent { act=null flag=268435456 cmp=ComponentInfo{com.miui.voiceassist/com.xiaomi.voiceassistant.TabHostMainActivity} }
03-02 19:53:42.675  2064  2405 E ConversionHelperAidl: Function: parseAndSetVendorParameters Line: 94 Failed 
03-02 19:53:42.675  2064  2405 E ConversionHelperAidl: Function: parseAndSetVendorParameters Line: 94 Failed 
03-02 19:53:42.675  2064  2405 E ConversionHelperAidl: Function: parseAndSetVendorParameters Line: 94 Failed 
03-02 19:53:42.677  5411  8182 E ActivityManagerWrapper: get all recent tasks force including -1 userId =0
03-02 19:53:42.679  5411  5411 E ClipAnimationHelper: updateSourceStack  mSourceInsets=Rect(0, 0 - 0, 0), mSourceStackBounds=Rect(0, 0 - 1440, 3200)
03-02 19:53:42.679  5411  5411 E ClipAnimationHelper: updateHomeStack  mSourceInsets=Rect(0, 0 - 0, 0), mHomeStackBounds=Rect(0, 0 - 1440, 3200)
03-02 19:53:42.679  5411  5411 E WindowAnimParamsProvider: getWindowTargetBounds    bounds=Rect(0, 0 - 1440, 3200)
03-02 19:53:42.679  5411  5411 E ClipAnimationHelper: updateTargetRect  mSourceRect=RectF(0.0, 0.0, 1440.0, 3200.0)   mTargetRect=RectF(0.0, 0.0, 1440.0, 3200.0)   mSourceWindowClipInsets=RectF(0.0, 0.0, 0.0, 0.0)   mHomeStackBounds=Rect(0, 0 - 1440, 3200)   targetRect=Rect(0, 0 - 1440, 3200)
03-02 19:53:42.679  5411  5411 E MultiSpringDynamicAnimation150ed8b: ERROR Not Found Bundle SurfaceExtAlpha
03-02 19:53:42.680  5411  5411 E MultiSpringDynamicAnimation150ed8b: ERROR Not Found Bundle Radius
03-02 19:53:42.680  5411  5411 E MultiSpringDynamicAnimation150ed8b: ERROR Not Found Bundle appLeashBlurRadius
03-02 19:53:42.680  5411  8182 E ActivityManagerWrapper: getRecentTasksForceIncludingTaskIdIfValid: getRecentTasks: size=10
03-02 19:53:42.680  5411  8182 E ActivityManagerWrapper:  mainTaskId=26233   userId=0   windowMode=1   isExcludedFromRecents=false   baseIntent=Intent { act=android.intent.action.MAIN flag=270532608 cmp=ComponentInfo{com.android.contacts/com.android.contacts.activities.TwelveKeyDialer} }
03-02 19:53:42.680  5411  8182 E ActivityManagerWrapper:  mainTaskId=26232   userId=0   windowMode=1   isExcludedFromRecents=false   baseIntent=Intent { act=android.intent.action.MAIN flag=270532608 cmp=ComponentInfo{com.android.mms/com.android.mms.ui.MmsTabActivity} }
03-02 19:53:42.680  5411  8182 E ActivityManagerWrapper:  mainTaskId=26230   userId=0   windowMode=1   isExcludedFromRecents=false   baseIntent=Intent { act=android.intent.action.MAIN flag=270532608 cmp=ComponentInfo{com.smartsales.prism/com.smartsales.prism.PrismMainActivity} }
03-02 19:53:42.680  5411  8182 E ActivityManagerWrapper:  mainTaskId=26231   userId=0   windowMode=1   isExcludedFromRecents=false   baseIntent=Intent { act=miui.intent.action.SET_FIREWALL flag=335544320 cmp=ComponentInfo{com.miui.securitycenter/com.miui.antispam.ui.activity.MainActivity} }
03-02 19:53:42.680  5411  8182 E ActivityManagerWrapper:  mainTaskId=26172   userId=0   windowMode=1   isExcludedFromRecents=false   baseIntent=Intent { act=android.intent.action.MAIN flag=271581184 cmp=ComponentInfo{com.tencent.mm/com.tencent.mm.ui.LauncherUI} }
03-02 19:53:42.680  5411  8182 E ActivityManagerWrapper:  mainTaskId=26221   userId=0   windowMode=1   isExcludedFromRecents=false   baseIntent=Intent { act=android.settings.APPLICATION_DETAILS_SETTINGS flag=268468224 cmp=ComponentInfo{com.android.settings/com.android.settings.applications.InstalledAppDetails} }
03-02 19:53:42.680  5411  8182 E ActivityManagerWrapper:  mainTaskId=26219   userId=0   windowMode=1   isExcludedFromRecents=false   baseIntent=Intent { act=android.intent.action.MAIN flag=270532608 cmp=ComponentInfo{com.android.camera/com.android.camera.Camera} }
03-02 19:53:42.680  5411  8182 E ActivityManagerWrapper:  mainTaskId=26218   userId=0   windowMode=1   isExcludedFromRecents=false   baseIntent=Intent { act=android.intent.action.MAIN flag=270532608 cmp=ComponentInfo{com.miui.gallery/com.miui.gallery.activity.HomePageActivity} }
03-02 19:53:42.680  5411  8182 E ActivityManagerWrapper:  mainTaskId=26208   userId=0   windowMode=1   isExcludedFromRecents=false   baseIntent=Intent { act=android.intent.action.MAIN flag=270532608 cmp=ComponentInfo{cn.wch.bledemo/cn.wch.bledemo.host.ScanActivity} }
03-02 19:53:42.680  5411  8182 E ActivityManagerWrapper:  mainTaskId=26189   userId=0   windowMode=0   isExcludedFromRecents=false   baseIntent=Intent { act=null flag=268435456 cmp=ComponentInfo{com.miui.voiceassist/com.xiaomi.voiceassistant.TabHostMainActivity} }
03-02 19:53:42.683  3784  6344 E TransitionChain: Can't collect into a chain with no transition
03-02 19:53:42.691 13538 16551 E SuggestManager: openApp name = com.android.contacts
03-02 19:53:42.698  3784  4705 E AlarmManager: not align this alarm: Alarm{ddc1b79 type 3 origWhen 514233601 whenElapsed 514233601 android}, reason=0
03-02 19:53:42.716  3784  6245 E TransitionChain: Can't collect into a chain with no transition
03-02 19:53:42.724  3784  5113 E ProcessManager: error write exception log
03-02 19:53:42.736 13538 16739 E b       : insert result = 56175
03-02 19:53:42.740  5411  8182 E ActivityManagerWrapper: get all recent tasks force including -1 userId =0
03-02 19:53:42.742  5411  8182 E ActivityManagerWrapper: getRecentTasksForceIncludingTaskIdIfValid: getRecentTasks: size=10
03-02 19:53:42.742  5411  8182 E ActivityManagerWrapper:  mainTaskId=26233   userId=0   windowMode=1   isExcludedFromRecents=false   baseIntent=Intent { act=android.intent.action.MAIN flag=270532608 cmp=ComponentInfo{com.android.contacts/com.android.contacts.activities.TwelveKeyDialer} }
03-02 19:53:42.742  5411  8182 E ActivityManagerWrapper:  mainTaskId=26232   userId=0   windowMode=1   isExcludedFromRecents=false   baseIntent=Intent { act=android.intent.action.MAIN flag=270532608 cmp=ComponentInfo{com.android.mms/com.android.mms.ui.MmsTabActivity} }
03-02 19:53:42.742  5411  8182 E ActivityManagerWrapper:  mainTaskId=26230   userId=0   windowMode=1   isExcludedFromRecents=false   baseIntent=Intent { act=android.intent.action.MAIN flag=270532608 cmp=ComponentInfo{com.smartsales.prism/com.smartsales.prism.PrismMainActivity} }
03-02 19:53:42.742  5411  8182 E ActivityManagerWrapper:  mainTaskId=26231   userId=0   windowMode=1   isExcludedFromRecents=false   baseIntent=Intent { act=miui.intent.action.SET_FIREWALL flag=335544320 cmp=ComponentInfo{com.miui.securitycenter/com.miui.antispam.ui.activity.MainActivity} }
03-02 19:53:42.742  5411  8182 E ActivityManagerWrapper:  mainTaskId=26172   userId=0   windowMode=1   isExcludedFromRecents=false   baseIntent=Intent { act=android.intent.action.MAIN flag=271581184 cmp=ComponentInfo{com.tencent.mm/com.tencent.mm.ui.LauncherUI} }
03-02 19:53:42.742  5411  8182 E ActivityManagerWrapper:  mainTaskId=26221   userId=0   windowMode=1   isExcludedFromRecents=false   baseIntent=Intent { act=android.settings.APPLICATION_DETAILS_SETTINGS flag=268468224 cmp=ComponentInfo{com.android.settings/com.android.settings.applications.InstalledAppDetails} }
03-02 19:53:42.742  5411  8182 E ActivityManagerWrapper:  mainTaskId=26219   userId=0   windowMode=1   isExcludedFromRecents=false   baseIntent=Intent { act=android.intent.action.MAIN flag=270532608 cmp=ComponentInfo{com.android.camera/com.android.camera.Camera} }
03-02 19:53:42.742  5411  8182 E ActivityManagerWrapper:  mainTaskId=26218   userId=0   windowMode=1   isExcludedFromRecents=false   baseIntent=Intent { act=android.intent.action.MAIN flag=270532608 cmp=ComponentInfo{com.miui.gallery/com.miui.gallery.activity.HomePageActivity} }
03-02 19:53:42.742  5411  8182 E ActivityManagerWrapper:  mainTaskId=26208   userId=0   windowMode=1   isExcludedFromRecents=false   baseIntent=Intent { act=android.intent.action.MAIN flag=270532608 cmp=ComponentInfo{cn.wch.bledemo/cn.wch.bledemo.host.ScanActivity} }
03-02 19:53:42.742  5411  8182 E ActivityManagerWrapper:  mainTaskId=26189   userId=0   windowMode=0   isExcludedFromRecents=false   baseIntent=Intent { act=null flag=268435456 cmp=ComponentInfo{com.miui.voiceassist/com.xiaomi.voiceassistant.TabHostMainActivity} }
03-02 19:53:42.757  8074  8074 E dialerContacts: bh is loaded isLoaderBusinessHallModule = true
03-02 19:53:42.757  8074  8074 E dialerContacts: bh is loaded isLoaderBusinessHallModule = true
03-02 19:53:42.757  8074  8074 E dialerContacts: bh is loaded isLoaderBusinessHallModule = true
03-02 19:53:42.757  8074  8074 E dialerContacts: bh is loaded init start
03-02 19:53:42.757  8074  8074 E dialerContacts: bh is loaded isLoaderBusinessHallModule = true
03-02 19:53:42.757  8074  8074 E dialerContacts: bh is loaded init end
03-02 19:53:42.761  3784  5200 E HyperSentinel: ->pid:3784,processName:"system_server",Rss Memory Size Change 810216kb -> 900580kb
03-02 19:53:42.762  3784  5200 E HyperSentinel: ->pid:8074,processName:"com.android.contacts",Rss Memory Size Change 182948kb -> 245780kb
03-02 19:53:42.777  2064  2405 E ConversionHelperAidl: Function: parseAndSetVendorParameters Line: 94 Failed 
03-02 19:53:42.778  2064  2405 E ConversionHelperAidl: Function: parseAndSetVendorParameters Line: 94 Failed 
03-02 19:53:42.778  2064  2405 E ConversionHelperAidl: Function: parseAndSetVendorParameters Line: 94 Failed 
03-02 19:53:42.780  8074 10893 E ContentCatcherManager: failed to get ContentCatcherService.
03-02 19:53:42.780  8074 10893 E ContentCatcherManager: failed to get ContentCatcherService.
03-02 19:53:42.822  1763  1805 E traffic : add TrafficMobileLimiter whitelist 10080
03-02 19:53:42.852  8074  8074 E MI-PreRender: init cloud whiteList failed
03-02 19:53:42.878  8074  8074 E ContactsLog: rebuildT9 alread rebuildT9
03-02 19:53:42.955  1887 24555 E sensors-hal: handle_sns_client_event:58, har: time = 427833873055401 data 0.000000
03-02 19:53:43.011  5411  8182 E ActivityManagerWrapper: get all recent tasks force including -1 userId =0
03-02 19:53:43.014  5411  8182 E ActivityManagerWrapper: getRecentTasksForceIncludingTaskIdIfValid: getRecentTasks: size=10
03-02 19:53:43.014  5411  8182 E ActivityManagerWrapper:  mainTaskId=26233   userId=0   windowMode=1   isExcludedFromRecents=false   baseIntent=Intent { act=android.intent.action.MAIN flag=270532608 cmp=ComponentInfo{com.android.contacts/com.android.contacts.activities.TwelveKeyDialer} }
03-02 19:53:43.014  5411  8182 E ActivityManagerWrapper:  mainTaskId=26232   userId=0   windowMode=1   isExcludedFromRecents=false   baseIntent=Intent { act=android.intent.action.MAIN flag=270532608 cmp=ComponentInfo{com.android.mms/com.android.mms.ui.MmsTabActivity} }
03-02 19:53:43.014  5411  8182 E ActivityManagerWrapper:  mainTaskId=26230   userId=0   windowMode=1   isExcludedFromRecents=false   baseIntent=Intent { act=android.intent.action.MAIN flag=270532608 cmp=ComponentInfo{com.smartsales.prism/com.smartsales.prism.PrismMainActivity} }
03-02 19:53:43.014  5411  8182 E ActivityManagerWrapper:  mainTaskId=26231   userId=0   windowMode=1   isExcludedFromRecents=false   baseIntent=Intent { act=miui.intent.action.SET_FIREWALL flag=335544320 cmp=ComponentInfo{com.miui.securitycenter/com.miui.antispam.ui.activity.MainActivity} }
03-02 19:53:43.014  5411  8182 E ActivityManagerWrapper:  mainTaskId=26172   userId=0   windowMode=1   isExcludedFromRecents=false   baseIntent=Intent { act=android.intent.action.MAIN flag=271581184 cmp=ComponentInfo{com.tencent.mm/com.tencent.mm.ui.LauncherUI} }
03-02 19:53:43.014  5411  8182 E ActivityManagerWrapper:  mainTaskId=26221   userId=0   windowMode=1   isExcludedFromRecents=false   baseIntent=Intent { act=android.settings.APPLICATION_DETAILS_SETTINGS flag=268468224 cmp=ComponentInfo{com.android.settings/com.android.settings.applications.InstalledAppDetails} }
03-02 19:53:43.014  5411  8182 E ActivityManagerWrapper:  mainTaskId=26219   userId=0   windowMode=1   isExcludedFromRecents=false   baseIntent=Intent { act=android.intent.action.MAIN flag=270532608 cmp=ComponentInfo{com.android.camera/com.android.camera.Camera} }
03-02 19:53:43.014  5411  8182 E ActivityManagerWrapper:  mainTaskId=26218   userId=0   windowMode=1   isExcludedFromRecents=false   baseIntent=Intent { act=android.intent.action.MAIN flag=270532608 cmp=ComponentInfo{com.miui.gallery/com.miui.gallery.activity.HomePageActivity} }
03-02 19:53:43.014  5411  8182 E ActivityManagerWrapper:  mainTaskId=26208   userId=0   windowMode=1   isExcludedFromRecents=false   baseIntent=Intent { act=android.intent.action.MAIN flag=270532608 cmp=ComponentInfo{cn.wch.bledemo/cn.wch.bledemo.host.ScanActivity} }
03-02 19:53:43.014  5411  8182 E ActivityManagerWrapper:  mainTaskId=26189   userId=0   windowMode=0   isExcludedFromRecents=false   baseIntent=Intent { act=null flag=268435456 cmp=ComponentInfo{com.miui.voiceassist/com.xiaomi.voiceassistant.TabHostMainActivity} }
03-02 19:53:43.071  1763  1805 E traffic : add TrafficMobileLimiter whitelist 10196
03-02 19:53:43.126  3784  5200 E HyperSentinel: ->pid:8074,processName:"com.android.contacts",Rss Memory Size Change 245780kb -> 308576kb
03-02 19:53:43.143  8074 10973 E AudioTrack: Failed to load XML file: odm/etc/audio/audio_lowpower_app_list.xml
03-02 19:53:43.159  2653  2757 E MiuiBooster: "Unkwnow sched policy:-1073741825!!!"
03-02 19:53:43.159  2653  2757 E MiuiBooster: "pri is changed by others!!!"
03-02 19:53:43.164  6060  6542 E PhoneAdapter: get ntnphones failed, exception: java.lang.IllegalStateException: not support satellite!
03-02 19:53:43.282  1897  3685 E AHAL_ModulePrimary_QTI: getVendorParameters: handled parameters 0 requested 1
03-02 19:53:43.282  2064  5107 E ConversionHelperAidl: Function: parseAndGetVendorParameters Line: 51 Failed 
03-02 19:53:43.282  2064  5107 E ConversionHelperAidl: Function: parseAndGetVendorParameters Line: 51 Failed 
03-02 19:53:43.282  2064  5107 E ConversionHelperAidl: Function: parseAndGetVendorParameters Line: 51 Failed 
03-02 19:53:43.282  2064  5107 E ConversionHelperAidl: Function: parseAndGetVendorParameters Line: 51 Failed 
03-02 19:53:43.285  2064  5107 E ConversionHelperAidl: Function: parseAndGetVendorParameters Line: 55 Failed 
03-02 19:53:43.344  5411  5411 E MultiSpringDynamicAnimation150ed8b: ERROR Not Found Bundle Radius
03-02 19:53:43.344  5411  5411 E WindowElementc57ae68: com.miui.home.recents.anim.FastLaunchWindowElement@c57ae68 finishTransition toHome = false isHalf = false runningTaskId = 0
03-02 19:53:43.344  5411  5411 E WindowTransitionCompat: com.android.systemui.shared.recents.system.WindowTransitionCompat@8d2f26 finishTransition toHome = false
03-02 19:53:43.345  5411  5411 E FloatingIconView2215add6: recycleView
03-02 19:53:43.350  1763  1805 E traffic : remove TrafficMobileLimiter whitelist 10187
03-02 19:53:43.355  1763  1805 E traffic : remove TrafficMobileLimiter whitelist 10140
03-02 19:53:43.356  1763  1805 E traffic : remove TrafficMobileLimiter whitelist 10135
03-02 19:53:43.358  1763  1805 E traffic : remove TrafficMobileLimiter whitelist 10134
03-02 19:53:43.365  5411  6370 E com.miui.home: [passBlur-5411] detachFromView: abandoned SurfaceTexture
03-02 19:53:43.366  5411  5411 E Launcher.application: setClickAppWaitForCallback = false
03-02 19:53:43.549  8074 10975 E ExternalAccountType: Unsupported attribute readOnly
03-02 19:53:43.637  1912  2148 E ANDR-PERF: ExtendedPerfBoost: trigger_rearm_timer() 179: setthermalbreak req empty boostparam=boost:0
03-02 19:53:44.153 10984 10984 E Zygote  : process_name_ptr:10984 com.android.server.telecom:ui
03-02 19:53:44.153 10984 10984 E Zygote  : SetMemoryProtected process_name_ptr:10984 com.android.server.telecom:ui
03-02 19:53:44.178 10984 10984 E rver.telecom:ui: Not starting debugger since process cannot load the jdwp agent.
03-02 19:53:44.284 10984 10984 E SmartArtRuntime: pkg or process null,not main process.
03-02 19:53:44.286 10984 11009 E ashmem  : Pinning is deprecated since Android Q. Please use trim or other methods.
03-02 19:53:44.296 10984 11004 E ANDR-PERF-CLIENT-SYS: death recipent object is fine
03-02 19:53:44.500  2078  2078 E DisplayModeController: setDesiredMode : Idle status skip setActiveMode, isDdicIdleMode: 1
03-02 19:53:44.517  1887 32718 E sensors-hal: handle_sns_client_event:54, knuckle_event: ts=427835435167849, event=0.000000 now = 427835435613402
03-02 19:53:44.572  1912  2147 E PERFHAL-UTIL: PERFHAL-UTIL: save_node_val() 266: Failed to read /sys/class/mmc_host/mmc0/clk_scaling/enable
03-02 19:53:44.572  1912  2147 E PERFHAL-OPTSHANDLER: PERFHAL-OPTSHANDLER: modify_sysfsnode() 1409: Failed to read /sys/class/mmc_host/mmc0/clk_scaling/enable
03-02 19:53:44.572  1912  2147 E PERFHAL-RESOURCEQS: PERFHAL-RESOURCEQS: AddAndApply() 159: Failed to apply optimization [11, 4]
03-02 19:53:44.574  1912  2165 E PERFHAL-SERVICE: PERFHAL-SERVICE: perfHintAsync() 599: perfHintAsync SubmitScenarioDRequest initcomplete
03-02 19:53:44.574  1912  2147 E PERFHAL-UTIL: PERFHAL-UTIL: save_node_val() 266: Failed to read /sys/class/mmc_host/mmc0/clk_scaling/enable
03-02 19:53:44.574  1912  2147 E PERFHAL-OPTSHANDLER: PERFHAL-OPTSHANDLER: modify_sysfsnode() 1409: Failed to read /sys/class/mmc_host/mmc0/clk_scaling/enable
03-02 19:53:44.574  1912  2147 E PERFHAL-RESOURCEQS: PERFHAL-RESOURCEQS: AddAndApply() 159: Failed to apply optimization [11, 4]
03-02 19:53:44.579  1912  1912 E PERFHAL-SERVICE: PERFHAL-SERVICE: perfHintAsync() 599: perfHintAsync SubmitScenarioDRequest initcomplete
03-02 19:53:44.579  1912  2165 E PERFHAL-SERVICE: PERFHAL-SERVICE: perfHintAsync() 599: perfHintAsync SubmitScenarioDRequest initcomplete
03-02 19:53:44.583  3784  6451 E TransitionChain: Mismatch between current collecting (TransitionRecord{a49a3d7 id=366 type=OPEN flags=0x0 c=[
03-02 19:53:44.583  3784  6451 E TransitionChain:    ChangeInfo{e821930 container=ActivityRecord{9467076 u0 com.miui.securitycenter/com.miui.antispam.ui.activity.MainActivity t26233} flags=0x0}
03-02 19:53:44.583  3784  6451 E TransitionChain:    ChangeInfo{c3189a9 container=Task{e85e45 #26233 type=standard A=10131:android.task.contacts} flags=0x0}
03-02 19:53:44.583  3784  6451 E TransitionChain:    ChangeInfo{abf4b2e container=OneHanded:0:14@91190725 flags=0x0}
03-02 19:53:44.583  3784  6451 E TransitionChain:    ChangeInfo{44fc4e1 container=ActivityRecord{128950926 u0 com.android.contacts/.activities.TwelveKeyDialer t26233} flags=0x0}
03-02 19:53:44.583  3784  6451 E TransitionChain:    ChangeInfo{fef36cf container=Display{#0 state=ON size=1440x3200 ROTATION_0} flags=0x0}
03-02 19:53:44.583  3784  6451 E TransitionChain:    ChangeInfo{ea7985c container=DefaultTaskDisplayArea@218719041 flags=0x0}
03-02 19:53:44.583  3784  6451 E TransitionChain: ]
03-02 19:53:44.583  3784  6451 E TransitionChain: }) and chain (TransitionRecord{a49a3d7 id=366 type=OPEN flags=0x0 c=[
03-02 19:53:44.583  3784  6451 E TransitionChain:    ChangeInfo{e821930 container=ActivityRecord{9467076 u0 com.miui.securitycenter/com.miui.antispam.ui.activity.MainActivity t26233} flags=0x0}
03-02 19:53:44.583  3784  6451 E TransitionChain:    ChangeInfo{c3189a9 container=Task{e85e45 #26233 type=standard A=10131:android.task.contacts} flags=0x0}
03-02 19:53:44.583  3784  6451 E TransitionChain:    ChangeInfo{abf4b2e container=OneHanded:0:14@91190725 flags=0x0}
03-02 19:53:44.583  3784  6451 E TransitionChain:    ChangeInfo{44fc4e1 container=ActivityRecord{128950926 u0 com.android.contacts/.activities.TwelveKeyDialer t26233} flags=0x0}
03-02 19:53:44.583  3784  6451 E TransitionChain:    ChangeInfo{fef36cf container=Display{#0 state=ON size=1440x3200 ROTATION_0} flags=0x0}
03-02 19:53:44.583  3784  6451 E TransitionChain:    ChangeInfo{ea7985c container=DefaultTaskDisplayArea@218719041 flags=0x0}
03-02 19:53:44.583  3784  6451 E TransitionChain: ]
03-02 19:53:44.583  3784  6451 E TransitionChain: })
03-02 19:53:44.583  1912  2147 E PERFHAL-UTIL: PERFHAL-UTIL: save_node_val() 266: Failed to read /sys/class/mmc_host/mmc0/clk_scaling/enable
03-02 19:53:44.583  1912  2147 E PERFHAL-OPTSHANDLER: PERFHAL-OPTSHANDLER: modify_sysfsnode() 1409: Failed to read /sys/class/mmc_host/mmc0/clk_scaling/enable
03-02 19:53:44.583  1912  2147 E PERFHAL-RESOURCEQS: PERFHAL-RESOURCEQS: AddAndApply() 159: Failed to apply optimization [11, 4]
03-02 19:53:44.584  3784  5348 E TransitionChain: Mismatch between current collecting (TransitionRecord{a49a3d7 id=366 type=OPEN flags=0x0 c=[
03-02 19:53:44.584  3784  5348 E TransitionChain:    ChangeInfo{e821930 container=ActivityRecord{9467076 u0 com.miui.securitycenter/com.miui.antispam.ui.activity.MainActivity t26233} flags=0x0}
03-02 19:53:44.584  3784  5348 E TransitionChain:    ChangeInfo{c3189a9 container=Task{e85e45 #26233 type=standard A=10131:android.task.contacts} flags=0x0}
03-02 19:53:44.584  3784  5348 E TransitionChain:    ChangeInfo{abf4b2e container=OneHanded:0:14@91190725 flags=0x0}
03-02 19:53:44.584  3784  5348 E TransitionChain:    ChangeInfo{44fc4e1 container=ActivityRecord{128950926 u0 com.android.contacts/.activities.TwelveKeyDialer t26233} flags=0x0}
03-02 19:53:44.584  3784  5348 E TransitionChain:    ChangeInfo{fef36cf container=Display{#0 state=ON size=1440x3200 ROTATION_0} flags=0x0}
03-02 19:53:44.584  3784  5348 E TransitionChain:    ChangeInfo{ea7985c container=DefaultTaskDisplayArea@218719041 flags=0x0}
03-02 19:53:44.584  3784  5348 E TransitionChain: ]
03-02 19:53:44.584  3784  5348 E TransitionChain: }) and chain (TransitionRecord{a49a3d7 id=366 type=OPEN flags=0x0 c=[
03-02 19:53:44.584  3784  5348 E TransitionChain:    ChangeInfo{e821930 container=ActivityRecord{9467076 u0 com.miui.securitycenter/com.miui.antispam.ui.activity.MainActivity t26233} flags=0x0}
03-02 19:53:44.584  3784  5348 E TransitionChain:    ChangeInfo{c3189a9 container=Task{e85e45 #26233 type=standard A=10131:android.task.contacts} flags=0x0}
03-02 19:53:44.584  3784  5348 E TransitionChain:    ChangeInfo{abf4b2e container=OneHanded:0:14@91190725 flags=0x0}
03-02 19:53:44.584  3784  5348 E TransitionChain:    ChangeInfo{44fc4e1 container=ActivityRecord{128950926 u0 com.android.contacts/.activities.TwelveKeyDialer t26233} flags=0x0}
03-02 19:53:44.584  3784  5348 E TransitionChain:    ChangeInfo{fef36cf container=Display{#0 state=ON size=1440x3200 ROTATION_0} flags=0x0}
03-02 19:53:44.584  3784  5348 E TransitionChain:    ChangeInfo{ea7985c container=DefaultTaskDisplayArea@218719041 flags=0x0}
03-02 19:53:44.584  3784  5348 E TransitionChain: ]
03-02 19:53:44.584  3784  5348 E TransitionChain: })
03-02 19:53:44.590  1763  1805 E traffic : add TrafficMobileLimiter whitelist 10161
03-02 19:53:44.592 16208  9734 E ContentCatcherManager: failed to get ContentCatcherService.
03-02 19:53:44.592 16208  9734 E ContentCatcherManager: failed to get ContentCatcherService.
03-02 19:53:44.592 13538 16551 E SuggestManager: openApp name = com.miui.securitycenter
03-02 19:53:44.594  2064  5107 E ConversionHelperAidl: Function: parseAndSetVendorParameters Line: 94 Failed 
03-02 19:53:44.594  2064  5107 E ConversionHelperAidl: Function: parseAndSetVendorParameters Line: 94 Failed 
03-02 19:53:44.594  2064  5107 E ConversionHelperAidl: Function: parseAndSetVendorParameters Line: 94 Failed 
03-02 19:53:44.621  3784  5596 E TransitionChain: Can't collect into a chain with no transition
03-02 19:53:44.683  2653  2750 E MiuiBooster: "MSG_CANCEL_PRIORITY: getpriority failed, 127, No such process"
03-02 19:53:44.683  5411  8182 E ActivityManagerWrapper: get all recent tasks force including -1 userId =0
03-02 19:53:44.683  3784  5596 E NativeTurboSchedManagerJni: ioctl 8 failed!
03-02 19:53:44.683  2653  2757 E MiuiBooster: "requestThreadPriority fail:rel=-38,tid=127,No such process"
03-02 19:53:44.685  5411  8182 E ActivityManagerWrapper: getRecentTasksForceIncludingTaskIdIfValid: getRecentTasks: size=10
03-02 19:53:44.685  5411  8182 E ActivityManagerWrapper:  mainTaskId=26233   userId=0   windowMode=1   isExcludedFromRecents=false   baseIntent=Intent { act=android.intent.action.MAIN flag=270532608 cmp=ComponentInfo{com.android.contacts/com.android.contacts.activities.TwelveKeyDialer} }
03-02 19:53:44.685  5411  8182 E ActivityManagerWrapper:  mainTaskId=26232   userId=0   windowMode=1   isExcludedFromRecents=false   baseIntent=Intent { act=android.intent.action.MAIN flag=270532608 cmp=ComponentInfo{com.android.mms/com.android.mms.ui.MmsTabActivity} }
03-02 19:53:44.685  5411  8182 E ActivityManagerWrapper:  mainTaskId=26230   userId=0   windowMode=1   isExcludedFromRecents=false   baseIntent=Intent { act=android.intent.action.MAIN flag=270532608 cmp=ComponentInfo{com.smartsales.prism/com.smartsales.prism.PrismMainActivity} }
03-02 19:53:44.685  5411  8182 E ActivityManagerWrapper:  mainTaskId=26231   userId=0   windowMode=1   isExcludedFromRecents=false   baseIntent=Intent { act=miui.intent.action.SET_FIREWALL flag=335544320 cmp=ComponentInfo{com.miui.securitycenter/com.miui.antispam.ui.activity.MainActivity} }
03-02 19:53:44.685  5411  8182 E ActivityManagerWrapper:  mainTaskId=26172   userId=0   windowMode=1   isExcludedFromRecents=false   baseIntent=Intent { act=android.intent.action.MAIN flag=271581184 cmp=ComponentInfo{com.tencent.mm/com.tencent.mm.ui.LauncherUI} }
03-02 19:53:44.685  5411  8182 E ActivityManagerWrapper:  mainTaskId=26221   userId=0   windowMode=1   isExcludedFromRecents=false   baseIntent=Intent { act=android.settings.APPLICATION_DETAILS_SETTINGS flag=268468224 cmp=ComponentInfo{com.android.settings/com.android.settings.applications.InstalledAppDetails} }
03-02 19:53:44.685  5411  8182 E ActivityManagerWrapper:  mainTaskId=26219   userId=0   windowMode=1   isExcludedFromRecents=false   baseIntent=Intent { act=android.intent.action.MAIN flag=270532608 cmp=ComponentInfo{com.android.camera/com.android.camera.Camera} }
03-02 19:53:44.685  5411  8182 E ActivityManagerWrapper:  mainTaskId=26218   userId=0   windowMode=1   isExcludedFromRecents=false   baseIntent=Intent { act=android.intent.action.MAIN flag=270532608 cmp=ComponentInfo{com.miui.gallery/com.miui.gallery.activity.HomePageActivity} }
03-02 19:53:44.685  5411  8182 E ActivityManagerWrapper:  mainTaskId=26208   userId=0   windowMode=1   isExcludedFromRecents=false   baseIntent=Intent { act=android.intent.action.MAIN flag=270532608 cmp=ComponentInfo{cn.wch.bledemo/cn.wch.bledemo.host.ScanActivity} }
03-02 19:53:44.685  5411  8182 E ActivityManagerWrapper:  mainTaskId=26189   userId=0   windowMode=0   isExcludedFromRecents=false   baseIntent=Intent { act=null flag=268435456 cmp=ComponentInfo{com.miui.voiceassist/com.xiaomi.voiceassistant.TabHostMainActivity} }
03-02 19:53:44.695  2064  5107 E ConversionHelperAidl: Function: parseAndSetVendorParameters Line: 94 Failed 
03-02 19:53:44.695  2064  5107 E ConversionHelperAidl: Function: parseAndSetVendorParameters Line: 94 Failed 
03-02 19:53:44.695  2064  5107 E ConversionHelperAidl: Function: parseAndSetVendorParameters Line: 94 Failed 
03-02 19:53:45.091  1763  6813 E traffic : remove TrafficMobileLimiter whitelist 10131
03-02 19:53:45.172  1912  2148 E ANDR-PERF: ExtendedPerfBoost: trigger_rearm_timer() 179: setthermalbreak req empty boostparam=boost:0
03-02 19:53:45.184  2653  2757 E MiuiBooster: "Unkwnow sched policy:-1073741825!!!"
03-02 19:53:45.184  2653  2757 E MiuiBooster: "pri is changed by others!!!"
03-02 19:53:45.407  2078  2078 E DisplayModeController: setDesiredMode : Idle status skip setActiveMode, isDdicIdleMode: 1
03-02 19:53:47.641  2078  2078 E DisplayModeController: setDesiredMode : Idle status skip setActiveMode, isDdicIdleMode: 1
03-02 19:53:47.646  1887 32718 E sensors-hal: handle_sns_client_event:54, knuckle_event: ts=427838564561859, event=0.000000 now = 427838564892932
03-02 19:53:47.746  1912  2147 E PERFHAL-UTIL: PERFHAL-UTIL: save_node_val() 266: Failed to read /sys/class/mmc_host/mmc0/clk_scaling/enable
03-02 19:53:47.746  1912  2147 E PERFHAL-OPTSHANDLER: PERFHAL-OPTSHANDLER: modify_sysfsnode() 1409: Failed to read /sys/class/mmc_host/mmc0/clk_scaling/enable
03-02 19:53:47.746  1912  2147 E PERFHAL-RESOURCEQS: PERFHAL-RESOURCEQS: AddAndApply() 159: Failed to apply optimization [11, 4]
03-02 19:53:47.748  1912  2165 E PERFHAL-SERVICE: PERFHAL-SERVICE: perfHintAsync() 599: perfHintAsync SubmitScenarioDRequest initcomplete
03-02 19:53:47.748  1912  2147 E PERFHAL-UTIL: PERFHAL-UTIL: save_node_val() 266: Failed to read /sys/class/mmc_host/mmc0/clk_scaling/enable
03-02 19:53:47.748  1912  2147 E PERFHAL-OPTSHANDLER: PERFHAL-OPTSHANDLER: modify_sysfsnode() 1409: Failed to read /sys/class/mmc_host/mmc0/clk_scaling/enable
03-02 19:53:47.748  1912  2147 E PERFHAL-RESOURCEQS: PERFHAL-RESOURCEQS: AddAndApply() 159: Failed to apply optimization [11, 4]
03-02 19:53:47.753  1912  2165 E PERFHAL-SERVICE: PERFHAL-SERVICE: perfHintAsync() 599: perfHintAsync SubmitScenarioDRequest initcomplete
03-02 19:53:47.753  1912  2147 E PERFHAL-UTIL: PERFHAL-UTIL: save_node_val() 266: Failed to read /sys/class/mmc_host/mmc0/clk_scaling/enable
03-02 19:53:47.753  1912  2147 E PERFHAL-OPTSHANDLER: PERFHAL-OPTSHANDLER: modify_sysfsnode() 1409: Failed to read /sys/class/mmc_host/mmc0/clk_scaling/enable
03-02 19:53:47.753  1912  2147 E PERFHAL-RESOURCEQS: PERFHAL-RESOURCEQS: AddAndApply() 159: Failed to apply optimization [11, 4]
03-02 19:53:47.753  1912  2165 E PERFHAL-SERVICE: PERFHAL-SERVICE: perfHintAsync() 599: perfHintAsync SubmitScenarioDRequest initcomplete
03-02 19:53:47.756  3784  5631 E TransitionChain: Mismatch between current collecting (TransitionRecord{8c9ac50 id=367 type=OPEN flags=0x0 c=[
03-02 19:53:47.756  3784  5631 E TransitionChain:    ChangeInfo{acd0e26 container=ActivityRecord{9467076 u0 com.miui.securitycenter/com.miui.antispam.ui.activity.MainActivity t26233} flags=0x0}
03-02 19:53:47.756  3784  5631 E TransitionChain:    ChangeInfo{c7f2605 container=Task{e85e45 #26233 type=standard A=10131:android.task.contacts} flags=0x0}
03-02 19:53:47.756  3784  5631 E TransitionChain:    ChangeInfo{c96e65a container=OneHanded:0:14@91190725 flags=0x0}
03-02 19:53:47.756  3784  5631 E TransitionChain:    ChangeInfo{a0bb08b container=ActivityRecord{104787529 u0 com.miui.securitycenter/com.miui.antispam.ui.activity.CallLogListActivity t26233} flags=0x0}
03-02 19:53:47.756  3784  5631 E TransitionChain:    ChangeInfo{d46b568 container=Display{#0 state=ON size=1440x3200 ROTATION_0} flags=0x0}
03-02 19:53:47.756  3784  5631 E TransitionChain:    ChangeInfo{8d11d81 container=DefaultTaskDisplayArea@218719041 flags=0x0}
03-02 19:53:47.756  3784  5631 E TransitionChain: ]
03-02 19:53:47.756  3784  5631 E TransitionChain: }) and chain (TransitionRecord{8c9ac50 id=367 type=OPEN flags=0x0 c=[
03-02 19:53:47.756  3784  5631 E TransitionChain:    ChangeInfo{acd0e26 container=ActivityRecord{9467076 u0 com.miui.securitycenter/com.miui.antispam.ui.activity.MainActivity t26233} flags=0x0}
03-02 19:53:47.756  3784  5631 E TransitionChain:    ChangeInfo{c7f2605 container=Task{e85e45 #26233 type=standard A=10131:android.task.contacts} flags=0x0}
03-02 19:53:47.756  3784  5631 E TransitionChain:    ChangeInfo{c96e65a container=OneHanded:0:14@91190725 flags=0x0}
03-02 19:53:47.756  3784  5631 E TransitionChain:    ChangeInfo{a0bb08b container=ActivityRecord{104787529 u0 com.miui.securitycenter/com.miui.antispam.ui.activity.CallLogListActivity t26233} flags=0x0}
03-02 19:53:47.756  3784  5631 E TransitionChain:    ChangeInfo{d46b568 container=Display{#0 state=ON size=1440x3200 ROTATION_0} flags=0x0}
03-02 19:53:47.756  3784  5631 E TransitionChain:    ChangeInfo{8d11d81 container=DefaultTaskDisplayArea@218719041 flags=0x0}
03-02 19:53:47.756  3784  5631 E TransitionChain: ]
03-02 19:53:47.756  3784  5631 E TransitionChain: })
03-02 19:53:47.757 16208  9734 E ContentCatcherManager: failed to get ContentCatcherService.
03-02 19:53:47.758 16208  9734 E ContentCatcherManager: failed to get ContentCatcherService.
03-02 19:53:47.760  3784  5348 E TransitionChain: Mismatch between current collecting (TransitionRecord{8c9ac50 id=367 type=OPEN flags=0x0 c=[
03-02 19:53:47.760  3784  5348 E TransitionChain:    ChangeInfo{acd0e26 container=ActivityRecord{9467076 u0 com.miui.securitycenter/com.miui.antispam.ui.activity.MainActivity t26233} flags=0x0}
03-02 19:53:47.760  3784  5348 E TransitionChain:    ChangeInfo{c7f2605 container=Task{e85e45 #26233 type=standard A=10131:android.task.contacts} flags=0x0}
03-02 19:53:47.760  3784  5348 E TransitionChain:    ChangeInfo{c96e65a container=OneHanded:0:14@91190725 flags=0x0}
03-02 19:53:47.760  3784  5348 E TransitionChain:    ChangeInfo{a0bb08b container=ActivityRecord{104787529 u0 com.miui.securitycenter/com.miui.antispam.ui.activity.CallLogListActivity t26233} flags=0x0}
03-02 19:53:47.760  3784  5348 E TransitionChain:    ChangeInfo{d46b568 container=Display{#0 state=ON size=1440x3200 ROTATION_0} flags=0x0}
03-02 19:53:47.760  3784  5348 E TransitionChain:    ChangeInfo{8d11d81 container=DefaultTaskDisplayArea@218719041 flags=0x0}
03-02 19:53:47.760  3784  5348 E TransitionChain: ]
03-02 19:53:47.760  3784  5348 E TransitionChain: }) and chain (TransitionRecord{8c9ac50 id=367 type=OPEN flags=0x0 c=[
03-02 19:53:47.760  3784  5348 E TransitionChain:    ChangeInfo{acd0e26 container=ActivityRecord{9467076 u0 com.miui.securitycenter/com.miui.antispam.ui.activity.MainActivity t26233} flags=0x0}
03-02 19:53:47.760  3784  5348 E TransitionChain:    ChangeInfo{c7f2605 container=Task{e85e45 #26233 type=standard A=10131:android.task.contacts} flags=0x0}
03-02 19:53:47.760  3784  5348 E TransitionChain:    ChangeInfo{c96e65a container=OneHanded:0:14@91190725 flags=0x0}
03-02 19:53:47.760  3784  5348 E TransitionChain:    ChangeInfo{a0bb08b container=ActivityRecord{104787529 u0 com.miui.securitycenter/com.miui.antispam.ui.activity.CallLogListActivity t26233} flags=0x0}
03-02 19:53:47.760  3784  5348 E TransitionChain:    ChangeInfo{d46b568 container=Display{#0 state=ON size=1440x3200 ROTATION_0} flags=0x0}
03-02 19:53:47.760  3784  5348 E TransitionChain:    ChangeInfo{8d11d81 container=DefaultTaskDisplayArea@218719041 flags=0x0}
03-02 19:53:47.760  3784  5348 E TransitionChain: ]
03-02 19:53:47.760  3784  5348 E TransitionChain: })
03-02 19:53:47.787  3784  6088 E TransitionChain: Can't collect into a chain with no transition
03-02 19:53:47.787 11102 11102 E Zygote  : process_name_ptr:11102 com.android.calllogbackup
03-02 19:53:47.787 11102 11102 E Zygote  : SetMemoryProtected process_name_ptr:11102 com.android.calllogbackup
03-02 19:53:47.807 11102 11102 E d.calllogbackup: Not starting debugger since process cannot load the jdwp agent.
03-02 19:53:47.809 10486 10559 E Finsky  : [11904] pis.accept(117): GMS compliance query failed.
03-02 19:53:47.809 10486 10559 E Finsky  : com.google.common.util.concurrent.TimeoutFuture$TimeoutFutureException: Timed out (timeout delayed by 189 ms after scheduled time): atfw@34b2583[status=PENDING, setFuture=[gmf@2bf1300[status=PENDING, info=[tag=[amwc@5254739]]]]]
03-02 19:53:47.837 11102 11137 E ashmem  : Pinning is deprecated since Android Q. Please use trim or other methods.
03-02 19:53:47.850 11102 11133 E ANDR-PERF-CLIENT-SYS: death recipent object is fine
03-02 19:53:47.856  2653  2750 E MiuiBooster: "MSG_CANCEL_PRIORITY: getpriority failed, 127, No such process"
03-02 19:53:47.856  5411  8182 E ActivityManagerWrapper: get all recent tasks force including -1 userId =0
03-02 19:53:47.856  2653  2757 E MiuiBooster: "requestThreadPriority fail:rel=-38,tid=127,No such process"
03-02 19:53:47.856  3784  7229 E NativeTurboSchedManagerJni: ioctl 8 failed!
03-02 19:53:47.858  5411  8182 E ActivityManagerWrapper: getRecentTasksForceIncludingTaskIdIfValid: getRecentTasks: size=10
03-02 19:53:47.858  5411  8182 E ActivityManagerWrapper:  mainTaskId=26233   userId=0   windowMode=1   isExcludedFromRecents=false   baseIntent=Intent { act=android.intent.action.MAIN flag=270532608 cmp=ComponentInfo{com.android.contacts/com.android.contacts.activities.TwelveKeyDialer} }
03-02 19:53:47.858  5411  8182 E ActivityManagerWrapper:  mainTaskId=26232   userId=0   windowMode=1   isExcludedFromRecents=false   baseIntent=Intent { act=android.intent.action.MAIN flag=270532608 cmp=ComponentInfo{com.android.mms/com.android.mms.ui.MmsTabActivity} }
03-02 19:53:47.858  5411  8182 E ActivityManagerWrapper:  mainTaskId=26230   userId=0   windowMode=1   isExcludedFromRecents=false   baseIntent=Intent { act=android.intent.action.MAIN flag=270532608 cmp=ComponentInfo{com.smartsales.prism/com.smartsales.prism.PrismMainActivity} }
03-02 19:53:47.858  5411  8182 E ActivityManagerWrapper:  mainTaskId=26231   userId=0   windowMode=1   isExcludedFromRecents=false   baseIntent=Intent { act=miui.intent.action.SET_FIREWALL flag=335544320 cmp=ComponentInfo{com.miui.securitycenter/com.miui.antispam.ui.activity.MainActivity} }
03-02 19:53:47.858  5411  8182 E ActivityManagerWrapper:  mainTaskId=26172   userId=0   windowMode=1   isExcludedFromRecents=false   baseIntent=Intent { act=android.intent.action.MAIN flag=271581184 cmp=ComponentInfo{com.tencent.mm/com.tencent.mm.ui.LauncherUI} }
03-02 19:53:47.858  5411  8182 E ActivityManagerWrapper:  mainTaskId=26221   userId=0   windowMode=1   isExcludedFromRecents=false   baseIntent=Intent { act=android.settings.APPLICATION_DETAILS_SETTINGS flag=268468224 cmp=ComponentInfo{com.android.settings/com.android.settings.applications.InstalledAppDetails} }
03-02 19:53:47.858  5411  8182 E ActivityManagerWrapper:  mainTaskId=26219   userId=0   windowMode=1   isExcludedFromRecents=false   baseIntent=Intent { act=android.intent.action.MAIN flag=270532608 cmp=ComponentInfo{com.android.camera/com.android.camera.Camera} }
03-02 19:53:47.858  5411  8182 E ActivityManagerWrapper:  mainTaskId=26218   userId=0   windowMode=1   isExcludedFromRecents=false   baseIntent=Intent { act=android.intent.action.MAIN flag=270532608 cmp=ComponentInfo{com.miui.gallery/com.miui.gallery.activity.HomePageActivity} }
03-02 19:53:47.858  5411  8182 E ActivityManagerWrapper:  mainTaskId=26208   userId=0   windowMode=1   isExcludedFromRecents=false   baseIntent=Intent { act=android.intent.action.MAIN flag=270532608 cmp=ComponentInfo{cn.wch.bledemo/cn.wch.bledemo.host.ScanActivity} }
03-02 19:53:47.858  5411  8182 E ActivityManagerWrapper:  mainTaskId=26189   userId=0   windowMode=0   isExcludedFromRecents=false   baseIntent=Intent { act=null flag=268435456 cmp=ComponentInfo{com.miui.voiceassist/com.xiaomi.voiceassistant.TabHostMainActivity} }
03-02 19:53:48.346  1912  2148 E ANDR-PERF: ExtendedPerfBoost: trigger_rearm_timer() 179: setthermalbreak req empty boostparam=boost:0
03-02 19:53:48.357  2653  2757 E MiuiBooster: "Unkwnow sched policy:-1073741825!!!"
03-02 19:53:48.357  2653  2757 E MiuiBooster: "pri is changed by others!!!"
03-02 19:53:49.021  2078  2078 E DisplayModeController: setDesiredMode : Idle status skip setActiveMode, isDdicIdleMode: 1
03-02 19:53:49.029  1912  1912 E PERFHAL-SERVICE: PERFHAL-SERVICE: perfHintAsync() 599: perfHintAsync SubmitScenarioDRequest initcomplete
03-02 19:53:49.029  1912  2161 E PERFHAL-WLC-SCENARIO: PERFHAL-WLC-SCENARIO: GetWeight() 127: empty appName or WLC is not initialized
03-02 19:53:49.029  1912  2161 E PERFHAL-WLC-SCENARIO: PERFHAL-WLC-SCENARIO: GetWeight() 127: empty appName or WLC is not initialized
03-02 19:53:49.117  1912  2165 E PERFHAL-SERVICE: PERFHAL-SERVICE: perfHintAsync() 599: perfHintAsync SubmitScenarioDRequest initcomplete
03-02 19:53:49.117  1912  2161 E PERFHAL-WLC-SCENARIO: PERFHAL-WLC-SCENARIO: GetWeight() 127: empty appName or WLC is not initialized
03-02 19:53:49.121  3784  6822 E VibratorManagerServiceImpl: vibrationThreadSetParameters
03-02 19:53:49.123  2043  2604 E vendor.hardware.vibratorfeature: effiectId = 0
03-02 19:53:49.123  2043  2604 E vendor.hardware.vibratorfeature: amplitude write cirrus_amplitude 100
03-02 19:53:49.126  1912  2165 E PERFHAL-SERVICE: PERFHAL-SERVICE: perfHintAsync() 599: perfHintAsync SubmitScenarioDRequest initcomplete
03-02 19:53:49.126  1912  2147 E PERFHAL-UTIL: PERFHAL-UTIL: save_node_val() 266: Failed to read /sys/class/mmc_host/mmc0/clk_scaling/enable
03-02 19:53:49.126  1912  2147 E PERFHAL-OPTSHANDLER: PERFHAL-OPTSHANDLER: modify_sysfsnode() 1409: Failed to read /sys/class/mmc_host/mmc0/clk_scaling/enable
03-02 19:53:49.126  1912  2147 E PERFHAL-RESOURCEQS: PERFHAL-RESOURCEQS: AddAndApply() 159: Failed to apply optimization [11, 4]
03-02 19:53:49.132  3784  6822 E TransitionChain: Mismatch between current collecting (TransitionRecord{ca3907a id=368 type=CLOSE flags=0x0 c=[
03-02 19:53:49.132  3784  6822 E TransitionChain:    ChangeInfo{a281934 container=ActivityRecord{9467076 u0 com.miui.securitycenter/com.miui.antispam.ui.activity.MainActivity t26233} flags=0x0}
03-02 19:53:49.132  3784  6822 E TransitionChain:    ChangeInfo{5e02b container=Task{e85e45 #26233 type=standard A=10131:android.task.contacts} flags=0x0}
03-02 19:53:49.132  3784  6822 E TransitionChain:    ChangeInfo{90fbc88 container=OneHanded:0:14@91190725 flags=0x0}
03-02 19:53:49.132  3784  6822 E TransitionChain:    ChangeInfo{54e621 container=ActivityRecord{104787529 u0 com.miui.securitycenter/com.miui.antispam.ui.activity.CallLogListActivity t26233 f}} flags=0x0}
03-02 19:53:49.132  3784  6822 E TransitionChain:    ChangeInfo{ca3a46 container=Display{#0 state=ON size=1440x3200 ROTATION_0} flags=0x0}
03-02 19:53:49.132  3784  6822 E TransitionChain:    ChangeInfo{c005407 container=DefaultTaskDisplayArea@218719041 flags=0x0}
03-02 19:53:49.132  3784  6822 E TransitionChain: ]
03-02 19:53:49.132  3784  6822 E TransitionChain: }) and chain (TransitionRecord{ca3907a id=368 type=CLOSE flags=0x0 c=[
03-02 19:53:49.132  3784  6822 E TransitionChain:    ChangeInfo{a281934 container=ActivityRecord{9467076 u0 com.miui.securitycenter/com.miui.antispam.ui.activity.MainActivity t26233} flags=0x0}
03-02 19:53:49.132  3784  6822 E TransitionChain:    ChangeInfo{5e02b container=Task{e85e45 #26233 type=standard A=10131:android.task.contacts} flags=0x0}
03-02 19:53:49.132  3784  6822 E TransitionChain:    ChangeInfo{90fbc88 container=OneHanded:0:14@91190725 flags=0x0}
03-02 19:53:49.132  3784  6822 E TransitionChain:    ChangeInfo{54e621 container=ActivityRecord{104787529 u0 com.miui.securitycenter/com.miui.antispam.ui.activity.CallLogListActivity t26233 f}} flags=0x0}
03-02 19:53:49.132  3784  6822 E TransitionChain:    ChangeInfo{ca3a46 container=Display{#0 state=ON size=1440x3200 ROTATION_0} flags=0x0}
03-02 19:53:49.132  3784  6822 E TransitionChain:    ChangeInfo{c005407 container=DefaultTaskDisplayArea@218719041 flags=0x0}
03-02 19:53:49.132  3784  6822 E TransitionChain: ]
03-02 19:53:49.132  3784  6822 E TransitionChain: })
03-02 19:53:49.206  2043  2604 E vendor.hardware.vibratorfeature: effiectId = -1
03-02 19:53:49.229  2653  2750 E MiuiBooster: "MSG_CANCEL_PRIORITY: getpriority failed, 127, No such process"
03-02 19:53:49.229  5411  8182 E ActivityManagerWrapper: get all recent tasks force including -1 userId =0
03-02 19:53:49.229  2653  2757 E MiuiBooster: "requestThreadPriority fail:rel=-38,tid=127,No such process"
03-02 19:53:49.230  3784  7229 E NativeTurboSchedManagerJni: ioctl 8 failed!
03-02 19:53:49.233  5411  8182 E ActivityManagerWrapper: getRecentTasksForceIncludingTaskIdIfValid: getRecentTasks: size=10
03-02 19:53:49.233  5411  8182 E ActivityManagerWrapper:  mainTaskId=26233   userId=0   windowMode=1   isExcludedFromRecents=false   baseIntent=Intent { act=android.intent.action.MAIN flag=270532608 cmp=ComponentInfo{com.android.contacts/com.android.contacts.activities.TwelveKeyDialer} }
03-02 19:53:49.233  5411  8182 E ActivityManagerWrapper:  mainTaskId=26232   userId=0   windowMode=1   isExcludedFromRecents=false   baseIntent=Intent { act=android.intent.action.MAIN flag=270532608 cmp=ComponentInfo{com.android.mms/com.android.mms.ui.MmsTabActivity} }
03-02 19:53:49.233  5411  8182 E ActivityManagerWrapper:  mainTaskId=26230   userId=0   windowMode=1   isExcludedFromRecents=false   baseIntent=Intent { act=android.intent.action.MAIN flag=270532608 cmp=ComponentInfo{com.smartsales.prism/com.smartsales.prism.PrismMainActivity} }
03-02 19:53:49.233  5411  8182 E ActivityManagerWrapper:  mainTaskId=26231   userId=0   windowMode=1   isExcludedFromRecents=false   baseIntent=Intent { act=miui.intent.action.SET_FIREWALL flag=335544320 cmp=ComponentInfo{com.miui.securitycenter/com.miui.antispam.ui.activity.MainActivity} }
03-02 19:53:49.233  5411  8182 E ActivityManagerWrapper:  mainTaskId=26172   userId=0   windowMode=1   isExcludedFromRecents=false   baseIntent=Intent { act=android.intent.action.MAIN flag=271581184 cmp=ComponentInfo{com.tencent.mm/com.tencent.mm.ui.LauncherUI} }
03-02 19:53:49.233  5411  8182 E ActivityManagerWrapper:  mainTaskId=26221   userId=0   windowMode=1   isExcludedFromRecents=false   baseIntent=Intent { act=android.settings.APPLICATION_DETAILS_SETTINGS flag=268468224 cmp=ComponentInfo{com.android.settings/com.android.settings.applications.InstalledAppDetails} }
