03-02 19:53:58.852  5411  8182 E ActivityManagerWrapper:  mainTaskId=26231   userId=0   windowMode=1   isExcludedFromRecents=false   baseIntent=Intent { act=miui.intent.action.SET_FIREWALL flag=335544320 cmp=ComponentInfo{com.miui.securitycenter/com.miui.antispam.ui.activity.MainActivity} }
03-02 19:53:58.852  5411  8182 E ActivityManagerWrapper:  mainTaskId=26172   userId=0   windowMode=1   isExcludedFromRecents=false   baseIntent=Intent { act=android.intent.action.MAIN flag=271581184 cmp=ComponentInfo{com.tencent.mm/com.tencent.mm.ui.LauncherUI} }
03-02 19:53:58.852  5411  8182 E ActivityManagerWrapper:  mainTaskId=26221   userId=0   windowMode=1   isExcludedFromRecents=false   baseIntent=Intent { act=android.settings.APPLICATION_DETAILS_SETTINGS flag=268468224 cmp=ComponentInfo{com.android.settings/com.android.settings.applications.InstalledAppDetails} }
03-02 19:53:58.852  5411  8182 E ActivityManagerWrapper:  mainTaskId=26219   userId=0   windowMode=1   isExcludedFromRecents=false   baseIntent=Intent { act=android.intent.action.MAIN flag=270532608 cmp=ComponentInfo{com.android.camera/com.android.camera.Camera} }
03-02 19:53:58.852  5411  8182 E ActivityManagerWrapper:  mainTaskId=26218   userId=0   windowMode=1   isExcludedFromRecents=false   baseIntent=Intent { act=android.intent.action.MAIN flag=270532608 cmp=ComponentInfo{com.miui.gallery/com.miui.gallery.activity.HomePageActivity} }
03-02 19:53:58.852  5411  8182 E ActivityManagerWrapper:  mainTaskId=26208   userId=0   windowMode=1   isExcludedFromRecents=false   baseIntent=Intent { act=android.intent.action.MAIN flag=270532608 cmp=ComponentInfo{cn.wch.bledemo/cn.wch.bledemo.host.ScanActivity} }
03-02 19:53:58.852  5411  8182 E ActivityManagerWrapper:  mainTaskId=26189   userId=0   windowMode=0   isExcludedFromRecents=false   baseIntent=Intent { act=null flag=268435456 cmp=ComponentInfo{com.miui.voiceassist/com.xiaomi.voiceassistant.TabHostMainActivity} }
03-02 19:53:58.854  2064  4711 E ConversionHelperAidl: Function: parseAndSetVendorParameters Line: 94 Failed 
03-02 19:53:58.854  2064  4711 E ConversionHelperAidl: Function: parseAndSetVendorParameters Line: 94 Failed 
03-02 19:53:58.854  2064  4711 E ConversionHelperAidl: Function: parseAndSetVendorParameters Line: 94 Failed 
03-02 19:53:58.854 13538 16551 E SuggestManager: openApp name = com.miui.home
03-02 19:53:58.855  3784  4706 E JobScheduler.SSRU: Job is being prepared but doesn't have a pre-existing accountToJobMap
03-02 19:53:58.856  1763  1805 E traffic : add TrafficMobileLimiter whitelist 10135
03-02 19:53:58.857  1763  1805 E traffic : add TrafficMobileLimiter whitelist 10134
03-02 19:53:58.860  2064  4711 E ConversionHelperAidl: Function: parseAndSetVendorParameters Line: 94 Failed 
03-02 19:53:58.860  2064  4711 E ConversionHelperAidl: Function: parseAndSetVendorParameters Line: 94 Failed 
03-02 19:53:58.861  2064  4711 E ConversionHelperAidl: Function: parseAndSetVendorParameters Line: 94 Failed 
03-02 19:53:58.869  5411  6218 E ActivityManagerWrapper: IRecentsAnimationRunnerAtLeastS onAnimationStart, extra: Bundle[mParcelledData.dataSize=128]
03-02 19:53:58.870  3784  6348 E TransitionChain: Can't collect into a chain with no transition
03-02 19:53:58.870  5411  5411 E RotationHelper: setCurrentTransitionRequest: request=2
03-02 19:53:58.870  5411  5411 E RotationHelper: notifyChange activityFlags=1, mMultiWindowRotationRequest=3, mCurrentTransitionRequest=2, mCurrentStateRequest=0
03-02 19:53:58.872  3784  4012 E TransitionController: Set visible without transition WallpaperWindowToken{2412561 showWhenLocked=false} playing=true caller=com.android.server.wm.WallpaperControllerImpl.updateWallpaperTokens:178 
03-02 19:53:58.872  3784  4012 E TransitionController: Set visible without transition WallpaperWindowToken{4ea810d showWhenLocked=true} playing=true caller=com.android.server.wm.WallpaperControllerImpl.updateWallpaperTokens:178 
03-02 19:53:58.872  5411  5411 E BlurUtils: fastBlur ratio=0.0   withAnim=false   sBlurRatioValue=0.0
03-02 19:53:58.872  5411  6272 E Launcher: mFsGestureStatusRefreshRunnable:run usingFsGesture=true   show=true   focus=false   pause=false
03-02 19:53:58.873  5411  5411 E ClipAnimationHelper: updateSourceStack  mSourceInsets=Rect(0, 0 - 0, 0), mSourceStackBounds=Rect(0, 0 - 1440, 3200)
03-02 19:53:58.873  5411  5411 E ClipAnimationHelper: updateHomeStack  mSourceInsets=Rect(0, 0 - 0, 0), mHomeStackBounds=Rect(0, 0 - 0, 0)
03-02 19:53:58.873  5411  5411 E ClipAnimationHelper: updateSourceStack  mSourceInsets=Rect(0, 0 - 0, 0), mSourceStackBounds=Rect(0, 0 - 1440, 3200)
03-02 19:53:58.873  5411  5411 E ClipAnimationHelper: updateHomeStack  mSourceInsets=Rect(0, 0 - 0, 0), mHomeStackBounds=Rect(0, 0 - 0, 0)
03-02 19:53:58.873  5411  5411 E ClipAnimationHelper: updateTargetRect  mSourceRect=RectF(0.0, 0.0, 1440.0, 3195.1436)   mTargetRect=RectF(407.0, 0.0, 1033.0, 1389.0)   mSourceWindowClipInsets=RectF(0.0, 0.0, 0.0, 4.8564453)   mHomeStackBounds=Rect(0, 0 - 0, 0)   targetRect=Rect(407, 0 - 1033, 1389)
03-02 19:53:58.873  5411  5411 E ClipAnimationHelper: updateTargetRect  mSourceRect=RectF(0.0, 0.0, 1440.0, 3200.0)   mTargetRect=RectF(0.0, 0.0, 1440.0, 3200.0)   mSourceWindowClipInsets=RectF(0.0, 0.0, 0.0, 0.0)   mHomeStackBounds=Rect(0, 0 - 0, 0)   targetRect=Rect(0, 0 - 1440, 3200)
03-02 19:53:58.873  3784  4012 E TransitionController: Set visible without transition WallpaperWindowToken{2412561 showWhenLocked=false} playing=true caller=com.android.server.wm.WallpaperControllerImpl.updateWallpaperTokens:178 
03-02 19:53:58.873  3784  4012 E TransitionController: Set visible without transition WallpaperWindowToken{4ea810d showWhenLocked=true} playing=true caller=com.android.server.wm.WallpaperControllerImpl.updateWallpaperTokens:178 
03-02 19:53:58.874  5411  5411 E MultiSpringDynamicAnimation586f850: ERROR Not Found Bundle Radius
03-02 19:53:58.874  5411  5411 E MultiSpringDynamicAnimation586f850: ERROR Not Found Bundle SurfaceExtAlpha
03-02 19:53:58.874  5411  5411 E MultiSpringDynamicAnimation586f850: ERROR Not Found Bundle appLeashBlurRadius
03-02 19:53:58.874  5411  5411 E MultiSpringDynamicAnimation586f850: ERROR Not Found Bundle SurfaceExtAlpha
03-02 19:53:58.874  5411  5411 E MultiSpringDynamicAnimation586f850: ERROR Not Found Bundle SurfaceExtAlpha
03-02 19:53:58.874  5411  5411 E MultiSpringDynamicAnimation586f850: ERROR Not Found Bundle appLeashBlurRadius
03-02 19:53:58.874  3784  4690 E WindowManager:  source = Task{e85e45 #26233 type=standard A=10131:android.task.contacts} excludeMiuiNavBar = true excludeMiuiStatusBar = true excludeIme = false excludeNavBar = true miuiNavSurfaceControl = Surface(name=NavigationBar Container of Task = 26233#8090)/@0xe07599a miuiStatusSurfaceControl = Surface(name=StatusBar Container of Task = 26233#8091)/@0xd8a42cb
03-02 19:53:58.875  5411  5411 E MultiSpringDynamicAnimation586f850: ERROR Not Found Bundle Radius
03-02 19:53:58.875  5411  5411 E MultiSpringDynamicAnimation586f850: ERROR Not Found Bundle SurfaceExtAlpha
03-02 19:53:58.875  5411  5411 E MultiSpringDynamicAnimation586f850: ERROR Not Found Bundle appLeashBlurRadius
03-02 19:53:58.875  5411  5411 E MultiSpringDynamicAnimation586f850: ERROR Not Found Bundle SurfaceExtAlpha
03-02 19:53:58.878  2078  3775 E surfaceflinger: Cannot find perfservice
03-02 19:53:58.880  5411  5411 E MultiSpringDynamicAnimation586f850: ERROR Not Found Bundle Radius
03-02 19:53:58.881  1912  2165 E PERFHAL-SERVICE: PERFHAL-SERVICE: perfHintAsync() 599: perfHintAsync SubmitScenarioDRequest initcomplete
03-02 19:53:58.881  1912  2161 E PERFHAL-WLC-SCENARIO: PERFHAL-WLC-SCENARIO: GetWeight() 127: empty appName or WLC is not initialized
03-02 19:53:58.881  1912  2161 E PERFHAL-WLC-SCENARIO: PERFHAL-WLC-SCENARIO: GetWeight() 127: empty appName or WLC is not initialized
03-02 19:53:58.882  5411  5411 E MultiSpringDynamicAnimation586f850: ERROR Not Found Bundle Radius
03-02 19:53:58.882  5411  5411 E MultiSpringDynamicAnimation586f850: ERROR Not Found Bundle SurfaceExtAlpha
03-02 19:53:58.882  5411  5411 E MultiSpringDynamicAnimation586f850: ERROR Not Found Bundle appLeashBlurRadius
03-02 19:53:58.882  5411  5411 E MultiSpringDynamicAnimation586f850: ERROR Not Found Bundle SurfaceExtAlpha
03-02 19:53:58.888  5411  5411 E MultiSpringDynamicAnimation586f850: ERROR Not Found Bundle Radius
03-02 19:53:58.889  5411  5411 E MultiSpringDynamicAnimation586f850: ERROR Not Found Bundle Radius
03-02 19:53:58.889  5411  5411 E MultiSpringDynamicAnimation586f850: ERROR Not Found Bundle SurfaceExtAlpha
03-02 19:53:58.889  5411  5411 E MultiSpringDynamicAnimation586f850: ERROR Not Found Bundle appLeashBlurRadius
03-02 19:53:58.889  5411  5411 E MultiSpringDynamicAnimation586f850: ERROR Not Found Bundle SurfaceExtAlpha
03-02 19:53:58.896  3784  6455 E WindowManager:  source = Task{e85e45 #26233 type=standard A=10131:android.task.contacts} excludeMiuiNavBar = true excludeMiuiStatusBar = true excludeIme = false excludeNavBar = true miuiNavSurfaceControl = Surface(name=NavigationBar Container of Task = 26233#8090)/@0xe07599a miuiStatusSurfaceControl = Surface(name=StatusBar Container of Task = 26233#8091)/@0xd8a42cb
03-02 19:53:58.896  5411  5411 E MultiSpringDynamicAnimation586f850: ERROR Not Found Bundle Radius
03-02 19:53:58.897  3784  5200 E HyperSentinel: ->pid:11063,processName:"usap64",Rss Memory Size Change 12392kb -> 88352kb
03-02 19:53:58.897  5411  5411 E MultiSpringDynamicAnimation586f850: ERROR Not Found Bundle Radius
03-02 19:53:58.897  5411  5411 E MultiSpringDynamicAnimation586f850: ERROR Not Found Bundle SurfaceExtAlpha
03-02 19:53:58.897  5411  5411 E MultiSpringDynamicAnimation586f850: ERROR Not Found Bundle appLeashBlurRadius
03-02 19:53:58.897  5411  5411 E MultiSpringDynamicAnimation586f850: ERROR Not Found Bundle SurfaceExtAlpha
03-02 19:53:58.905  5411  5411 E MultiSpringDynamicAnimation586f850: ERROR Not Found Bundle Radius
03-02 19:53:58.906  5411  5411 E MultiSpringDynamicAnimation586f850: ERROR Not Found Bundle Radius
03-02 19:53:58.906  5411  5411 E MultiSpringDynamicAnimation586f850: ERROR Not Found Bundle SurfaceExtAlpha
03-02 19:53:58.906  5411  5411 E MultiSpringDynamicAnimation586f850: ERROR Not Found Bundle appLeashBlurRadius
03-02 19:53:58.906  5411  5411 E MultiSpringDynamicAnimation586f850: ERROR Not Found Bundle SurfaceExtAlpha
03-02 19:53:58.913  5411  5411 E MultiSpringDynamicAnimation586f850: ERROR Not Found Bundle Radius
03-02 19:53:58.914  5411  5411 E MultiSpringDynamicAnimation586f850: ERROR Not Found Bundle Radius
03-02 19:53:58.914  5411  5411 E MultiSpringDynamicAnimation586f850: ERROR Not Found Bundle SurfaceExtAlpha
03-02 19:53:58.914  5411  5411 E MultiSpringDynamicAnimation586f850: ERROR Not Found Bundle appLeashBlurRadius
03-02 19:53:58.914  5411  5411 E MultiSpringDynamicAnimation586f850: ERROR Not Found Bundle SurfaceExtAlpha
03-02 19:53:58.921  5411  5411 E MultiSpringDynamicAnimation586f850: ERROR Not Found Bundle Radius
03-02 19:53:58.923  5411  6272 E StateNotifyUtils: sendFsStateBroadCast state=taskSnapshot   channel=gesture   packageName=
03-02 19:53:58.923  5411  6272 E StateNotifyUtils: sendFsStateBroadCast state=startControlAppWindow   channel=gesture   packageName=
03-02 19:53:58.923  5411  6272 E StateNotifyUtils: sendFsStateBroadCast state=crossSafeArea   channel=gesture   packageName=
03-02 19:53:58.925  3784  6244 E TransitionChain: Can't collect into a chain with no transition
03-02 19:53:58.929  5411  5411 E MultiSpringDynamicAnimation586f850: ERROR Not Found Bundle Radius
03-02 19:53:58.929  5411  5411 E MultiSpringDynamicAnimation586f850: ERROR Not Found Bundle SurfaceExtAlpha
03-02 19:53:58.929  5411  5411 E MultiSpringDynamicAnimation586f850: ERROR Not Found Bundle appLeashBlurRadius
03-02 19:53:58.929  5411  5411 E MultiSpringDynamicAnimation586f850: ERROR Not Found Bundle SurfaceExtAlpha
03-02 19:53:58.930  5411  5411 E MultiSpringDynamicAnimation586f850: ERROR Not Found Bundle Radius
03-02 19:53:58.946  5411  5411 E MultiSpringDynamicAnimation586f850: ERROR Not Found Bundle Radius
03-02 19:53:58.955  1912  2165 E PERFHAL-SERVICE: PERFHAL-SERVICE: perfHintAsync() 599: perfHintAsync SubmitScenarioDRequest initcomplete
03-02 19:53:58.955  1912  2161 E PERFHAL-WLC-SCENARIO: PERFHAL-WLC-SCENARIO: GetWeight() 127: empty appName or WLC is not initialized
03-02 19:53:58.956  2064  4711 E ConversionHelperAidl: Function: parseAndSetVendorParameters Line: 94 Failed 
03-02 19:53:58.956  2064  4711 E ConversionHelperAidl: Function: parseAndSetVendorParameters Line: 94 Failed 
03-02 19:53:58.956  2064  4711 E ConversionHelperAidl: Function: parseAndSetVendorParameters Line: 94 Failed 
03-02 19:53:58.959  5411  5411 E MultiSpringDynamicAnimation586f850: ERROR Not Found Bundle Radius
03-02 19:53:58.959  5411  5411 E MultiSpringDynamicAnimation586f850: ERROR Not Found Bundle SurfaceExtAlpha
03-02 19:53:58.959  5411  5411 E MultiSpringDynamicAnimation586f850: ERROR Not Found Bundle appLeashBlurRadius
03-02 19:53:58.959  5411  5411 E MultiSpringDynamicAnimation586f850: ERROR Not Found Bundle SurfaceExtAlpha
03-02 19:53:58.959  5411  5411 E MultiSpringDynamicAnimation586f850: ERROR Not Found Bundle Radius
03-02 19:53:58.961 10719 11336 E SyncContentUtils: isPauseExceptAuthority: error cursor is null or query fail, cursor is null?no
03-02 19:53:58.968  5411  5411 E MultiSpringDynamicAnimation586f850: ERROR Not Found Bundle Radius
03-02 19:53:58.968  5411  5411 E MultiSpringDynamicAnimation586f850: ERROR Not Found Bundle SurfaceExtAlpha
03-02 19:53:58.968  5411  5411 E MultiSpringDynamicAnimation586f850: ERROR Not Found Bundle appLeashBlurRadius
03-02 19:53:58.968  5411  5411 E MultiSpringDynamicAnimation586f850: ERROR Not Found Bundle SurfaceExtAlpha
03-02 19:53:58.968  5411  5411 E MultiSpringDynamicAnimation586f850: ERROR Not Found Bundle Radius
03-02 19:53:58.973  3784  7228 E ActivityManager: FGS logic changed: [WIU changed] Orig WIU:BACKGROUND_ACTIVITY_PERMISSION New WIU:DENIED Orig BFSL:BACKGROUND_ACTIVITY_PERMISSION New BFSL:FGS_BINDING cmp: {com.xiaomi.simactivate.service/com.xiaomi.activate.ActivateService} sdk: 35
03-02 19:53:58.976  1763  1805 E traffic : add TrafficMobileLimiter whitelist 10190
03-02 19:53:58.977  5411  6272 E Launcher: mFsGestureStatusRefreshRunnable:run usingFsGesture=true   show=true   focus=false   pause=false
03-02 19:53:58.978  5411  5411 E BlurUtils: fastBlur ratio=0.0   withAnim=true   sBlurRatioValue=0.0
03-02 19:53:58.979  5411  6272 E StateNotifyUtils: sendFsStateBroadCast state=toHome   channel=gesture   packageName=
03-02 19:53:58.981  5411  5411 E MultiSpringDynamicAnimation586f850: ERROR Not Found Bundle Radius
03-02 19:53:58.981  5411  5411 E MultiSpringDynamicAnimation586f850: ERROR Not Found Bundle SurfaceExtAlpha
03-02 19:53:58.981  5411  5411 E MultiSpringDynamicAnimation586f850: ERROR Not Found Bundle appLeashBlurRadius
03-02 19:53:58.981  5411  5411 E MultiSpringDynamicAnimation586f850: ERROR Not Found Bundle SurfaceExtAlpha
03-02 19:53:58.981  5411  5411 E TaskViewsElement: animTo,mode=6
03-02 19:53:58.982  3784  4814 E HandwritingModeController: Cannot get requestId: Handwriting was not initialized.
03-02 19:53:58.982  5411  5411 E RotationHelper: setCurrentTransitionRequest: request=0
03-02 19:53:58.982  5411  5411 E RotationHelper: notifyChange activityFlags=1, mMultiWindowRotationRequest=3, mCurrentTransitionRequest=0, mCurrentStateRequest=0
03-02 19:53:58.987  1763  1805 E traffic : remove TrafficMobileLimiter whitelist 10190
03-02 19:53:58.988  6130  6130 E NotifCollection: No notification to remove with key 0|com.xiaomi.simactivate.service|1001|null|10190 reason=8:REASON_APP_CANCEL
03-02 19:53:58.994 10719 11336 E CloudServerSyncAdapterBase: getPhoneInfo: SIM not inserted or not activated for sim:1
03-02 19:53:59.049 11364 11364 E Zygote  : process_name_ptr:11364 com.xiaomi.account
03-02 19:53:59.049 11364 11364 E Zygote  : SetMemoryProtected process_name_ptr:11364 com.xiaomi.account
03-02 19:53:59.071 11364 11364 E .xiaomi.account: Not starting debugger since process cannot load the jdwp agent.
03-02 19:53:59.181 11364 11389 E ashmem  : Pinning is deprecated since Android Q. Please use trim or other methods.
03-02 19:53:59.211 11364 11364 E XiaomiAccountManager: PassportLog@A2^6C[c2V0dXAgdHJ1ZQ==]
03-02 19:53:59.216 11364 11364 E XiaomiAccountManager: PassportLog@A2^6C[aXMgaW4gc3lzdGVtIGFjY291bnQgYXBw]
03-02 19:53:59.225 11364 11364 E MiMoverProvider: PassportLog@A2^6C[Y3JlYXRl]
03-02 19:53:59.225 11364 11364 E XiaomiAccountManager: PassportLog@A2^6C[c2V0dXAgdHJ1ZQ==]
03-02 19:53:59.234 11364 11364 E XiaomiAccountManager: PassportLog@A2^6C[c2V0dXAgdHJ1ZQ==]
03-02 19:53:59.234 11364 11364 E AppProcessUtil: PassportLog@A2^6C[Z2V0Q3VycmVudFByb2Nlc3NOYW1lQnlBcHBsaWNhdGlvbj4+PnByb2Nlc3NOYW1lPWNvbS54aWFvbWkuYWNjb3VudA==]
03-02 19:53:59.234 11364 11364 E AppProcessUtil: PassportLog@A2^6C[aXNJbk1haW5Qcm9jZXNzPj4+bWFpblByb2Nlc3NOYW1lPWNvbS54aWFvbWkuYWNjb3VudCAgY3VyUHJvY2Vzc05hbWU9Y29tLnhpYW9taS5hY2NvdW50]
03-02 19:53:59.241 11364 11364 E ##XLogger##: #&^EGV/WxxcNjz7z7yYnMTVIGSnA6W9BjpvAKUAbkLA3qoEuQOsj09d9I+KeqB8LvwJWemUBZAxfZ3R9T/IXREeWR5vEik9U3AbFeS/QYT8Xj+wuLnK+uBYoDnq+vvpaGIFL9aLTOoV3kEMBjJBFTfCqXeVuDPQTkityshJlKVmxDg=!account!vZq5j5fqFyH4mAMrBiVR8NK7kdwkhWaYexTIZQiCH6gA8Y6idtX+h+ruGD2qQO6IQcvSIfQw6VehOB3JESTuTMGgPDGrR7xwMSe5bPkn7g0=^&#
03-02 19:53:59.242 11364 11364 E ##XLogger##: #&^EGV/WxxcNjz7z7yYnMTVIGSnA6W9BjpvAKUAbkLA3qoEuQOsj09d9I+KeqB8LvwJWemUBZAxfZ3R9T/IXREeWR5vEik9U3AbFeS/QYT8Xj+wuLnK+uBYoDnq+vvpaGIFL9aLTOoV3kEMBjJBFTfCqXeVuDPQTkityshJlKVmxDg=!account!idXxykT5gLw3vUhAnbgsXkNr1zOFDn+kKBFTVXH6jtcRZmLg3UPvqC2aTYRTW6RhVk0waM0GrF32RJhvbClZrA==^&#
03-02 19:53:59.242 11364 11364 E ##XLogger##: #&^EGV/WxxcNjz7z7yYnMTVIGSnA6W9BjpvAKUAbkLA3qoEuQOsj09d9I+KeqB8LvwJWemUBZAxfZ3R9T/IXREeWR5vEik9U3AbFeS/QYT8Xj+wuLnK+uBYoDnq+vvpaGIFL9aLTOoV3kEMBjJBFTfCqXeVuDPQTkityshJlKVmxDg=!account!idXxykT5gLw3vUhAnbgsXoYtKv4WSj6Uuq2WS91ORalVnjLh7B+u7RerFVSfV3uGY2H4eUmTerlDUBtzJ60HlYhr9zVXNYhI/ZL4LNmU7Qs=^&#
03-02 19:53:59.242  1912  2148 E ANDR-PERF: ExtendedPerfBoost: trigger_rearm_timer() 179: setthermalbreak req empty boostparam=boost:1 cpu0:2611200 cpu6:2572800
03-02 19:53:59.245 11364 11364 E ##XLogger##: #&^EGV/WxxcNjz7z7yYnMTVIGSnA6W9BjpvAKUAbkLA3qoEuQOsj09d9I+KeqB8LvwJWemUBZAxfZ3R9T/IXREeWR5vEik9U3AbFeS/QYT8Xj+wuLnK+uBYoDnq+vvpaGIFL9aLTOoV3kEMBjJBFTfCqXeVuDPQTkityshJlKVmxDg=!account!Q6C/dQ0w9smWBDWKI741yMVI0zdeRzYwPxelLg6BIs9miIpHhFUp60mCnrGapt/VbB8cdOekw1w/mD9xN9Snjg==^&#
03-02 19:53:59.246 11364 11364 E ##XLogger##: #&^EGV/WxxcNjz7z7yYnMTVIGSnA6W9BjpvAKUAbkLA3qoEuQOsj09d9I+KeqB8LvwJWemUBZAxfZ3R9T/IXREeWR5vEik9U3AbFeS/QYT8Xj+wuLnK+uBYoDnq+vvpaGIFL9aLTOoV3kEMBjJBFTfCqXeVuDPQTkityshJlKVmxDg=!account!Q6C/dQ0w9smWBDWKI741yK4/kDTVjxbFkZOVVn237VN4rB4LAK85AUuIVrM0XMmk^&#
03-02 19:53:59.247 11364 11364 E ##XLogger##: #&^EGV/WxxcNjz7z7yYnMTVIGSnA6W9BjpvAKUAbkLA3qoEuQOsj09d9I+KeqB8LvwJWemUBZAxfZ3R9T/IXREeWR5vEik9U3AbFeS/QYT8Xj+wuLnK+uBYoDnq+vvpaGIFL9aLTOoV3kEMBjJBFTfCqXeVuDPQTkityshJlKVmxDg=!account!Q6C/dQ0w9smWBDWKI741yJkKuN+zO6KexcOu2F5UYzUb4Zw+qtq3loP4Y5BsIeM/5pQraTBhSyroKe3j6RbknQ==^&#
03-02 19:53:59.248 11364 11364 E ##XLogger##: #&^EGV/WxxcNjz7z7yYnMTVIGSnA6W9BjpvAKUAbkLA3qoEuQOsj09d9I+KeqB8LvwJWemUBZAxfZ3R9T/IXREeWR5vEik9U3AbFeS/QYT8Xj+wuLnK+uBYoDnq+vvpaGIFL9aLTOoV3kEMBjJBFTfCqXeVuDPQTkityshJlKVmxDg=!account!AqNveDulmWTMjDjcMs5V+d2EbGdDJeqxH+zIAAGtug1WkFq7P/d2fk6aMlot9sTqPK3YU+sxTmRLrW9ijDKnWKwK6EjuiwHGq7x1+4ZEQIQK3yX+GOezG75beE78OF2JCyZ4kso4DvX9jz6iqoqyUg==^&#
03-02 19:53:59.248 11364 11364 E ##XLogger##: #&^EGV/WxxcNjz7z7yYnMTVIGSnA6W9BjpvAKUAbkLA3qoEuQOsj09d9I+KeqB8LvwJWemUBZAxfZ3R9T/IXREeWR5vEik9U3AbFeS/QYT8Xj+wuLnK+uBYoDnq+vvpaGIFL9aLTOoV3kEMBjJBFTfCqXeVuDPQTkityshJlKVmxDg=!account!qG3hKN99Vrf4DOf1TY5VyTpsI+mmN8bMoOHIptNIh/hnMR3qE/w5JH3bhpb6yQ6z^&#
03-02 19:53:59.248 11364 11364 E ##XLogger##: #&^EGV/WxxcNjz7z7yYnMTVIGSnA6W9BjpvAKUAbkLA3qoEuQOsj09d9I+KeqB8LvwJWemUBZAxfZ3R9T/IXREeWR5vEik9U3AbFeS/QYT8Xj+wuLnK+uBYoDnq+vvpaGIFL9aLTOoV3kEMBjJBFTfCqXeVuDPQTkityshJlKVmxDg=!account!ZV/0fJcKG4vtpOtVOfuLRs8q2wA+UsN+an6cKy3elb91xaLItJSh0qDwSM+7ALA9pN46Y1Nhaw/AsMEXVlJlUg==^&#
03-02 19:53:59.248 11364 11364 E TurboSchedMonitor: failed to find setSchedAffinity method com.xiaomi.account
03-02 19:53:59.249 11364 11364 E TurboSchedMonitor: failed to find setSchedAffinity method com.xiaomi.account
03-02 19:53:59.249 11364 11364 E ##XLogger##: #&^EGV/WxxcNjz7z7yYnMTVIGSnA6W9BjpvAKUAbkLA3qoEuQOsj09d9I+KeqB8LvwJWemUBZAxfZ3R9T/IXREeWR5vEik9U3AbFeS/QYT8Xj+wuLnK+uBYoDnq+vvpaGIFL9aLTOoV3kEMBjJBFTfCqXeVuDPQTkityshJlKVmxDg=!account!m9LyP6zmtewlBVN77o1LgUqKGjPFribh5Bht+20VCdA8IuICLGq0t7dBH10zo4DI7l2BzzrUMYWGiuzCN5BbEZ68Riw9ZZlRadN+iIfznqE=^&#
03-02 19:53:59.249 11364 11364 E ##XLogger##: #&^EGV/WxxcNjz7z7yYnMTVIGSnA6W9BjpvAKUAbkLA3qoEuQOsj09d9I+KeqB8LvwJWemUBZAxfZ3R9T/IXREeWR5vEik9U3AbFeS/QYT8Xj+wuLnK+uBYoDnq+vvpaGIFL9aLTOoV3kEMBjJBFTfCqXeVuDPQTkityshJlKVmxDg=!account!m9LyP6zmtewlBVN77o1LgaWe0R7MI/LKa12CztpqUTm8Jo7wMGPFnJlSJSp6WXF8wuslivuqoMsrN6ctP/NPfPCA/KPI56+zOOny/m/bZLygWGkudofgrhPeEoatCB6a^&#
03-02 19:53:59.249 11364 11364 E ##XLogger##: #&^EGV/WxxcNjz7z7yYnMTVIGSnA6W9BjpvAKUAbkLA3qoEuQOsj09d9I+KeqB8LvwJWemUBZAxfZ3R9T/IXREeWR5vEik9U3AbFeS/QYT8Xj+wuLnK+uBYoDnq+vvpaGIFL9aLTOoV3kEMBjJBFTfCqXeVuDPQTkityshJlKVmxDg=!account!m9LyP6zmtewlBVN77o1LgbeHWXNnqXQi3uUY3z7iJhjbeyczSNQsXcLIi3Fd3bOpi80afvyKPXKdMUcC+/s+80HD9lKISdH1h75ePUmMdApkCxZpWN7YE+Yk8I3Xl2eh^&#
03-02 19:53:59.250 11364 11364 E TurboSchedMonitor: failed to find setSchedAffinity method com.xiaomi.account
03-02 19:53:59.251 11364 11364 E TurboSchedMonitor: failed to find setSchedAffinity method com.xiaomi.account
03-02 19:53:59.251 11364 11364 E ##XLogger##: #&^EGV/WxxcNjz7z7yYnMTVIGSnA6W9BjpvAKUAbkLA3qoEuQOsj09d9I+KeqB8LvwJWemUBZAxfZ3R9T/IXREeWR5vEik9U3AbFeS/QYT8Xj+wuLnK+uBYoDnq+vvpaGIFL9aLTOoV3kEMBjJBFTfCqXeVuDPQTkityshJlKVmxDg=!account!UmPV06xt0n7jknLDQDOqqDF/jF93bBmuTbo7A710WjdSACCqYWAeWN24It3SF55mzLH8egjodfeXxxJ2UcdNAL82tzmjXCueccUIL30VCrpyfv2cpcQ8xc8WeBB63YDRUjpFfiYWQQYIHrZTu7FdndB9dAlDJx/PoszBiPceNjw=^&#
03-02 19:53:59.251 11364 11364 E ##XLogger##: #&^EGV/WxxcNjz7z7yYnMTVIGSnA6W9BjpvAKUAbkLA3qoEuQOsj09d9I+KeqB8LvwJWemUBZAxfZ3R9T/IXREeWR5vEik9U3AbFeS/QYT8Xj+wuLnK+uBYoDnq+vvpaGIFL9aLTOoV3kEMBjJBFTfCqXeVuDPQTkityshJlKVmxDg=!account!OmTMTiFUbJlY/OXdH/ychbrj/JhlvcOAdh8IlV4nao2WlI5PUE/kQ8kF5HwZO2d3zKuZrAfCLEh+9oz/WW8aktMkBj3LlH9cG0NhfhsXFkI=^&#
03-02 19:53:59.255 11364 11364 E TurboSchedMonitor: failed to find setSchedAffinity method com.xiaomi.account
03-02 19:53:59.256 11364 11364 E TurboSchedMonitor: failed to find setSchedAffinity method com.xiaomi.account
03-02 19:53:59.258 11364 11364 E ##XLogger##: #&^EGV/WxxcNjz7z7yYnMTVIGSnA6W9BjpvAKUAbkLA3qoEuQOsj09d9I+KeqB8LvwJWemUBZAxfZ3R9T/IXREeWR5vEik9U3AbFeS/QYT8Xj+wuLnK+uBYoDnq+vvpaGIFL9aLTOoV3kEMBjJBFTfCqXeVuDPQTkityshJlKVmxDg=!account!AqNveDulmWTMjDjcMs5V+eYPF/ViPAjwRJLl3GCZp/8napyLRsMfxL7JWIGlcyvjlJ6nCXEdxAiySKy8y9SLDNDUz8b0UxTrTmaBoAJgYlQ=^&#
03-02 19:53:59.258 11364 11364 E ##XLogger##: #&^EGV/WxxcNjz7z7yYnMTVIGSnA6W9BjpvAKUAbkLA3qoEuQOsj09d9I+KeqB8LvwJWemUBZAxfZ3R9T/IXREeWR5vEik9U3AbFeS/QYT8Xj+wuLnK+uBYoDnq+vvpaGIFL9aLTOoV3kEMBjJBFTfCqXeVuDPQTkityshJlKVmxDg=!account!tkZWhSJNRQTd8gcoRHT2EIBXMgBrSiZ8hMmS5QTUdT/Egg8KRwluXFjzf7aWSK8w^&#
03-02 19:53:59.285 11364 11364 E ##XLogger##: #&^EGV/WxxcNjz7z7yYnMTVIGSnA6W9BjpvAKUAbkLA3qoEuQOsj09d9I+KeqB8LvwJWemUBZAxfZ3R9T/IXREeWR5vEik9U3AbFeS/QYT8Xj+wuLnK+uBYoDnq+vvpaGIFL9aLTOoV3kEMBjJBFTfCqXeVuDPQTkityshJlKVmxDg=!account!m9LyP6zmtewlBVN77o1LgYrnsHEvv61063wSdVUloePAcUPEbfTKdlVArVPdqTBnn3/WpUofG12pBKAtdVHqZR3CE6Z0/5qwhMRynTaIybYvCovClD9fgp3sEw4b+A7s4ubqpCBgE8tq49t63kZfBfdgEL/yTRpO+dHmS6J654vp51hPzo3JEapNQ5TpTrH4XVIqgwAAQyzPdWF8D+jH7T3YcLO/vGFSaUh/+Op8k+5OElk8SjcXDsa95ZhhkP6MrPanXDvZyXxdXq+eMvgMX+69QkLi/moFvnVtFtbRjF8ab0s+suMHqWJNGCxunJRjUbKCsd8NPpjy52RbPL3dEMmSb3JgvDydjwubroP04hnBpcpYDo+fPrDk75KTUyEGRIlCt32adqVipjYsZFB7yv+dhnIXdfIVT2qUO28x182uQVc6T/1GtFuCmDpT4WKnF1vE8M6b2SmaftUm35WFH+XI++FaVrmnCzo0VCZcj+c10iMHgADpb6k5+7UuSZtJ1O269cLh/c3h9vbdZ4b1+FzqgtdkPwRrhu/s7n5f77IRoeGLtlnZrCsCjRszHgXgRISD+L+u5TEUESq/+PzMVuNx83MCpwwlDQVTn0pg7893Tab9uSolltO7px6hIk1xhbKQJL3Z6BfdQoRSX/vlXvAAT9Dw9dAGQXAHlPrcO8Zs9j8vWS7x8zYjwLSPBItve/rpJHumToTttJ5xB4sNyjtGSwyhCd9YA7cM++CQf7d8XxwOMdlIq7FF5IR8H+NUtJ4SIR0gb/HSAZMqKjJb9+gW0j9CW3/BeXyGxnie0Cs9azUKzs6Bs8AZg4dQh4k4TRPZUyCq/dl95Crmkh9TBmGVU3r5/Uv+oualBo/l3aBkL3gXrYmeBJO1bEIGzVOQoM9R07VcVUdiVcxxSB0UREtCmQkMtkq8SL49wtcPtZjxrpZ8zsTqjQ+v/T48c2R5/GG+PEyC+RHZScvvgPsA75YQAgai/zS29BC13HGARzDIiS1zGGiK2f506dI36EDpp/iJdDm7q86glonxpoOWlQ2wcznN9b0N3rI6S3JsFTM=^&#
03-02 19:53:59.286 11364 11387 E ANDR-PERF-CLIENT-SYS: death recipent object is fine
03-02 19:53:59.287 11364 11364 E ##XLogger##: #&^EGV/WxxcNjz7z7yYnMTVIGSnA6W9BjpvAKUAbkLA3qoEuQOsj09d9I+KeqB8LvwJWemUBZAxfZ3R9T/IXREeWR5vEik9U3AbFeS/QYT8Xj+wuLnK+uBYoDnq+vvpaGIFL9aLTOoV3kEMBjJBFTfCqXeVuDPQTkityshJlKVmxDg=!account!m9LyP6zmtewlBVN77o1LgYrnsHEvv61063wSdVUloePAcUPEbfTKdlVArVPdqTBnn3/WpUofG12pBKAtdVHqZR3CE6Z0/5qwhMRynTaIybbkrQ05fhmt8Q/Nuj8e10J664DU19Y1OgGK61dFugYJ0MbcLV9k98gj0zE67nOlrq+OyyQBGMaPzFSfhSZUQh8W4KINmAuh4ZGxV9iUNJQFpWNld/Qi6Vug7PcYtiaLqsKmKoY6iwKtdQtp61v1LIvlzb68PJlD+qFS5EeoZMHm3wlVSoS0WRAe6q5IWbzjkt552UDcRYsdL19ksIrEQFzn4ZKP1q1PfUBlfgu4DHHzgtXx2KR/t8SjHfDRFFKsFnCVnpJFmkuDU3aOeEnLJwpCPzIDbTdclJ6LX3wiEneA4YW2r3Aa8pIS8i5s5ZarFPO6DSmuOMOvxlWvhAOSA1cf64qgcoEsAVf50sAlX+0D8eO2AS9ynxrvVBW4l6gLSdqva1aJwwKiFhLznZebHSzbDYnBqAggOABmiaadDk0qsu8nh6u5kj0XyBSBgUeyoLJ7yrn3+XDHlrt5y7J0/Km3X6CiKd5nd7T7ksMcYoQsJYHj/918FMkL0NjdiSo1Ig3IasWsmRtwRLu1OO0A7LrBjw+oPFfxWWLlZxSXyDv3mHOb7+jP/gB5ftNYfDiGgi9m9SN3QacbM9+wxW0oKUKc8SJBzM+3UwkBcBAWxuPCdg==^&#
03-02 19:53:59.287 11364 11364 E ##XLogger##: #&^EGV/WxxcNjz7z7yYnMTVIGSnA6W9BjpvAKUAbkLA3qoEuQOsj09d9I+KeqB8LvwJWemUBZAxfZ3R9T/IXREeWR5vEik9U3AbFeS/QYT8Xj+wuLnK+uBYoDnq+vvpaGIFL9aLTOoV3kEMBjJBFTfCqXeVuDPQTkityshJlKVmxDg=!account!m9LyP6zmtewlBVN77o1LgYrnsHEvv61063wSdVUloePAcUPEbfTKdlVArVPdqTBnn3/WpUofG12pBKAtdVHqZR3CE6Z0/5qwhMRynTaIybZ3VjQ78hcr4Wb/C0Rciwd7gDmV8f+f8Ox1IjXugbmsSf+HIjtdREGQ5DYBSj0kvvNME5K1QYgYUfaRmOYjLQej^&#
03-02 19:53:59.287 11364 11364 E ##XLogger##: #&^EGV/WxxcNjz7z7yYnMTVIGSnA6W9BjpvAKUAbkLA3qoEuQOsj09d9I+KeqB8LvwJWemUBZAxfZ3R9T/IXREeWR5vEik9U3AbFeS/QYT8Xj+wuLnK+uBYoDnq+vvpaGIFL9aLTOoV3kEMBjJBFTfCqXeVuDPQTkityshJlKVmxDg=!account!m9LyP6zmtewlBVN77o1LgYrnsHEvv61063wSdVUloePAcUPEbfTKdlVArVPdqTBnn3/WpUofG12pBKAtdVHqZerEpJa4JhYViz05ijvhgKOq0TkV1seVzykwy//n2kB0AjauA4nGVB69+HENi+G8ng0dlAZGz/4lblsbcVuZwESmrw/RiOKs0O4ktFdxgigKmU7WGMqMzQPH6zBiUxr4ZBhcct3ym/CZrzK+wzzQh6DO5AKqWESONKKwwV2YFG3uk64aqdm/l79FQ9v77Feu8f+mcNWFBMOUPPpZVGtvOHz9eue3FtjqrdXEygIeX+ZHDViF5QEqmEWQAzew9XeCohLehtr/3mAdBmaFqfzU10EWJHjCKfcCMcY9Al3MeWm4dGmnDb+0xpd+kw4iN2x8onwYH+RTqWEtHv3JNOpz462J/Lv7htpj0JHPGjAsPjOa0rNoOugphMjcY5AOgUpl41zjmYNece8v6OrvoWrs9Z4mNEM9Mk+7FtrLI1ZjNZ3KvQpKSBewvY6/8nccolD+yulZRFDchZaIoWw9mhw35OD9QP8Guw2EDyNQisx/y499h6bvO2EPNfyNSTPgs1DFOqVhaktIHmVCwket7/qgW5lMgavXFIPjuHOOhtoskGdqDKp+kbkn6mKy4Jx+DmPp1Z62SdUVXW/tlFVC1Pq/lF4iWnEmjtsHtUDzRKZW5R8Vcc5uA8LymOE7+GP1ezwWJJPNMcPFYqnBANuowshVkggaX5OgmE0WbqIWRN6OT7MQ755N1PXDW3yPOAvDWoecoP0dvkAARNmUeTO6kv1hfLiRcQCxPrM9RZTPZU7FUP4CqWVnawUhGmqgEDlbA10asax8QdBKfgbTfQw6zzys5KWk8gab+44otWW1mxk9Emous5vo3X9qIUS1yF6Fh+G9BXsGMkAqq1E/TQ7ft0jcjs7Hp3ebTPvbVFYghAhn7Hd0dkwmuQ2cgVrGfc1es158b3t8aohmIcBhbPLdudrWmPo1YzqJDLRpPskpxYOJ224DCLSGylRPDLNjB3yKw/WXkF45adfHxupPR6B5Wn6eJ36bTY0KvFBkgNDfS94kX3whvoi+vr9iXsY0/LB61VWkpw==^&#
03-02 19:53:59.288 11364 11364 E ##XLogger##: #&^EGV/WxxcNjz7z7yYnMTVIGSnA6W9BjpvAKUAbkLA3qoEuQOsj09d9I+KeqB8LvwJWemUBZAxfZ3R9T/IXREeWR5vEik9U3AbFeS/QYT8Xj+wuLnK+uBYoDnq+vvpaGIFL9aLTOoV3kEMBjJBFTfCqXeVuDPQTkityshJlKVmxDg=!account!m9LyP6zmtewlBVN77o1LgYrnsHEvv61063wSdVUloePAcUPEbfTKdlVArVPdqTBnn3/WpUofG12pBKAtdVHqZR3CE6Z0/5qwhMRynTaIybbdR86+9EWYA76OzeMLaXBVg8Jl1tov4o1rh5+ulIvtn6crWc0B98Bw9MRl6aqiRLVxxuNuaUqued4MVuDitkjH^&#
03-02 19:53:59.288 11364 11364 E ##XLogger##: #&^EGV/WxxcNjz7z7yYnMTVIGSnA6W9BjpvAKUAbkLA3qoEuQOsj09d9I+KeqB8LvwJWemUBZAxfZ3R9T/IXREeWR5vEik9U3AbFeS/QYT8Xj+wuLnK+uBYoDnq+vvpaGIFL9aLTOoV3kEMBjJBFTfCqXeVuDPQTkityshJlKVmxDg=!account!m9LyP6zmtewlBVN77o1LgYrnsHEvv61063wSdVUloePAcUPEbfTKdlVArVPdqTBnn3/WpUofG12pBKAtdVHqZR3CE6Z0/5qwhMRynTaIybaqq8g/k6sjGGLiuxI6hSPJMnv3LEQS3jux6Bahy9cZgg==^&#
03-02 19:53:59.288 11364 11364 E ##XLogger##: #&^EGV/WxxcNjz7z7yYnMTVIGSnA6W9BjpvAKUAbkLA3qoEuQOsj09d9I+KeqB8LvwJWemUBZAxfZ3R9T/IXREeWR5vEik9U3AbFeS/QYT8Xj+wuLnK+uBYoDnq+vvpaGIFL9aLTOoV3kEMBjJBFTfCqXeVuDPQTkityshJlKVmxDg=!account!m9LyP6zmtewlBVN77o1LgYrnsHEvv61063wSdVUloePAcUPEbfTKdlVArVPdqTBnn3/WpUofG12pBKAtdVHqZR3CE6Z0/5qwhMRynTaIyba+Eyi+DePAt9oVzF8THlnSmSHBkp8Xe6jvLq8CR00Y1Q==^&#
03-02 19:53:59.288 11364 11364 E ##XLogger##: #&^EGV/WxxcNjz7z7yYnMTVIGSnA6W9BjpvAKUAbkLA3qoEuQOsj09d9I+KeqB8LvwJWemUBZAxfZ3R9T/IXREeWR5vEik9U3AbFeS/QYT8Xj+wuLnK+uBYoDnq+vvpaGIFL9aLTOoV3kEMBjJBFTfCqXeVuDPQTkityshJlKVmxDg=!account!m9LyP6zmtewlBVN77o1LgYrnsHEvv61063wSdVUloePAcUPEbfTKdlVArVPdqTBnn3/WpUofG12pBKAtdVHqZR3CE6Z0/5qwhMRynTaIybaeS6T/KCotDEkjCI9ZpU9qXdfrVxjBYbDMYJLLWWy2Nm5huzIp7skfDTvMYgsggv0=^&#
03-02 19:53:59.288 11364 11364 E ##XLogger##: #&^EGV/WxxcNjz7z7yYnMTVIGSnA6W9BjpvAKUAbkLA3qoEuQOsj09d9I+KeqB8LvwJWemUBZAxfZ3R9T/IXREeWR5vEik9U3AbFeS/QYT8Xj+wuLnK+uBYoDnq+vvpaGIFL9aLTOoV3kEMBjJBFTfCqXeVuDPQTkityshJlKVmxDg=!account!m9LyP6zmtewlBVN77o1LgYrnsHEvv61063wSdVUloePAcUPEbfTKdlVArVPdqTBnn3/WpUofG12pBKAtdVHqZR3CE6Z0/5qwhMRynTaIybbkE/CqzUZrQC67sGqynuU35fnSEh3JT/A9nHRj1afxXWKkQOJ8mGOl9ZSUZHbRSJpQo/VhHW+WGxL8h9J0BFi7^&#
03-02 19:53:59.288 11364 11364 E ##XLogger##: #&^EGV/WxxcNjz7z7yYnMTVIGSnA6W9BjpvAKUAbkLA3qoEuQOsj09d9I+KeqB8LvwJWemUBZAxfZ3R9T/IXREeWR5vEik9U3AbFeS/QYT8Xj+wuLnK+uBYoDnq+vvpaGIFL9aLTOoV3kEMBjJBFTfCqXeVuDPQTkityshJlKVmxDg=!account!m9LyP6zmtewlBVN77o1LgYrnsHEvv61063wSdVUloePAcUPEbfTKdlVArVPdqTBnn3/WpUofG12pBKAtdVHqZR3CE6Z0/5qwhMRynTaIybY7hDJH1+I74+pBH9Hm1Iuw+otTa8Ot4ewLjMWZmneYeNXVPa76/HmijQGCH5TY8C/HDDFLNcjCcmrQWp9inJ3NvmXwJ4NHnLZNm6to6157aU9ZLTG7bEzXH78K8qB9yXDHoZndIMzO39XMYYpQrpCwW5iOk1vUcrXMQ4qcaXbLaLfcBO8jV3L5I9JGtUpX+BJbkf49578SrbCVzunTGnCDVqQEs7+qDNHF8sJd4NqEN0230H6sRogrMOiWtETP5eyPiwlVwkAJF5EOptupdjYS5OpbOX3nIdKzT+aEEWDKQZ8mU/seScwZZTvDpPmCw1z//fVK+4DasnZ8zYDZvTG2kkpPMPpZOWsLWrooWix/AQdrAHy2nlyxcnRIHhU9meIPhHFN0ZlVYIHZuK5S+h/sswpRo2dDrbUOu+7zK6lBwVhiKUZkS3VbpjSQ0Fieucjbpa0hMiUwd7PJnupmbWOSFtVsHAMCU1GlvoyuU9asi+zo2g8WUrKG8ZFAU8ZtH88zBlJAxFuvXbvFUPUNOkHnb49LSUZ1wc0/LqWhrtzmNshhIKpTzhxUKieNwk5rys8=^&#
03-02 19:53:59.291 11364 11364 E TurboSchedMonitor: failed to find setSchedAffinity method com.xiaomi.account
03-02 19:53:59.291 11364 11364 E TurboSchedMonitor: failed to find setSchedAffinity method com.xiaomi.account
03-02 19:53:59.291 11364 11364 E ##XLogger##: #&^EGV/WxxcNjz7z7yYnMTVIGSnA6W9BjpvAKUAbkLA3qoEuQOsj09d9I+KeqB8LvwJWemUBZAxfZ3R9T/IXREeWR5vEik9U3AbFeS/QYT8Xj+wuLnK+uBYoDnq+vvpaGIFL9aLTOoV3kEMBjJBFTfCqXeVuDPQTkityshJlKVmxDg=!account!uNOd7LJukY1m++hdYSh0Vf2B+qv22RyjUwjCUj3IPMKB7+3HY/KnUYSjm6Ylb3I5nCBk6DHAvaw7v5Rwdj/m188yfWU3TX5Yi+G9JCy9+Q6ZYD2/2DGEDCFgvq7UcXBV2jEBa+DnjPIYY3ADyqhBBQ==^&#
03-02 19:53:59.292 11364 11364 E ##XLogger##: #&^EGV/WxxcNjz7z7yYnMTVIGSnA6W9BjpvAKUAbkLA3qoEuQOsj09d9I+KeqB8LvwJWemUBZAxfZ3R9T/IXREeWR5vEik9U3AbFeS/QYT8Xj+wuLnK+uBYoDnq+vvpaGIFL9aLTOoV3kEMBjJBFTfCqXeVuDPQTkityshJlKVmxDg=!account!Q6C/dQ0w9smWBDWKI741yMVI0zdeRzYwPxelLg6BIs9miIpHhFUp60mCnrGapt/VbB8cdOekw1w/mD9xN9Snjg==^&#
03-02 19:53:59.292 11364 11364 E ##XLogger##: #&^EGV/WxxcNjz7z7yYnMTVIGSnA6W9BjpvAKUAbkLA3qoEuQOsj09d9I+KeqB8LvwJWemUBZAxfZ3R9T/IXREeWR5vEik9U3AbFeS/QYT8Xj+wuLnK+uBYoDnq+vvpaGIFL9aLTOoV3kEMBjJBFTfCqXeVuDPQTkityshJlKVmxDg=!account!Q6C/dQ0w9smWBDWKI741yK4/kDTVjxbFkZOVVn237VN4rB4LAK85AUuIVrM0XMmk^&#
03-02 19:53:59.292 11364 11364 E ##XLogger##: #&^EGV/WxxcNjz7z7yYnMTVIGSnA6W9BjpvAKUAbkLA3qoEuQOsj09d9I+KeqB8LvwJWemUBZAxfZ3R9T/IXREeWR5vEik9U3AbFeS/QYT8Xj+wuLnK+uBYoDnq+vvpaGIFL9aLTOoV3kEMBjJBFTfCqXeVuDPQTkityshJlKVmxDg=!account!Q6C/dQ0w9smWBDWKI741yJkKuN+zO6KexcOu2F5UYzUb4Zw+qtq3loP4Y5BsIeM/5pQraTBhSyroKe3j6RbknQ==^&#
03-02 19:53:59.293 11364 11364 E ##XLogger##: #&^EGV/WxxcNjz7z7yYnMTVIGSnA6W9BjpvAKUAbkLA3qoEuQOsj09d9I+KeqB8LvwJWemUBZAxfZ3R9T/IXREeWR5vEik9U3AbFeS/QYT8Xj+wuLnK+uBYoDnq+vvpaGIFL9aLTOoV3kEMBjJBFTfCqXeVuDPQTkityshJlKVmxDg=!account!ZhKw5QbYpzd4pDo3B/rTb8IAdpOxIpxj3ZifC0Y4X50bGDyYtzFhcXcykM4T8sJ6YBdg+49AI0c5+htFXPIDppecGfRy5/of5FzWLcp+6ph6edyMHAK41dyPIEPAcZOk+F13H4IwKdd0n853Xyt+9Q==^&#
03-02 19:53:59.294 11364 11364 E ##XLogger##: #&^EGV/WxxcNjz7z7yYnMTVIGSnA6W9BjpvAKUAbkLA3qoEuQOsj09d9I+KeqB8LvwJWemUBZAxfZ3R9T/IXREeWR5vEik9U3AbFeS/QYT8Xj+wuLnK+uBYoDnq+vvpaGIFL9aLTOoV3kEMBjJBFTfCqXeVuDPQTkityshJlKVmxDg=!account!m9LyP6zmtewlBVN77o1LgbYklsnk0SyFKq72vmUvNvw62qRHVabt9jAzP9XYwkJ5CMPF6gS76t80kisjNLGVL1uPW/tuoU4ZgGC4kPC2A3Y=^&#
03-02 19:53:59.294 11364 11364 E ##XLogger##: #&^EGV/WxxcNjz7z7yYnMTVIGSnA6W9BjpvAKUAbkLA3qoEuQOsj09d9I+KeqB8LvwJWemUBZAxfZ3R9T/IXREeWR5vEik9U3AbFeS/QYT8Xj+wuLnK+uBYoDnq+vvpaGIFL9aLTOoV3kEMBjJBFTfCqXeVuDPQTkityshJlKVmxDg=!account!m9LyP6zmtewlBVN77o1LgdgCYKfnPbTVbY35AmoDCPgXnwcqCqcwORtR2+A4T4sRBDr+HXVo9uSySrwfsyx2q9A7KcUs3hxSaZEJw+8r1A/vdkRdnp6aIIuvVRvLyEkQsKzwkhywMhJvvM8XYKkOVw==^&#
03-02 19:53:59.294 11364 11364 E ##XLogger##: #&^EGV/WxxcNjz7z7yYnMTVIGSnA6W9BjpvAKUAbkLA3qoEuQOsj09d9I+KeqB8LvwJWemUBZAxfZ3R9T/IXREeWR5vEik9U3AbFeS/QYT8Xj+wuLnK+uBYoDnq+vvpaGIFL9aLTOoV3kEMBjJBFTfCqXeVuDPQTkityshJlKVmxDg=!account!m9LyP6zmtewlBVN77o1LgdFl+Ugb8WW0mGRPtszCteHchGV1dVFfo0CkdinqHv2JlPjjEGCZ/7oFF836O+l9FFeg75oE35SzA1MJrf92paTFCrkobl2pVzCIuWZdmx4ZRuKsjclj/jNXDZrMZuIlQsIE/IMHRxcndghVCulnWbJ8c4atSP/lzSgE05i3MLfo^&#
03-02 19:53:59.294 11364 11364 E ##XLogger##: #&^EGV/WxxcNjz7z7yYnMTVIGSnA6W9BjpvAKUAbkLA3qoEuQOsj09d9I+KeqB8LvwJWemUBZAxfZ3R9T/IXREeWR5vEik9U3AbFeS/QYT8Xj+wuLnK+uBYoDnq+vvpaGIFL9aLTOoV3kEMBjJBFTfCqXeVuDPQTkityshJlKVmxDg=!account!m9LyP6zmtewlBVN77o1LgdFl+Ugb8WW0mGRPtszCteHchGV1dVFfo0CkdinqHv2JlPjjEGCZ/7oFF836O+l9FFeg75oE35SzA1MJrf92paTFCrkobl2pVzCIuWZdmx4ZRuKsjclj/jNXDZrMZuIlQnwAhMbSYQz2mwpfEytPuYoNRfCWNxcXunEiHifcEL1Y^&#
03-02 19:53:59.294 11364 11364 E ##XLogger##: #&^EGV/WxxcNjz7z7yYnMTVIGSnA6W9BjpvAKUAbkLA3qoEuQOsj09d9I+KeqB8LvwJWemUBZAxfZ3R9T/IXREeWR5vEik9U3AbFeS/QYT8Xj+wuLnK+uBYoDnq+vvpaGIFL9aLTOoV3kEMBjJBFTfCqXeVuDPQTkityshJlKVmxDg=!account!m9LyP6zmtewlBVN77o1LgdFl+Ugb8WW0mGRPtszCteHchGV1dVFfo0CkdinqHv2JlPjjEGCZ/7oFF836O+l9FFeg75oE35SzA1MJrf92paTFCrkobl2pVzCIuWZdmx4ZtWjOhDZRvOlEccFgPVggi60ZDxHYmW1f0A+ZS5CDJkO7uxDFL8hnUgXkQIWU7Q5J^&#
03-02 19:53:59.294 11364 11364 E ##XLogger##: #&^EGV/WxxcNjz7z7yYnMTVIGSnA6W9BjpvAKUAbkLA3qoEuQOsj09d9I+KeqB8LvwJWemUBZAxfZ3R9T/IXREeWR5vEik9U3AbFeS/QYT8Xj+wuLnK+uBYoDnq+vvpaGIFL9aLTOoV3kEMBjJBFTfCqXeVuDPQTkityshJlKVmxDg=!account!m9LyP6zmtewlBVN77o1LgdFl+Ugb8WW0mGRPtszCteHchGV1dVFfo0CkdinqHv2JlPjjEGCZ/7oFF836O+l9FFeg75oE35SzA1MJrf92paTFCrkobl2pVzCIuWZdmx4ZRuKsjclj/jNXDZrMZuIlQipgbNtwOm92+tO23480C7w=^&#
03-02 19:53:59.294 11364 11364 E ##XLogger##: #&^EGV/WxxcNjz7z7yYnMTVIGSnA6W9BjpvAKUAbkLA3qoEuQOsj09d9I+KeqB8LvwJWemUBZAxfZ3R9T/IXREeWR5vEik9U3AbFeS/QYT8Xj+wuLnK+uBYoDnq+vvpaGIFL9aLTOoV3kEMBjJBFTfCqXeVuDPQTkityshJlKVmxDg=!account!m9LyP6zmtewlBVN77o1LgdFl+Ugb8WW0mGRPtszCteHchGV1dVFfo0CkdinqHv2JlPjjEGCZ/7oFF836O+l9FFeg75oE35SzA1MJrf92paTFCrkobl2pVzCIuWZdmx4ZRuKsjclj/jNXDZrMZuIlQir/5b7L2Ar+bz76Tx+8nf8=^&#
03-02 19:53:59.294 11364 11364 E ##XLogger##: #&^EGV/WxxcNjz7z7yYnMTVIGSnA6W9BjpvAKUAbkLA3qoEuQOsj09d9I+KeqB8LvwJWemUBZAxfZ3R9T/IXREeWR5vEik9U3AbFeS/QYT8Xj+wuLnK+uBYoDnq+vvpaGIFL9aLTOoV3kEMBjJBFTfCqXeVuDPQTkityshJlKVmxDg=!account!m9LyP6zmtewlBVN77o1LgdFl+Ugb8WW0mGRPtszCteHchGV1dVFfo0CkdinqHv2JlPjjEGCZ/7oFF836O+l9FFeg75oE35SzA1MJrf92paTFCrkobl2pVzCIuWZdmx4ZRuKsjclj/jNXDZrMZuIlQpTk6/uWam+esZXv5qt55dzQb15x+DmzyG+CnmMfNr2f^&#
03-02 19:53:59.294 11364 11364 E ##XLogger##: #&^EGV/WxxcNjz7z7yYnMTVIGSnA6W9BjpvAKUAbkLA3qoEuQOsj09d9I+KeqB8LvwJWemUBZAxfZ3R9T/IXREeWR5vEik9U3AbFeS/QYT8Xj+wuLnK+uBYoDnq+vvpaGIFL9aLTOoV3kEMBjJBFTfCqXeVuDPQTkityshJlKVmxDg=!account!m9LyP6zmtewlBVN77o1LgdFl+Ugb8WW0mGRPtszCteHchGV1dVFfo0CkdinqHv2JlPjjEGCZ/7oFF836O+l9FFeg75oE35SzA1MJrf92paTFCrkobl2pVzCIuWZdmx4ZRuKsjclj/jNXDZrMZuIlQhcdoD2R2RmkVDQdgKpJ9ceFXWIBdbDORxJVo9qyvz6V^&#
03-02 19:53:59.294 11364 11364 E ##XLogger##: #&^EGV/WxxcNjz7z7yYnMTVIGSnA6W9BjpvAKUAbkLA3qoEuQOsj09d9I+KeqB8LvwJWemUBZAxfZ3R9T/IXREeWR5vEik9U3AbFeS/QYT8Xj+wuLnK+uBYoDnq+vvpaGIFL9aLTOoV3kEMBjJBFTfCqXeVuDPQTkityshJlKVmxDg=!account!m9LyP6zmtewlBVN77o1LgdFl+Ugb8WW0mGRPtszCteHchGV1dVFfo0CkdinqHv2JlPjjEGCZ/7oFF836O+l9FFeg75oE35SzA1MJrf92paTFCrkobl2pVzCIuWZdmx4ZRuKsjclj/jNXDZrMZuIlQujQmDIOnF+jFliegQ+RNyc=^&#
03-02 19:53:59.294 11364 11364 E ##XLogger##: #&^EGV/WxxcNjz7z7yYnMTVIGSnA6W9BjpvAKUAbkLA3qoEuQOsj09d9I+KeqB8LvwJWemUBZAxfZ3R9T/IXREeWR5vEik9U3AbFeS/QYT8Xj+wuLnK+uBYoDnq+vvpaGIFL9aLTOoV3kEMBjJBFTfCqXeVuDPQTkityshJlKVmxDg=!account!m9LyP6zmtewlBVN77o1LgdFl+Ugb8WW0mGRPtszCteHchGV1dVFfo0CkdinqHv2JlPjjEGCZ/7oFF836O+l9FFeg75oE35SzA1MJrf92paTFCrkobl2pVzCIuWZdmx4ZRuKsjclj/jNXDZrMZuIlQkC0cK2OMd+thQX4qY3bDI8=^&#
03-02 19:53:59.294 11364 11364 E ##XLogger##: #&^EGV/WxxcNjz7z7yYnMTVIGSnA6W9BjpvAKUAbkLA3qoEuQOsj09d9I+KeqB8LvwJWemUBZAxfZ3R9T/IXREeWR5vEik9U3AbFeS/QYT8Xj+wuLnK+uBYoDnq+vvpaGIFL9aLTOoV3kEMBjJBFTfCqXeVuDPQTkityshJlKVmxDg=!account!m9LyP6zmtewlBVN77o1LgdFl+Ugb8WW0mGRPtszCteHchGV1dVFfo0CkdinqHv2JlPjjEGCZ/7oFF836O+l9FFeg75oE35SzA1MJrf92paTFCrkobl2pVzCIuWZdmx4ZRuKsjclj/jNXDZrMZuIlQkruGu5ObD7f8zTmiogKX7ibtduvTEehCG9eIBwrXeqYuzvESpMYGs/w8inJ7cDe7g==^&#
03-02 19:53:59.294 11364 11364 E ##XLogger##: #&^EGV/WxxcNjz7z7yYnMTVIGSnA6W9BjpvAKUAbkLA3qoEuQOsj09d9I+KeqB8LvwJWemUBZAxfZ3R9T/IXREeWR5vEik9U3AbFeS/QYT8Xj+wuLnK+uBYoDnq+vvpaGIFL9aLTOoV3kEMBjJBFTfCqXeVuDPQTkityshJlKVmxDg=!account!m9LyP6zmtewlBVN77o1LgRQ47DWThccKbJgZJ9ujX2QJgxTRn3UmzjqAddZgQziIKtw/U7dGprv6c5A8AwNLERSSvIqOaEdit8mZRwa33HoS0NVFZdT9RBUWm33JYeYlzll+8ttMSBpFOXt6oBygc+tDUfj6BKhPhaIDONvAooR9dZb3iY/Guyk2hMCLnIhRxFQQmaMALaGXfJuRrrkgwu5C3iilLLDxAmPxpCit1BMkJHvmMEGYbKaOAHliz9DTWgXC6bSRcngusRQPFeah6BwQ6u3ZBI6JA2zmWz59V0UvDeYKtmGmwgw6vTVWSLiqF5krqfa/gf1CNRKNZwr/IwXYZ8vnEvg0qv0KHDHvVxXqG5q1g2E7SXhsoy5DZwia^&#
03-02 19:53:59.294 11364 11364 E ##XLogger##: #&^EGV/WxxcNjz7z7yYnMTVIGSnA6W9BjpvAKUAbkLA3qoEuQOsj09d9I+KeqB8LvwJWemUBZAxfZ3R9T/IXREeWR5vEik9U3AbFeS/QYT8Xj+wuLnK+uBYoDnq+vvpaGIFL9aLTOoV3kEMBjJBFTfCqXeVuDPQTkityshJlKVmxDg=!account!m9LyP6zmtewlBVN77o1LgSGFPsKM+QSgp5I+PG7aNyesdonFjdCwNo0jdhSmeWNin+5EGJj1tJluGimfU858ZQ==^&#
03-02 19:53:59.301  3784  6312 E AlarmManager: not align this alarm: Alarm{7b7f93 type 3 origWhen 428186283 whenElapsed 428186283 android}, reason=0
03-02 19:53:59.303 11364 11364 E TurboSchedMonitor: failed to find setSchedAffinity method com.xiaomi.account
03-02 19:53:59.303 11364 11364 E TurboSchedMonitor: failed to find setSchedAffinity method com.xiaomi.account
03-02 19:53:59.304 11364 11364 E ##XLogger##: #&^EGV/WxxcNjz7z7yYnMTVIGSnA6W9BjpvAKUAbkLA3qoEuQOsj09d9I+KeqB8LvwJWemUBZAxfZ3R9T/IXREeWR5vEik9U3AbFeS/QYT8Xj+wuLnK+uBYoDnq+vvpaGIFL9aLTOoV3kEMBjJBFTfCqXeVuDPQTkityshJlKVmxDg=!account!cMlie5SkNzrGXOO4ephyvZWOnWFxmHlK+IKM0lqp+Gol0O2EavWM8pMIrWM6ce4l^&#
03-02 19:53:59.304 11364 11420 E ##XLogger##: #&^EGV/WxxcNjz7z7yYnMTVIGSnA6W9BjpvAKUAbkLA3qoEuQOsj09d9I+KeqB8LvwJWemUBZAxfZ3R9T/IXREeWR5vEik9U3AbFeS/QYT8Xj+wuLnK+uBYoDnq+vvpaGIFL9aLTOoV3kEMBjJBFTfCqXeVuDPQTkityshJlKVmxDg=!account!cMlie5SkNzrGXOO4ephyvS+7aXLGjEky02RQA6vx7HnT3vcu+kTQX7WcDXyzSQaJRmAFrZVgp5YuwV7zge9t0Q==^&#
03-02 19:53:59.306 11364 11364 E TurboSchedMonitor: failed to find setSchedAffinity method com.xiaomi.account
03-02 19:53:59.309 11364 11364 E TurboSchedMonitor: failed to find setSchedAffinity method com.xiaomi.account
03-02 19:53:59.314 11364 11364 E ##XLogger##: #&^EGV/WxxcNjz7z7yYnMTVIGSnA6W9BjpvAKUAbkLA3qoEuQOsj09d9I+KeqB8LvwJWemUBZAxfZ3R9T/IXREeWR5vEik9U3AbFeS/QYT8Xj+wuLnK+uBYoDnq+vvpaGIFL9aLTOoV3kEMBjJBFTfCqXeVuDPQTkityshJlKVmxDg=!account!ve8DYnmlXEcVhWxNrhYj3ijNJdFlvSPm3p8FMCAE35E9Oj/v4Boq7X/t6rIu8VCi^&#
03-02 19:53:59.314 11364 11420 E ##XLogger##: #&^EGV/WxxcNjz7z7yYnMTVIGSnA6W9BjpvAKUAbkLA3qoEuQOsj09d9I+KeqB8LvwJWemUBZAxfZ3R9T/IXREeWR5vEik9U3AbFeS/QYT8Xj+wuLnK+uBYoDnq+vvpaGIFL9aLTOoV3kEMBjJBFTfCqXeVuDPQTkityshJlKVmxDg=!account!ve8DYnmlXEcVhWxNrhYj3nA6U7NyeCdqH/3atDTpc9TsSaQgCUQyPy6DfsB28IwrhhIxB0wSs+IyWnvfr+cW98EnFpY8zH2+IqChJCLpyMr3OHnEo8vZf9Nv2ueiCkGe8RrhvkL8GgGAh1+UKCNlUAd+mUjqsuAJLhHVJRxTuQnYTl++2qYqu10Cyyz/flgs^&#
03-02 19:53:59.348  2653  2757 E MiuiBooster: "Unkwnow sched policy:-1073741825!!!"
03-02 19:53:59.348  2653  2757 E MiuiBooster: "pri is changed by others!!!"
03-02 19:53:59.379  1912  2148 E ANDR-PERF: ExtendedPerfBoost: trigger_rearm_timer() 179: setthermalbreak req empty boostparam=boost:0
03-02 19:53:59.806  5411  5411 E PreStartUtils: preLaunchProcess success infoPackage: com.android.mms
03-02 19:53:59.887  5411  5411 E Launcher.application: setClickAppWaitForCallback = true
03-02 19:53:59.887  3784  5213 E PerfShielderService: onScenarioChanged start type: 296 time:427850805
03-02 19:53:59.933  5411  5411 E WindowElement8004a49: com.miui.home.recents.anim.WindowElement@8004a49 finishTransition toHome = true isHalf = false runningTaskId = 0
03-02 19:53:59.933  5411  5411 E WindowTransitionCompat: com.android.systemui.shared.recents.system.WindowTransitionCompat@cdc786f finishTransition finishRemoteTransitionForCallback toHome = true, callback: com.miui.home.recents.anim.StateManager$cancelAnim$runnable$1$1@7a14cae
03-02 19:53:59.933  3784  6088 E WindowManager:  source = Task{e85e45 #26233 type=standard A=10131:android.task.contacts} excludeMiuiNavBar = true excludeMiuiStatusBar = true excludeIme = false excludeNavBar = true miuiNavSurfaceControl = Surface(name=NavigationBar Container of Task = 26233#8090)/@0xe07599a miuiStatusSurfaceControl = Surface(name=StatusBar Container of Task = 26233#8091)/@0xd8a42cb
03-02 19:53:59.944  5411  5411 E FloatingIconView2ab860a: recycleView
03-02 19:53:59.977  5411  5411 E Launcher.application: setClickAppWaitForCallback = true
03-02 19:53:59.977  5411  5411 E Launcher: superStartActivity   type=13
03-02 19:53:59.984  1912  2165 E PERFHAL-SERVICE: PERFHAL-SERVICE: perfHintAsync() 599: perfHintAsync SubmitScenarioDRequest initcomplete
03-02 19:53:59.984  1912  2147 E PERFHAL-UTIL: PERFHAL-UTIL: save_node_val() 266: Failed to read /sys/class/mmc_host/mmc0/clk_scaling/enable
03-02 19:53:59.984  1912  2147 E PERFHAL-OPTSHANDLER: PERFHAL-OPTSHANDLER: modify_sysfsnode() 1409: Failed to read /sys/class/mmc_host/mmc0/clk_scaling/enable
03-02 19:53:59.984  1912  2147 E PERFHAL-RESOURCEQS: PERFHAL-RESOURCEQS: AddAndApply() 159: Failed to apply optimization [11, 4]
03-02 19:53:59.992  5411  6454 E FloatingIconLayer2: isCuttingIcon. DeviceConfigs.isDefaultMiuiIcon():true DeviceConfigs.isDefaultMiuiIcon():false
03-02 19:53:59.995  5411  5411 E RotationHelper: setCurrentTransitionRequest: request=0
03-02 19:53:59.995  1763  1805 E traffic : remove TrafficMobileLimiter whitelist 10196
03-02 19:53:59.996  5411  5411 E WindowElement8004a49: com.miui.home.recents.anim.WindowElement@8004a49 finishTransition toHome = true isHalf = false runningTaskId = 0
03-02 19:53:59.996  5411  5411 E WindowTransitionCompat: com.android.systemui.shared.recents.system.WindowTransitionCompat@cdc786f finishTransition toHome = true
03-02 19:53:59.997  3784  5348 E WindowOrganizerController: Trying to start a transition that isn't collecting. This probably means Shell took too long to respond to a request. WM State may be incorrect now, please file a bug
03-02 19:54:00.002  5411  6217 E WindowTransitionCompat: startAnimation isFastLaunch = true
03-02 19:54:00.002  5411  6454 E WindowTransitionCompat: 0, check isClosingType type = 1, mode = 3
03-02 19:54:00.002  5411  6454 E WindowTransitionCompat: 1, check isClosingType type = 2, mode = 4
03-02 19:54:00.003  3784  4740 E AlarmManager: not align this alarm: Alarm{a98623e type 3 origWhen 427910918 whenElapsed 427910918 android}, reason=0
03-02 19:54:00.004  6130  6130 E AnimationHelper: updateTime sToAod:false mHasNotification: true, mClockType: classic
03-02 19:54:00.005  5411  5411 E MultiSpringDynamicAnimationeea4386: ERROR Not Found Bundle Radius
03-02 19:54:00.005  5411  5411 E MultiSpringDynamicAnimationeea4386: ERROR Not Found Bundle SurfaceExtAlpha
03-02 19:54:00.005  5411  5411 E MultiSpringDynamicAnimationeea4386: ERROR Not Found Bundle appLeashBlurRadius
03-02 19:54:00.005  5411  5411 E MultiSpringDynamicAnimationeea4386: ERROR Not Found Bundle SurfaceExtAlpha
03-02 19:54:00.005  5411  5411 E MultiSpringDynamicAnimationeea4386: ERROR Not Found Bundle SurfaceExtAlpha
03-02 19:54:00.005  5411  5411 E MultiSpringDynamicAnimationeea4386: ERROR Not Found Bundle appLeashBlurRadius
03-02 19:54:00.005  5411  5411 E Launcher.application: setClickAppWaitForCallback = false
03-02 19:54:00.006  3784  5213 E PerfShielderService: onScenarioChanged end type: 296 time:427850923, startTime : 427850805
03-02 19:54:00.007  9130  9130 E CommonConversation: is not support beidou
03-02 19:54:00.010  9130  9130 E SmsApplication: com.android.mms lost android:read_cell_broadcasts:  (no permission to fix)
03-02 19:54:00.011  3784  4690 E TransitionChain: Can't collect into a chain with no transition
03-02 19:54:00.023  5411  8182 E ActivityManagerWrapper: get all recent tasks force including -1 userId =0
03-02 19:54:00.023  2653  2750 E MiuiBooster: "MSG_CANCEL_PRIORITY: getpriority failed, 127, No such process"
03-02 19:54:00.023  2653  2757 E MiuiBooster: "requestThreadPriority fail:rel=-38,tid=127,No such process"
03-02 19:54:00.023  5411  5411 E ClipAnimationHelper: updateSourceStack  mSourceInsets=Rect(0, 0 - 0, 0), mSourceStackBounds=Rect(0, 0 - 1440, 3200)
03-02 19:54:00.023  5411  5411 E ClipAnimationHelper: updateHomeStack  mSourceInsets=Rect(0, 0 - 0, 0), mHomeStackBounds=Rect(0, 0 - 1440, 3200)
03-02 19:54:00.023  5411  5411 E WindowAnimParamsProvider: getWindowTargetBounds    bounds=Rect(0, 0 - 1440, 3200)
03-02 19:54:00.023  5411  5411 E ClipAnimationHelper: updateTargetRect  mSourceRect=RectF(0.0, 0.0, 1440.0, 3200.0)   mTargetRect=RectF(0.0, 0.0, 1440.0, 3200.0)   mSourceWindowClipInsets=RectF(0.0, 0.0, 0.0, 0.0)   mHomeStackBounds=Rect(0, 0 - 1440, 3200)   targetRect=Rect(0, 0 - 1440, 3200)
03-02 19:54:00.023  5411  5411 E MultiSpringDynamicAnimationeea4386: ERROR Not Found Bundle SurfaceExtAlpha
03-02 19:54:00.023  5411  5411 E MultiSpringDynamicAnimationeea4386: ERROR Not Found Bundle Radius
03-02 19:54:00.023  5411  5411 E MultiSpringDynamicAnimationeea4386: ERROR Not Found Bundle appLeashBlurRadius
03-02 19:54:00.027  1763  1805 E traffic : remove TrafficMobileLimiter whitelist 10131
03-02 19:54:00.027  9130  9130 E SmsApplication: com.android.mms lost android:read_cell_broadcasts:  (no permission to fix)
03-02 19:54:00.029 13538 16551 E SuggestManager: openApp name = com.android.mms
03-02 19:54:00.030  6060  6593 E PhoneAdapter: get ntnphones failed, exception: java.lang.IllegalStateException: not support satellite!
03-02 19:54:00.033  5411  8182 E ActivityManagerWrapper: getRecentTasksForceIncludingTaskIdIfValid: getRecentTasks: size=10
03-02 19:54:00.033  5411  8182 E ActivityManagerWrapper:  mainTaskId=26232   userId=0   windowMode=1   isExcludedFromRecents=false   baseIntent=Intent { act=android.intent.action.MAIN flag=270532608 cmp=ComponentInfo{com.android.mms/com.android.mms.ui.MmsTabActivity} }
03-02 19:54:00.033  5411  8182 E ActivityManagerWrapper:  mainTaskId=26233   userId=0   windowMode=1   isExcludedFromRecents=false   baseIntent=Intent { act=android.intent.action.MAIN flag=270532608 cmp=ComponentInfo{com.android.contacts/com.android.contacts.activities.TwelveKeyDialer} }
03-02 19:54:00.033  5411  8182 E ActivityManagerWrapper:  mainTaskId=26230   userId=0   windowMode=1   isExcludedFromRecents=false   baseIntent=Intent { act=android.intent.action.MAIN flag=270532608 cmp=ComponentInfo{com.smartsales.prism/com.smartsales.prism.PrismMainActivity} }
03-02 19:54:00.033  5411  8182 E ActivityManagerWrapper:  mainTaskId=26231   userId=0   windowMode=1   isExcludedFromRecents=false   baseIntent=Intent { act=miui.intent.action.SET_FIREWALL flag=335544320 cmp=ComponentInfo{com.miui.securitycenter/com.miui.antispam.ui.activity.MainActivity} }
03-02 19:54:00.033  5411  8182 E ActivityManagerWrapper:  mainTaskId=26172   userId=0   windowMode=1   isExcludedFromRecents=false   baseIntent=Intent { act=android.intent.action.MAIN flag=271581184 cmp=ComponentInfo{com.tencent.mm/com.tencent.mm.ui.LauncherUI} }
03-02 19:54:00.033  5411  8182 E ActivityManagerWrapper:  mainTaskId=26221   userId=0   windowMode=1   isExcludedFromRecents=false   baseIntent=Intent { act=android.settings.APPLICATION_DETAILS_SETTINGS flag=268468224 cmp=ComponentInfo{com.android.settings/com.android.settings.applications.InstalledAppDetails} }
03-02 19:54:00.033  5411  8182 E ActivityManagerWrapper:  mainTaskId=26219   userId=0   windowMode=1   isExcludedFromRecents=false   baseIntent=Intent { act=android.intent.action.MAIN flag=270532608 cmp=ComponentInfo{com.android.camera/com.android.camera.Camera} }
03-02 19:54:00.033  5411  8182 E ActivityManagerWrapper:  mainTaskId=26218   userId=0   windowMode=1   isExcludedFromRecents=false   baseIntent=Intent { act=android.intent.action.MAIN flag=270532608 cmp=ComponentInfo{com.miui.gallery/com.miui.gallery.activity.HomePageActivity} }
03-02 19:54:00.033  5411  8182 E ActivityManagerWrapper:  mainTaskId=26208   userId=0   windowMode=1   isExcludedFromRecents=false   baseIntent=Intent { act=android.intent.action.MAIN flag=270532608 cmp=ComponentInfo{cn.wch.bledemo/cn.wch.bledemo.host.ScanActivity} }
03-02 19:54:00.033  5411  8182 E ActivityManagerWrapper:  mainTaskId=26189   userId=0   windowMode=0   isExcludedFromRecents=false   baseIntent=Intent { act=null flag=268435456 cmp=ComponentInfo{com.miui.voiceassist/com.xiaomi.voiceassistant.TabHostMainActivity} }
03-02 19:54:00.035  1763  1805 E traffic : remove TrafficMobileLimiter whitelist 10080
03-02 19:54:00.037  3784  6349 E NativeTurboSchedManagerJni: ioctl 8 failed!
03-02 19:54:00.042  3784  7229 E TransitionChain: Can't collect into a chain with no transition
03-02 19:54:00.043  1763  1805 E traffic : add TrafficMobileLimiter whitelist 10142
