03-02 19:54:00.053  1763  1805 E traffic : add TrafficMobileLimiter whitelist 10196
03-02 19:54:00.068 13538 16739 E b       : insert result = 56177
03-02 19:54:00.084  9130 11435 E MxChannel: failed to get sim user, close channel aborted
03-02 19:54:00.087  5411  8182 E ActivityManagerWrapper: get all recent tasks force including -1 userId =0
03-02 19:54:00.089  5411  8182 E ActivityManagerWrapper: getRecentTasksForceIncludingTaskIdIfValid: getRecentTasks: size=10
03-02 19:54:00.089  5411  8182 E ActivityManagerWrapper:  mainTaskId=26232   userId=0   windowMode=1   isExcludedFromRecents=false   baseIntent=Intent { act=android.intent.action.MAIN flag=270532608 cmp=ComponentInfo{com.android.mms/com.android.mms.ui.MmsTabActivity} }
03-02 19:54:00.089  5411  8182 E ActivityManagerWrapper:  mainTaskId=26233   userId=0   windowMode=1   isExcludedFromRecents=false   baseIntent=Intent { act=android.intent.action.MAIN flag=270532608 cmp=ComponentInfo{com.android.contacts/com.android.contacts.activities.TwelveKeyDialer} }
03-02 19:54:00.089  5411  8182 E ActivityManagerWrapper:  mainTaskId=26230   userId=0   windowMode=1   isExcludedFromRecents=false   baseIntent=Intent { act=android.intent.action.MAIN flag=270532608 cmp=ComponentInfo{com.smartsales.prism/com.smartsales.prism.PrismMainActivity} }
03-02 19:54:00.089  5411  8182 E ActivityManagerWrapper:  mainTaskId=26231   userId=0   windowMode=1   isExcludedFromRecents=false   baseIntent=Intent { act=miui.intent.action.SET_FIREWALL flag=335544320 cmp=ComponentInfo{com.miui.securitycenter/com.miui.antispam.ui.activity.MainActivity} }
03-02 19:54:00.089  5411  8182 E ActivityManagerWrapper:  mainTaskId=26172   userId=0   windowMode=1   isExcludedFromRecents=false   baseIntent=Intent { act=android.intent.action.MAIN flag=271581184 cmp=ComponentInfo{com.tencent.mm/com.tencent.mm.ui.LauncherUI} }
03-02 19:54:00.089  5411  8182 E ActivityManagerWrapper:  mainTaskId=26221   userId=0   windowMode=1   isExcludedFromRecents=false   baseIntent=Intent { act=android.settings.APPLICATION_DETAILS_SETTINGS flag=268468224 cmp=ComponentInfo{com.android.settings/com.android.settings.applications.InstalledAppDetails} }
03-02 19:54:00.089  5411  8182 E ActivityManagerWrapper:  mainTaskId=26219   userId=0   windowMode=1   isExcludedFromRecents=false   baseIntent=Intent { act=android.intent.action.MAIN flag=270532608 cmp=ComponentInfo{com.android.camera/com.android.camera.Camera} }
03-02 19:54:00.089  5411  8182 E ActivityManagerWrapper:  mainTaskId=26218   userId=0   windowMode=1   isExcludedFromRecents=false   baseIntent=Intent { act=android.intent.action.MAIN flag=270532608 cmp=ComponentInfo{com.miui.gallery/com.miui.gallery.activity.HomePageActivity} }
03-02 19:54:00.089  5411  8182 E ActivityManagerWrapper:  mainTaskId=26208   userId=0   windowMode=1   isExcludedFromRecents=false   baseIntent=Intent { act=android.intent.action.MAIN flag=270532608 cmp=ComponentInfo{cn.wch.bledemo/cn.wch.bledemo.host.ScanActivity} }
03-02 19:54:00.089  5411  8182 E ActivityManagerWrapper:  mainTaskId=26189   userId=0   windowMode=0   isExcludedFromRecents=false   baseIntent=Intent { act=null flag=268435456 cmp=ComponentInfo{com.miui.voiceassist/com.xiaomi.voiceassistant.TabHostMainActivity} }
03-02 19:54:00.101  2064  5106 E ConversionHelperAidl: Function: parseAndSetVendorParameters Line: 94 Failed 
03-02 19:54:00.101  2064  5106 E ConversionHelperAidl: Function: parseAndSetVendorParameters Line: 94 Failed 
03-02 19:54:00.101  2064  5106 E ConversionHelperAidl: Function: parseAndSetVendorParameters Line: 94 Failed 
03-02 19:54:00.107  1763  1805 E traffic : add TrafficMobileLimiter whitelist 10080
03-02 19:54:00.125  3784  3927 E MiuiBatteryIntelligence: handleSensorSceneChanged error cause : java.lang.NullPointerException: Attempt to invoke virtual method 'void com.android.server.MiuiBatteryIntelligence$SensorChargeScence.startStateCharge(int)' on a null object reference
03-02 19:54:00.128  6130  6130 E NotifCollection: No notification to remove with key 0|com.android.mms|114|null|10142 reason=8:REASON_APP_CANCEL
03-02 19:54:00.202  2064  5106 E ConversionHelperAidl: Function: parseAndSetVendorParameters Line: 94 Failed 
03-02 19:54:00.202  2064  5106 E ConversionHelperAidl: Function: parseAndSetVendorParameters Line: 94 Failed 
03-02 19:54:00.202  2064  5106 E ConversionHelperAidl: Function: parseAndSetVendorParameters Line: 94 Failed 
03-02 19:54:00.206  9130 10431 E ErrorHandler:  JSON exception 
03-02 19:54:00.206  9130 10431 E ErrorHandler: org.json.JSONException: Value { of type java.lang.String cannot be converted to JSONObject
03-02 19:54:00.206  9130 10431 E ErrorHandler: 	at org.json.JSON.typeMismatch(JSON.java:112)
03-02 19:54:00.206  9130 10431 E ErrorHandler: 	at org.json.JSONObject.<init>(JSONObject.java:172)
03-02 19:54:00.206  9130 10431 E ErrorHandler: 	at org.json.JSONObject.<init>(JSONObject.java:185)
03-02 19:54:00.206  9130 10431 E ErrorHandler: 	at com.miui.smsextra.internal.http.request.ErrorHandler.handle(Unknown Source:117)
03-02 19:54:00.206  9130 10431 E ErrorHandler: 	at com.miui.smsextra.internal.http.request.HttpRequestImpl.tryRequest(Unknown Source:40)
03-02 19:54:00.206  9130 10431 E ErrorHandler: 	at com.miui.smsextra.internal.http.request.HttpRequestImpl.request(Unknown Source:50)
03-02 19:54:00.206  9130 10431 E ErrorHandler: 	at com.miui.smsextra.http.HttpRequest.request(Unknown Source:4)
03-02 19:54:00.206  9130 10431 E ErrorHandler: 	at com.miui.smsextra.http.HttpRequest$Builder.request(Unknown Source:4)
03-02 19:54:00.206  9130 10431 E ErrorHandler: 	at com.miui.smsextra.internal.yellowpage.number.AntispamCategoryUtils.loadCategoryInfo(Unknown Source:78)
03-02 19:54:00.206  9130 10431 E ErrorHandler: 	at com.miui.smsextra.internal.yellowpage.number.AntispamCategoryUtils.b(Unknown Source:0)
03-02 19:54:00.206  9130 10431 E ErrorHandler: 	at com.miui.smsextra.internal.yellowpage.number.AntispamCategoryUtils$2.run(Unknown Source:4)
03-02 19:54:00.206  9130 10431 E ErrorHandler: 	at java.util.concurrent.ThreadPoolExecutor.runWorker(ThreadPoolExecutor.java:1302)
03-02 19:54:00.206  9130 10431 E ErrorHandler: 	at java.util.concurrent.ThreadPoolExecutor$Worker.run(ThreadPoolExecutor.java:677)
03-02 19:54:00.206  9130 10431 E ErrorHandler: 	at java.lang.Thread.run(Thread.java:1119)
03-02 19:54:00.261  9130 10395 E ErrorHandler:  JSON exception 
03-02 19:54:00.261  9130 10395 E ErrorHandler: org.json.JSONException: Value { of type java.lang.String cannot be converted to JSONObject
03-02 19:54:00.261  9130 10395 E ErrorHandler: 	at org.json.JSON.typeMismatch(JSON.java:112)
03-02 19:54:00.261  9130 10395 E ErrorHandler: 	at org.json.JSONObject.<init>(JSONObject.java:172)
03-02 19:54:00.261  9130 10395 E ErrorHandler: 	at org.json.JSONObject.<init>(JSONObject.java:185)
03-02 19:54:00.261  9130 10395 E ErrorHandler: 	at com.miui.smsextra.internal.http.request.ErrorHandler.handle(Unknown Source:117)
03-02 19:54:00.261  9130 10395 E ErrorHandler: 	at com.miui.smsextra.internal.http.request.HttpRequestImpl.tryRequest(Unknown Source:40)
03-02 19:54:00.261  9130 10395 E ErrorHandler: 	at com.miui.smsextra.internal.http.request.HttpRequestImpl.request(Unknown Source:50)
03-02 19:54:00.261  9130 10395 E ErrorHandler: 	at com.miui.smsextra.http.HttpRequest.request(Unknown Source:4)
03-02 19:54:00.261  9130 10395 E ErrorHandler: 	at com.miui.smsextra.http.HttpRequest$Builder.request(Unknown Source:4)
03-02 19:54:00.261  9130 10395 E ErrorHandler: 	at com.miui.smsextra.internal.yellowpage.number.AntispamCategoryUtils.loadCategoryInfo(Unknown Source:78)
03-02 19:54:00.261  9130 10395 E ErrorHandler: 	at com.miui.smsextra.internal.yellowpage.number.AntispamCategoryUtils.b(Unknown Source:0)
03-02 19:54:00.261  9130 10395 E ErrorHandler: 	at com.miui.smsextra.internal.yellowpage.number.AntispamCategoryUtils$2.run(Unknown Source:4)
03-02 19:54:00.261  9130 10395 E ErrorHandler: 	at java.util.concurrent.ThreadPoolExecutor.runWorker(ThreadPoolExecutor.java:1302)
03-02 19:54:00.261  9130 10395 E ErrorHandler: 	at java.util.concurrent.ThreadPoolExecutor$Worker.run(ThreadPoolExecutor.java:677)
03-02 19:54:00.261  9130 10395 E ErrorHandler: 	at java.lang.Thread.run(Thread.java:1119)
03-02 19:54:00.261  9130 10396 E ErrorHandler:  JSON exception 
03-02 19:54:00.261  9130 10396 E ErrorHandler: org.json.JSONException: Value { of type java.lang.String cannot be converted to JSONObject
03-02 19:54:00.261  9130 10396 E ErrorHandler: 	at org.json.JSON.typeMismatch(JSON.java:112)
03-02 19:54:00.261  9130 10396 E ErrorHandler: 	at org.json.JSONObject.<init>(JSONObject.java:172)
03-02 19:54:00.261  9130 10396 E ErrorHandler: 	at org.json.JSONObject.<init>(JSONObject.java:185)
03-02 19:54:00.261  9130 10396 E ErrorHandler: 	at com.miui.smsextra.internal.http.request.ErrorHandler.handle(Unknown Source:117)
03-02 19:54:00.261  9130 10396 E ErrorHandler: 	at com.miui.smsextra.internal.http.request.HttpRequestImpl.tryRequest(Unknown Source:40)
03-02 19:54:00.261  9130 10396 E ErrorHandler: 	at com.miui.smsextra.internal.http.request.HttpRequestImpl.request(Unknown Source:50)
03-02 19:54:00.261  9130 10396 E ErrorHandler: 	at com.miui.smsextra.http.HttpRequest.request(Unknown Source:4)
03-02 19:54:00.261  9130 10396 E ErrorHandler: 	at com.miui.smsextra.http.HttpRequest$Builder.request(Unknown Source:4)
03-02 19:54:00.261  9130 10396 E ErrorHandler: 	at com.miui.smsextra.internal.yellowpage.number.AntispamCategoryUtils.loadCategoryInfo(Unknown Source:78)
03-02 19:54:00.261  9130 10396 E ErrorHandler: 	at com.miui.smsextra.internal.yellowpage.number.AntispamCategoryUtils.b(Unknown Source:0)
03-02 19:54:00.261  9130 10396 E ErrorHandler: 	at com.miui.smsextra.internal.yellowpage.number.AntispamCategoryUtils$2.run(Unknown Source:4)
03-02 19:54:00.261  9130 10396 E ErrorHandler: 	at java.util.concurrent.ThreadPoolExecutor.runWorker(ThreadPoolExecutor.java:1302)
03-02 19:54:00.261  9130 10396 E ErrorHandler: 	at java.util.concurrent.ThreadPoolExecutor$Worker.run(ThreadPoolExecutor.java:677)
03-02 19:54:00.261  9130 10396 E ErrorHandler: 	at java.lang.Thread.run(Thread.java:1119)
03-02 19:54:00.266  9130 10398 E ErrorHandler:  JSON exception 
03-02 19:54:00.266  9130 10398 E ErrorHandler: org.json.JSONException: Value { of type java.lang.String cannot be converted to JSONObject
03-02 19:54:00.266  9130 10398 E ErrorHandler: 	at org.json.JSON.typeMismatch(JSON.java:112)
03-02 19:54:00.266  9130 10398 E ErrorHandler: 	at org.json.JSONObject.<init>(JSONObject.java:172)
03-02 19:54:00.266  9130 10398 E ErrorHandler: 	at org.json.JSONObject.<init>(JSONObject.java:185)
03-02 19:54:00.266  9130 10398 E ErrorHandler: 	at com.miui.smsextra.internal.http.request.ErrorHandler.handle(Unknown Source:117)
03-02 19:54:00.266  9130 10398 E ErrorHandler: 	at com.miui.smsextra.internal.http.request.HttpRequestImpl.tryRequest(Unknown Source:40)
03-02 19:54:00.266  9130 10398 E ErrorHandler: 	at com.miui.smsextra.internal.http.request.HttpRequestImpl.request(Unknown Source:50)
03-02 19:54:00.266  9130 10398 E ErrorHandler: 	at com.miui.smsextra.http.HttpRequest.request(Unknown Source:4)
03-02 19:54:00.266  9130 10398 E ErrorHandler: 	at com.miui.smsextra.http.HttpRequest$Builder.request(Unknown Source:4)
03-02 19:54:00.266  9130 10398 E ErrorHandler: 	at com.miui.smsextra.internal.yellowpage.number.AntispamCategoryUtils.loadCategoryInfo(Unknown Source:78)
03-02 19:54:00.266  9130 10398 E ErrorHandler: 	at com.miui.smsextra.internal.yellowpage.number.AntispamCategoryUtils.b(Unknown Source:0)
03-02 19:54:00.266  9130 10398 E ErrorHandler: 	at com.miui.smsextra.internal.yellowpage.number.AntispamCategoryUtils$2.run(Unknown Source:4)
03-02 19:54:00.266  9130 10398 E ErrorHandler: 	at java.util.concurrent.ThreadPoolExecutor.runWorker(ThreadPoolExecutor.java:1302)
03-02 19:54:00.266  9130 10398 E ErrorHandler: 	at java.util.concurrent.ThreadPoolExecutor$Worker.run(ThreadPoolExecutor.java:677)
03-02 19:54:00.266  9130 10398 E ErrorHandler: 	at java.lang.Thread.run(Thread.java:1119)
03-02 19:54:00.313  9130 10431 E ErrorHandler:  JSON exception 
03-02 19:54:00.313  9130 10431 E ErrorHandler: org.json.JSONException: Value { of type java.lang.String cannot be converted to JSONObject
03-02 19:54:00.313  9130 10431 E ErrorHandler: 	at org.json.JSON.typeMismatch(JSON.java:112)
03-02 19:54:00.313  9130 10431 E ErrorHandler: 	at org.json.JSONObject.<init>(JSONObject.java:172)
03-02 19:54:00.313  9130 10431 E ErrorHandler: 	at org.json.JSONObject.<init>(JSONObject.java:185)
03-02 19:54:00.313  9130 10431 E ErrorHandler: 	at com.miui.smsextra.internal.http.request.ErrorHandler.handle(Unknown Source:117)
03-02 19:54:00.313  9130 10431 E ErrorHandler: 	at com.miui.smsextra.internal.http.request.HttpRequestImpl.tryRequest(Unknown Source:40)
03-02 19:54:00.313  9130 10431 E ErrorHandler: 	at com.miui.smsextra.internal.http.request.HttpRequestImpl.request(Unknown Source:50)
03-02 19:54:00.313  9130 10431 E ErrorHandler: 	at com.miui.smsextra.http.HttpRequest.request(Unknown Source:4)
03-02 19:54:00.313  9130 10431 E ErrorHandler: 	at com.miui.smsextra.http.HttpRequest$Builder.request(Unknown Source:4)
03-02 19:54:00.313  9130 10431 E ErrorHandler: 	at com.miui.smsextra.internal.yellowpage.number.AntispamCategoryUtils.loadCategoryInfo(Unknown Source:78)
03-02 19:54:00.313  9130 10431 E ErrorHandler: 	at com.miui.smsextra.internal.yellowpage.number.AntispamCategoryUtils.b(Unknown Source:0)
03-02 19:54:00.313  9130 10431 E ErrorHandler: 	at com.miui.smsextra.internal.yellowpage.number.AntispamCategoryUtils$2.run(Unknown Source:4)
03-02 19:54:00.313  9130 10431 E ErrorHandler: 	at java.util.concurrent.ThreadPoolExecutor.runWorker(ThreadPoolExecutor.java:1302)
03-02 19:54:00.313  9130 10431 E ErrorHandler: 	at java.util.concurrent.ThreadPoolExecutor$Worker.run(ThreadPoolExecutor.java:677)
03-02 19:54:00.313  9130 10431 E ErrorHandler: 	at java.lang.Thread.run(Thread.java:1119)
03-02 19:54:00.315  9130 10419 E ErrorHandler:  JSON exception 
03-02 19:54:00.315  9130 10419 E ErrorHandler: org.json.JSONException: Value { of type java.lang.String cannot be converted to JSONObject
03-02 19:54:00.315  9130 10419 E ErrorHandler: 	at org.json.JSON.typeMismatch(JSON.java:112)
03-02 19:54:00.315  9130 10419 E ErrorHandler: 	at org.json.JSONObject.<init>(JSONObject.java:172)
03-02 19:54:00.315  9130 10419 E ErrorHandler: 	at org.json.JSONObject.<init>(JSONObject.java:185)
03-02 19:54:00.315  9130 10419 E ErrorHandler: 	at com.miui.smsextra.internal.http.request.ErrorHandler.handle(Unknown Source:117)
03-02 19:54:00.315  9130 10419 E ErrorHandler: 	at com.miui.smsextra.internal.http.request.HttpRequestImpl.tryRequest(Unknown Source:40)
03-02 19:54:00.315  9130 10419 E ErrorHandler: 	at com.miui.smsextra.internal.http.request.HttpRequestImpl.request(Unknown Source:50)
03-02 19:54:00.315  9130 10419 E ErrorHandler: 	at com.miui.smsextra.http.HttpRequest.request(Unknown Source:4)
03-02 19:54:00.315  9130 10419 E ErrorHandler: 	at com.miui.smsextra.http.HttpRequest$Builder.request(Unknown Source:4)
03-02 19:54:00.315  9130 10419 E ErrorHandler: 	at com.miui.smsextra.internal.yellowpage.number.AntispamCategoryUtils.loadCategoryInfo(Unknown Source:78)
03-02 19:54:00.315  9130 10419 E ErrorHandler: 	at com.miui.smsextra.internal.yellowpage.number.AntispamCategoryUtils.b(Unknown Source:0)
03-02 19:54:00.315  9130 10419 E ErrorHandler: 	at com.miui.smsextra.internal.yellowpage.number.AntispamCategoryUtils$2.run(Unknown Source:4)
03-02 19:54:00.315  9130 10419 E ErrorHandler: 	at java.util.concurrent.ThreadPoolExecutor.runWorker(ThreadPoolExecutor.java:1302)
03-02 19:54:00.315  9130 10419 E ErrorHandler: 	at java.util.concurrent.ThreadPoolExecutor$Worker.run(ThreadPoolExecutor.java:677)
03-02 19:54:00.315  9130 10419 E ErrorHandler: 	at java.lang.Thread.run(Thread.java:1119)
03-02 19:54:00.384  1912  2148 E ANDR-PERF: ExtendedPerfBoost: trigger_rearm_timer() 179: setthermalbreak req empty boostparam=boost:0
03-02 19:54:00.396 16175 16879 E lyra-device: DeviceManagerImpl::DeletePositionInfo:826 failed, device_id=48CB27F6, code=21006, msg="device not exist"
03-02 19:54:00.396 16175 16879 E lyra-device: DeviceManagerImpl::DeleteLinksAddr:738 failed, device_id=48CB27F6, code=21006, msg="device not exist"
03-02 19:54:00.524  2653  2757 E MiuiBooster: "Unkwnow sched policy:-1073741825!!!"
03-02 19:54:00.524  2653  2757 E MiuiBooster: "pri is changed by others!!!"
03-02 19:54:00.706  5411  5411 E MultiSpringDynamicAnimationeea4386: ERROR Not Found Bundle Radius
03-02 19:54:00.706  5411  5411 E WindowElement9f5c447: com.miui.home.recents.anim.FastLaunchWindowElement@9f5c447 finishTransition toHome = false isHalf = false runningTaskId = 0
03-02 19:54:00.706  5411  5411 E WindowTransitionCompat: com.android.systemui.shared.recents.system.WindowTransitionCompat@4aa4d9d finishTransition toHome = false
03-02 19:54:00.707  5411  5411 E FloatingIconView2c31ff1f: recycleView
03-02 19:54:00.716  1763  1805 E traffic : remove TrafficMobileLimiter whitelist 10187
03-02 19:54:00.720  1763  1805 E traffic : remove TrafficMobileLimiter whitelist 10140
03-02 19:54:00.720  1763  1805 E traffic : remove TrafficMobileLimiter whitelist 10135
03-02 19:54:00.722  1763  1805 E traffic : remove TrafficMobileLimiter whitelist 10134
03-02 19:54:00.748  5411  6370 E com.miui.home: [passBlur-5411] detachFromView: abandoned SurfaceTexture
03-02 19:54:00.749  5411  5411 E Launcher.application: setClickAppWaitForCallback = false
03-02 19:54:01.650  2064  5151 E ConversionHelperAidl: Function: parseAndSetVendorParameters Line: 94 Failed 
03-02 19:54:01.650  2064  5151 E ConversionHelperAidl: Function: parseAndSetVendorParameters Line: 94 Failed 
03-02 19:54:01.650  2064  5151 E ConversionHelperAidl: Function: parseAndSetVendorParameters Line: 94 Failed 
03-02 19:54:03.369  2078  2078 E DisplayModeController: setDesiredMode : Idle status skip setActiveMode, isDdicIdleMode: 1
03-02 19:54:03.372  1887 32718 E sensors-hal: handle_sns_client_event:54, knuckle_event: ts=427854289878919, event=0.000000 now = 427854290290999
03-02 19:54:03.400  2064  5151 E ConversionHelperAidl: Function: parseAndSetVendorParameters Line: 94 Failed 
03-02 19:54:03.401  2064  5151 E ConversionHelperAidl: Function: parseAndSetVendorParameters Line: 94 Failed 
03-02 19:54:03.401  2064  5151 E ConversionHelperAidl: Function: parseAndSetVendorParameters Line: 94 Failed 
03-02 19:54:03.464  1912  2147 E PERFHAL-UTIL: PERFHAL-UTIL: save_node_val() 266: Failed to read /sys/class/mmc_host/mmc0/clk_scaling/enable
03-02 19:54:03.464  1912  2147 E PERFHAL-OPTSHANDLER: PERFHAL-OPTSHANDLER: modify_sysfsnode() 1409: Failed to read /sys/class/mmc_host/mmc0/clk_scaling/enable
03-02 19:54:03.464  1912  2147 E PERFHAL-RESOURCEQS: PERFHAL-RESOURCEQS: AddAndApply() 159: Failed to apply optimization [11, 4]
03-02 19:54:03.465  1912  1912 E PERFHAL-SERVICE: PERFHAL-SERVICE: perfHintAsync() 599: perfHintAsync SubmitScenarioDRequest initcomplete
03-02 19:54:03.465  1912  2147 E PERFHAL-UTIL: PERFHAL-UTIL: save_node_val() 266: Failed to read /sys/class/mmc_host/mmc0/clk_scaling/enable
03-02 19:54:03.465  1912  2147 E PERFHAL-OPTSHANDLER: PERFHAL-OPTSHANDLER: modify_sysfsnode() 1409: Failed to read /sys/class/mmc_host/mmc0/clk_scaling/enable
03-02 19:54:03.465  1912  2147 E PERFHAL-RESOURCEQS: PERFHAL-RESOURCEQS: AddAndApply() 159: Failed to apply optimization [11, 4]
03-02 19:54:03.468  1912  1912 E PERFHAL-SERVICE: PERFHAL-SERVICE: perfHintAsync() 599: perfHintAsync SubmitScenarioDRequest initcomplete
03-02 19:54:03.468  1912  1912 E PERFHAL-SERVICE: PERFHAL-SERVICE: perfHintAsync() 599: perfHintAsync SubmitScenarioDRequest initcomplete
03-02 19:54:03.468  1912  2147 E PERFHAL-UTIL: PERFHAL-UTIL: save_node_val() 266: Failed to read /sys/class/mmc_host/mmc0/clk_scaling/enable
03-02 19:54:03.468  1912  2147 E PERFHAL-OPTSHANDLER: PERFHAL-OPTSHANDLER: modify_sysfsnode() 1409: Failed to read /sys/class/mmc_host/mmc0/clk_scaling/enable
03-02 19:54:03.468  1912  2147 E PERFHAL-RESOURCEQS: PERFHAL-RESOURCEQS: AddAndApply() 159: Failed to apply optimization [11, 4]
03-02 19:54:03.472  9130 10403 E ContentCatcherManager: failed to get ContentCatcherService.
03-02 19:54:03.472  9130 10403 E ContentCatcherManager: failed to get ContentCatcherService.
03-02 19:54:03.474  3784  6312 E TransitionChain: Mismatch between current collecting (TransitionRecord{12469ff id=376 type=OPEN flags=0x0 c=[
03-02 19:54:03.474  3784  6312 E TransitionChain:    ChangeInfo{d506782 container=ActivityRecord{51085039 u0 com.android.mms/.ui.MmsTabActivity t26232} flags=0x0}
03-02 19:54:03.474  3784  6312 E TransitionChain:    ChangeInfo{2b3de91 container=OneHanded:0:14@91190725 flags=0x0}
03-02 19:54:03.474  3784  6312 E TransitionChain:    ChangeInfo{98c21f6 container=Display{#0 state=ON size=1440x3200 ROTATION_0} flags=0x0}
03-02 19:54:03.474  3784  6312 E TransitionChain:    ChangeInfo{d4799f7 container=DefaultTaskDisplayArea@218719041 flags=0x0}
03-02 19:54:03.474  3784  6312 E TransitionChain:    ChangeInfo{4700064 container=ActivityRecord{252117964 u0 com.android.mms/.ui.MessagingPreferenceActivity t26232} flags=0x0}
03-02 19:54:03.474  3784  6312 E TransitionChain:    ChangeInfo{526d2cd container=Task{f2cec85 #26232 type=standard A=10142:android.task.mms} flags=0x0}
03-02 19:54:03.474  3784  6312 E TransitionChain: ]
03-02 19:54:03.474  3784  6312 E TransitionChain: }) and chain (TransitionRecord{12469ff id=376 type=OPEN flags=0x0 c=[
03-02 19:54:03.474  3784  6312 E TransitionChain:    ChangeInfo{d506782 container=ActivityRecord{51085039 u0 com.android.mms/.ui.MmsTabActivity t26232} flags=0x0}
03-02 19:54:03.474  3784  6312 E TransitionChain:    ChangeInfo{2b3de91 container=OneHanded:0:14@91190725 flags=0x0}
03-02 19:54:03.474  3784  6312 E TransitionChain:    ChangeInfo{98c21f6 container=Display{#0 state=ON size=1440x3200 ROTATION_0} flags=0x0}
03-02 19:54:03.474  3784  6312 E TransitionChain:    ChangeInfo{d4799f7 container=DefaultTaskDisplayArea@218719041 flags=0x0}
03-02 19:54:03.474  3784  6312 E TransitionChain:    ChangeInfo{4700064 container=ActivityRecord{252117964 u0 com.android.mms/.ui.MessagingPreferenceActivity t26232} flags=0x0}
03-02 19:54:03.474  3784  6312 E TransitionChain:    ChangeInfo{526d2cd container=Task{f2cec85 #26232 type=standard A=10142:android.task.mms} flags=0x0}
03-02 19:54:03.474  3784  6312 E TransitionChain: ]
03-02 19:54:03.474  3784  6312 E TransitionChain: })
03-02 19:54:03.475  9130  9130 E NativeTurboSchedManagerJni: open /dev/metis failed!
03-02 19:54:03.475  9130  9130 E TurboSchedMonitor: failed to find setSchedAffinity method com.android.mms
03-02 19:54:03.475  9130  9130 E NativeTurboSchedManagerJni: open /dev/metis failed!
03-02 19:54:03.475  9130  9130 E TurboSchedMonitor: failed to find setSchedAffinity method com.android.mms
03-02 19:54:03.483  1763  1805 E traffic : add TrafficMobileLimiter whitelist 10190
03-02 19:54:03.500  6130  6130 E NotifCollection: No notification to remove with key 0|com.xiaomi.simactivate.service|1001|null|10190 reason=8:REASON_APP_CANCEL
03-02 19:54:03.501  1763  1805 E traffic : remove TrafficMobileLimiter whitelist 10190
03-02 19:54:03.544  3784  6312 E TransitionChain: Can't collect into a chain with no transition
03-02 19:54:03.570  2653  2750 E MiuiBooster: "MSG_CANCEL_PRIORITY: getpriority failed, 127, No such process"
03-02 19:54:03.570  5411  8182 E ActivityManagerWrapper: get all recent tasks force including -1 userId =0
03-02 19:54:03.570  3784  6451 E NativeTurboSchedManagerJni: ioctl 8 failed!
03-02 19:54:03.570  2653  2757 E MiuiBooster: "requestThreadPriority fail:rel=-38,tid=127,No such process"
03-02 19:54:03.572  5411  8182 E ActivityManagerWrapper: getRecentTasksForceIncludingTaskIdIfValid: getRecentTasks: size=10
03-02 19:54:03.572  5411  8182 E ActivityManagerWrapper:  mainTaskId=26232   userId=0   windowMode=1   isExcludedFromRecents=false   baseIntent=Intent { act=android.intent.action.MAIN flag=270532608 cmp=ComponentInfo{com.android.mms/com.android.mms.ui.MmsTabActivity} }
03-02 19:54:03.572  5411  8182 E ActivityManagerWrapper:  mainTaskId=26233   userId=0   windowMode=1   isExcludedFromRecents=false   baseIntent=Intent { act=android.intent.action.MAIN flag=270532608 cmp=ComponentInfo{com.android.contacts/com.android.contacts.activities.TwelveKeyDialer} }
03-02 19:54:03.572  5411  8182 E ActivityManagerWrapper:  mainTaskId=26230   userId=0   windowMode=1   isExcludedFromRecents=false   baseIntent=Intent { act=android.intent.action.MAIN flag=270532608 cmp=ComponentInfo{com.smartsales.prism/com.smartsales.prism.PrismMainActivity} }
03-02 19:54:03.572  5411  8182 E ActivityManagerWrapper:  mainTaskId=26231   userId=0   windowMode=1   isExcludedFromRecents=false   baseIntent=Intent { act=miui.intent.action.SET_FIREWALL flag=335544320 cmp=ComponentInfo{com.miui.securitycenter/com.miui.antispam.ui.activity.MainActivity} }
03-02 19:54:03.572  5411  8182 E ActivityManagerWrapper:  mainTaskId=26172   userId=0   windowMode=1   isExcludedFromRecents=false   baseIntent=Intent { act=android.intent.action.MAIN flag=271581184 cmp=ComponentInfo{com.tencent.mm/com.tencent.mm.ui.LauncherUI} }
03-02 19:54:03.572  5411  8182 E ActivityManagerWrapper:  mainTaskId=26221   userId=0   windowMode=1   isExcludedFromRecents=false   baseIntent=Intent { act=android.settings.APPLICATION_DETAILS_SETTINGS flag=268468224 cmp=ComponentInfo{com.android.settings/com.android.settings.applications.InstalledAppDetails} }
03-02 19:54:03.572  5411  8182 E ActivityManagerWrapper:  mainTaskId=26219   userId=0   windowMode=1   isExcludedFromRecents=false   baseIntent=Intent { act=android.intent.action.MAIN flag=270532608 cmp=ComponentInfo{com.android.camera/com.android.camera.Camera} }
03-02 19:54:03.572  5411  8182 E ActivityManagerWrapper:  mainTaskId=26218   userId=0   windowMode=1   isExcludedFromRecents=false   baseIntent=Intent { act=android.intent.action.MAIN flag=270532608 cmp=ComponentInfo{com.miui.gallery/com.miui.gallery.activity.HomePageActivity} }
03-02 19:54:03.572  5411  8182 E ActivityManagerWrapper:  mainTaskId=26208   userId=0   windowMode=1   isExcludedFromRecents=false   baseIntent=Intent { act=android.intent.action.MAIN flag=270532608 cmp=ComponentInfo{cn.wch.bledemo/cn.wch.bledemo.host.ScanActivity} }
03-02 19:54:03.572  5411  8182 E ActivityManagerWrapper:  mainTaskId=26189   userId=0   windowMode=0   isExcludedFromRecents=false   baseIntent=Intent { act=null flag=268435456 cmp=ComponentInfo{com.miui.voiceassist/com.xiaomi.voiceassistant.TabHostMainActivity} }
03-02 19:54:03.650  9130 10385 E LB      : fail to open file: Permission denied
03-02 19:54:03.650  9130 10385 E LB      : fail to open node: Permission denied
03-02 19:54:03.650  9130 10385 E LB      : fail to open node: Permission denied
03-02 19:54:03.788  1887 24555 E sensors-hal: handle_sns_client_event:58, har: time = 427854706537565 data 0.000000
03-02 19:54:04.064  1912  2148 E ANDR-PERF: ExtendedPerfBoost: trigger_rearm_timer() 179: setthermalbreak req empty boostparam=boost:0
03-02 19:54:04.070  2653  2757 E MiuiBooster: "Unkwnow sched policy:-1073741825!!!"
03-02 19:54:04.071  2653  2757 E MiuiBooster: "pri is changed by others!!!"
03-02 19:54:04.790  2078  2078 E DisplayModeController: setDesiredMode : Idle status skip setActiveMode, isDdicIdleMode: 1
03-02 19:54:04.797  1912  2165 E PERFHAL-SERVICE: PERFHAL-SERVICE: perfHintAsync() 599: perfHintAsync SubmitScenarioDRequest initcomplete
03-02 19:54:04.797  1912  2161 E PERFHAL-WLC-SCENARIO: PERFHAL-WLC-SCENARIO: GetWeight() 127: empty appName or WLC is not initialized
03-02 19:54:04.797  1912  2161 E PERFHAL-WLC-SCENARIO: PERFHAL-WLC-SCENARIO: GetWeight() 127: empty appName or WLC is not initialized
03-02 19:54:04.925  1912  1912 E PERFHAL-SERVICE: PERFHAL-SERVICE: perfHintAsync() 599: perfHintAsync SubmitScenarioDRequest initcomplete
03-02 19:54:04.925  1912  2161 E PERFHAL-WLC-SCENARIO: PERFHAL-WLC-SCENARIO: GetWeight() 127: empty appName or WLC is not initialized
03-02 19:54:04.930  3784  6451 E VibratorManagerServiceImpl: vibrationThreadSetParameters
03-02 19:54:04.931  2043  2604 E vendor.hardware.vibratorfeature: effiectId = 0
03-02 19:54:04.931  2043  2604 E vendor.hardware.vibratorfeature: amplitude write cirrus_amplitude 100
03-02 19:54:04.938  1912  1912 E PERFHAL-SERVICE: PERFHAL-SERVICE: perfHintAsync() 599: perfHintAsync SubmitScenarioDRequest initcomplete
03-02 19:54:04.939  1912  2147 E PERFHAL-UTIL: PERFHAL-UTIL: save_node_val() 266: Failed to read /sys/class/mmc_host/mmc0/clk_scaling/enable
03-02 19:54:04.939  1912  2147 E PERFHAL-OPTSHANDLER: PERFHAL-OPTSHANDLER: modify_sysfsnode() 1409: Failed to read /sys/class/mmc_host/mmc0/clk_scaling/enable
03-02 19:54:04.939  1912  2147 E PERFHAL-RESOURCEQS: PERFHAL-RESOURCEQS: AddAndApply() 159: Failed to apply optimization [11, 4]
03-02 19:54:04.943  3784  3894 E TransitionChain: Mismatch between current collecting (TransitionRecord{62c845 id=377 type=CLOSE flags=0x0 c=[
03-02 19:54:04.943  3784  3894 E TransitionChain:    ChangeInfo{e8f5aa7 container=ActivityRecord{51085039 u0 com.android.mms/.ui.MmsTabActivity t26232} flags=0x0}
03-02 19:54:04.943  3784  3894 E TransitionChain:    ChangeInfo{d727b9a container=OneHanded:0:14@91190725 flags=0x0}
03-02 19:54:04.943  3784  3894 E TransitionChain:    ChangeInfo{e83bccb container=Display{#0 state=ON size=1440x3200 ROTATION_0} flags=0x0}
03-02 19:54:04.943  3784  3894 E TransitionChain:    ChangeInfo{19f6ca8 container=DefaultTaskDisplayArea@218719041 flags=0x0}
03-02 19:54:04.943  3784  3894 E TransitionChain:    ChangeInfo{5eca3c1 container=ActivityRecord{252117964 u0 com.android.mms/.ui.MessagingPreferenceActivity t26232 f}} flags=0x0}
03-02 19:54:04.943  3784  3894 E TransitionChain:    ChangeInfo{7ecb766 container=Task{f2cec85 #26232 type=standard A=10142:android.task.mms} flags=0x0}
03-02 19:54:04.943  3784  3894 E TransitionChain: ]
03-02 19:54:04.943  3784  3894 E TransitionChain: }) and chain (TransitionRecord{62c845 id=377 type=CLOSE flags=0x0 c=[
03-02 19:54:04.943  3784  3894 E TransitionChain:    ChangeInfo{e8f5aa7 container=ActivityRecord{51085039 u0 com.android.mms/.ui.MmsTabActivity t26232} flags=0x0}
03-02 19:54:04.943  3784  3894 E TransitionChain:    ChangeInfo{d727b9a container=OneHanded:0:14@91190725 flags=0x0}
03-02 19:54:04.943  3784  3894 E TransitionChain:    ChangeInfo{e83bccb container=Display{#0 state=ON size=1440x3200 ROTATION_0} flags=0x0}
03-02 19:54:04.943  3784  3894 E TransitionChain:    ChangeInfo{19f6ca8 container=DefaultTaskDisplayArea@218719041 flags=0x0}
03-02 19:54:04.943  3784  3894 E TransitionChain:    ChangeInfo{5eca3c1 container=ActivityRecord{252117964 u0 com.android.mms/.ui.MessagingPreferenceActivity t26232 f}} flags=0x0}
03-02 19:54:04.943  3784  3894 E TransitionChain:    ChangeInfo{7ecb766 container=Task{f2cec85 #26232 type=standard A=10142:android.task.mms} flags=0x0}
03-02 19:54:04.943  3784  3894 E TransitionChain: ]
03-02 19:54:04.943  3784  3894 E TransitionChain: })
03-02 19:54:04.944  9130  9130 E CommonConversation: is not support beidou
03-02 19:54:04.946  9130  9130 E SmsApplication: com.android.mms lost android:read_cell_broadcasts:  (no permission to fix)
03-02 19:54:04.962  9130  9130 E SmsApplication: com.android.mms lost android:read_cell_broadcasts:  (no permission to fix)
03-02 19:54:04.963  6060  7373 E PhoneAdapter: get ntnphones failed, exception: java.lang.IllegalStateException: not support satellite!
03-02 19:54:05.006  9130 11578 E MxChannel: failed to get sim user, close channel aborted
03-02 19:54:05.011  6130  6130 E NotifCollection: No notification to remove with key 0|com.android.mms|114|null|10142 reason=8:REASON_APP_CANCEL
03-02 19:54:05.014  2043  2604 E vendor.hardware.vibratorfeature: effiectId = -1
03-02 19:54:05.043  2653  2750 E MiuiBooster: "MSG_CANCEL_PRIORITY: getpriority failed, 127, No such process"
03-02 19:54:05.043  2653  2757 E MiuiBooster: "requestThreadPriority fail:rel=-38,tid=127,No such process"
03-02 19:54:05.043  5411  8182 E ActivityManagerWrapper: get all recent tasks force including -1 userId =0
03-02 19:54:05.043  3784  7219 E NativeTurboSchedManagerJni: ioctl 8 failed!
03-02 19:54:05.045  5411  8182 E ActivityManagerWrapper: getRecentTasksForceIncludingTaskIdIfValid: getRecentTasks: size=10
03-02 19:54:05.045  5411  8182 E ActivityManagerWrapper:  mainTaskId=26232   userId=0   windowMode=1   isExcludedFromRecents=false   baseIntent=Intent { act=android.intent.action.MAIN flag=270532608 cmp=ComponentInfo{com.android.mms/com.android.mms.ui.MmsTabActivity} }
03-02 19:54:05.045  5411  8182 E ActivityManagerWrapper:  mainTaskId=26233   userId=0   windowMode=1   isExcludedFromRecents=false   baseIntent=Intent { act=android.intent.action.MAIN flag=270532608 cmp=ComponentInfo{com.android.contacts/com.android.contacts.activities.TwelveKeyDialer} }
03-02 19:54:05.045  5411  8182 E ActivityManagerWrapper:  mainTaskId=26230   userId=0   windowMode=1   isExcludedFromRecents=false   baseIntent=Intent { act=android.intent.action.MAIN flag=270532608 cmp=ComponentInfo{com.smartsales.prism/com.smartsales.prism.PrismMainActivity} }
03-02 19:54:05.045  5411  8182 E ActivityManagerWrapper:  mainTaskId=26231   userId=0   windowMode=1   isExcludedFromRecents=false   baseIntent=Intent { act=miui.intent.action.SET_FIREWALL flag=335544320 cmp=ComponentInfo{com.miui.securitycenter/com.miui.antispam.ui.activity.MainActivity} }
03-02 19:54:05.045  5411  8182 E ActivityManagerWrapper:  mainTaskId=26172   userId=0   windowMode=1   isExcludedFromRecents=false   baseIntent=Intent { act=android.intent.action.MAIN flag=271581184 cmp=ComponentInfo{com.tencent.mm/com.tencent.mm.ui.LauncherUI} }
03-02 19:54:05.045  5411  8182 E ActivityManagerWrapper:  mainTaskId=26221   userId=0   windowMode=1   isExcludedFromRecents=false   baseIntent=Intent { act=android.settings.APPLICATION_DETAILS_SETTINGS flag=268468224 cmp=ComponentInfo{com.android.settings/com.android.settings.applications.InstalledAppDetails} }
03-02 19:54:05.045  5411  8182 E ActivityManagerWrapper:  mainTaskId=26219   userId=0   windowMode=1   isExcludedFromRecents=false   baseIntent=Intent { act=android.intent.action.MAIN flag=270532608 cmp=ComponentInfo{com.android.camera/com.android.camera.Camera} }
03-02 19:54:05.045  5411  8182 E ActivityManagerWrapper:  mainTaskId=26218   userId=0   windowMode=1   isExcludedFromRecents=false   baseIntent=Intent { act=android.intent.action.MAIN flag=270532608 cmp=ComponentInfo{com.miui.gallery/com.miui.gallery.activity.HomePageActivity} }
03-02 19:54:05.045  5411  8182 E ActivityManagerWrapper:  mainTaskId=26208   userId=0   windowMode=1   isExcludedFromRecents=false   baseIntent=Intent { act=android.intent.action.MAIN flag=270532608 cmp=ComponentInfo{cn.wch.bledemo/cn.wch.bledemo.host.ScanActivity} }
03-02 19:54:05.045  5411  8182 E ActivityManagerWrapper:  mainTaskId=26189   userId=0   windowMode=0   isExcludedFromRecents=false   baseIntent=Intent { act=null flag=268435456 cmp=ComponentInfo{com.miui.voiceassist/com.xiaomi.voiceassistant.TabHostMainActivity} }
03-02 19:54:05.058 11496  8538 E PlayCommon: [10953] aqji.j(221): Failed to connect to server for server timestamp: java.net.SocketTimeoutException: failed to connect to play.googleapis.com/216.239.36.223 (port 443) from /10.5.128.58 (port 44450) after 40000ms: isConnected failed: ETIMEDOUT (Connection timed out)
03-02 19:54:05.067 18573 19752 E AuthPII : [RequestTokenManager] getToken() -> BAD_AUTHENTICATION. App: com.android.vending, Service: oauth2:https://www.googleapis.com/auth/googleplay
03-02 19:54:05.067 18573 19752 E AuthPII : bcxx: Long live credential not available.
03-02 19:54:05.067 18573 19752 E AuthPII : 	at aeup.a(:com.google.android.gms@255034035@25.50.34 (260400-855735097):1401)
03-02 19:54:05.067 18573 19752 E AuthPII : 	at aeuw.b(:com.google.android.gms@255034035@25.50.34 (260400-855735097):26)
03-02 19:54:05.067 18573 19752 E AuthPII : 	at aeuu.a(:com.google.android.gms@255034035@25.50.34 (260400-855735097):744)
03-02 19:54:05.067 18573 19752 E AuthPII : 	at aeut.b(:com.google.android.gms@255034035@25.50.34 (260400-855735097):142)
03-02 19:54:05.067 18573 19752 E AuthPII : 	at yfy.d(:com.google.android.gms@255034035@25.50.34 (260400-855735097):88)
03-02 19:54:05.067 18573 19752 E AuthPII : 	at aeof.getAuthToken(:com.google.android.gms@255034035@25.50.34 (260400-855735097):411)
03-02 19:54:05.067 18573 19752 E AuthPII : 	at android.accounts.AbstractAccountAuthenticator$Transport.getAuthToken(AbstractAccountAuthenticator.java:248)
03-02 19:54:05.067 18573 19752 E AuthPII : 	at android.accounts.IAccountAuthenticator$Stub.onTransact(IAccountAuthenticator.java:254)
03-02 19:54:05.067 18573 19752 E AuthPII : 	at android.os.Binder.transact(Binder.java:1280)
03-02 19:54:05.067 18573 19752 E AuthPII : 	at cgvg.onTransact(:com.google.android.gms@255034035@25.50.34 (260400-855735097):10)
03-02 19:54:05.067 18573 19752 E AuthPII : 	at android.os.Binder.transact(Binder.java:1280)
03-02 19:54:05.067 18573 19752 E AuthPII : 	at buyj.onTransact(:com.google.android.gms@255034035@25.50.34 (260400-855735097):161)
03-02 19:54:05.067 18573 19752 E AuthPII : 	at android.os.Binder.execTransactInternal(Binder.java:1433)
03-02 19:54:05.067 18573 19752 E AuthPII : 	at android.os.Binder.execTransact(Binder.java:1372)
03-02 19:54:05.067 18573 19752 E AuthPII : Message is Long live credential not available.
03-02 19:54:05.067 18573 19752 E AuthPII : bcxx: Long live credential not available.
03-02 19:54:05.067 18573 19752 E AuthPII : 	at aeup.a(:com.google.android.gms@255034035@25.50.34 (260400-855735097):1401)
03-02 19:54:05.067 18573 19752 E AuthPII : 	at aeuw.b(:com.google.android.gms@255034035@25.50.34 (260400-855735097):26)
03-02 19:54:05.067 18573 19752 E AuthPII : 	at aeuu.a(:com.google.android.gms@255034035@25.50.34 (260400-855735097):744)
03-02 19:54:05.067 18573 19752 E AuthPII : 	at aeut.b(:com.google.android.gms@255034035@25.50.34 (260400-855735097):142)
03-02 19:54:05.067 18573 19752 E AuthPII : 	at yfy.d(:com.google.android.gms@255034035@25.50.34 (260400-855735097):88)
03-02 19:54:05.067 18573 19752 E AuthPII : 	at aeof.getAuthToken(:com.google.android.gms@255034035@25.50.34 (260400-855735097):411)
03-02 19:54:05.067 18573 19752 E AuthPII : 	at android.accounts.AbstractAccountAuthenticator$Transport.getAuthToken(AbstractAccountAuthenticator.java:248)
03-02 19:54:05.067 18573 19752 E AuthPII : 	at android.accounts.IAccountAuthenticator$Stub.onTransact(IAccountAuthenticator.java:254)
03-02 19:54:05.067 18573 19752 E AuthPII : 	at android.os.Binder.transact(Binder.java:1280)
03-02 19:54:05.067 18573 19752 E AuthPII : 	at cgvg.onTransact(:com.google.android.gms@255034035@25.50.34 (260400-855735097):10)
03-02 19:54:05.067 18573 19752 E AuthPII : 	at android.os.Binder.transact(Binder.java:1280)
03-02 19:54:05.067 18573 19752 E AuthPII : 	at buyj.onTransact(:com.google.android.gms@255034035@25.50.34 (260400-855735097):161)
03-02 19:54:05.067 18573 19752 E AuthPII : 	at android.os.Binder.execTransactInternal(Binder.java:1433)
03-02 19:54:05.067 18573 19752 E AuthPII : 	at android.os.Binder.execTransact(Binder.java:1372)
03-02 19:54:05.440  9130 10403 E ContentCatcherManager: failed to get ContentCatcherService.
03-02 19:54:05.543  2653  2757 E MiuiBooster: "Unkwnow sched policy:-1073741825!!!"
03-02 19:54:05.543  2653  2757 E MiuiBooster: "pri is changed by others!!!"
03-02 19:54:05.547  1887 32718 E sensors-hal: handle_sns_client_event:54, knuckle_event: ts=427856464805898, event=0.000000 now = 427856465582925
03-02 19:54:05.596  1912  2148 E ANDR-PERF: ExtendedPerfBoost: trigger_rearm_timer() 179: setthermalbreak req empty boostparam=boost:0
03-02 19:54:06.219  1763  1805 E traffic : remove TrafficMobileLimiter whitelist 10196
03-02 19:54:06.222  1763  1805 E traffic : remove TrafficMobileLimiter whitelist 10080
03-02 19:54:06.579  1887 32718 E sensors-hal: handle_sns_client_event:54, knuckle_event: ts=427857497501992, event=0.000000 now = 427857497874487
03-02 19:54:06.783  2078  2078 E DisplayModeController: setDesiredMode : Idle status skip setActiveMode, isDdicIdleMode: 1
03-02 19:54:06.870  3784  6497 E VibratorManagerServiceImpl: vibrationThreadSetParameters
03-02 19:54:06.871  3784 11608 E xlog_client: xlog open fail
03-02 19:54:06.872  2043  2604 E vendor.hardware.vibratorfeature: effiectId = 3
03-02 19:54:06.872  2043  2604 E vendor.hardware.vibratorfeature: amplitude write cirrus_amplitude 100
03-02 19:54:06.929  2043  2604 E vendor.hardware.vibratorfeature: effiectId = -1
03-02 19:54:07.364  1912  2148 E ANDR-PERF: ExtendedPerfBoost: trigger_rearm_timer() 179: setthermalbreak req empty boostparam=boost:0
03-02 19:54:07.866  2078  2078 E DisplayModeController: setDesiredMode : Idle status skip setActiveMode, isDdicIdleMode: 1
03-02 19:54:07.873  1887 32718 E sensors-hal: handle_sns_client_event:54, knuckle_event: ts=427858790938971, event=0.000000 now = 427858791279487
03-02 19:54:07.943  1912  2147 E PERFHAL-UTIL: PERFHAL-UTIL: save_node_val() 266: Failed to read /sys/class/mmc_host/mmc0/clk_scaling/enable
03-02 19:54:07.943  1912  2147 E PERFHAL-OPTSHANDLER: PERFHAL-OPTSHANDLER: modify_sysfsnode() 1409: Failed to read /sys/class/mmc_host/mmc0/clk_scaling/enable
03-02 19:54:07.943  1912  2147 E PERFHAL-RESOURCEQS: PERFHAL-RESOURCEQS: AddAndApply() 159: Failed to apply optimization [11, 4]
03-02 19:54:07.945  1912  2165 E PERFHAL-SERVICE: PERFHAL-SERVICE: perfHintAsync() 599: perfHintAsync SubmitScenarioDRequest initcomplete
03-02 19:54:07.945  1912  2147 E PERFHAL-UTIL: PERFHAL-UTIL: save_node_val() 266: Failed to read /sys/class/mmc_host/mmc0/clk_scaling/enable
03-02 19:54:07.945  1912  2147 E PERFHAL-OPTSHANDLER: PERFHAL-OPTSHANDLER: modify_sysfsnode() 1409: Failed to read /sys/class/mmc_host/mmc0/clk_scaling/enable
03-02 19:54:07.945  1912  2147 E PERFHAL-RESOURCEQS: PERFHAL-RESOURCEQS: AddAndApply() 159: Failed to apply optimization [11, 4]
03-02 19:54:07.947  1912  2165 E PERFHAL-SERVICE: PERFHAL-SERVICE: perfHintAsync() 599: perfHintAsync SubmitScenarioDRequest initcomplete
03-02 19:54:07.947  1912  2165 E PERFHAL-SERVICE: PERFHAL-SERVICE: perfHintAsync() 599: perfHintAsync SubmitScenarioDRequest initcomplete
03-02 19:54:07.947  1912  2147 E PERFHAL-UTIL: PERFHAL-UTIL: save_node_val() 266: Failed to read /sys/class/mmc_host/mmc0/clk_scaling/enable
03-02 19:54:07.947  1912  2147 E PERFHAL-OPTSHANDLER: PERFHAL-OPTSHANDLER: modify_sysfsnode() 1409: Failed to read /sys/class/mmc_host/mmc0/clk_scaling/enable
03-02 19:54:07.947  1912  2147 E PERFHAL-RESOURCEQS: PERFHAL-RESOURCEQS: AddAndApply() 159: Failed to apply optimization [11, 4]
03-02 19:54:07.952  3784  5596 E TransitionChain: Mismatch between current collecting (TransitionRecord{5d2d76e id=378 type=OPEN flags=0x0 c=[
03-02 19:54:07.952  3784  5596 E TransitionChain:    ChangeInfo{ff10888 container=ActivityRecord{51085039 u0 com.android.mms/.ui.MmsTabActivity t26232} flags=0x0}
03-02 19:54:07.952  3784  5596 E TransitionChain:    ChangeInfo{b6a4221 container=OneHanded:0:14@91190725 flags=0x0}
03-02 19:54:07.952  3784  5596 E TransitionChain:    ChangeInfo{2ea6646 container=ActivityRecord{92106255 u0 com.android.mms/.ui.ServiceConversationActivity t26232} flags=0x0}
03-02 19:54:07.952  3784  5596 E TransitionChain:    ChangeInfo{91b1007 container=Display{#0 state=ON size=1440x3200 ROTATION_0} flags=0x0}
03-02 19:54:07.952  3784  5596 E TransitionChain:    ChangeInfo{bd22534 container=DefaultTaskDisplayArea@218719041 flags=0x0}
03-02 19:54:07.952  3784  5596 E TransitionChain:    ChangeInfo{a07df5d container=Task{f2cec85 #26232 type=standard A=10142:android.task.mms} flags=0x0}
03-02 19:54:07.952  3784  5596 E TransitionChain: ]
03-02 19:54:07.952  3784  5596 E TransitionChain: }) and chain (TransitionRecord{5d2d76e id=378 type=OPEN flags=0x0 c=[
03-02 19:54:07.952  3784  5596 E TransitionChain:    ChangeInfo{ff10888 container=ActivityRecord{51085039 u0 com.android.mms/.ui.MmsTabActivity t26232} flags=0x0}
03-02 19:54:07.952  3784  5596 E TransitionChain:    ChangeInfo{b6a4221 container=OneHanded:0:14@91190725 flags=0x0}
03-02 19:54:07.952  3784  5596 E TransitionChain:    ChangeInfo{2ea6646 container=ActivityRecord{92106255 u0 com.android.mms/.ui.ServiceConversationActivity t26232} flags=0x0}
03-02 19:54:07.952  3784  5596 E TransitionChain:    ChangeInfo{91b1007 container=Display{#0 state=ON size=1440x3200 ROTATION_0} flags=0x0}
03-02 19:54:07.952  3784  5596 E TransitionChain:    ChangeInfo{bd22534 container=DefaultTaskDisplayArea@218719041 flags=0x0}
03-02 19:54:07.952  3784  5596 E TransitionChain:    ChangeInfo{a07df5d container=Task{f2cec85 #26232 type=standard A=10142:android.task.mms} flags=0x0}
03-02 19:54:07.952  3784  5596 E TransitionChain: ]
03-02 19:54:07.952  3784  5596 E TransitionChain: })
03-02 19:54:07.952  9130 10403 E ContentCatcherManager: failed to get ContentCatcherService.
03-02 19:54:07.952  9130 10403 E ContentCatcherManager: failed to get ContentCatcherService.
03-02 19:54:07.958  9130  9130 E NestedHeaderLayout: maskBackground error java.lang.NullPointerException: Attempt to invoke virtual method 'android.graphics.drawable.Drawable android.graphics.drawable.Drawable.mutate()' on a null object reference
03-02 19:54:07.979  3784  6821 E TransitionChain: Can't collect into a chain with no transition
03-02 19:54:07.992  1763  1805 E traffic : add TrafficMobileLimiter whitelist 10196
03-02 19:54:08.000  1763  6813 E traffic : add TrafficMobileLimiter whitelist 10080
03-02 19:54:08.049  2653  2750 E MiuiBooster: "MSG_CANCEL_PRIORITY: getpriority failed, 127, No such process"
03-02 19:54:08.049  5411  8182 E ActivityManagerWrapper: get all recent tasks force including -1 userId =0
03-02 19:54:08.049  2653  2757 E MiuiBooster: "requestThreadPriority fail:rel=-38,tid=127,No such process"
03-02 19:54:08.050  3784  6451 E NativeTurboSchedManagerJni: ioctl 8 failed!
03-02 19:54:08.051  5411  8182 E ActivityManagerWrapper: getRecentTasksForceIncludingTaskIdIfValid: getRecentTasks: size=10
03-02 19:54:08.051  5411  8182 E ActivityManagerWrapper:  mainTaskId=26232   userId=0   windowMode=1   isExcludedFromRecents=false   baseIntent=Intent { act=android.intent.action.MAIN flag=270532608 cmp=ComponentInfo{com.android.mms/com.android.mms.ui.MmsTabActivity} }
03-02 19:54:08.051  5411  8182 E ActivityManagerWrapper:  mainTaskId=26233   userId=0   windowMode=1   isExcludedFromRecents=false   baseIntent=Intent { act=android.intent.action.MAIN flag=270532608 cmp=ComponentInfo{com.android.contacts/com.android.contacts.activities.TwelveKeyDialer} }
03-02 19:54:08.051  5411  8182 E ActivityManagerWrapper:  mainTaskId=26230   userId=0   windowMode=1   isExcludedFromRecents=false   baseIntent=Intent { act=android.intent.action.MAIN flag=270532608 cmp=ComponentInfo{com.smartsales.prism/com.smartsales.prism.PrismMainActivity} }
03-02 19:54:08.051  5411  8182 E ActivityManagerWrapper:  mainTaskId=26231   userId=0   windowMode=1   isExcludedFromRecents=false   baseIntent=Intent { act=miui.intent.action.SET_FIREWALL flag=335544320 cmp=ComponentInfo{com.miui.securitycenter/com.miui.antispam.ui.activity.MainActivity} }
03-02 19:54:08.051  5411  8182 E ActivityManagerWrapper:  mainTaskId=26172   userId=0   windowMode=1   isExcludedFromRecents=false   baseIntent=Intent { act=android.intent.action.MAIN flag=271581184 cmp=ComponentInfo{com.tencent.mm/com.tencent.mm.ui.LauncherUI} }
03-02 19:54:08.051  5411  8182 E ActivityManagerWrapper:  mainTaskId=26221   userId=0   windowMode=1   isExcludedFromRecents=false   baseIntent=Intent { act=android.settings.APPLICATION_DETAILS_SETTINGS flag=268468224 cmp=ComponentInfo{com.android.settings/com.android.settings.applications.InstalledAppDetails} }
03-02 19:54:08.051  5411  8182 E ActivityManagerWrapper:  mainTaskId=26219   userId=0   windowMode=1   isExcludedFromRecents=false   baseIntent=Intent { act=android.intent.action.MAIN flag=270532608 cmp=ComponentInfo{com.android.camera/com.android.camera.Camera} }
03-02 19:54:08.051  5411  8182 E ActivityManagerWrapper:  mainTaskId=26218   userId=0   windowMode=1   isExcludedFromRecents=false   baseIntent=Intent { act=android.intent.action.MAIN flag=270532608 cmp=ComponentInfo{com.miui.gallery/com.miui.gallery.activity.HomePageActivity} }
03-02 19:54:08.051  5411  8182 E ActivityManagerWrapper:  mainTaskId=26208   userId=0   windowMode=1   isExcludedFromRecents=false   baseIntent=Intent { act=android.intent.action.MAIN flag=270532608 cmp=ComponentInfo{cn.wch.bledemo/cn.wch.bledemo.host.ScanActivity} }
03-02 19:54:08.051  5411  8182 E ActivityManagerWrapper:  mainTaskId=26189   userId=0   windowMode=0   isExcludedFromRecents=false   baseIntent=Intent { act=null flag=268435456 cmp=ComponentInfo{com.miui.voiceassist/com.xiaomi.voiceassistant.TabHostMainActivity} }
03-02 19:54:08.130  9130 10419 E ErrorHandler:  JSON exception 
03-02 19:54:08.130  9130 10419 E ErrorHandler: org.json.JSONException: Value { of type java.lang.String cannot be converted to JSONObject
03-02 19:54:08.130  9130 10419 E ErrorHandler: 	at org.json.JSON.typeMismatch(JSON.java:112)
03-02 19:54:08.130  9130 10419 E ErrorHandler: 	at org.json.JSONObject.<init>(JSONObject.java:172)
03-02 19:54:08.130  9130 10419 E ErrorHandler: 	at org.json.JSONObject.<init>(JSONObject.java:185)
03-02 19:54:08.130  9130 10419 E ErrorHandler: 	at com.miui.smsextra.internal.http.request.ErrorHandler.handle(Unknown Source:117)
03-02 19:54:08.130  9130 10419 E ErrorHandler: 	at com.miui.smsextra.internal.http.request.HttpRequestImpl.tryRequest(Unknown Source:40)
03-02 19:54:08.130  9130 10419 E ErrorHandler: 	at com.miui.smsextra.internal.http.request.HttpRequestImpl.request(Unknown Source:50)
03-02 19:54:08.130  9130 10419 E ErrorHandler: 	at com.miui.smsextra.http.HttpRequest.request(Unknown Source:4)
