Type-safe project accessors is an incubating feature.
> Task :feature:connectivity:preBuild UP-TO-DATE
> Task :feature:usercenter:preBuild UP-TO-DATE
> Task :feature:chat:preBuild UP-TO-DATE
> Task :data:ai-core:preBuild UP-TO-DATE
> Task :feature:media:preBuild UP-TO-DATE
> Task :feature:connectivity:preDebugBuild UP-TO-DATE
> Task :feature:chat:preDebugBuild UP-TO-DATE
> Task :feature:media:preDebugBuild UP-TO-DATE
> Task :core:util:checkKotlinGradlePluginConfigurationErrors
> Task :core:test:checkKotlinGradlePluginConfigurationErrors
> Task :core:test:preBuild UP-TO-DATE
> Task :core:util:preBuild UP-TO-DATE
> Task :feature:usercenter:preDebugBuild UP-TO-DATE
> Task :core:util:preDebugBuild UP-TO-DATE
> Task :data:ai-core:preDebugBuild UP-TO-DATE
> Task :feature:chat:generateDebugResValues UP-TO-DATE
> Task :feature:connectivity:generateDebugResValues UP-TO-DATE
> Task :core:test:preDebugBuild UP-TO-DATE
> Task :feature:media:generateDebugResValues UP-TO-DATE
> Task :core:util:generateDebugResValues UP-TO-DATE
> Task :core:test:generateDebugResValues UP-TO-DATE
> Task :data:ai-core:generateDebugResValues UP-TO-DATE
> Task :feature:usercenter:generateDebugResValues UP-TO-DATE
> Task :feature:chat:generateDebugResources UP-TO-DATE
> Task :core:util:generateDebugResources UP-TO-DATE
> Task :feature:media:generateDebugResources UP-TO-DATE
> Task :data:ai-core:generateDebugResources UP-TO-DATE
> Task :core:test:generateDebugResources UP-TO-DATE
> Task :feature:usercenter:generateDebugResources UP-TO-DATE
> Task :core:util:packageDebugResources UP-TO-DATE
> Task :feature:connectivity:generateDebugResources UP-TO-DATE
> Task :core:util:processDebugNavigationResources UP-TO-DATE
> Task :data:ai-core:packageDebugResources UP-TO-DATE
> Task :core:test:packageDebugResources UP-TO-DATE
> Task :feature:media:packageDebugResources UP-TO-DATE
> Task :core:test:processDebugNavigationResources UP-TO-DATE
> Task :data:ai-core:processDebugNavigationResources UP-TO-DATE
> Task :feature:usercenter:packageDebugResources UP-TO-DATE
> Task :feature:chat:packageDebugResources UP-TO-DATE
> Task :feature:connectivity:packageDebugResources UP-TO-DATE
> Task :feature:media:processDebugNavigationResources UP-TO-DATE
> Task :feature:chat:processDebugNavigationResources UP-TO-DATE
> Task :feature:connectivity:processDebugNavigationResources UP-TO-DATE
> Task :feature:usercenter:processDebugNavigationResources UP-TO-DATE
> Task :core:util:parseDebugLocalResources UP-TO-DATE
> Task :feature:chat:parseDebugLocalResources UP-TO-DATE
> Task :feature:connectivity:parseDebugLocalResources UP-TO-DATE
> Task :feature:media:parseDebugLocalResources UP-TO-DATE
> Task :core:test:parseDebugLocalResources UP-TO-DATE
> Task :data:ai-core:parseDebugLocalResources UP-TO-DATE
> Task :feature:usercenter:parseDebugLocalResources UP-TO-DATE
> Task :feature:connectivity:generateDebugRFile UP-TO-DATE
> Task :core:test:generateDebugRFile UP-TO-DATE
> Task :core:util:generateDebugRFile UP-TO-DATE
> Task :feature:connectivity:checkKotlinGradlePluginConfigurationErrors
> Task :data:ai-core:generateDebugRFile UP-TO-DATE
> Task :feature:usercenter:generateDebugRFile UP-TO-DATE
> Task :data:ai-core:checkKotlinGradlePluginConfigurationErrors
> Task :feature:media:generateDebugRFile UP-TO-DATE
> Task :feature:chat:generateDebugRFile UP-TO-DATE
> Task :feature:usercenter:checkKotlinGradlePluginConfigurationErrors
> Task :feature:media:checkKotlinGradlePluginConfigurationErrors
> Task :feature:chat:checkKotlinGradlePluginConfigurationErrors
> Task :core:test:javaPreCompileDebug UP-TO-DATE
> Task :feature:chat:generateDebugBuildConfig UP-TO-DATE
> Task :feature:connectivity:generateDebugBuildConfig UP-TO-DATE
> Task :data:ai-core:generateDebugBuildConfig UP-TO-DATE
> Task :feature:media:javaPreCompileDebug UP-TO-DATE
> Task :feature:connectivity:javaPreCompileDebug UP-TO-DATE
> Task :data:ai-core:javaPreCompileDebug UP-TO-DATE
> Task :feature:usercenter:javaPreCompileDebug UP-TO-DATE
> Task :feature:chat:javaPreCompileDebug UP-TO-DATE
> Task :feature:chat:preDebugUnitTestBuild UP-TO-DATE
> Task :core:util:compileDebugKotlin UP-TO-DATE
> Task :feature:chat:generateDebugUnitTestStubRFile UP-TO-DATE
> Task :core:util:javaPreCompileDebug UP-TO-DATE
> Task :core:util:compileDebugJavaWithJavac NO-SOURCE
> Task :core:util:bundleLibCompileToJarDebug UP-TO-DATE
> Task :core:util:bundleLibRuntimeToJarDebug UP-TO-DATE
> Task :core:test:compileDebugKotlin UP-TO-DATE
> Task :core:test:compileDebugJavaWithJavac NO-SOURCE
> Task :core:test:bundleLibCompileToJarDebug UP-TO-DATE
> Task :feature:connectivity:kaptGenerateStubsDebugKotlin UP-TO-DATE
> Task :feature:usercenter:kaptGenerateStubsDebugKotlin UP-TO-DATE
> Task :feature:usercenter:kaptDebugKotlin UP-TO-DATE
> Task :data:ai-core:kaptGenerateStubsDebugKotlin UP-TO-DATE
> Task :feature:connectivity:kaptDebugKotlin UP-TO-DATE
> Task :feature:usercenter:compileDebugKotlin UP-TO-DATE
> Task :feature:connectivity:compileDebugKotlin UP-TO-DATE
> Task :feature:connectivity:compileDebugJavaWithJavac UP-TO-DATE
> Task :feature:usercenter:compileDebugJavaWithJavac UP-TO-DATE
> Task :data:ai-core:kaptDebugKotlin UP-TO-DATE
> Task :feature:connectivity:transformDebugClassesWithAsm UP-TO-DATE
> Task :feature:usercenter:transformDebugClassesWithAsm UP-TO-DATE
> Task :feature:connectivity:bundleLibCompileToJarDebug UP-TO-DATE
> Task :feature:usercenter:bundleLibCompileToJarDebug UP-TO-DATE
> Task :feature:usercenter:bundleLibRuntimeToJarDebug UP-TO-DATE
> Task :feature:connectivity:bundleLibRuntimeToJarDebug UP-TO-DATE
> Task :data:ai-core:compileDebugKotlin UP-TO-DATE
> Task :data:ai-core:compileDebugJavaWithJavac UP-TO-DATE
> Task :data:ai-core:transformDebugClassesWithAsm UP-TO-DATE
> Task :data:ai-core:bundleLibCompileToJarDebug UP-TO-DATE
> Task :data:ai-core:bundleLibRuntimeToJarDebug UP-TO-DATE
> Task :feature:media:kaptGenerateStubsDebugKotlin UP-TO-DATE
> Task :feature:media:kaptDebugKotlin UP-TO-DATE
> Task :feature:media:compileDebugKotlin UP-TO-DATE
> Task :feature:media:compileDebugJavaWithJavac UP-TO-DATE
> Task :feature:media:transformDebugClassesWithAsm UP-TO-DATE
> Task :feature:media:bundleLibCompileToJarDebug UP-TO-DATE
> Task :feature:media:bundleLibRuntimeToJarDebug UP-TO-DATE
> Task :feature:chat:kaptGenerateStubsDebugKotlin UP-TO-DATE
> Task :feature:chat:kaptDebugKotlin UP-TO-DATE
> Task :feature:chat:compileDebugKotlin UP-TO-DATE
> Task :feature:chat:compileDebugJavaWithJavac UP-TO-DATE
> Task :feature:chat:transformDebugClassesWithAsm UP-TO-DATE
> Task :feature:chat:bundleLibCompileToJarDebug UP-TO-DATE
> Task :feature:chat:kaptGenerateStubsDebugUnitTestKotlin UP-TO-DATE
> Task :feature:chat:kaptDebugUnitTestKotlin UP-TO-DATE

> Task :feature:chat:compileDebugUnitTestKotlin FAILED
e: file:///home/cslh-frank/main_app/feature/chat/src/test/java/com/smartsales/feature/chat/conversation/ConversationReducerTest.kt:194:41 Unresolved reference: SendSmartAnalysis
e: file:///home/cslh-frank/main_app/feature/chat/src/test/java/com/smartsales/feature/chat/conversation/ConversationReducerTest.kt:204:41 Unresolved reference: SendSmartAnalysis
e: file:///home/cslh-frank/main_app/feature/chat/src/test/java/com/smartsales/feature/chat/conversation/ConversationReducerTest.kt:214:41 Unresolved reference: SendSmartAnalysis
e: file:///home/cslh-frank/main_app/feature/chat/src/test/java/com/smartsales/feature/chat/conversation/ConversationReducerTest.kt:224:41 Unresolved reference: SendSmartAnalysis
e: file:///home/cslh-frank/main_app/feature/chat/src/test/java/com/smartsales/feature/chat/conversation/ConversationReducerTest.kt:234:41 Unresolved reference: SendSmartAnalysis
e: file:///home/cslh-frank/main_app/feature/chat/src/test/java/com/smartsales/feature/chat/conversation/ConversationReducerTest.kt:244:41 Unresolved reference: SendSmartAnalysis
e: file:///home/cslh-frank/main_app/feature/chat/src/test/java/com/smartsales/feature/chat/conversation/ConversationReducerTest.kt:254:41 Unresolved reference: SendSmartAnalysis

[Incubating] Problems report is available at: file:///home/cslh-frank/main_app/build/reports/problems/problems-report.html

FAILURE: Build failed with an exception.

* What went wrong:
Execution failed for task ':feature:chat:compileDebugUnitTestKotlin'.
> A failure occurred while executing org.jetbrains.kotlin.compilerRunner.GradleCompilerRunnerWithWorkers$GradleKotlinCompilerWorkAction
   > Compilation error. See log for more details

* Try:
> Run with --stacktrace option to get the stack trace.
> Run with --info or --debug option to get more log output.
> Run with --scan to get full insights.
> Get more help at https://help.gradle.org.

Deprecated Gradle features were used in this build, making it incompatible with Gradle 9.0.

You can use '--warning-mode all' to show the individual deprecation warnings and determine if they come from your own scripts or plugins.

For more on this, please refer to https://docs.gradle.org/8.13/userguide/command_line_interface.html#sec:command_line_warnings in the Gradle documentation.

BUILD FAILED in 3s
102 actionable tasks: 8 executed, 94 up-to-date
