04-29 23:07:26.183 I/SDM     ( 2001): CWB config passed by cwb_client : tappoint 1  CWB_ROI : (699.000000 110.000000 940.000000 351.000000) for display-0
04-29 23:07:26.199 I/SDM     ( 2001): HWDeviceDRM::SetupConcurrentWriteback: Tear down the Concurrent Writeback topology
04-29 23:07:26.201 E/HwcComposer( 2214): getLuts failed Status(-129, EX_TRANSACTION_FAILED): 'UNKNOWN_TRANSACTION: '
04-29 23:07:26.208 I/SDM     ( 2001): NotifyCWBStatus: Notify the client about buffer (0x8951c4b0) status 0 for display-0.
04-29 23:07:26.209 I/SDM     ( 2001): SDMConcurrentWriteBack::ProcessCWBStatus: CWB queue is empty. Display: 0
04-29 23:07:26.214 D/AudioPipeline( 2607): SIM audio drawer entries emitted count=32 downloading=1 queued=0 holding=9 maxDownloadProgress=0.0
04-29 23:07:26.214 D/DownloadService( 2607): Audio files state: downloading=1, queued=0, ready=22, queueSize=9
04-29 23:07:26.222 D/FocusPlugin(13752): 0|com.smartsales.prism|-1327479600|null|10434 is not focus notification, isMedia: false
04-29 23:07:26.223 D/AlarmScheduler-fold(13752): addAlarm, key=0|com.smartsales.prism|-1327479600|null|10434, triggerTime=105129060
04-29 23:07:26.223 D/AlarmScheduler-fold(13752): cancelCurrentAlarm, key=0|com.smartsales.prism|-1327479600|null|10434, intent=92363970
04-29 23:07:26.223 D/AlarmScheduler-fold(13752): scheduleNextAlarm
04-29 23:07:26.223 D/AlarmScheduler-TIMEOUT(13752): addAlarm, key=0|com.smartsales.prism|-1327479600|null|10434, triggerTime=342729060
04-29 23:07:26.223 D/MiuiBubbleManager(13752): onEntryUpdated: com.android.systemui.statusbar.notification.collection.NotificationEntry@a905ca App
04-29 23:07:26.223 I/MiuiBubbleSettings(13752): com.smartsales.prism 0isAppEnableBubbleNotification: false
04-29 23:07:26.223 D/AlarmScheduler-fold(13752): scheduleNextAlarm, key=0|com.smartsales.prism|-1327479600|null|10434, triggerTime=105129060, intent=92363970
04-29 23:07:26.223 D/AlarmScheduler-fold(13752): setExactAlarm, key=0|com.smartsales.prism|-1327479600|null|10434, triggerTime=105129060, intent=92363970
04-29 23:07:26.224 E/AlarmManager( 4381): not align this alarm: Alarm{4efacb3 type 2 origWhen 105129060 whenElapsed 105129060 com.android.systemui}, reason=0
04-29 23:07:26.230 D/vendor.qti.bluetooth@1.0-wake_lock( 1963): Release wakelock is released
04-29 23:07:26.231 D/EmptyNotif(13752): setContractedChild: 0|com.smartsales.prism|-1327479600|null|10434  null
04-29 23:07:26.231 D/NotificationRowContentBinderInjectorImpl(13752): changeToFullAodContext: not need change full aod style
04-29 23:07:26.235 D/NotificationHeaderExpandController(13752): onExpansionChanged: progress =  0.0
04-29 23:07:26.236 D/LocalImageResolver(13752): Couldn't use ImageDecoder for drawable, falling back to non-resized load.
04-29 23:07:26.236 D/LocalImageResolver(13752): Couldn't use ImageDecoder for drawable, falling back to non-resized load.
04-29 23:07:26.245 D/AlertCoordinator(13752): onViewBound, buzzBeep for 0|com.smartsales.prism|-1327479600|null|10434
04-29 23:07:26.296 I/libsensor-boledalgo( 2802): dbv:1524,lux:220.5,cct:4898.7,hsv:359.4, CWB R:0.7,G:0.7,B:5.9 Event C:4590.9,R:2324.6,G:1842.6,B:911.3 Cali C:0.0,R:0.0,G:0.0,B:0.0
04-29 23:07:26.314 D/AurogonImmobulusMode( 4381):  update wallpaper pacakge name status mLockWallPaperPackageName =  mLockWallPaperUid = -1 mDeskWallPaperPackageName = com.miui.miwallpaper mDeskWallPaperUid = 10187
04-29 23:07:26.316 D/InetDiagMessage( 4381): Destroyed 0 sockets, proto=IPPROTO_TCP, family=AF_INET, states=14
04-29 23:07:26.317 D/InetDiagMessage( 4381): Destroyed 0 sockets, proto=IPPROTO_TCP, family=AF_INET6, states=14
04-29 23:07:26.317 D/InetDiagMessage( 4381): Destroyed live tcp sockets for uids={10321} in 3ms
04-29 23:07:26.317 D/ActionExecute( 4381): frozen uid = 10321 reason=check binder
04-29 23:07:26.319 D/AidlBufferPool(14339): bufferpool2 0xb400007862cb21c8 : 66(126966 size) total buffers - 1(1725 size) used buffers - 56685/144948 (recycle/alloc) - 90055/144947 (fetch/transfer)
04-29 23:07:26.319 D/ExternalInterface( 4381): setUidState, uid = 10321 allow = false
04-29 23:07:26.319 D/MiSensorServiceImpl( 4381): PowerKeeperSensor stop iUid:10321 but app has Controlled
04-29 23:07:26.362 D/BluetoothGatt( 2607): readRssi() - device: XX:XX:XX:XX:E4:06
04-29 23:07:26.362 D/BtGatt.GattService(13357): readRemoteRssi() - address=XX:XX:XX:XX:E4:06
04-29 23:07:26.362 D/bt_btif_gattc(13357): system/btif/src/btif_gatt_client.cc:644 btif_gattc_read_remote_rssi:
04-29 23:07:26.362 D/ble_sec (13357): system/stack/btm/btm_ble_sec.cc:539 BTM_ReadDevInfo: Determined device_type:BLE addr_type:public
04-29 23:07:26.363 D/bt_shim_hci(13357): system/main/shim/hci_layer.cc:233 transmit_command: Sending command READ_RSSI(0x1405)
04-29 23:07:26.363 D/vendor.qti.bluetooth@1.0-ibs_handler( 1963): SerialClockVote: vote for UART CLK ON
04-29 23:07:26.363 D/vendor.qti.bluetooth@1.0-wake_lock( 1963): Acquire wakelock is acquired
04-29 23:07:26.363 I/vendor.qti.bluetooth@1.0-ibs_handler( 1963): DeviceWakeUp: Writing IBS_WAKE_IND
04-29 23:07:26.367 I/vendor.qti.bluetooth@1.0-ibs_handler( 1963): ProcessIbsCmd: Received IBS_WAKE_ACK: 0xFC
04-29 23:07:26.367 I/vendor.qti.bluetooth@1.0-ibs_handler( 1963): ProcessIbsCmd: Signal wack_cond_
04-29 23:07:26.367 D/vendor.qti.bluetooth@1.0-ibs_handler( 1963): DeviceWakeUp: Unblocked from waiting for FC, pthread_cond_timedwait ret = 0
04-29 23:07:26.369 I/vendor.qti.bluetooth@1.0-ibs_handler( 1963): ProcessIbsCmd: Received IBS_WAKE_IND: 0xFD
04-29 23:07:26.369 I/vendor.qti.bluetooth@1.0-ibs_handler( 1963): ProcessIbsCmd: Writing IBS_WAKE_ACK
04-29 23:07:26.369 D/bt_shim_hci(13357): system/main/shim/hci_layer.cc:183 OnTransmitPacketCommandComplete: Received cmd complete for READ_RSSI(0x1405)
04-29 23:07:26.370 D/btm_acl (13357): system/stack/acl/btm_acl.cc:1867 btm_read_rssi_complete: Read rrsi complete rssi:-33 hci status:HCI_SUCCESS
04-29 23:07:26.370 V/bt_btif_gattc(13357): system/btif/src/btif_gatt_client.cc:308 btm_read_rssi_cb: HAL bt_gatt_callbacks->client->read_remote_rssi_cb
04-29 23:07:26.370 D/BtGatt.GattService(13357): onReadRemoteRssi() - clientIf=220 address=XX:XX:XX:XX:E4:06, rssi=-33, status=0
04-29 23:07:26.389 I/NetworkAccelerateSwitchService( 4381): EVENT_RSSI_POLL. mRssiPoll=true
04-29 23:07:26.389 I/WifiService( 4381): getConnectionInfo uid=1000
04-29 23:07:26.389 V/WifiService( 4381): Clearing REDACT_FOR_LOCAL_MAC_ADDRESS for android(uid=1000)
04-29 23:07:26.389 V/WifiService( 4381): Clearing REDACT_FOR_NETWORK_SETTINGS for android(uid=1000)
04-29 23:07:26.389 V/WifiService( 4381): Clearing REDACT_FOR_ACCESS_FINE_LOCATION for android(uid=1000)
04-29 23:07:26.389 I/WifiService( 4381): getVerboseLoggingLevel uid=1000
04-29 23:07:26.389 I/NetworkAccelerateSwitchService( 4381): ================= checkWifiRssiAndLinkSpeed START ================
04-29 23:07:26.389 I/NetworkAccelerateSwitchService( 4381): checkWifiRssiAndLinkSpeed mMinRssiFastFadeDifference:9 mMedRssiFastFadeDifference:13 mMaxRssiFastFadeDifference:15
04-29 23:07:26.389 I/NetworkAccelerateSwitchService( 4381): checkWifiRssiAndLinkSpeed txBandwidthCapMbps:300
04-29 23:07:26.389 I/NetworkAccelerateSwitchService( 4381): checkWifiRssiAndLinkSpeed rxBandwidthCapMbps:300
04-29 23:07:26.389 I/NetworkAccelerateSwitchService( 4381): checkWifiRssiAndLinkSpeed mcsidx:-1
04-29 23:07:26.389 I/NetworkAccelerateSwitchService( 4381): checkWifiRssiAndLinkSpeed rssi difference:0
04-29 23:07:26.389 I/NetworkAccelerateSwitchService( 4381): checkWifiRssiAndLinkSpeed txBandwidthCapMbps proportions:1.0
04-29 23:07:26.389 I/NetworkAccelerateSwitchService( 4381): checkWifiRssiAndLinkSpeed rxBandwidthCapMbps proportions:1.0
04-29 23:07:26.389 I/NetworkAccelerateSwitchService( 4381): checkWifiRssiAndLinkSpeed mcsidx difference:0
04-29 23:07:26.389 I/NetworkAccelerateSwitchService( 4381): checkWifiRssiAndLinkSpeed FastFadeWeakNetThresholdAdjustment:0
04-29 23:07:26.389 I/NetworkAccelerateSwitchService( 4381): ================= checkWifiRssiAndLinkSpeed END ================
04-29 23:07:26.389 I/NetworkAccelerateSwitchService( 4381): checkWifiRssiAndLinkSpeed rssi:41
04-29 23:07:26.389 I/NetworkAccelerateSwitchService( 4381): checkWifiRssiAndLinkSpeed mWifiFastFade:false mWifiFastFadeAdjustThreshold:false
04-29 23:07:26.389 I/NetworkAccelerateSwitchService( 4381): getAverageWifiRssi:41
04-29 23:07:26.390 D/NetworkAccelerateSwitchService( 4381): checkIntervalModeChange mMovementState:false mIntervalMode:0 mIsBadLinkLayerQoE:false mBadLinkLayerQoETimes = 0
04-29 23:07:26.390 I/vendor.qti.hardware.display.composer-service( 2001): Sensor: notify citsensorservice to trigger cwb, misForced = 0
04-29 23:07:26.391 I/SDM     ( 2001): CWB config passed by cwb_client : tappoint 1  CWB_ROI : (699.000000 110.000000 940.000000 351.000000) for display-0
04-29 23:07:26.407 I/SDM     ( 2001): HWDeviceDRM::SetupConcurrentWriteback: Tear down the Concurrent Writeback topology
04-29 23:07:26.412 I/vendor.qti.bluetooth@1.0-ibs_handler( 1963): ProcessIbsCmd: Received IBS_SLEEP_IND: 0xFE
04-29 23:07:26.415 I/SDM     ( 2001): NotifyCWBStatus: Notify the client about buffer (0x8951cae0) status 0 for display-0.
04-29 23:07:26.417 I/SDM     ( 2001): SDMConcurrentWriteBack::ProcessCWBStatus: CWB queue is empty. Display: 0
04-29 23:07:26.419 D/AudioPipeline( 2607): SIM audio drawer entries emitted count=32 downloading=1 queued=0 holding=9 maxDownloadProgress=0.0
04-29 23:07:26.419 D/DownloadService( 2607): Audio files state: downloading=1, queued=0, ready=22, queueSize=9
04-29 23:07:26.426 E/HwcComposer( 2214): getLuts failed Status(-129, EX_TRANSACTION_FAILED): 'UNKNOWN_TRANSACTION: '
04-29 23:07:26.432 D/FocusPlugin(13752): 0|com.smartsales.prism|-1327479600|null|10434 is not focus notification, isMedia: false
04-29 23:07:26.433 D/AlarmScheduler-fold(13752): addAlarm, key=0|com.smartsales.prism|-1327479600|null|10434, triggerTime=105129270
04-29 23:07:26.433 D/AlarmScheduler-TIMEOUT(13752): addAlarm, key=0|com.smartsales.prism|-1327479600|null|10434, triggerTime=342729270
04-29 23:07:26.433 D/MiuiBubbleManager(13752): onEntryUpdated: com.android.systemui.statusbar.notification.collection.NotificationEntry@a905ca App
04-29 23:07:26.434 I/MiuiBubbleSettings(13752): com.smartsales.prism 0isAppEnableBubbleNotification: false
04-29 23:07:26.434 D/AlarmScheduler-fold(13752): cancelCurrentAlarm, key=0|com.smartsales.prism|-1327479600|null|10434, intent=92363970
04-29 23:07:26.434 D/AlarmScheduler-fold(13752): scheduleNextAlarm
04-29 23:07:26.435 D/AlarmScheduler-fold(13752): scheduleNextAlarm, key=0|com.smartsales.prism|-1327479600|null|10434, triggerTime=105129270, intent=92363970
04-29 23:07:26.435 D/AlarmScheduler-fold(13752): setExactAlarm, key=0|com.smartsales.prism|-1327479600|null|10434, triggerTime=105129270, intent=92363970
04-29 23:07:26.435 E/AlarmManager( 4381): not align this alarm: Alarm{61d4270 type 2 origWhen 105129270 whenElapsed 105129270 com.android.systemui}, reason=0
04-29 23:07:26.437 D/JavaheapMonitor(14912): Java heap used=11M max=256M, proc: com.google.android.gms.unstable
04-29 23:07:26.437 V/JavaheapMonitor(14912): Check java heap usage finished! Next check delay: 300000
04-29 23:07:26.439 D/EmptyNotif(13752): setContractedChild: 0|com.smartsales.prism|-1327479600|null|10434  null
04-29 23:07:26.439 D/NotificationRowContentBinderInjectorImpl(13752): changeToFullAodContext: not need change full aod style
04-29 23:07:26.443 D/NotificationHeaderExpandController(13752): onExpansionChanged: progress =  0.0
04-29 23:07:26.443 D/LocalImageResolver(13752): Couldn't use ImageDecoder for drawable, falling back to non-resized load.
04-29 23:07:26.444 D/LocalImageResolver(13752): Couldn't use ImageDecoder for drawable, falling back to non-resized load.
04-29 23:07:26.453 D/AlertCoordinator(13752): onViewBound, buzzBeep for 0|com.smartsales.prism|-1327479600|null|10434
04-29 23:07:26.508 I/libsensor-boledalgo( 2802): dbv:1524,lux:219.5,cct:4948.7,hsv:359.4, CWB R:0.7,G:0.7,B:5.9 Event C:4593.4,R:2331.1,G:1842.0,B:919.6 Cali C:0.0,R:0.0,G:0.0,B:0.0
04-29 23:07:26.532 D/JavaheapMonitor(13537): Java heap used=6M max=256M, proc: com.xiaomi.hypercomm
04-29 23:07:26.532 V/JavaheapMonitor(13537): Check java heap usage finished! Next check delay: 300000
04-29 23:07:26.598 I/vendor.qti.hardware.display.composer-service( 2001): Sensor: notify citsensorservice to trigger cwb, misForced = 0
04-29 23:07:26.598 I/SDM     ( 2001): CWB config passed by cwb_client : tappoint 1  CWB_ROI : (699.000000 110.000000 940.000000 351.000000) for display-0
04-29 23:07:26.602 W/ActivityManagerServiceImpl( 4381): Sending non-protected broadcast com.modemenhance.ACTION_MODEMWIFI_RSSI_POLL from system 13680:com.android.phone/1001 pkg com.android.phone. Callers=
04-29 23:07:26.603 I/WifiService( 4381): getConnectionInfo uid=1001
04-29 23:07:26.603 V/WifiService( 4381): Clearing REDACT_FOR_LOCAL_MAC_ADDRESS for com.android.phone(uid=1001)
04-29 23:07:26.603 V/WifiService( 4381): Clearing REDACT_FOR_NETWORK_SETTINGS for com.android.phone(uid=1001)
04-29 23:07:26.603 V/WifiService( 4381): Clearing REDACT_FOR_ACCESS_FINE_LOCATION for com.android.phone(uid=1001)
04-29 23:07:26.603 D/SlaveWifiManager(13680): getWifiSlaveConnectionInfo
04-29 23:07:26.615 I/SDM     ( 2001): HWDeviceDRM::SetupConcurrentWriteback: Tear down the Concurrent Writeback topology
04-29 23:07:26.617 I/vendor.qti.bluetooth@1.0-ibs_handler( 1963): DeviceSleep: TX Awake, Sending SLEEP_IND
04-29 23:07:26.617 D/vendor.qti.bluetooth@1.0-ibs_handler( 1963): SerialClockVote: vote for UART CLK OFF
04-29 23:07:26.621 D/AudioPipeline( 2607): SIM audio drawer entries emitted count=32 downloading=1 queued=0 holding=9 maxDownloadProgress=0.0
04-29 23:07:26.621 D/DownloadService( 2607): Audio files state: downloading=1, queued=0, ready=22, queueSize=9
04-29 23:07:26.623 I/SDM     ( 2001): NotifyCWBStatus: Notify the client about buffer (0x8951c4b0) status 0 for display-0.
04-29 23:07:26.624 I/SDM     ( 2001): SDMConcurrentWriteBack::ProcessCWBStatus: CWB queue is empty. Display: 0
04-29 23:07:26.629 D/FocusPlugin(13752): 0|com.smartsales.prism|-1327479600|null|10434 is not focus notification, isMedia: false
04-29 23:07:26.630 D/AlarmScheduler-fold(13752): addAlarm, key=0|com.smartsales.prism|-1327479600|null|10434, triggerTime=105129467
04-29 23:07:26.630 D/AlarmScheduler-fold(13752): cancelCurrentAlarm, key=0|com.smartsales.prism|-1327479600|null|10434, intent=92363970
04-29 23:07:26.630 D/AlarmScheduler-fold(13752): scheduleNextAlarm
04-29 23:07:26.630 D/AlarmScheduler-TIMEOUT(13752): addAlarm, key=0|com.smartsales.prism|-1327479600|null|10434, triggerTime=342729467
04-29 23:07:26.630 D/MiuiBubbleManager(13752): onEntryUpdated: com.android.systemui.statusbar.notification.collection.NotificationEntry@a905ca App
04-29 23:07:26.630 I/MiuiBubbleSettings(13752): com.smartsales.prism 0isAppEnableBubbleNotification: false
04-29 23:07:26.630 D/AlarmScheduler-fold(13752): scheduleNextAlarm, key=0|com.smartsales.prism|-1327479600|null|10434, triggerTime=105129467, intent=92363970
04-29 23:07:26.630 D/AlarmScheduler-fold(13752): setExactAlarm, key=0|com.smartsales.prism|-1327479600|null|10434, triggerTime=105129467, intent=92363970
04-29 23:07:26.630 E/AlarmManager( 4381): not align this alarm: Alarm{ab3b66e type 2 origWhen 105129467 whenElapsed 105129467 com.android.systemui}, reason=0
04-29 23:07:26.638 D/EmptyNotif(13752): setContractedChild: 0|com.smartsales.prism|-1327479600|null|10434  null
04-29 23:07:26.638 D/NotificationRowContentBinderInjectorImpl(13752): changeToFullAodContext: not need change full aod style
04-29 23:07:26.642 D/NotificationHeaderExpandController(13752): onExpansionChanged: progress =  0.0
04-29 23:07:26.643 D/LocalImageResolver(13752): Couldn't use ImageDecoder for drawable, falling back to non-resized load.
04-29 23:07:26.644 D/LocalImageResolver(13752): Couldn't use ImageDecoder for drawable, falling back to non-resized load.
04-29 23:07:26.651 E/HwcComposer( 2214): getLuts failed Status(-129, EX_TRANSACTION_FAILED): 'UNKNOWN_TRANSACTION: '
04-29 23:07:26.653 D/AlertCoordinator(13752): onViewBound, buzzBeep for 0|com.smartsales.prism|-1327479600|null|10434
04-29 23:07:26.768 D/vendor.qti.bluetooth@1.0-wake_lock( 1963): Release wakelock is released
04-29 23:07:26.806 I/vendor.qti.hardware.display.composer-service( 2001): Sensor: notify citsensorservice to trigger cwb, misForced = 0
04-29 23:07:26.807 I/SDM     ( 2001): CWB config passed by cwb_client : tappoint 1  CWB_ROI : (699.000000 110.000000 940.000000 351.000000) for display-0
04-29 23:07:26.823 I/SDM     ( 2001): HWDeviceDRM::SetupConcurrentWriteback: Tear down the Concurrent Writeback topology
04-29 23:07:26.824 D/AudioPipeline( 2607): SIM audio drawer entries emitted count=32 downloading=1 queued=0 holding=9 maxDownloadProgress=0.0
04-29 23:07:26.825 D/DownloadService( 2607): Audio files state: downloading=1, queued=0, ready=22, queueSize=9
04-29 23:07:26.833 I/SDM     ( 2001): NotifyCWBStatus: Notify the client about buffer (0x8951cae0) status 0 for display-0.
04-29 23:07:26.833 I/SDM     ( 2001): SDMConcurrentWriteBack::ProcessCWBStatus: CWB queue is empty. Display: 0
04-29 23:07:26.834 D/FocusPlugin(13752): 0|com.smartsales.prism|-1327479600|null|10434 is not focus notification, isMedia: false
04-29 23:07:26.834 D/AlarmScheduler-fold(13752): addAlarm, key=0|com.smartsales.prism|-1327479600|null|10434, triggerTime=105129671
04-29 23:07:26.834 D/AlarmScheduler-fold(13752): cancelCurrentAlarm, key=0|com.smartsales.prism|-1327479600|null|10434, intent=92363970
04-29 23:07:26.834 D/AlarmScheduler-fold(13752): scheduleNextAlarm
04-29 23:07:26.835 D/AlarmScheduler-TIMEOUT(13752): addAlarm, key=0|com.smartsales.prism|-1327479600|null|10434, triggerTime=342729672
04-29 23:07:26.835 D/MiuiBubbleManager(13752): onEntryUpdated: com.android.systemui.statusbar.notification.collection.NotificationEntry@a905ca App
04-29 23:07:26.835 I/MiuiBubbleSettings(13752): com.smartsales.prism 0isAppEnableBubbleNotification: false
04-29 23:07:26.835 D/AlarmScheduler-fold(13752): scheduleNextAlarm, key=0|com.smartsales.prism|-1327479600|null|10434, triggerTime=105129671, intent=92363970
04-29 23:07:26.835 D/AlarmScheduler-fold(13752): setExactAlarm, key=0|com.smartsales.prism|-1327479600|null|10434, triggerTime=105129671, intent=92363970
04-29 23:07:26.835 E/AlarmManager( 4381): not align this alarm: Alarm{5c2eba5 type 2 origWhen 105129671 whenElapsed 105129671 com.android.systemui}, reason=0
04-29 23:07:26.846 D/EmptyNotif(13752): setContractedChild: 0|com.smartsales.prism|-1327479600|null|10434  null
04-29 23:07:26.846 D/NotificationRowContentBinderInjectorImpl(13752): changeToFullAodContext: not need change full aod style
04-29 23:07:26.850 D/NotificationHeaderExpandController(13752): onExpansionChanged: progress =  0.0
04-29 23:07:26.851 D/LocalImageResolver(13752): Couldn't use ImageDecoder for drawable, falling back to non-resized load.
04-29 23:07:26.852 D/LocalImageResolver(13752): Couldn't use ImageDecoder for drawable, falling back to non-resized load.
04-29 23:07:26.861 D/AlertCoordinator(13752): onViewBound, buzzBeep for 0|com.smartsales.prism|-1327479600|null|10434
04-29 23:07:26.874 E/HwcComposer( 2214): getLuts failed Status(-129, EX_TRANSACTION_FAILED): 'UNKNOWN_TRANSACTION: '
04-29 23:07:26.983 D/AurogonBandwidthController( 4381): skinTemperature:45.451
04-29 23:07:26.984 D/AurogonBandwidthController( 4381): skinTemperature:45.451
04-29 23:07:27.014 I/vendor.qti.hardware.display.composer-service( 2001): Sensor: notify citsensorservice to trigger cwb, misForced = 0
04-29 23:07:27.015 I/SDM     ( 2001): CWB config passed by cwb_client : tappoint 1  CWB_ROI : (699.000000 110.000000 940.000000 351.000000) for display-0
04-29 23:07:27.028 D/AudioPipeline( 2607): SIM audio drawer entries emitted count=32 downloading=1 queued=0 holding=9 maxDownloadProgress=0.0
04-29 23:07:27.028 D/DownloadService( 2607): Audio files state: downloading=1, queued=0, ready=22, queueSize=9
04-29 23:07:27.031 I/SDM     ( 2001): HWDeviceDRM::SetupConcurrentWriteback: Tear down the Concurrent Writeback topology
04-29 23:07:27.040 D/FocusPlugin(13752): 0|com.smartsales.prism|-1327479600|null|10434 is not focus notification, isMedia: false
04-29 23:07:27.040 I/SDM     ( 2001): NotifyCWBStatus: Notify the client about buffer (0x8951c4b0) status 0 for display-0.
04-29 23:07:27.040 I/SDM     ( 2001): SDMConcurrentWriteBack::ProcessCWBStatus: CWB queue is empty. Display: 0
04-29 23:07:27.041 D/AlarmScheduler-fold(13752): addAlarm, key=0|com.smartsales.prism|-1327479600|null|10434, triggerTime=105129878
04-29 23:07:27.042 D/AlarmScheduler-fold(13752): cancelCurrentAlarm, key=0|com.smartsales.prism|-1327479600|null|10434, intent=92363970
04-29 23:07:27.042 D/AlarmScheduler-fold(13752): scheduleNextAlarm
04-29 23:07:27.042 D/JavaheapMonitor(11521): Java heap used=15M max=512M, proc: com.xiaomi.aicr:cognitionService
04-29 23:07:27.042 V/JavaheapMonitor(11521): Check java heap usage finished! Next check delay: 300000
04-29 23:07:27.042 D/AlarmScheduler-TIMEOUT(13752): addAlarm, key=0|com.smartsales.prism|-1327479600|null|10434, triggerTime=342729879
04-29 23:07:27.042 D/MiuiBubbleManager(13752): onEntryUpdated: com.android.systemui.statusbar.notification.collection.NotificationEntry@a905ca App
04-29 23:07:27.043 I/MiuiBubbleSettings(13752): com.smartsales.prism 0isAppEnableBubbleNotification: false
04-29 23:07:27.043 D/AlarmScheduler-fold(13752): scheduleNextAlarm, key=0|com.smartsales.prism|-1327479600|null|10434, triggerTime=105129878, intent=92363970
04-29 23:07:27.043 D/AlarmScheduler-fold(13752): setExactAlarm, key=0|com.smartsales.prism|-1327479600|null|10434, triggerTime=105129878, intent=92363970
04-29 23:07:27.044 E/AlarmManager( 4381): not align this alarm: Alarm{71b9d21 type 2 origWhen 105129878 whenElapsed 105129878 com.android.systemui}, reason=0
04-29 23:07:27.055 D/EmptyNotif(13752): setContractedChild: 0|com.smartsales.prism|-1327479600|null|10434  null
04-29 23:07:27.055 D/NotificationRowContentBinderInjectorImpl(13752): changeToFullAodContext: not need change full aod style
04-29 23:07:27.058 D/NotificationHeaderExpandController(13752): onExpansionChanged: progress =  0.0
04-29 23:07:27.059 D/LocalImageResolver(13752): Couldn't use ImageDecoder for drawable, falling back to non-resized load.
04-29 23:07:27.059 D/LocalImageResolver(13752): Couldn't use ImageDecoder for drawable, falling back to non-resized load.
04-29 23:07:27.069 D/AlertCoordinator(13752): onViewBound, buzzBeep for 0|com.smartsales.prism|-1327479600|null|10434
04-29 23:07:27.074 E/HwcComposer( 2214): getLuts failed Status(-129, EX_TRANSACTION_FAILED): 'UNKNOWN_TRANSACTION: '
04-29 23:07:27.144 I/libsensor-boledalgo( 2802): dbv:1524,lux:220.2,cct:4847.4,hsv:359.4, CWB R:0.7,G:0.7,B:5.9 Event C:4603.0,R:2337.9,G:1831.6,B:906.4 Cali C:0.0,R:0.0,G:0.0,B:0.0
04-29 23:07:27.163 E/AlarmManager( 4381): not align this alarm: Alarm{9282546 type 3 origWhen 80015957 whenElapsed 83545000 com.android.nfc}, reason=0
04-29 23:07:27.164 D/AlarmManager( 4381): mBroadcastRefCount -> 1
04-29 23:07:27.169 D/AlarmManager( 4381): mBroadcastRefCount -> 0
04-29 23:07:27.169 D/AlarmManager( 4381): mPendingIntent -> PendingIntent{aec2ce5: PendingIntentRecord{9ec6c71 com.android.nfc broadcastIntent}}
04-29 23:07:27.169 I/vendor.qti.bluetooth@1.0-ibs_handler( 1963): ProcessIbsCmd: Received IBS_WAKE_IND: 0xFD
04-29 23:07:27.169 D/vendor.qti.bluetooth@1.0-ibs_handler( 1963): SerialClockVote: vote for UART CLK ON
04-29 23:07:27.169 D/vendor.qti.bluetooth@1.0-wake_lock( 1963): Acquire wakelock is acquired
04-29 23:07:27.169 I/vendor.qti.bluetooth@1.0-ibs_handler( 1963): ProcessIbsCmd: Writing IBS_WAKE_ACK
04-29 23:07:27.169 D/NfcService(10752): handleMessage: MSG_WATCHDOG_PING
04-29 23:07:27.172 V/bluetooth(13357): system/gd/hci/le_scanning_reassembler.cc:67 ProcessAdvertisingReport: Dropping repeated legacy advertising data
04-29 23:07:27.172 V/bluetooth(13357): system/gd/hci/le_scanning_reassembler.cc:90 ProcessAdvertisingReport: Ignoring advertising report when scan response is expected or current data is marked incomplete
04-29 23:07:27.172 V/bluetooth(13357): system/gd/hci/le_scanning_reassembler.cc:101 ProcessAdvertisingReport: Full advertising report has been reassembled
04-29 23:07:27.172 V/bluetooth(13357): system/gd/hci/le_scanning_decrypter.cc:148 ContainsEncryptedData: enc_adv_data_map is empty
04-29 23:07:27.173 V/bt_btm_ble(13357): system/stack/btm/btm_ble_gap.cc:2166 btm_ble_process_adv_addr: bda=xx:xx:xx:xx:2d:c4
04-29 23:07:27.173 V/bt_btm_ble(13357): system/stack/btm/btm_ble_gap.cc:2154 btm_ble_update_inq_result: Random address, treat device as LE only
04-29 23:07:27.173 D/bt_btm_ble(13357): system/stack/btm/btm_ble_gap.cc:1961 btm_ble_is_discoverable: btm_ble_is_discoverable flag=0x26
04-29 23:07:27.174 V/ScanController(13357): onScanResult() - eventType=0x1b, addressType=1, address=XX:XX:XX:XX:2D:C4, primaryPhy=1, secondaryPhy=0, advertisingSid=0xff, txPower=127, rssi=-54, periodicAdvInt=0x0, originalAddress=4D:76:70:92:2D:C4
04-29 23:07:27.174 V/ScanController(13357): Skipping client: permission=true matches=false
04-29 23:07:27.175 V/ScanController(13357): Skipping client: permission=true matches=false
04-29 23:07:27.175 V/ScanController(13357): Skipping client: permission=true matches=false
04-29 23:07:27.212 I/vendor.qti.bluetooth@1.0-ibs_handler( 1963): ProcessIbsCmd: Received IBS_SLEEP_IND: 0xFE
04-29 23:07:27.212 D/vendor.qti.bluetooth@1.0-ibs_handler( 1963): SerialClockVote: vote for UART CLK OFF
04-29 23:07:27.222 I/vendor.qti.hardware.display.composer-service( 2001): Sensor: notify citsensorservice to trigger cwb, misForced = 0
04-29 23:07:27.222 I/SDM     ( 2001): CWB config passed by cwb_client : tappoint 1  CWB_ROI : (699.000000 110.000000 940.000000 351.000000) for display-0
04-29 23:07:27.235 D/AudioPipeline( 2607): SIM audio drawer entries emitted count=32 downloading=1 queued=0 holding=9 maxDownloadProgress=0.0
04-29 23:07:27.236 D/DownloadService( 2607): Audio files state: downloading=1, queued=0, ready=22, queueSize=9
04-29 23:07:27.239 I/SDM     ( 2001): HWDeviceDRM::SetupConcurrentWriteback: Tear down the Concurrent Writeback topology
04-29 23:07:27.244 D/FocusPlugin(13752): 0|com.smartsales.prism|-1327479600|null|10434 is not focus notification, isMedia: false
04-29 23:07:27.245 D/AlarmScheduler-fold(13752): addAlarm, key=0|com.smartsales.prism|-1327479600|null|10434, triggerTime=105130082
04-29 23:07:27.245 D/AlarmScheduler-fold(13752): cancelCurrentAlarm, key=0|com.smartsales.prism|-1327479600|null|10434, intent=92363970
04-29 23:07:27.245 D/AlarmScheduler-fold(13752): scheduleNextAlarm
04-29 23:07:27.245 D/AlarmScheduler-TIMEOUT(13752): addAlarm, key=0|com.smartsales.prism|-1327479600|null|10434, triggerTime=342730082
04-29 23:07:27.245 D/MiuiBubbleManager(13752): onEntryUpdated: com.android.systemui.statusbar.notification.collection.NotificationEntry@a905ca App
04-29 23:07:27.245 I/MiuiBubbleSettings(13752): com.smartsales.prism 0isAppEnableBubbleNotification: false
04-29 23:07:27.245 D/AlarmScheduler-fold(13752): scheduleNextAlarm, key=0|com.smartsales.prism|-1327479600|null|10434, triggerTime=105130082, intent=92363970
04-29 23:07:27.245 D/AlarmScheduler-fold(13752): setExactAlarm, key=0|com.smartsales.prism|-1327479600|null|10434, triggerTime=105130082, intent=92363970
04-29 23:07:27.246 E/AlarmManager( 4381): not align this alarm: Alarm{e0b7c34 type 2 origWhen 105130082 whenElapsed 105130082 com.android.systemui}, reason=0
04-29 23:07:27.247 I/SDM     ( 2001): NotifyCWBStatus: Notify the client about buffer (0x8951cae0) status 0 for display-0.
04-29 23:07:27.247 I/SDM     ( 2001): SDMConcurrentWriteBack::ProcessCWBStatus: CWB queue is empty. Display: 0
04-29 23:07:27.254 D/EmptyNotif(13752): setContractedChild: 0|com.smartsales.prism|-1327479600|null|10434  null
04-29 23:07:27.254 D/NotificationRowContentBinderInjectorImpl(13752): changeToFullAodContext: not need change full aod style
04-29 23:07:27.258 D/NotificationHeaderExpandController(13752): onExpansionChanged: progress =  0.0
04-29 23:07:27.259 D/LocalImageResolver(13752): Couldn't use ImageDecoder for drawable, falling back to non-resized load.
04-29 23:07:27.259 D/LocalImageResolver(13752): Couldn't use ImageDecoder for drawable, falling back to non-resized load.
04-29 23:07:27.269 D/AlertCoordinator(13752): onViewBound, buzzBeep for 0|com.smartsales.prism|-1327479600|null|10434
04-29 23:07:27.274 E/HwcComposer( 2214): getLuts failed Status(-129, EX_TRANSACTION_FAILED): 'UNKNOWN_TRANSACTION: '
04-29 23:07:27.357 I/libsensor-boledalgo( 2802): dbv:1524,lux:220.3,cct:4905.6,hsv:359.4, CWB R:0.7,G:0.7,B:5.9 Event C:4586.3,R:2326.8,G:1844.0,B:911.7 Cali C:0.0,R:0.0,G:0.0,B:0.0
04-29 23:07:27.363 D/vendor.qti.bluetooth@1.0-wake_lock( 1963): Release wakelock is released
04-29 23:07:27.422 I/vendor.qti.hardware.display.composer-service( 2001): Sensor: notify citsensorservice to trigger cwb, misForced = 0
04-29 23:07:27.422 I/SDM     ( 2001): CWB config passed by cwb_client : tappoint 1  CWB_ROI : (699.000000 110.000000 940.000000 351.000000) for display-0
04-29 23:07:27.435 D/MiuiNetworkPolicy( 4381): updateLimit mLimitEnabled=false,enabled=true,mNetworkPriorityMode=2,mThermalForceMode=2
04-29 23:07:27.438 I/SDM     ( 2001): HWDeviceDRM::SetupConcurrentWriteback: Tear down the Concurrent Writeback topology
04-29 23:07:27.447 I/SDM     ( 2001): NotifyCWBStatus: Notify the client about buffer (0x8951e450) status 0 for display-0.
04-29 23:07:27.447 I/SDM     ( 2001): SDMConcurrentWriteBack::ProcessCWBStatus: CWB queue is empty. Display: 0
04-29 23:07:27.451 D/AudioPipeline( 2607): SIM audio drawer entries emitted count=32 downloading=1 queued=0 holding=9 maxDownloadProgress=0.0
04-29 23:07:27.451 D/DownloadService( 2607): Audio files state: downloading=1, queued=0, ready=22, queueSize=9
04-29 23:07:27.461 D/FocusPlugin(13752): 0|com.smartsales.prism|-1327479600|null|10434 is not focus notification, isMedia: false
04-29 23:07:27.461 D/AlarmScheduler-fold(13752): addAlarm, key=0|com.smartsales.prism|-1327479600|null|10434, triggerTime=105130298
04-29 23:07:27.461 D/AlarmScheduler-fold(13752): cancelCurrentAlarm, key=0|com.smartsales.prism|-1327479600|null|10434, intent=92363970
04-29 23:07:27.461 D/AlarmScheduler-fold(13752): scheduleNextAlarm
04-29 23:07:27.462 D/AlarmScheduler-TIMEOUT(13752): addAlarm, key=0|com.smartsales.prism|-1327479600|null|10434, triggerTime=342730299
04-29 23:07:27.462 D/MiuiBubbleManager(13752): onEntryUpdated: com.android.systemui.statusbar.notification.collection.NotificationEntry@a905ca App
04-29 23:07:27.462 I/MiuiBubbleSettings(13752): com.smartsales.prism 0isAppEnableBubbleNotification: false
04-29 23:07:27.462 D/AlarmScheduler-fold(13752): scheduleNextAlarm, key=0|com.smartsales.prism|-1327479600|null|10434, triggerTime=105130298, intent=92363970
04-29 23:07:27.462 D/AlarmScheduler-fold(13752): setExactAlarm, key=0|com.smartsales.prism|-1327479600|null|10434, triggerTime=105130298, intent=92363970
04-29 23:07:27.464 E/AlarmManager( 4381): not align this alarm: Alarm{ef3ea5d type 2 origWhen 105130298 whenElapsed 105130298 com.android.systemui}, reason=0
04-29 23:07:27.471 D/EmptyNotif(13752): setContractedChild: 0|com.smartsales.prism|-1327479600|null|10434  null
04-29 23:07:27.471 D/NotificationRowContentBinderInjectorImpl(13752): changeToFullAodContext: not need change full aod style
04-29 23:07:27.474 D/NotificationHeaderExpandController(13752): onExpansionChanged: progress =  0.0
04-29 23:07:27.475 D/LocalImageResolver(13752): Couldn't use ImageDecoder for drawable, falling back to non-resized load.
04-29 23:07:27.475 D/LocalImageResolver(13752): Couldn't use ImageDecoder for drawable, falling back to non-resized load.
04-29 23:07:27.485 D/AlertCoordinator(13752): onViewBound, buzzBeep for 0|com.smartsales.prism|-1327479600|null|10434
04-29 23:07:27.498 E/HwcComposer( 2214): getLuts failed Status(-129, EX_TRANSACTION_FAILED): 'UNKNOWN_TRANSACTION: '
04-29 23:07:27.630 I/vendor.qti.hardware.display.composer-service( 2001): Sensor: notify citsensorservice to trigger cwb, misForced = 0
04-29 23:07:27.630 I/SDM     ( 2001): CWB config passed by cwb_client : tappoint 1  CWB_ROI : (699.000000 110.000000 940.000000 351.000000) for display-0
04-29 23:07:27.646 I/SDM     ( 2001): HWDeviceDRM::SetupConcurrentWriteback: Tear down the Concurrent Writeback topology
04-29 23:07:27.655 I/SDM     ( 2001): NotifyCWBStatus: Notify the client about buffer (0x8951d480) status 0 for display-0.
04-29 23:07:27.655 I/SDM     ( 2001): SDMConcurrentWriteBack::ProcessCWBStatus: CWB queue is empty. Display: 0
04-29 23:07:27.659 D/AudioPipeline( 2607): SIM audio drawer entries emitted count=32 downloading=1 queued=0 holding=9 maxDownloadProgress=0.0
04-29 23:07:27.659 D/DownloadService( 2607): Audio files state: downloading=1, queued=0, ready=22, queueSize=9
04-29 23:07:27.668 D/FocusPlugin(13752): 0|com.smartsales.prism|-1327479600|null|10434 is not focus notification, isMedia: false
04-29 23:07:27.669 D/AlarmScheduler-fold(13752): addAlarm, key=0|com.smartsales.prism|-1327479600|null|10434, triggerTime=105130506
04-29 23:07:27.669 D/AlarmScheduler-fold(13752): cancelCurrentAlarm, key=0|com.smartsales.prism|-1327479600|null|10434, intent=92363970
04-29 23:07:27.669 D/AlarmScheduler-fold(13752): scheduleNextAlarm
04-29 23:07:27.669 D/AlarmScheduler-TIMEOUT(13752): addAlarm, key=0|com.smartsales.prism|-1327479600|null|10434, triggerTime=342730506
04-29 23:07:27.669 D/MiuiBubbleManager(13752): onEntryUpdated: com.android.systemui.statusbar.notification.collection.NotificationEntry@a905ca App
04-29 23:07:27.669 I/MiuiBubbleSettings(13752): com.smartsales.prism 0isAppEnableBubbleNotification: false
04-29 23:07:27.669 D/AlarmScheduler-fold(13752): scheduleNextAlarm, key=0|com.smartsales.prism|-1327479600|null|10434, triggerTime=105130506, intent=92363970
04-29 23:07:27.669 D/AlarmScheduler-fold(13752): setExactAlarm, key=0|com.smartsales.prism|-1327479600|null|10434, triggerTime=105130506, intent=92363970
04-29 23:07:27.670 E/AlarmManager( 4381): not align this alarm: Alarm{314fd2 type 2 origWhen 105130506 whenElapsed 105130506 com.android.systemui}, reason=0
04-29 23:07:27.678 D/EmptyNotif(13752): setContractedChild: 0|com.smartsales.prism|-1327479600|null|10434  null
04-29 23:07:27.678 D/NotificationRowContentBinderInjectorImpl(13752): changeToFullAodContext: not need change full aod style
04-29 23:07:27.682 D/NotificationHeaderExpandController(13752): onExpansionChanged: progress =  0.0
04-29 23:07:27.683 D/LocalImageResolver(13752): Couldn't use ImageDecoder for drawable, falling back to non-resized load.
04-29 23:07:27.683 D/LocalImageResolver(13752): Couldn't use ImageDecoder for drawable, falling back to non-resized load.
04-29 23:07:27.693 D/AlertCoordinator(13752): onViewBound, buzzBeep for 0|com.smartsales.prism|-1327479600|null|10434
04-29 23:07:27.723 E/HwcComposer( 2214): getLuts failed Status(-129, EX_TRANSACTION_FAILED): 'UNKNOWN_TRANSACTION: '
04-29 23:07:27.782 D/AurogonBandwidthController( 4381): skinTemperature:45.451
04-29 23:07:27.838 I/vendor.qti.hardware.display.composer-service( 2001): Sensor: notify citsensorservice to trigger cwb, misForced = 0
04-29 23:07:27.838 I/SDM     ( 2001): CWB config passed by cwb_client : tappoint 1  CWB_ROI : (699.000000 110.000000 940.000000 351.000000) for display-0
04-29 23:07:27.854 I/SDM     ( 2001): HWDeviceDRM::SetupConcurrentWriteback: Tear down the Concurrent Writeback topology
04-29 23:07:27.861 D/AudioPipeline( 2607): SIM audio drawer entries emitted count=32 downloading=1 queued=0 holding=9 maxDownloadProgress=0.0
04-29 23:07:27.861 D/DownloadService( 2607): Audio files state: downloading=1, queued=0, ready=22, queueSize=9
04-29 23:07:27.863 I/SDM     ( 2001): NotifyCWBStatus: Notify the client about buffer (0x8951d480) status 0 for display-0.
04-29 23:07:27.863 I/SDM     ( 2001): SDMConcurrentWriteBack::ProcessCWBStatus: CWB queue is empty. Display: 0
04-29 23:07:27.870 D/FocusPlugin(13752): 0|com.smartsales.prism|-1327479600|null|10434 is not focus notification, isMedia: false
04-29 23:07:27.870 D/AlarmScheduler-fold(13752): addAlarm, key=0|com.smartsales.prism|-1327479600|null|10434, triggerTime=105130707
04-29 23:07:27.870 D/AlarmScheduler-fold(13752): cancelCurrentAlarm, key=0|com.smartsales.prism|-1327479600|null|10434, intent=92363970
04-29 23:07:27.870 D/AlarmScheduler-fold(13752): scheduleNextAlarm
04-29 23:07:27.870 D/AlarmScheduler-TIMEOUT(13752): addAlarm, key=0|com.smartsales.prism|-1327479600|null|10434, triggerTime=342730707
04-29 23:07:27.870 D/MiuiBubbleManager(13752): onEntryUpdated: com.android.systemui.statusbar.notification.collection.NotificationEntry@a905ca App
04-29 23:07:27.870 D/AlarmScheduler-fold(13752): scheduleNextAlarm, key=0|com.smartsales.prism|-1327479600|null|10434, triggerTime=105130707, intent=92363970
04-29 23:07:27.871 D/AlarmScheduler-fold(13752): setExactAlarm, key=0|com.smartsales.prism|-1327479600|null|10434, triggerTime=105130707, intent=92363970
04-29 23:07:27.871 I/MiuiBubbleSettings(13752): com.smartsales.prism 0isAppEnableBubbleNotification: false
04-29 23:07:27.871 E/AlarmManager( 4381): not align this alarm: Alarm{a09cf59 type 2 origWhen 105130707 whenElapsed 105130707 com.android.systemui}, reason=0
04-29 23:07:27.871 D/BluetoothGatt( 2607): readRssi() - device: XX:XX:XX:XX:E4:06
04-29 23:07:27.873 D/BtGatt.GattService(13357): readRemoteRssi() - address=XX:XX:XX:XX:E4:06
04-29 23:07:27.873 D/bt_btif_gattc(13357): system/btif/src/btif_gatt_client.cc:644 btif_gattc_read_remote_rssi:
04-29 23:07:27.873 D/ble_sec (13357): system/stack/btm/btm_ble_sec.cc:539 BTM_ReadDevInfo: Determined device_type:BLE addr_type:public
04-29 23:07:27.873 D/bt_shim_hci(13357): system/main/shim/hci_layer.cc:233 transmit_command: Sending command READ_RSSI(0x1405)
04-29 23:07:27.874 D/vendor.qti.bluetooth@1.0-ibs_handler( 1963): SerialClockVote: vote for UART CLK ON
04-29 23:07:27.874 D/vendor.qti.bluetooth@1.0-wake_lock( 1963): Acquire wakelock is acquired
04-29 23:07:27.874 I/vendor.qti.bluetooth@1.0-ibs_handler( 1963): DeviceWakeUp: Writing IBS_WAKE_IND
04-29 23:07:27.877 D/EmptyNotif(13752): setContractedChild: 0|com.smartsales.prism|-1327479600|null|10434  null
04-29 23:07:27.877 D/NotificationRowContentBinderInjectorImpl(13752): changeToFullAodContext: not need change full aod style
04-29 23:07:27.878 I/vendor.qti.bluetooth@1.0-ibs_handler( 1963): ProcessIbsCmd: Received IBS_WAKE_ACK: 0xFC
04-29 23:07:27.878 I/vendor.qti.bluetooth@1.0-ibs_handler( 1963): ProcessIbsCmd: Signal wack_cond_
04-29 23:07:27.878 D/vendor.qti.bluetooth@1.0-ibs_handler( 1963): DeviceWakeUp: Unblocked from waiting for FC, pthread_cond_timedwait ret = 0
04-29 23:07:27.879 I/vendor.qti.bluetooth@1.0-ibs_handler( 1963): ProcessIbsCmd: Received IBS_WAKE_IND: 0xFD
04-29 23:07:27.879 I/vendor.qti.bluetooth@1.0-ibs_handler( 1963): ProcessIbsCmd: Writing IBS_WAKE_ACK
04-29 23:07:27.880 D/bt_shim_hci(13357): system/main/shim/hci_layer.cc:183 OnTransmitPacketCommandComplete: Received cmd complete for READ_RSSI(0x1405)
04-29 23:07:27.880 D/btm_acl (13357): system/stack/acl/btm_acl.cc:1867 btm_read_rssi_complete: Read rrsi complete rssi:-33 hci status:HCI_SUCCESS
04-29 23:07:27.880 V/bt_btif_gattc(13357): system/btif/src/btif_gatt_client.cc:308 btm_read_rssi_cb: HAL bt_gatt_callbacks->client->read_remote_rssi_cb
04-29 23:07:27.880 D/BtGatt.GattService(13357): onReadRemoteRssi() - clientIf=220 address=XX:XX:XX:XX:E4:06, rssi=-33, status=0
04-29 23:07:27.881 D/NotificationHeaderExpandController(13752): onExpansionChanged: progress =  0.0
04-29 23:07:27.882 D/LocalImageResolver(13752): Couldn't use ImageDecoder for drawable, falling back to non-resized load.
04-29 23:07:27.883 D/LocalImageResolver(13752): Couldn't use ImageDecoder for drawable, falling back to non-resized load.
04-29 23:07:27.892 D/AlertCoordinator(13752): onViewBound, buzzBeep for 0|com.smartsales.prism|-1327479600|null|10434
04-29 23:07:27.923 I/vendor.qti.bluetooth@1.0-ibs_handler( 1963): ProcessIbsCmd: Received IBS_SLEEP_IND: 0xFE
04-29 23:07:27.947 E/HwcComposer( 2214): getLuts failed Status(-129, EX_TRANSACTION_FAILED): 'UNKNOWN_TRANSACTION: '
04-29 23:07:28.046 I/vendor.qti.hardware.display.composer-service( 2001): Sensor: notify citsensorservice to trigger cwb, misForced = 0
04-29 23:07:28.046 I/SDM     ( 2001): CWB config passed by cwb_client : tappoint 1  CWB_ROI : (699.000000 110.000000 940.000000 351.000000) for display-0
04-29 23:07:28.062 I/SDM     ( 2001): HWDeviceDRM::SetupConcurrentWriteback: Tear down the Concurrent Writeback topology
04-29 23:07:28.070 I/SDM     ( 2001): NotifyCWBStatus: Notify the client about buffer (0x8951d320) status 0 for display-0.
04-29 23:07:28.071 I/SDM     ( 2001): SDMConcurrentWriteBack::ProcessCWBStatus: CWB queue is empty. Display: 0
04-29 23:07:28.129 I/vendor.qti.bluetooth@1.0-ibs_handler( 1963): DeviceSleep: TX Awake, Sending SLEEP_IND
04-29 23:07:28.129 D/vendor.qti.bluetooth@1.0-ibs_handler( 1963): SerialClockVote: vote for UART CLK OFF
04-29 23:07:28.133 D/AudioPipeline( 2607): SIM audio drawer entries emitted count=32 downloading=1 queued=0 holding=9 maxDownloadProgress=0.0
04-29 23:07:28.133 D/DownloadService( 2607): Audio files state: downloading=1, queued=0, ready=22, queueSize=9
04-29 23:07:28.142 D/wpa_supplicant(13316): nl80211: Drv Event 81 (NL80211_CMD_TDLS_OPER) received for wlan0
04-29 23:07:28.142 D/wpa_supplicant(13316): nl80211: TDLS operation event
04-29 23:07:28.142 D/wpa_supplicant(13316): nl80211: TDLS discovery request for peer 14:c1:9f:d7:e3:ec
04-29 23:07:28.142 D/wpa_supplicant(13316): wlan0: Event TDLS (7) received
04-29 23:07:28.142 D/wpa_supplicant(13316): nl80211: Drv Event 81 (NL80211_CMD_TDLS_OPER) received for wlan0
04-29 23:07:28.142 D/wpa_supplicant(13316): nl80211: TDLS operation event
04-29 23:07:28.142 D/wpa_supplicant(13316): nl80211: TDLS discovery request for peer 1c:db:d4:9b:8f:94
04-29 23:07:28.142 D/wpa_supplicant(13316): wlan0: Event TDLS (7) received
04-29 23:07:28.142 D/wpa_supplicant(13316): nl80211: Drv Event 81 (NL80211_CMD_TDLS_OPER) received for wlan0
04-29 23:07:28.142 D/wpa_supplicant(13316): nl80211: TDLS operation event
04-29 23:07:28.142 D/wpa_supplicant(13316): nl80211: TDLS discovery request for peer 14:c1:9f:d7:e4:04
04-29 23:07:28.142 D/wpa_supplicant(13316): wlan0: Event TDLS (7) received
04-29 23:07:28.143 D/FocusPlugin(13752): 0|com.smartsales.prism|-1327479600|null|10434 is not focus notification, isMedia: false
04-29 23:07:28.143 D/AlarmScheduler-fold(13752): addAlarm, key=0|com.smartsales.prism|-1327479600|null|10434, triggerTime=105130980
04-29 23:07:28.143 D/AlarmScheduler-fold(13752): cancelCurrentAlarm, key=0|com.smartsales.prism|-1327479600|null|10434, intent=92363970
04-29 23:07:28.143 D/AlarmScheduler-fold(13752): scheduleNextAlarm
04-29 23:07:28.143 D/AlarmScheduler-TIMEOUT(13752): addAlarm, key=0|com.smartsales.prism|-1327479600|null|10434, triggerTime=342730981
04-29 23:07:28.144 D/MiuiBubbleManager(13752): onEntryUpdated: com.android.systemui.statusbar.notification.collection.NotificationEntry@a905ca App
04-29 23:07:28.144 I/MiuiBubbleSettings(13752): com.smartsales.prism 0isAppEnableBubbleNotification: false
04-29 23:07:28.146 D/AlarmScheduler-fold(13752): scheduleNextAlarm, key=0|com.smartsales.prism|-1327479600|null|10434, triggerTime=105130980, intent=92363970
04-29 23:07:28.146 D/AlarmScheduler-fold(13752): setExactAlarm, key=0|com.smartsales.prism|-1327479600|null|10434, triggerTime=105130980, intent=92363970
04-29 23:07:28.146 E/AlarmManager( 4381): not align this alarm: Alarm{69d091b type 2 origWhen 105130980 whenElapsed 105130980 com.android.systemui}, reason=0
04-29 23:07:28.148 E/HwcComposer( 2214): getLuts failed Status(-129, EX_TRANSACTION_FAILED): 'UNKNOWN_TRANSACTION: '
04-29 23:07:28.156 D/EmptyNotif(13752): setContractedChild: 0|com.smartsales.prism|-1327479600|null|10434  null
04-29 23:07:28.156 D/NotificationRowContentBinderInjectorImpl(13752): changeToFullAodContext: not need change full aod style
04-29 23:07:28.156 D/NotificationHeaderExpandController(13752): onExpansionChanged: progress =  0.0
04-29 23:07:28.157 D/LocalImageResolver(13752): Couldn't use ImageDecoder for drawable, falling back to non-resized load.
04-29 23:07:28.158 D/LocalImageResolver(13752): Couldn't use ImageDecoder for drawable, falling back to non-resized load.
04-29 23:07:28.167 D/AlertCoordinator(13752): onViewBound, buzzBeep for 0|com.smartsales.prism|-1327479600|null|10434
04-29 23:07:28.170 D/MiuiWifiCommonBase( 4381): band: 0, compensate: 0
04-29 23:07:28.170 D/WifiClientModeImpl[186137:wlan0]( 4381): updateLinkLayerStatsRssiSpeedFrequencyCapabilities rssi=-41 TxLinkspeed=300 freq=2462 RxLinkSpeed=300
04-29 23:07:28.170 I/WifiService( 4381): getConnectionInfo uid=1000
04-29 23:07:28.170 V/WifiService( 4381): Clearing REDACT_FOR_LOCAL_MAC_ADDRESS for android(uid=1000)
04-29 23:07:28.170 V/WifiService( 4381): Clearing REDACT_FOR_NETWORK_SETTINGS for android(uid=1000)
04-29 23:07:28.170 V/WifiService( 4381): Clearing REDACT_FOR_ACCESS_FINE_LOCATION for android(uid=1000)
04-29 23:07:28.170 D/WifiDataStall( 4381): tx tput in kbps: 165000
04-29 23:07:28.170 D/WifiDataStall( 4381): rx tput in kbps: 206250
04-29 23:07:28.170 V/WifiConfigManager( 4381): Updating scan detail cache freq=2462 BSSID=74:39:89:2a:67:26 RSSI=-41 for "MstRobot"WPA_PSK
04-29 23:07:28.170 D/WifiChannelUtilization( 4381):  freq: 2462 onTime: 11325428 busyTime: 6759119 onTimeDiff: 2942 busyTimeDiff: 1804 utilization: 156 utilization t0: 152
04-29 23:07:28.171 D/WifiDataStall( 4381):  ccaLevel = 80
04-29 23:07:28.171 D/WifiDataStall( 4381): L2 txTputKbps: 165000, rxTputKbps: 206250, L3 txTputKbps: 21, rxTputKbps: 3530, TxTrafficHigh: true, RxTrafficHigh: true, Throughput Sufficient: true
04-29 23:07:28.171 D/WifiThroughputPredictor( 4381):  utilization (LLS) 80 isBluetoothConnected: false final utilization: 80
04-29 23:07:28.171 D/WifiThroughputPredictor( 4381):  BW: 1 RSSI: -41 Nss: 2 Mode: 4 symDur: 3600 snrDb 36 bitPerTone: 5000 rate: 300 throughput: 205
04-29 23:07:28.171 D/WifiThroughputPredictor( 4381):  utilization (LLS) 80 isBluetoothConnected: false final utilization: 80
04-29 23:07:28.171 D/WifiThroughputPredictor( 4381):  BW: 1 RSSI: -41 Nss: 2 Mode: 4 symDur: 3600 snrDb 36 bitPerTone: 5000 rate: 300 throughput: 205
04-29 23:07:28.171 D/MiuiNM  ( 4381): rssi: -41, txPer: 20, rxPer: 0, ccaBr: 61, bcnLr: 6, tcpFr: 0, bcnRx: 28, txGood:35.43, txRetry:9.15, txBad:0.00
04-29 23:07:28.171 D/WifiScoreCard( 4381): BSSID update SIGNAL_POLL ID: 404527809 SSID: "MstRobot", BSSID: 74:39:89:2a:67:26, MAC: fa:2c:a2:da:d1:aa, IP: /192.168.0.106, Security type: 2, Supplicant state: COMPLETED, Wi-Fi standard: 11n, RSSI: -41, Link speed: 300Mbps, Tx Link speed: 300Mbps, Max Supported Tx Link speed: 300Mbps, Rx Link speed: 300Mbps, Max Supported Rx Link speed: 300Mbps, Frequency: 2462MHz, Net ID: 6, Metered hint: false, score: 60, isUsable: true, CarrierMerged: false, SubscriptionId: -1, IsPrimary: 1, Trusted: true, Restricted: false, Ephemeral: false, OEM paid: false, OEM private: false, OSU AP: false, FQDN: <none>, Provider friendly name: <none>, Requesting package name: <none>"MstRobot"wpa2-pskMLO Information: , Is TID-To-Link negotiation supported by the AP: false, AP MLD Address: <none>, AP MLO Link Id: <none>, AP MLO Affiliated links: <none>, Vendor Data: <none>
04-29 23:07:28.171 D/WifiScoreCard( 4381): txRate: 70 txSpeed: 300
04-29 23:07:28.171 D/WifiScoreCard( 4381): network update SIGNAL_POLL "MstRobot" ID: 608343939 RSSI -41 txSpeed 300
04-29 23:07:28.171 D/WifiClientModeImpl[186137:wlan0]( 4381):  ClientModeImpl$L2ConnectedState screen=on 11 0 "MstRobot" 74:39:89:2a:67:26 rssi=-41 f=2462 sc= 60, mSwithInWeakNet: true [updated score = 60,  failpercent=0 { out=105 in=274 lost=0 inretrans=0 total retrans=0 tmo=0 inflight=0}] link=300 tx=55.4, 14.0, 0.0 rx=228.3 bcn=756024 [on:2942 tx:72 rx:155 period:3006] from screen [on:1322329 period:4268280] score=60
04-29 23:07:28.172 I/WifiService( 4381): getVerboseLoggingLevel uid=1000
04-29 23:07:28.172 D/AmlWifiScoreReportInjector( 4381): probabilityOfFailedTx = 0.20245420020703248
04-29 23:07:28.172 D/AmlWifiScoreReportInjector( 4381): mSwitchBackWifiThresholdAdjustment = 0
04-29 23:07:28.173 E/PhoneAdapter(13680): get ntnphones failed, exception: java.lang.IllegalStateException: not support satellite!
04-29 23:07:28.174 I/WifiService( 4381): getScanResults uid=1000
04-29 23:07:28.175 D/AmlWifiScoreReportInjector( 4381): getMaxRssiInWaeknet weaknetRssi = -72
04-29 23:07:28.177 I/WifiService( 4381): getVerboseLoggingLevel uid=1000
04-29 23:07:28.177 D/AmlWifiScoreReportInjector( 4381): onWifiUsabilityStats: channelUtilization=156 seqNum = 24201 bssidChanged = 0 isQcomPlatform = true
04-29 23:07:28.195 D/AidlBufferPool(14339): bufferpool2 0xb400007862cb21c8 : 66(121211 size) total buffers - 1(1941 size) used buffers - 56756/145053 (recycle/alloc) - 90091/145052 (fetch/transfer)
04-29 23:07:28.203 I/libsensor-boledalgo( 2802): dbv:1524,lux:218.0,cct:5012.0,hsv:359.4, CWB R:0.7,G:0.7,B:5.9 Event C:4592.8,R:2339.2,G:1840.5,B:929.3 Cali C:0.0,R:0.0,G:0.0,B:0.0
04-29 23:07:28.253 I/vendor.qti.hardware.display.composer-service( 2001): Sensor: notify citsensorservice to trigger cwb, misForced = 0
04-29 23:07:28.254 I/SDM     ( 2001): CWB config passed by cwb_client : tappoint 1  CWB_ROI : (699.000000 110.000000 940.000000 351.000000) for display-0
04-29 23:07:28.270 I/SDM     ( 2001): HWDeviceDRM::SetupConcurrentWriteback: Tear down the Concurrent Writeback topology
04-29 23:07:28.278 I/SDM     ( 2001): NotifyCWBStatus: Notify the client about buffer (0x8951b590) status 0 for display-0.
04-29 23:07:28.278 I/SDM     ( 2001): SDMConcurrentWriteBack::ProcessCWBStatus: CWB queue is empty. Display: 0
