04-29 23:07:23.739 D/AudioPipeline( 2607): SIM audio drawer entries emitted count=32 downloading=1 queued=0 holding=9 maxDownloadProgress=0.0
04-29 23:07:23.739 D/DownloadService( 2607): Audio files state: downloading=1, queued=0, ready=22, queueSize=9
04-29 23:07:23.750 D/FocusPlugin(13752): 0|com.smartsales.prism|-1327479600|null|10434 is not focus notification, isMedia: false
04-29 23:07:23.750 D/AlarmScheduler-fold(13752): addAlarm, key=0|com.smartsales.prism|-1327479600|null|10434, triggerTime=105126587
04-29 23:07:23.751 D/AlarmScheduler-TIMEOUT(13752): addAlarm, key=0|com.smartsales.prism|-1327479600|null|10434, triggerTime=342726588
04-29 23:07:23.751 D/MiuiBubbleManager(13752): onEntryUpdated: com.android.systemui.statusbar.notification.collection.NotificationEntry@a905ca App
04-29 23:07:23.751 D/AlarmScheduler-fold(13752): cancelCurrentAlarm, key=0|com.smartsales.prism|-1327479600|null|10434, intent=92363970
04-29 23:07:23.751 D/AlarmScheduler-fold(13752): scheduleNextAlarm
04-29 23:07:23.751 I/MiuiBubbleSettings(13752): com.smartsales.prism 0isAppEnableBubbleNotification: false
04-29 23:07:23.751 D/AlarmScheduler-fold(13752): scheduleNextAlarm, key=0|com.smartsales.prism|-1327479600|null|10434, triggerTime=105126587, intent=92363970
04-29 23:07:23.751 D/AlarmScheduler-fold(13752): setExactAlarm, key=0|com.smartsales.prism|-1327479600|null|10434, triggerTime=105126587, intent=92363970
04-29 23:07:23.751 D/vendor.qti.bluetooth@1.0-wake_lock( 1963): Release wakelock is released
04-29 23:07:23.752 E/AlarmManager( 4381): not align this alarm: Alarm{9b493c type 2 origWhen 105126587 whenElapsed 105126587 com.android.systemui}, reason=0
04-29 23:07:23.760 D/EmptyNotif(13752): setContractedChild: 0|com.smartsales.prism|-1327479600|null|10434  null
04-29 23:07:23.760 D/NotificationRowContentBinderInjectorImpl(13752): changeToFullAodContext: not need change full aod style
04-29 23:07:23.765 D/NotificationHeaderExpandController(13752): onExpansionChanged: progress =  0.0
04-29 23:07:23.765 D/LocalImageResolver(13752): Couldn't use ImageDecoder for drawable, falling back to non-resized load.
04-29 23:07:23.766 D/LocalImageResolver(13752): Couldn't use ImageDecoder for drawable, falling back to non-resized load.
04-29 23:07:23.770 D/MI-SF   ( 2214): isSupportLowBrightnessFpsSwitch current_setting_fps: 120
04-29 23:07:23.770 D/MI-SF   ( 2214): isTpIdleScene ,mAverageFrameRate is 120, 0
04-29 23:07:23.770 D/MI-SF   ( 2214): modeGroup41426432 mIsSupportAutomodeForMaxFpsSetting is 1(1), getCurrentBrightness() = 1366(0), mIsKeepAutoMode 0 isAutoModeAllowed() 1
04-29 23:07:23.770 D/RefreshRateSelector( 2214): fixedMode_group: 41426432, isFindModeGroup 1
04-29 23:07:23.770 D/RefreshRateSelector( 2214): find max refresh rate:120, mode Group:41426432
04-29 23:07:23.773 E/HwcComposer( 2214): getLuts failed Status(-129, EX_TRANSACTION_FAILED): 'UNKNOWN_TRANSACTION: '
04-29 23:07:23.775 D/AlertCoordinator(13752): onViewBound, buzzBeep for 0|com.smartsales.prism|-1327479600|null|10434
04-29 23:07:23.779 D/AurogonBandwidthController( 4381): skinTemperature:45.473
04-29 23:07:23.904 I/vendor.qti.hardware.display.composer-service( 2001): Sensor: notify citsensorservice to trigger cwb, misForced = 0
04-29 23:07:23.904 I/SDM     ( 2001): CWB config passed by cwb_client : tappoint 1  CWB_ROI : (699.000000 110.000000 940.000000 351.000000) for display-0
04-29 23:07:23.920 I/SDM     ( 2001): HWDeviceDRM::SetupConcurrentWriteback: Tear down the Concurrent Writeback topology
04-29 23:07:23.929 I/SDM     ( 2001): NotifyCWBStatus: Notify the client about buffer (0x8951cae0) status 0 for display-0.
04-29 23:07:23.929 I/SDM     ( 2001): SDMConcurrentWriteBack::ProcessCWBStatus: CWB queue is empty. Display: 0
04-29 23:07:23.946 D/AudioPipeline( 2607): SIM audio drawer entries emitted count=32 downloading=1 queued=0 holding=9 maxDownloadProgress=0.0
04-29 23:07:23.947 D/DownloadService( 2607): Audio files state: downloading=1, queued=0, ready=22, queueSize=9
04-29 23:07:23.957 D/FocusPlugin(13752): 0|com.smartsales.prism|-1327479600|null|10434 is not focus notification, isMedia: false
04-29 23:07:23.957 D/AlarmScheduler-fold(13752): addAlarm, key=0|com.smartsales.prism|-1327479600|null|10434, triggerTime=105126794
04-29 23:07:23.957 D/AlarmScheduler-TIMEOUT(13752): addAlarm, key=0|com.smartsales.prism|-1327479600|null|10434, triggerTime=342726794
04-29 23:07:23.957 D/MiuiBubbleManager(13752): onEntryUpdated: com.android.systemui.statusbar.notification.collection.NotificationEntry@a905ca App
04-29 23:07:23.957 D/AlarmScheduler-fold(13752): cancelCurrentAlarm, key=0|com.smartsales.prism|-1327479600|null|10434, intent=92363970
04-29 23:07:23.957 D/AlarmScheduler-fold(13752): scheduleNextAlarm
04-29 23:07:23.958 I/MiuiBubbleSettings(13752): com.smartsales.prism 0isAppEnableBubbleNotification: false
04-29 23:07:23.958 D/AlarmScheduler-fold(13752): scheduleNextAlarm, key=0|com.smartsales.prism|-1327479600|null|10434, triggerTime=105126794, intent=92363970
04-29 23:07:23.958 D/AlarmScheduler-fold(13752): setExactAlarm, key=0|com.smartsales.prism|-1327479600|null|10434, triggerTime=105126794, intent=92363970
04-29 23:07:23.958 E/AlarmManager( 4381): not align this alarm: Alarm{e2ff4b type 2 origWhen 105126794 whenElapsed 105126794 com.android.systemui}, reason=0
04-29 23:07:23.966 I/libsensor-boledalgo( 2802): dbv:1524,lux:220.5,cct:4929.7,hsv:359.4, CWB R:0.7,G:0.7,B:5.9 Event C:4597.9,R:2319.9,G:1843.2,B:916.8 Cali C:0.0,R:0.0,G:0.0,B:0.0
04-29 23:07:23.968 D/EmptyNotif(13752): setContractedChild: 0|com.smartsales.prism|-1327479600|null|10434  null
04-29 23:07:23.968 D/NotificationRowContentBinderInjectorImpl(13752): changeToFullAodContext: not need change full aod style
04-29 23:07:23.973 D/NotificationHeaderExpandController(13752): onExpansionChanged: progress =  0.0
04-29 23:07:23.973 D/LocalImageResolver(13752): Couldn't use ImageDecoder for drawable, falling back to non-resized load.
04-29 23:07:23.974 D/LocalImageResolver(13752): Couldn't use ImageDecoder for drawable, falling back to non-resized load.
04-29 23:07:23.983 D/AlertCoordinator(13752): onViewBound, buzzBeep for 0|com.smartsales.prism|-1327479600|null|10434
04-29 23:07:23.997 E/HwcComposer( 2214): getLuts failed Status(-129, EX_TRANSACTION_FAILED): 'UNKNOWN_TRANSACTION: '
04-29 23:07:24.054 W/ActivityManagerServiceImpl( 4381): Sending non-protected broadcast miui.intent.action.CYCLE_CHECK from system uid 1000 pkg android. Callers=com.android.server.am.BroadcastController.checkBroadcastFromSystem:2218 com.android.server.am.BroadcastController.broadcastIntentLockedTraced:1703 com.android.server.am.BroadcastController.broadcastIntentLocked:857 com.android.server.am.BroadcastController.broadcastIntentInPackage:824 com.android.server.am.ActivityManagerService$LocalService.broadcastIntentInPackage:18839
04-29 23:07:24.055 D/AlarmManager( 4381): mBroadcastRefCount -> 1
04-29 23:07:24.058 I/MiuiNetworkPolicy( 4381): updateUidState uid = 10161, uidState = 19
04-29 23:07:24.059 E/AlarmManager( 4381): not align this alarm: Alarm{29cbbe6 type 2 origWhen 83556896 whenElapsed 83556896 android}, reason=0
04-29 23:07:24.059 E/JobScheduler.Background( 4381): Couldn't determine stopped state for unknown package: com.miui.cleanmaster
04-29 23:07:24.059 E/JobScheduler.Background( 4381): Couldn't determine stopped state for unknown package: com.miui.cleanmaster
04-29 23:07:24.059 E/JobScheduler.Background( 4381): Couldn't determine stopped state for unknown package: com.miui.cleanmaster
04-29 23:07:24.059 I/vendor.xiaomi.hardware.micharge-service( 2070): ReadFilePathValue path = /sys/class/power_supply/battery/temp value = 434
04-29 23:07:24.059 E/IMiCharge( 4381): MiCharge method 9 val = 434
04-29 23:07:24.059 D/AlarmManager( 4381): mBroadcastRefCount -> 0
04-29 23:07:24.059 D/AlarmManager( 4381): mPendingIntent -> PendingIntent{5e05f42: PendingIntentRecord{c9adb53 android broadcastIntent}}
04-29 23:07:24.059 I/vendor.xiaomi.hardware.micharge-service( 2070): ReadFilePathValue path = /sys/class/xm_power/charger/charger_thermal/wired_ctrl_limit value = 15
04-29 23:07:24.059 E/IMiCharge( 4381): MiCharge method 10 val = 15
04-29 23:07:24.101 D/JavaheapMonitor(11483): Java heap used=17M max=512M, proc: com.sohu.inputmethod.sogou.xiaomi
04-29 23:07:24.101 V/JavaheapMonitor(11483): Check java heap usage finished! Next check delay: 300000
04-29 23:07:24.112 I/vendor.qti.hardware.display.composer-service( 2001): Sensor: notify citsensorservice to trigger cwb, misForced = 0
04-29 23:07:24.112 I/SDM     ( 2001): CWB config passed by cwb_client : tappoint 1  CWB_ROI : (699.000000 110.000000 940.000000 351.000000) for display-0
04-29 23:07:24.122 D/wpa_supplicant(13316): nl80211: Drv Event 81 (NL80211_CMD_TDLS_OPER) received for wlan0
04-29 23:07:24.122 D/wpa_supplicant(13316): nl80211: TDLS operation event
04-29 23:07:24.122 D/wpa_supplicant(13316): nl80211: TDLS discovery request for peer 14:c1:9f:d7:e3:ec
04-29 23:07:24.122 D/wpa_supplicant(13316): wlan0: Event TDLS (7) received
04-29 23:07:24.122 D/wpa_supplicant(13316): nl80211: Drv Event 81 (NL80211_CMD_TDLS_OPER) received for wlan0
04-29 23:07:24.122 D/wpa_supplicant(13316): nl80211: TDLS operation event
04-29 23:07:24.122 D/wpa_supplicant(13316): nl80211: TDLS discovery request for peer 1c:db:d4:9b:8f:94
04-29 23:07:24.122 D/wpa_supplicant(13316): wlan0: Event TDLS (7) received
04-29 23:07:24.122 D/wpa_supplicant(13316): nl80211: Drv Event 81 (NL80211_CMD_TDLS_OPER) received for wlan0
04-29 23:07:24.122 D/wpa_supplicant(13316): nl80211: TDLS operation event
04-29 23:07:24.122 D/wpa_supplicant(13316): nl80211: TDLS discovery request for peer 14:c1:9f:d7:e4:04
04-29 23:07:24.122 D/wpa_supplicant(13316): wlan0: Event TDLS (7) received
04-29 23:07:24.128 I/SDM     ( 2001): HWDeviceDRM::SetupConcurrentWriteback: Tear down the Concurrent Writeback topology
04-29 23:07:24.137 I/SDM     ( 2001): NotifyCWBStatus: Notify the client about buffer (0x8951c4b0) status 0 for display-0.
04-29 23:07:24.137 I/SDM     ( 2001): SDMConcurrentWriteBack::ProcessCWBStatus: CWB queue is empty. Display: 0
04-29 23:07:24.149 D/AudioPipeline( 2607): SIM audio drawer entries emitted count=32 downloading=1 queued=0 holding=9 maxDownloadProgress=0.0
04-29 23:07:24.149 D/DownloadService( 2607): Audio files state: downloading=1, queued=0, ready=22, queueSize=9
04-29 23:07:24.157 D/FocusPlugin(13752): 0|com.smartsales.prism|-1327479600|null|10434 is not focus notification, isMedia: false
04-29 23:07:24.158 D/AlarmScheduler-fold(13752): addAlarm, key=0|com.smartsales.prism|-1327479600|null|10434, triggerTime=105126995
04-29 23:07:24.158 D/AlarmScheduler-fold(13752): cancelCurrentAlarm, key=0|com.smartsales.prism|-1327479600|null|10434, intent=92363970
04-29 23:07:24.158 D/AlarmScheduler-fold(13752): scheduleNextAlarm
04-29 23:07:24.158 D/AlarmScheduler-TIMEOUT(13752): addAlarm, key=0|com.smartsales.prism|-1327479600|null|10434, triggerTime=342726995
04-29 23:07:24.158 D/MiuiBubbleManager(13752): onEntryUpdated: com.android.systemui.statusbar.notification.collection.NotificationEntry@a905ca App
04-29 23:07:24.158 I/MiuiBubbleSettings(13752): com.smartsales.prism 0isAppEnableBubbleNotification: false
04-29 23:07:24.158 D/AlarmScheduler-fold(13752): scheduleNextAlarm, key=0|com.smartsales.prism|-1327479600|null|10434, triggerTime=105126995, intent=92363970
04-29 23:07:24.158 D/AlarmScheduler-fold(13752): setExactAlarm, key=0|com.smartsales.prism|-1327479600|null|10434, triggerTime=105126995, intent=92363970
04-29 23:07:24.159 E/AlarmManager( 4381): not align this alarm: Alarm{91fe97d type 2 origWhen 105126995 whenElapsed 105126995 com.android.systemui}, reason=0
04-29 23:07:24.168 D/EmptyNotif(13752): setContractedChild: 0|com.smartsales.prism|-1327479600|null|10434  null
04-29 23:07:24.169 D/NotificationRowContentBinderInjectorImpl(13752): changeToFullAodContext: not need change full aod style
04-29 23:07:24.172 D/NotificationHeaderExpandController(13752): onExpansionChanged: progress =  0.0
04-29 23:07:24.173 D/LocalImageResolver(13752): Couldn't use ImageDecoder for drawable, falling back to non-resized load.
04-29 23:07:24.174 D/LocalImageResolver(13752): Couldn't use ImageDecoder for drawable, falling back to non-resized load.
04-29 23:07:24.183 D/AlertCoordinator(13752): onViewBound, buzzBeep for 0|com.smartsales.prism|-1327479600|null|10434
04-29 23:07:24.221 E/HwcComposer( 2214): getLuts failed Status(-129, EX_TRANSACTION_FAILED): 'UNKNOWN_TRANSACTION: '
04-29 23:07:24.259 D/QLM-Service(15796): check_headroom_zone: Timer EVT, Temp: 60498
04-29 23:07:24.319 I/vendor.qti.hardware.display.composer-service( 2001): Sensor: notify citsensorservice to trigger cwb, misForced = 0
04-29 23:07:24.320 I/SDM     ( 2001): CWB config passed by cwb_client : tappoint 1  CWB_ROI : (699.000000 110.000000 940.000000 351.000000) for display-0
04-29 23:07:24.336 I/SDM     ( 2001): HWDeviceDRM::SetupConcurrentWriteback: Tear down the Concurrent Writeback topology
04-29 23:07:24.344 I/SDM     ( 2001): NotifyCWBStatus: Notify the client about buffer (0x8951cae0) status 0 for display-0.
04-29 23:07:24.345 I/SDM     ( 2001): SDMConcurrentWriteBack::ProcessCWBStatus: CWB queue is empty. Display: 0
04-29 23:07:24.366 D/AudioPipeline( 2607): SIM audio drawer entries emitted count=32 downloading=1 queued=0 holding=9 maxDownloadProgress=0.0
04-29 23:07:24.366 D/DownloadService( 2607): Audio files state: downloading=1, queued=0, ready=22, queueSize=9
04-29 23:07:24.376 D/FocusPlugin(13752): 0|com.smartsales.prism|-1327479600|null|10434 is not focus notification, isMedia: false
04-29 23:07:24.376 D/AlarmScheduler-fold(13752): addAlarm, key=0|com.smartsales.prism|-1327479600|null|10434, triggerTime=105127213
04-29 23:07:24.376 D/AlarmScheduler-fold(13752): cancelCurrentAlarm, key=0|com.smartsales.prism|-1327479600|null|10434, intent=92363970
04-29 23:07:24.377 D/AlarmScheduler-TIMEOUT(13752): addAlarm, key=0|com.smartsales.prism|-1327479600|null|10434, triggerTime=342727214
04-29 23:07:24.377 D/MiuiBubbleManager(13752): onEntryUpdated: com.android.systemui.statusbar.notification.collection.NotificationEntry@a905ca App
04-29 23:07:24.377 I/MiuiBubbleSettings(13752): com.smartsales.prism 0isAppEnableBubbleNotification: false
04-29 23:07:24.377 D/AlarmScheduler-fold(13752): scheduleNextAlarm
04-29 23:07:24.378 D/AlarmScheduler-fold(13752): scheduleNextAlarm, key=0|com.smartsales.prism|-1327479600|null|10434, triggerTime=105127213, intent=92363970
04-29 23:07:24.378 D/AlarmScheduler-fold(13752): setExactAlarm, key=0|com.smartsales.prism|-1327479600|null|10434, triggerTime=105127213, intent=92363970
04-29 23:07:24.378 E/AlarmManager( 4381): not align this alarm: Alarm{f68b072 type 2 origWhen 105127213 whenElapsed 105127213 com.android.systemui}, reason=0
04-29 23:07:24.385 D/EmptyNotif(13752): setContractedChild: 0|com.smartsales.prism|-1327479600|null|10434  null
04-29 23:07:24.385 D/NotificationRowContentBinderInjectorImpl(13752): changeToFullAodContext: not need change full aod style
04-29 23:07:24.388 D/NotificationHeaderExpandController(13752): onExpansionChanged: progress =  0.0
04-29 23:07:24.389 D/LocalImageResolver(13752): Couldn't use ImageDecoder for drawable, falling back to non-resized load.
04-29 23:07:24.390 D/LocalImageResolver(13752): Couldn't use ImageDecoder for drawable, falling back to non-resized load.
04-29 23:07:24.399 D/AlertCoordinator(13752): onViewBound, buzzBeep for 0|com.smartsales.prism|-1327479600|null|10434
04-29 23:07:24.421 E/HwcComposer( 2214): getLuts failed Status(-129, EX_TRANSACTION_FAILED): 'UNKNOWN_TRANSACTION: '
04-29 23:07:24.519 I/vendor.qti.hardware.display.composer-service( 2001): Sensor: notify citsensorservice to trigger cwb, misForced = 0
04-29 23:07:24.520 I/SDM     ( 2001): CWB config passed by cwb_client : tappoint 1  CWB_ROI : (699.000000 110.000000 940.000000 351.000000) for display-0
04-29 23:07:24.536 I/SDM     ( 2001): HWDeviceDRM::SetupConcurrentWriteback: Tear down the Concurrent Writeback topology
04-29 23:07:24.544 I/SDM     ( 2001): NotifyCWBStatus: Notify the client about buffer (0x8951c4b0) status 0 for display-0.
04-29 23:07:24.544 I/SDM     ( 2001): SDMConcurrentWriteBack::ProcessCWBStatus: CWB queue is empty. Display: 0
04-29 23:07:24.574 D/AudioPipeline( 2607): SIM audio drawer entries emitted count=32 downloading=1 queued=0 holding=9 maxDownloadProgress=0.0
04-29 23:07:24.574 D/DownloadService( 2607): Audio files state: downloading=1, queued=0, ready=22, queueSize=9
04-29 23:07:24.584 D/FocusPlugin(13752): 0|com.smartsales.prism|-1327479600|null|10434 is not focus notification, isMedia: false
04-29 23:07:24.584 D/AlarmScheduler-fold(13752): addAlarm, key=0|com.smartsales.prism|-1327479600|null|10434, triggerTime=105127421
04-29 23:07:24.584 D/AlarmScheduler-fold(13752): cancelCurrentAlarm, key=0|com.smartsales.prism|-1327479600|null|10434, intent=92363970
04-29 23:07:24.584 D/AlarmScheduler-fold(13752): scheduleNextAlarm
04-29 23:07:24.584 D/AlarmScheduler-TIMEOUT(13752): addAlarm, key=0|com.smartsales.prism|-1327479600|null|10434, triggerTime=342727421
04-29 23:07:24.585 D/MiuiBubbleManager(13752): onEntryUpdated: com.android.systemui.statusbar.notification.collection.NotificationEntry@a905ca App
04-29 23:07:24.585 D/AlarmScheduler-fold(13752): scheduleNextAlarm, key=0|com.smartsales.prism|-1327479600|null|10434, triggerTime=105127421, intent=92363970
04-29 23:07:24.586 D/AlarmScheduler-fold(13752): setExactAlarm, key=0|com.smartsales.prism|-1327479600|null|10434, triggerTime=105127421, intent=92363970
04-29 23:07:24.586 I/MiuiBubbleSettings(13752): com.smartsales.prism 0isAppEnableBubbleNotification: false
04-29 23:07:24.586 E/AlarmManager( 4381): not align this alarm: Alarm{f820cc3 type 2 origWhen 105127421 whenElapsed 105127421 com.android.systemui}, reason=0
04-29 23:07:24.592 D/EmptyNotif(13752): setContractedChild: 0|com.smartsales.prism|-1327479600|null|10434  null
04-29 23:07:24.592 D/NotificationRowContentBinderInjectorImpl(13752): changeToFullAodContext: not need change full aod style
04-29 23:07:24.596 D/NotificationHeaderExpandController(13752): onExpansionChanged: progress =  0.0
04-29 23:07:24.597 D/LocalImageResolver(13752): Couldn't use ImageDecoder for drawable, falling back to non-resized load.
04-29 23:07:24.597 D/LocalImageResolver(13752): Couldn't use ImageDecoder for drawable, falling back to non-resized load.
04-29 23:07:24.607 D/AlertCoordinator(13752): onViewBound, buzzBeep for 0|com.smartsales.prism|-1327479600|null|10434
04-29 23:07:24.645 E/HwcComposer( 2214): getLuts failed Status(-129, EX_TRANSACTION_FAILED): 'UNKNOWN_TRANSACTION: '
04-29 23:07:24.727 I/vendor.qti.hardware.display.composer-service( 2001): Sensor: notify citsensorservice to trigger cwb, misForced = 0
04-29 23:07:24.728 I/SDM     ( 2001): CWB config passed by cwb_client : tappoint 1  CWB_ROI : (699.000000 110.000000 940.000000 351.000000) for display-0
04-29 23:07:24.744 I/SDM     ( 2001): HWDeviceDRM::SetupConcurrentWriteback: Tear down the Concurrent Writeback topology
04-29 23:07:24.752 I/SDM     ( 2001): NotifyCWBStatus: Notify the client about buffer (0x8951cae0) status 0 for display-0.
04-29 23:07:24.752 I/SDM     ( 2001): SDMConcurrentWriteBack::ProcessCWBStatus: CWB queue is empty. Display: 0
04-29 23:07:24.777 D/AudioPipeline( 2607): SIM audio drawer entries emitted count=32 downloading=1 queued=0 holding=9 maxDownloadProgress=0.0
04-29 23:07:24.777 D/DownloadService( 2607): Audio files state: downloading=1, queued=0, ready=22, queueSize=9
04-29 23:07:24.783 I/MediaCodec(11200): [mId: 0] [video-debug-enc] state 6 mFlags 2336 Stats 5007ms:Client:com.android.shell,Component:c2.android.vp8.encoder,Qin:0,DQin:0/0,Render:0,encode:266,DQout:266/266
04-29 23:07:24.788 D/FocusPlugin(13752): 0|com.smartsales.prism|-1327479600|null|10434 is not focus notification, isMedia: false
04-29 23:07:24.788 D/AlarmScheduler-fold(13752): addAlarm, key=0|com.smartsales.prism|-1327479600|null|10434, triggerTime=105127626
04-29 23:07:24.789 D/AlarmScheduler-fold(13752): cancelCurrentAlarm, key=0|com.smartsales.prism|-1327479600|null|10434, intent=92363970
04-29 23:07:24.789 D/AlarmScheduler-fold(13752): scheduleNextAlarm
04-29 23:07:24.789 D/AlarmScheduler-TIMEOUT(13752): addAlarm, key=0|com.smartsales.prism|-1327479600|null|10434, triggerTime=342727626
04-29 23:07:24.789 D/MiuiBubbleManager(13752): onEntryUpdated: com.android.systemui.statusbar.notification.collection.NotificationEntry@a905ca App
04-29 23:07:24.789 I/MiuiBubbleSettings(13752): com.smartsales.prism 0isAppEnableBubbleNotification: false
04-29 23:07:24.790 D/AlarmScheduler-fold(13752): scheduleNextAlarm, key=0|com.smartsales.prism|-1327479600|null|10434, triggerTime=105127626, intent=92363970
04-29 23:07:24.790 D/AlarmScheduler-fold(13752): setExactAlarm, key=0|com.smartsales.prism|-1327479600|null|10434, triggerTime=105127626, intent=92363970
04-29 23:07:24.790 E/AlarmManager( 4381): not align this alarm: Alarm{c150940 type 2 origWhen 105127626 whenElapsed 105127626 com.android.systemui}, reason=0
04-29 23:07:24.799 I/vendor.qti.bluetooth@1.0-ibs_handler( 1963): ProcessIbsCmd: Received IBS_WAKE_IND: 0xFD
04-29 23:07:24.799 D/vendor.qti.bluetooth@1.0-ibs_handler( 1963): SerialClockVote: vote for UART CLK ON
04-29 23:07:24.799 D/vendor.qti.bluetooth@1.0-wake_lock( 1963): Acquire wakelock is acquired
04-29 23:07:24.799 I/vendor.qti.bluetooth@1.0-ibs_handler( 1963): ProcessIbsCmd: Writing IBS_WAKE_ACK
04-29 23:07:24.799 D/EmptyNotif(13752): setContractedChild: 0|com.smartsales.prism|-1327479600|null|10434  null
04-29 23:07:24.799 D/NotificationRowContentBinderInjectorImpl(13752): changeToFullAodContext: not need change full aod style
04-29 23:07:24.802 V/bluetooth(13357): system/gd/hci/le_scanning_reassembler.cc:67 ProcessAdvertisingReport: Dropping repeated legacy advertising data
04-29 23:07:24.802 V/bluetooth(13357): system/gd/hci/le_scanning_reassembler.cc:101 ProcessAdvertisingReport: Full advertising report has been reassembled
04-29 23:07:24.802 V/bluetooth(13357): system/gd/hci/le_scanning_decrypter.cc:148 ContainsEncryptedData: enc_adv_data_map is empty
04-29 23:07:24.802 V/bt_btm_ble(13357): system/stack/btm/btm_ble_gap.cc:2166 btm_ble_process_adv_addr: bda=xx:xx:xx:xx:d0:e1
04-29 23:07:24.802 V/bt_btm_ble(13357): system/stack/btm/btm_ble_gap.cc:2157 btm_ble_update_inq_result: NOT_BR/EDR support bit set, treat device as LE only
04-29 23:07:24.803 V/ScanController(13357): onScanResult() - eventType=0x10, addressType=1, address=XX:XX:XX:XX:D0:E1, primaryPhy=1, secondaryPhy=0, advertisingSid=0xff, txPower=127, rssi=127, periodicAdvInt=0x0, originalAddress=FB:99:AC:59:D0:E1
04-29 23:07:24.803 V/ScanController(13357): Skipping client: permission=true matches=false
04-29 23:07:24.803 V/ScanController(13357): Skipping client: permission=true matches=false
04-29 23:07:24.803 V/ScanController(13357): Skipping client: permission=true matches=false
04-29 23:07:24.804 D/NotificationHeaderExpandController(13752): onExpansionChanged: progress =  0.0
04-29 23:07:24.805 D/LocalImageResolver(13752): Couldn't use ImageDecoder for drawable, falling back to non-resized load.
04-29 23:07:24.805 D/LocalImageResolver(13752): Couldn't use ImageDecoder for drawable, falling back to non-resized load.
04-29 23:07:24.815 D/AlertCoordinator(13752): onViewBound, buzzBeep for 0|com.smartsales.prism|-1327479600|null|10434
04-29 23:07:24.843 I/vendor.qti.bluetooth@1.0-ibs_handler( 1963): ProcessIbsCmd: Received IBS_SLEEP_IND: 0xFE
04-29 23:07:24.843 D/vendor.qti.bluetooth@1.0-ibs_handler( 1963): SerialClockVote: vote for UART CLK OFF
04-29 23:07:24.853 E/HwcComposer( 2214): getLuts failed Status(-129, EX_TRANSACTION_FAILED): 'UNKNOWN_TRANSACTION: '
04-29 23:07:24.855 D/BluetoothGatt( 2607): readRssi() - device: XX:XX:XX:XX:E4:06
04-29 23:07:24.856 D/BtGatt.GattService(13357): readRemoteRssi() - address=XX:XX:XX:XX:E4:06
04-29 23:07:24.856 D/bt_btif_gattc(13357): system/btif/src/btif_gatt_client.cc:644 btif_gattc_read_remote_rssi:
04-29 23:07:24.856 D/ble_sec (13357): system/stack/btm/btm_ble_sec.cc:539 BTM_ReadDevInfo: Determined device_type:BLE addr_type:public
04-29 23:07:24.856 D/bt_shim_hci(13357): system/main/shim/hci_layer.cc:233 transmit_command: Sending command READ_RSSI(0x1405)
04-29 23:07:24.856 D/vendor.qti.bluetooth@1.0-ibs_handler( 1963): SerialClockVote: vote for UART CLK ON
04-29 23:07:24.857 I/vendor.qti.bluetooth@1.0-ibs_handler( 1963): DeviceWakeUp: Writing IBS_WAKE_IND
04-29 23:07:24.858 I/vendor.qti.bluetooth@1.0-ibs_handler( 1963): ProcessIbsCmd: Received IBS_WAKE_ACK: 0xFC
04-29 23:07:24.858 I/vendor.qti.bluetooth@1.0-ibs_handler( 1963): ProcessIbsCmd: Signal wack_cond_
04-29 23:07:24.858 D/vendor.qti.bluetooth@1.0-ibs_handler( 1963): DeviceWakeUp: Unblocked from waiting for FC, pthread_cond_timedwait ret = 0
04-29 23:07:24.859 I/vendor.qti.bluetooth@1.0-ibs_handler( 1963): ProcessIbsCmd: Received IBS_WAKE_IND: 0xFD
04-29 23:07:24.859 I/vendor.qti.bluetooth@1.0-ibs_handler( 1963): ProcessIbsCmd: Writing IBS_WAKE_ACK
04-29 23:07:24.860 D/bt_shim_hci(13357): system/main/shim/hci_layer.cc:183 OnTransmitPacketCommandComplete: Received cmd complete for READ_RSSI(0x1405)
04-29 23:07:24.860 D/btm_acl (13357): system/stack/acl/btm_acl.cc:1867 btm_read_rssi_complete: Read rrsi complete rssi:-34 hci status:HCI_SUCCESS
04-29 23:07:24.860 V/bt_btif_gattc(13357): system/btif/src/btif_gatt_client.cc:308 btm_read_rssi_cb: HAL bt_gatt_callbacks->client->read_remote_rssi_cb
04-29 23:07:24.860 D/BtGatt.GattService(13357): onReadRemoteRssi() - clientIf=220 address=XX:XX:XX:XX:E4:06, rssi=-34, status=0
04-29 23:07:24.900 I/vendor.qti.bluetooth@1.0-ibs_handler( 1963): ProcessIbsCmd: Received IBS_SLEEP_IND: 0xFE
04-29 23:07:24.935 I/vendor.qti.hardware.display.composer-service( 2001): Sensor: notify citsensorservice to trigger cwb, misForced = 0
04-29 23:07:24.935 I/SDM     ( 2001): CWB config passed by cwb_client : tappoint 1  CWB_ROI : (699.000000 110.000000 940.000000 351.000000) for display-0
04-29 23:07:24.951 I/SDM     ( 2001): HWDeviceDRM::SetupConcurrentWriteback: Tear down the Concurrent Writeback topology
04-29 23:07:24.960 I/SDM     ( 2001): NotifyCWBStatus: Notify the client about buffer (0x8951c4b0) status 0 for display-0.
04-29 23:07:24.960 I/SDM     ( 2001): SDMConcurrentWriteBack::ProcessCWBStatus: CWB queue is empty. Display: 0
04-29 23:07:24.982 D/AudioPipeline( 2607): SIM audio drawer entries emitted count=32 downloading=1 queued=0 holding=9 maxDownloadProgress=0.0
04-29 23:07:24.982 D/DownloadService( 2607): Audio files state: downloading=1, queued=0, ready=22, queueSize=9
04-29 23:07:24.991 D/FocusPlugin(13752): 0|com.smartsales.prism|-1327479600|null|10434 is not focus notification, isMedia: false
04-29 23:07:24.991 D/AlarmScheduler-fold(13752): addAlarm, key=0|com.smartsales.prism|-1327479600|null|10434, triggerTime=105127828
04-29 23:07:24.991 D/AlarmScheduler-fold(13752): cancelCurrentAlarm, key=0|com.smartsales.prism|-1327479600|null|10434, intent=92363970
04-29 23:07:24.991 D/AlarmScheduler-fold(13752): scheduleNextAlarm
04-29 23:07:24.991 D/AlarmScheduler-TIMEOUT(13752): addAlarm, key=0|com.smartsales.prism|-1327479600|null|10434, triggerTime=342727828
04-29 23:07:24.991 D/MiuiBubbleManager(13752): onEntryUpdated: com.android.systemui.statusbar.notification.collection.NotificationEntry@a905ca App
04-29 23:07:24.992 I/MiuiBubbleSettings(13752): com.smartsales.prism 0isAppEnableBubbleNotification: false
04-29 23:07:24.992 D/AlarmScheduler-fold(13752): scheduleNextAlarm, key=0|com.smartsales.prism|-1327479600|null|10434, triggerTime=105127828, intent=92363970
04-29 23:07:24.992 D/AlarmScheduler-fold(13752): setExactAlarm, key=0|com.smartsales.prism|-1327479600|null|10434, triggerTime=105127828, intent=92363970
04-29 23:07:24.992 E/AlarmManager( 4381): not align this alarm: Alarm{546a079 type 2 origWhen 105127828 whenElapsed 105127828 com.android.systemui}, reason=0
04-29 23:07:24.999 D/EmptyNotif(13752): setContractedChild: 0|com.smartsales.prism|-1327479600|null|10434  null
04-29 23:07:24.999 D/NotificationRowContentBinderInjectorImpl(13752): changeToFullAodContext: not need change full aod style
04-29 23:07:25.004 D/NotificationHeaderExpandController(13752): onExpansionChanged: progress =  0.0
04-29 23:07:25.005 D/LocalImageResolver(13752): Couldn't use ImageDecoder for drawable, falling back to non-resized load.
04-29 23:07:25.005 D/LocalImageResolver(13752): Couldn't use ImageDecoder for drawable, falling back to non-resized load.
04-29 23:07:25.014 D/AlertCoordinator(13752): onViewBound, buzzBeep for 0|com.smartsales.prism|-1327479600|null|10434
04-29 23:07:25.025 I/libsensor-boledalgo( 2802): dbv:1524,lux:219.6,cct:4868.1,hsv:359.4, CWB R:0.7,G:0.7,B:5.9 Event C:4584.3,R:2331.7,G:1832.9,B:906.0 Cali C:0.0,R:0.0,G:0.0,B:0.0
04-29 23:07:25.043 I/SDM     ( 2001): HWDeviceDRM::SetupConcurrentWriteback: Tear down the Concurrent Writeback topology
04-29 23:07:25.051 I/SDM     ( 2001): DemuraTnCaptureIntfImpl::ProcessCapturePanelData: Screen capture status = 0
04-29 23:07:25.078 E/HwcComposer( 2214): getLuts failed Status(-129, EX_TRANSACTION_FAILED): 'UNKNOWN_TRANSACTION: '
04-29 23:07:25.108 I/vendor.qti.bluetooth@1.0-ibs_handler( 1963): DeviceSleep: TX Awake, Sending SLEEP_IND
04-29 23:07:25.108 D/vendor.qti.bluetooth@1.0-ibs_handler( 1963): SerialClockVote: vote for UART CLK OFF
04-29 23:07:25.143 I/vendor.qti.hardware.display.composer-service( 2001): Sensor: notify citsensorservice to trigger cwb, misForced = 0
04-29 23:07:25.143 I/SDM     ( 2001): CWB config passed by cwb_client : tappoint 1  CWB_ROI : (699.000000 110.000000 940.000000 351.000000) for display-0
04-29 23:07:25.159 I/SDM     ( 2001): HWDeviceDRM::SetupConcurrentWriteback: Tear down the Concurrent Writeback topology
04-29 23:07:25.163 D/MiuiWifiCommonBase( 4381): band: 0, compensate: 0
04-29 23:07:25.163 D/WifiClientModeImpl[186137:wlan0]( 4381): updateLinkLayerStatsRssiSpeedFrequencyCapabilities rssi=-41 TxLinkspeed=300 freq=2462 RxLinkSpeed=300
04-29 23:07:25.163 I/WifiService( 4381): getConnectionInfo uid=1000
04-29 23:07:25.163 V/WifiService( 4381): Clearing REDACT_FOR_LOCAL_MAC_ADDRESS for android(uid=1000)
04-29 23:07:25.163 V/WifiService( 4381): Clearing REDACT_FOR_NETWORK_SETTINGS for android(uid=1000)
04-29 23:07:25.163 V/WifiService( 4381): Clearing REDACT_FOR_ACCESS_FINE_LOCATION for android(uid=1000)
04-29 23:07:25.164 D/WifiDataStall( 4381): tx tput in kbps: 160875
04-29 23:07:25.164 D/WifiDataStall( 4381): rx tput in kbps: 206250
04-29 23:07:25.164 V/WifiConfigManager( 4381): Updating scan detail cache freq=2462 BSSID=74:39:89:2a:67:26 RSSI=-41 for "MstRobot"WPA_PSK
04-29 23:07:25.164 D/WifiChannelUtilization( 4381):  freq: 2462 onTime: 11322486 busyTime: 6757315 onTimeDiff: 2680 busyTimeDiff: 1590 utilization: 151 utilization t0: 152
04-29 23:07:25.164 D/WifiDataStall( 4381):  ccaLevel = 80
04-29 23:07:25.164 D/WifiDataStall( 4381): L2 txTputKbps: 165000, rxTputKbps: 206250, L3 txTputKbps: 11, rxTputKbps: 1088, TxTrafficHigh: true, RxTrafficHigh: true, Throughput Sufficient: true
04-29 23:07:25.164 D/WifiThroughputPredictor( 4381):  utilization (LLS) 80 isBluetoothConnected: false final utilization: 80
04-29 23:07:25.164 D/WifiThroughputPredictor( 4381):  BW: 1 RSSI: -41 Nss: 2 Mode: 4 symDur: 3600 snrDb 36 bitPerTone: 5000 rate: 300 throughput: 205
04-29 23:07:25.164 D/WifiThroughputPredictor( 4381):  utilization (LLS) 80 isBluetoothConnected: false final utilization: 80
04-29 23:07:25.164 D/WifiThroughputPredictor( 4381):  BW: 1 RSSI: -41 Nss: 2 Mode: 4 symDur: 3600 snrDb 36 bitPerTone: 5000 rate: 300 throughput: 205
04-29 23:07:25.164 D/MiuiNM  ( 4381): rssi: -41, txPer: 20, rxPer: 0, ccaBr: 59, bcnLr: 10, tcpFr: 0, bcnRx: 27, txGood:36.46, txRetry:9.49, txBad:0.00
04-29 23:07:25.164 D/WifiScoreCard( 4381): BSSID update SIGNAL_POLL ID: 404527809 SSID: "MstRobot", BSSID: 74:39:89:2a:67:26, MAC: fa:2c:a2:da:d1:aa, IP: /192.168.0.106, Security type: 2, Supplicant state: COMPLETED, Wi-Fi standard: 11n, RSSI: -41, Link speed: 300Mbps, Tx Link speed: 300Mbps, Max Supported Tx Link speed: 300Mbps, Rx Link speed: 300Mbps, Max Supported Rx Link speed: 300Mbps, Frequency: 2462MHz, Net ID: 6, Metered hint: false, score: 60, isUsable: true, CarrierMerged: false, SubscriptionId: -1, IsPrimary: 1, Trusted: true, Restricted: false, Ephemeral: false, OEM paid: false, OEM private: false, OSU AP: false, FQDN: <none>, Provider friendly name: <none>, Requesting package name: <none>"MstRobot"wpa2-pskMLO Information: , Is TID-To-Link negotiation supported by the AP: false, AP MLD Address: <none>, AP MLO Link Id: <none>, AP MLO Affiliated links: <none>, Vendor Data: <none>
04-29 23:07:25.164 D/WifiScoreCard( 4381): txRate: 45 txSpeed: 300
04-29 23:07:25.164 D/WifiScoreCard( 4381): network update SIGNAL_POLL "MstRobot" ID: 608343939 RSSI -41 txSpeed 300
04-29 23:07:25.165 D/WifiClientModeImpl[186137:wlan0]( 4381):  ClientModeImpl$L2ConnectedState screen=on 11 0 "MstRobot" 74:39:89:2a:67:26 rssi=-41 f=2462 sc= 60, mSwithInWeakNet: true [updated score = 60,  failpercent=0 { out=93 in=273 lost=0 inretrans=0 total retrans=0 tmo=0 inflight=0}] link=300 tx=35.4, 9.1, 0.0 rx=104.6 bcn=755996 [on:2680 tx:49 rx:94 period:3021] from screen [on:1319387 period:4265274] score=60
04-29 23:07:25.165 I/WifiService( 4381): getVerboseLoggingLevel uid=1000
04-29 23:07:25.165 D/AmlWifiScoreReportInjector( 4381): probabilityOfFailedTx = 0.20530092556410862
04-29 23:07:25.165 D/AmlWifiScoreReportInjector( 4381): mSwitchBackWifiThresholdAdjustment = 0
04-29 23:07:25.166 E/PhoneAdapter(13680): get ntnphones failed, exception: java.lang.IllegalStateException: not support satellite!
04-29 23:07:25.167 I/WifiService( 4381): getScanResults uid=1000
04-29 23:07:25.167 D/AmlWifiScoreReportInjector( 4381): getMaxRssiInWaeknet weaknetRssi = -72
04-29 23:07:25.168 I/SDM     ( 2001): NotifyCWBStatus: Notify the client about buffer (0x8951cae0) status 0 for display-0.
04-29 23:07:25.168 I/SDM     ( 2001): SDMConcurrentWriteBack::ProcessCWBStatus: CWB queue is empty. Display: 0
04-29 23:07:25.170 I/WifiService( 4381): getVerboseLoggingLevel uid=1000
04-29 23:07:25.170 D/AmlWifiScoreReportInjector( 4381): onWifiUsabilityStats: channelUtilization=151 seqNum = 24200 bssidChanged = 0 isQcomPlatform = true
04-29 23:07:25.171 D/ConnectivityService( 4381): Returning BLOCKED NetworkInfo to uid=10350
04-29 23:07:25.190 D/AudioPipeline( 2607): SIM audio drawer entries emitted count=32 downloading=1 queued=0 holding=9 maxDownloadProgress=0.0
04-29 23:07:25.190 D/DownloadService( 2607): Audio files state: downloading=1, queued=0, ready=22, queueSize=9
04-29 23:07:25.196 D/FocusPlugin(13752): 0|com.smartsales.prism|-1327479600|null|10434 is not focus notification, isMedia: false
04-29 23:07:25.196 D/AlarmScheduler-fold(13752): addAlarm, key=0|com.smartsales.prism|-1327479600|null|10434, triggerTime=105128033
04-29 23:07:25.196 D/AlarmScheduler-fold(13752): cancelCurrentAlarm, key=0|com.smartsales.prism|-1327479600|null|10434, intent=92363970
04-29 23:07:25.196 D/AlarmScheduler-fold(13752): scheduleNextAlarm
04-29 23:07:25.196 D/AlarmScheduler-TIMEOUT(13752): addAlarm, key=0|com.smartsales.prism|-1327479600|null|10434, triggerTime=342728034
04-29 23:07:25.196 D/MiuiBubbleManager(13752): onEntryUpdated: com.android.systemui.statusbar.notification.collection.NotificationEntry@a905ca App
04-29 23:07:25.197 I/MiuiBubbleSettings(13752): com.smartsales.prism 0isAppEnableBubbleNotification: false
04-29 23:07:25.197 D/AlarmScheduler-fold(13752): scheduleNextAlarm, key=0|com.smartsales.prism|-1327479600|null|10434, triggerTime=105128033, intent=92363970
04-29 23:07:25.197 D/AlarmScheduler-fold(13752): setExactAlarm, key=0|com.smartsales.prism|-1327479600|null|10434, triggerTime=105128033, intent=92363970
04-29 23:07:25.197 E/AlarmManager( 4381): not align this alarm: Alarm{b22c058 type 2 origWhen 105128033 whenElapsed 105128033 com.android.systemui}, reason=0
04-29 23:07:25.207 D/EmptyNotif(13752): setContractedChild: 0|com.smartsales.prism|-1327479600|null|10434  null
04-29 23:07:25.207 D/NotificationRowContentBinderInjectorImpl(13752): changeToFullAodContext: not need change full aod style
04-29 23:07:25.212 D/NotificationHeaderExpandController(13752): onExpansionChanged: progress =  0.0
04-29 23:07:25.213 D/LocalImageResolver(13752): Couldn't use ImageDecoder for drawable, falling back to non-resized load.
04-29 23:07:25.213 D/LocalImageResolver(13752): Couldn't use ImageDecoder for drawable, falling back to non-resized load.
04-29 23:07:25.222 D/AlertCoordinator(13752): onViewBound, buzzBeep for 0|com.smartsales.prism|-1327479600|null|10434
04-29 23:07:25.258 D/vendor.qti.bluetooth@1.0-wake_lock( 1963): Release wakelock is released
04-29 23:07:25.302 E/HwcComposer( 2214): getLuts failed Status(-129, EX_TRANSACTION_FAILED): 'UNKNOWN_TRANSACTION: '
04-29 23:07:25.334 D/AidlBufferPool(14339): bufferpool2 0xb400007862cb21c8 : 66(119317 size) total buffers - 1(2017 size) used buffers - 56681/144893 (recycle/alloc) - 90004/144892 (fetch/transfer)
04-29 23:07:25.351 I/vendor.qti.hardware.display.composer-service( 2001): Sensor: notify citsensorservice to trigger cwb, misForced = 0
04-29 23:07:25.351 I/SDM     ( 2001): CWB config passed by cwb_client : tappoint 1  CWB_ROI : (699.000000 110.000000 940.000000 351.000000) for display-0
04-29 23:07:25.367 I/SDM     ( 2001): HWDeviceDRM::SetupConcurrentWriteback: Tear down the Concurrent Writeback topology
04-29 23:07:25.376 I/SDM     ( 2001): NotifyCWBStatus: Notify the client about buffer (0x8951c4b0) status 0 for display-0.
04-29 23:07:25.376 I/SDM     ( 2001): SDMConcurrentWriteBack::ProcessCWBStatus: CWB queue is empty. Display: 0
04-29 23:07:25.457 D/JavaheapMonitor(13357): Java heap used=9M max=256M, proc: com.android.bluetooth
04-29 23:07:25.457 V/JavaheapMonitor(13357): Check java heap usage finished! Next check delay: 300000
04-29 23:07:25.528 E/HwcComposer( 2214): getLuts failed Status(-129, EX_TRANSACTION_FAILED): 'UNKNOWN_TRANSACTION: '
04-29 23:07:25.559 I/vendor.qti.hardware.display.composer-service( 2001): Sensor: notify citsensorservice to trigger cwb, misForced = 0
04-29 23:07:25.559 I/SDM     ( 2001): CWB config passed by cwb_client : tappoint 1  CWB_ROI : (699.000000 110.000000 940.000000 351.000000) for display-0
04-29 23:07:25.575 I/SDM     ( 2001): HWDeviceDRM::SetupConcurrentWriteback: Tear down the Concurrent Writeback topology
04-29 23:07:25.584 I/SDM     ( 2001): NotifyCWBStatus: Notify the client about buffer (0x8951cae0) status 0 for display-0.
04-29 23:07:25.584 I/SDM     ( 2001): SDMConcurrentWriteBack::ProcessCWBStatus: CWB queue is empty. Display: 0
04-29 23:07:25.596 D/AudioPipeline( 2607): SIM audio drawer entries emitted count=32 downloading=1 queued=0 holding=9 maxDownloadProgress=0.0
04-29 23:07:25.596 D/DownloadService( 2607): Audio files state: downloading=1, queued=0, ready=22, queueSize=9
04-29 23:07:25.603 D/FocusPlugin(13752): 0|com.smartsales.prism|-1327479600|null|10434 is not focus notification, isMedia: false
04-29 23:07:25.604 D/AlarmScheduler-fold(13752): addAlarm, key=0|com.smartsales.prism|-1327479600|null|10434, triggerTime=105128441
04-29 23:07:25.604 D/AlarmScheduler-fold(13752): cancelCurrentAlarm, key=0|com.smartsales.prism|-1327479600|null|10434, intent=92363970
04-29 23:07:25.604 D/AlarmScheduler-fold(13752): scheduleNextAlarm
04-29 23:07:25.604 D/AlarmScheduler-TIMEOUT(13752): addAlarm, key=0|com.smartsales.prism|-1327479600|null|10434, triggerTime=342728441
04-29 23:07:25.604 D/MiuiBubbleManager(13752): onEntryUpdated: com.android.systemui.statusbar.notification.collection.NotificationEntry@a905ca App
04-29 23:07:25.604 D/AlarmScheduler-fold(13752): scheduleNextAlarm, key=0|com.smartsales.prism|-1327479600|null|10434, triggerTime=105128441, intent=92363970
04-29 23:07:25.604 D/AlarmScheduler-fold(13752): setExactAlarm, key=0|com.smartsales.prism|-1327479600|null|10434, triggerTime=105128441, intent=92363970
04-29 23:07:25.604 I/MiuiBubbleSettings(13752): com.smartsales.prism 0isAppEnableBubbleNotification: false
04-29 23:07:25.604 E/AlarmManager( 4381): not align this alarm: Alarm{481ea96 type 2 origWhen 105128441 whenElapsed 105128441 com.android.systemui}, reason=0
04-29 23:07:25.616 D/EmptyNotif(13752): setContractedChild: 0|com.smartsales.prism|-1327479600|null|10434  null
04-29 23:07:25.616 D/NotificationRowContentBinderInjectorImpl(13752): changeToFullAodContext: not need change full aod style
04-29 23:07:25.619 D/NotificationHeaderExpandController(13752): onExpansionChanged: progress =  0.0
04-29 23:07:25.620 D/LocalImageResolver(13752): Couldn't use ImageDecoder for drawable, falling back to non-resized load.
04-29 23:07:25.620 D/LocalImageResolver(13752): Couldn't use ImageDecoder for drawable, falling back to non-resized load.
04-29 23:07:25.630 D/AlertCoordinator(13752): onViewBound, buzzBeep for 0|com.smartsales.prism|-1327479600|null|10434
04-29 23:07:25.677 D/AidlBufferPool(14339): bufferpool2 0xb400007862cb21c8 : 66(122671 size) total buffers - 1(1998 size) used buffers - 56683/144912 (recycle/alloc) - 90021/144911 (fetch/transfer)
04-29 23:07:25.751 E/HwcComposer( 2214): getLuts failed Status(-129, EX_TRANSACTION_FAILED): 'UNKNOWN_TRANSACTION: '
04-29 23:07:25.766 I/vendor.qti.hardware.display.composer-service( 2001): Sensor: notify citsensorservice to trigger cwb, misForced = 0
04-29 23:07:25.767 I/SDM     ( 2001): CWB config passed by cwb_client : tappoint 1  CWB_ROI : (699.000000 110.000000 940.000000 351.000000) for display-0
04-29 23:07:25.781 D/AurogonBandwidthController( 4381): skinTemperature:45.473
04-29 23:07:25.783 I/SDM     ( 2001): HWDeviceDRM::SetupConcurrentWriteback: Tear down the Concurrent Writeback topology
04-29 23:07:25.792 I/SDM     ( 2001): NotifyCWBStatus: Notify the client about buffer (0x8951c4b0) status 0 for display-0.
04-29 23:07:25.792 I/SDM     ( 2001): SDMConcurrentWriteBack::ProcessCWBStatus: CWB queue is empty. Display: 0
04-29 23:07:25.804 D/AudioPipeline( 2607): SIM audio drawer entries emitted count=32 downloading=1 queued=0 holding=9 maxDownloadProgress=0.0
04-29 23:07:25.804 D/DownloadService( 2607): Audio files state: downloading=1, queued=0, ready=22, queueSize=9
04-29 23:07:25.812 D/FocusPlugin(13752): 0|com.smartsales.prism|-1327479600|null|10434 is not focus notification, isMedia: false
04-29 23:07:25.812 D/AlarmScheduler-fold(13752): addAlarm, key=0|com.smartsales.prism|-1327479600|null|10434, triggerTime=105128649
04-29 23:07:25.812 D/AlarmScheduler-TIMEOUT(13752): addAlarm, key=0|com.smartsales.prism|-1327479600|null|10434, triggerTime=342728650
04-29 23:07:25.812 D/MiuiBubbleManager(13752): onEntryUpdated: com.android.systemui.statusbar.notification.collection.NotificationEntry@a905ca App
04-29 23:07:25.813 D/AlarmScheduler-fold(13752): cancelCurrentAlarm, key=0|com.smartsales.prism|-1327479600|null|10434, intent=92363970
04-29 23:07:25.813 D/AlarmScheduler-fold(13752): scheduleNextAlarm
04-29 23:07:25.813 I/MiuiBubbleSettings(13752): com.smartsales.prism 0isAppEnableBubbleNotification: false
04-29 23:07:25.813 D/AlarmScheduler-fold(13752): scheduleNextAlarm, key=0|com.smartsales.prism|-1327479600|null|10434, triggerTime=105128649, intent=92363970
04-29 23:07:25.813 D/AlarmScheduler-fold(13752): setExactAlarm, key=0|com.smartsales.prism|-1327479600|null|10434, triggerTime=105128649, intent=92363970
04-29 23:07:25.813 E/AlarmManager( 4381): not align this alarm: Alarm{a632bed type 2 origWhen 105128649 whenElapsed 105128649 com.android.systemui}, reason=0
04-29 23:07:25.823 D/EmptyNotif(13752): setContractedChild: 0|com.smartsales.prism|-1327479600|null|10434  null
04-29 23:07:25.823 D/NotificationRowContentBinderInjectorImpl(13752): changeToFullAodContext: not need change full aod style
04-29 23:07:25.827 D/NotificationHeaderExpandController(13752): onExpansionChanged: progress =  0.0
04-29 23:07:25.828 D/LocalImageResolver(13752): Couldn't use ImageDecoder for drawable, falling back to non-resized load.
04-29 23:07:25.828 D/LocalImageResolver(13752): Couldn't use ImageDecoder for drawable, falling back to non-resized load.
04-29 23:07:25.838 D/AlertCoordinator(13752): onViewBound, buzzBeep for 0|com.smartsales.prism|-1327479600|null|10434
04-29 23:07:25.873 I/libsensor-boledalgo( 2802): dbv:1524,lux:219.5,cct:4949.7,hsv:359.4, CWB R:0.7,G:0.7,B:5.9 Event C:4589.0,R:2318.6,G:1837.8,B:918.2 Cali C:0.0,R:0.0,G:0.0,B:0.0
04-29 23:07:25.974 I/vendor.qti.hardware.display.composer-service( 2001): Sensor: notify citsensorservice to trigger cwb, misForced = 0
04-29 23:07:25.975 I/SDM     ( 2001): CWB config passed by cwb_client : tappoint 1  CWB_ROI : (699.000000 110.000000 940.000000 351.000000) for display-0
04-29 23:07:25.976 E/HwcComposer( 2214): getLuts failed Status(-129, EX_TRANSACTION_FAILED): 'UNKNOWN_TRANSACTION: '
04-29 23:07:25.991 I/SDM     ( 2001): HWDeviceDRM::SetupConcurrentWriteback: Tear down the Concurrent Writeback topology
04-29 23:07:25.997 D/AidlBufferPool(14339): bufferpool2 0xb400007862cb21c8 : 66(127536 size) total buffers - 1(1869 size) used buffers - 56684/144930 (recycle/alloc) - 90038/144929 (fetch/transfer)
04-29 23:07:26.000 I/SDM     ( 2001): NotifyCWBStatus: Notify the client about buffer (0x8951cae0) status 0 for display-0.
04-29 23:07:26.000 I/SDM     ( 2001): SDMConcurrentWriteBack::ProcessCWBStatus: CWB queue is empty. Display: 0
04-29 23:07:26.005 D/AudioPipeline( 2607): SIM audio drawer entries emitted count=32 downloading=1 queued=0 holding=9 maxDownloadProgress=0.0
04-29 23:07:26.006 D/DownloadService( 2607): Audio files state: downloading=1, queued=0, ready=22, queueSize=9
04-29 23:07:26.013 D/FocusPlugin(13752): 0|com.smartsales.prism|-1327479600|null|10434 is not focus notification, isMedia: false
04-29 23:07:26.014 D/AlarmScheduler-fold(13752): addAlarm, key=0|com.smartsales.prism|-1327479600|null|10434, triggerTime=105128851
04-29 23:07:26.014 D/AlarmScheduler-fold(13752): cancelCurrentAlarm, key=0|com.smartsales.prism|-1327479600|null|10434, intent=92363970
04-29 23:07:26.014 D/AlarmScheduler-fold(13752): scheduleNextAlarm
04-29 23:07:26.014 D/AlarmScheduler-TIMEOUT(13752): addAlarm, key=0|com.smartsales.prism|-1327479600|null|10434, triggerTime=342728851
04-29 23:07:26.014 D/MiuiBubbleManager(13752): onEntryUpdated: com.android.systemui.statusbar.notification.collection.NotificationEntry@a905ca App
04-29 23:07:26.014 I/MiuiBubbleSettings(13752): com.smartsales.prism 0isAppEnableBubbleNotification: false
04-29 23:07:26.014 D/AlarmScheduler-fold(13752): scheduleNextAlarm, key=0|com.smartsales.prism|-1327479600|null|10434, triggerTime=105128851, intent=92363970
04-29 23:07:26.014 D/AlarmScheduler-fold(13752): setExactAlarm, key=0|com.smartsales.prism|-1327479600|null|10434, triggerTime=105128851, intent=92363970
04-29 23:07:26.014 E/AlarmManager( 4381): not align this alarm: Alarm{9ea1a22 type 2 origWhen 105128851 whenElapsed 105128851 com.android.systemui}, reason=0
04-29 23:07:26.022 D/EmptyNotif(13752): setContractedChild: 0|com.smartsales.prism|-1327479600|null|10434  null
04-29 23:07:26.022 D/NotificationRowContentBinderInjectorImpl(13752): changeToFullAodContext: not need change full aod style
04-29 23:07:26.027 D/NotificationHeaderExpandController(13752): onExpansionChanged: progress =  0.0
04-29 23:07:26.027 D/LocalImageResolver(13752): Couldn't use ImageDecoder for drawable, falling back to non-resized load.
04-29 23:07:26.028 D/LocalImageResolver(13752): Couldn't use ImageDecoder for drawable, falling back to non-resized load.
04-29 23:07:26.036 I/vendor.qti.bluetooth@1.0-ibs_handler( 1963): ProcessIbsCmd: Received IBS_WAKE_IND: 0xFD
04-29 23:07:26.036 D/vendor.qti.bluetooth@1.0-ibs_handler( 1963): SerialClockVote: vote for UART CLK ON
04-29 23:07:26.036 D/vendor.qti.bluetooth@1.0-wake_lock( 1963): Acquire wakelock is acquired
04-29 23:07:26.036 I/vendor.qti.bluetooth@1.0-ibs_handler( 1963): ProcessIbsCmd: Writing IBS_WAKE_ACK
04-29 23:07:26.038 D/AlertCoordinator(13752): onViewBound, buzzBeep for 0|com.smartsales.prism|-1327479600|null|10434
04-29 23:07:26.039 V/bluetooth(13357): system/gd/hci/le_scanning_reassembler.cc:67 ProcessAdvertisingReport: Dropping repeated legacy advertising data
04-29 23:07:26.039 V/bluetooth(13357): system/gd/hci/le_scanning_reassembler.cc:90 ProcessAdvertisingReport: Ignoring advertising report when scan response is expected or current data is marked incomplete
04-29 23:07:26.080 I/vendor.qti.bluetooth@1.0-ibs_handler( 1963): ProcessIbsCmd: Received IBS_SLEEP_IND: 0xFE
04-29 23:07:26.080 D/vendor.qti.bluetooth@1.0-ibs_handler( 1963): SerialClockVote: vote for UART CLK OFF
04-29 23:07:26.125 D/wpa_supplicant(13316): nl80211: Drv Event 81 (NL80211_CMD_TDLS_OPER) received for wlan0
04-29 23:07:26.126 D/wpa_supplicant(13316): nl80211: TDLS operation event
04-29 23:07:26.126 D/wpa_supplicant(13316): nl80211: TDLS discovery request for peer 14:c1:9f:d7:e3:ec
04-29 23:07:26.126 D/wpa_supplicant(13316): wlan0: Event TDLS (7) received
04-29 23:07:26.126 D/wpa_supplicant(13316): nl80211: Drv Event 81 (NL80211_CMD_TDLS_OPER) received for wlan0
04-29 23:07:26.126 D/wpa_supplicant(13316): nl80211: TDLS operation event
04-29 23:07:26.126 D/wpa_supplicant(13316): nl80211: TDLS discovery request for peer 1c:db:d4:9b:8f:94
04-29 23:07:26.126 D/wpa_supplicant(13316): wlan0: Event TDLS (7) received
04-29 23:07:26.126 D/wpa_supplicant(13316): nl80211: Drv Event 81 (NL80211_CMD_TDLS_OPER) received for wlan0
04-29 23:07:26.126 D/wpa_supplicant(13316): nl80211: TDLS operation event
04-29 23:07:26.126 D/wpa_supplicant(13316): nl80211: TDLS discovery request for peer 14:c1:9f:d7:e4:04
04-29 23:07:26.126 D/wpa_supplicant(13316): wlan0: Event TDLS (7) received
04-29 23:07:26.182 I/vendor.qti.hardware.display.composer-service( 2001): Sensor: notify citsensorservice to trigger cwb, misForced = 0
