04-29 23:07:15.807 D/vendor.qti.bluetooth@1.0-ibs_handler( 1963): SerialClockVote: vote for UART CLK ON
04-29 23:07:15.807 D/vendor.qti.bluetooth@1.0-wake_lock( 1963): Acquire wakelock is acquired
04-29 23:07:15.808 I/vendor.qti.bluetooth@1.0-ibs_handler( 1963): DeviceWakeUp: Writing IBS_WAKE_IND
04-29 23:07:15.808 I/vendor.qti.bluetooth@1.0-ibs_handler( 1963): ProcessIbsCmd: Received IBS_WAKE_ACK: 0xFC
04-29 23:07:15.808 I/vendor.qti.bluetooth@1.0-ibs_handler( 1963): ProcessIbsCmd: Signal wack_cond_
04-29 23:07:15.808 D/vendor.qti.bluetooth@1.0-ibs_handler( 1963): DeviceWakeUp: Unblocked from waiting for FC, pthread_cond_timedwait ret = 0
04-29 23:07:15.808 I/vendor.qti.bluetooth@1.0-ibs_handler( 1963): ProcessIbsCmd: Received IBS_WAKE_IND: 0xFD
04-29 23:07:15.808 I/vendor.qti.bluetooth@1.0-ibs_handler( 1963): ProcessIbsCmd: Writing IBS_WAKE_ACK
04-29 23:07:15.809 D/bt_shim_hci(13357): system/main/shim/hci_layer.cc:183 OnTransmitPacketCommandComplete: Received cmd complete for READ_RSSI(0x1405)
04-29 23:07:15.809 D/btm_acl (13357): system/stack/acl/btm_acl.cc:1867 btm_read_rssi_complete: Read rrsi complete rssi:-26 hci status:HCI_SUCCESS
04-29 23:07:15.809 V/bt_btif_gattc(13357): system/btif/src/btif_gatt_client.cc:308 btm_read_rssi_cb: HAL bt_gatt_callbacks->client->read_remote_rssi_cb
04-29 23:07:15.809 D/BtGatt.GattService(13357): onReadRemoteRssi() - clientIf=220 address=XX:XX:XX:XX:E4:06, rssi=-26, status=0
04-29 23:07:15.836 I/vendor.qti.hardware.display.composer-service( 2001): Sensor: notify citsensorservice to trigger cwb, misForced = 0
04-29 23:07:15.837 I/SDM     ( 2001): CWB config passed by cwb_client : tappoint 1  CWB_ROI : (699.000000 110.000000 940.000000 351.000000) for display-0
04-29 23:07:15.853 I/SDM     ( 2001): HWDeviceDRM::SetupConcurrentWriteback: Tear down the Concurrent Writeback topology
04-29 23:07:15.853 I/vendor.qti.bluetooth@1.0-ibs_handler( 1963): ProcessIbsCmd: Received IBS_SLEEP_IND: 0xFE
04-29 23:07:15.862 I/SDM     ( 2001): NotifyCWBStatus: Notify the client about buffer (0x8951a670) status 0 for display-0.
04-29 23:07:15.863 I/SDM     ( 2001): SDMConcurrentWriteBack::ProcessCWBStatus: CWB queue is empty. Display: 0
04-29 23:07:15.924 D/powerkeeper.dfsobserve(12931): board ready to handle temperature change
04-29 23:07:15.924 D/powerkeeper.dfscpucol(12931): handleTemperatureChange: temp=45489
04-29 23:07:15.955 E/HwcComposer( 2214): getLuts failed Status(-129, EX_TRANSACTION_FAILED): 'UNKNOWN_TRANSACTION: '
04-29 23:07:16.023 D/JavaheapMonitor(14456): Java heap used=28M max=256M, proc: com.google.android.gms.persistent
04-29 23:07:16.024 V/JavaheapMonitor(14456): Check java heap usage finished! Next check delay: 300000
04-29 23:07:16.044 I/vendor.qti.hardware.display.composer-service( 2001): Sensor: notify citsensorservice to trigger cwb, misForced = 0
04-29 23:07:16.045 I/SDM     ( 2001): CWB config passed by cwb_client : tappoint 1  CWB_ROI : (699.000000 110.000000 940.000000 351.000000) for display-0
04-29 23:07:16.058 I/vendor.qti.bluetooth@1.0-ibs_handler( 1963): DeviceSleep: TX Awake, Sending SLEEP_IND
04-29 23:07:16.058 D/vendor.qti.bluetooth@1.0-ibs_handler( 1963): SerialClockVote: vote for UART CLK OFF
04-29 23:07:16.061 I/SDM     ( 2001): HWDeviceDRM::SetupConcurrentWriteback: Tear down the Concurrent Writeback topology
04-29 23:07:16.069 I/SDM     ( 2001): NotifyCWBStatus: Notify the client about buffer (0x8951a7d0) status 0 for display-0.
04-29 23:07:16.069 I/SDM     ( 2001): SDMConcurrentWriteBack::ProcessCWBStatus: CWB queue is empty. Display: 0
04-29 23:07:16.117 D/MiuiWifiCommonBase( 4381): band: 0, compensate: 0
04-29 23:07:16.117 D/WifiClientModeImpl[186137:wlan0]( 4381): updateLinkLayerStatsRssiSpeedFrequencyCapabilities rssi=-43 TxLinkspeed=300 freq=2462 RxLinkSpeed=300
04-29 23:07:16.118 I/WifiService( 4381): getConnectionInfo uid=1000
04-29 23:07:16.118 V/WifiService( 4381): Clearing REDACT_FOR_LOCAL_MAC_ADDRESS for android(uid=1000)
04-29 23:07:16.118 V/WifiService( 4381): Clearing REDACT_FOR_NETWORK_SETTINGS for android(uid=1000)
04-29 23:07:16.118 V/WifiService( 4381): Clearing REDACT_FOR_ACCESS_FINE_LOCATION for android(uid=1000)
04-29 23:07:16.119 D/WifiDataStall( 4381): tx tput in kbps: 152625
04-29 23:07:16.119 D/WifiDataStall( 4381): rx tput in kbps: 206250
04-29 23:07:16.119 V/WifiConfigManager( 4381): Updating scan detail cache freq=2462 BSSID=74:39:89:2a:67:26 RSSI=-42 for "MstRobot"WPA_PSK
04-29 23:07:16.119 D/WifiChannelUtilization( 4381):  freq: 2462 onTime: 11315215 busyTime: 6752982 onTimeDiff: 1916 busyTimeDiff: 1077 utilization: 143 utilization t0: 152
04-29 23:07:16.119 D/WifiDataStall( 4381):  ccaLevel = 80
04-29 23:07:16.119 D/WifiDataStall( 4381): L2 txTputKbps: 150562, rxTputKbps: 206250, L3 txTputKbps: 9, rxTputKbps: 1377, TxTrafficHigh: true, RxTrafficHigh: true, Throughput Sufficient: true
04-29 23:07:16.119 D/WifiThroughputPredictor( 4381):  utilization (LLS) 80 isBluetoothConnected: false final utilization: 80
04-29 23:07:16.119 D/WifiThroughputPredictor( 4381):  BW: 1 RSSI: -43 Nss: 2 Mode: 4 symDur: 3600 snrDb 34 bitPerTone: 5000 rate: 300 throughput: 205
04-29 23:07:16.119 D/WifiThroughputPredictor( 4381):  utilization (LLS) 80 isBluetoothConnected: false final utilization: 80
04-29 23:07:16.119 D/WifiThroughputPredictor( 4381):  BW: 1 RSSI: -43 Nss: 2 Mode: 4 symDur: 3600 snrDb 34 bitPerTone: 5000 rate: 300 throughput: 205
04-29 23:07:16.120 D/WifiScoreCard( 4381): BSSID update SIGNAL_POLL ID: 404527809 SSID: "MstRobot", BSSID: 74:39:89:2a:67:26, MAC: fa:2c:a2:da:d1:aa, IP: /192.168.0.106, Security type: 2, Supplicant state: COMPLETED, Wi-Fi standard: 11n, RSSI: -43, Link speed: 300Mbps, Tx Link speed: 300Mbps, Max Supported Tx Link speed: 300Mbps, Rx Link speed: 300Mbps, Max Supported Rx Link speed: 300Mbps, Frequency: 2462MHz, Net ID: 6, Metered hint: false, score: 60, isUsable: true, CarrierMerged: false, SubscriptionId: -1, IsPrimary: 1, Trusted: true, Restricted: false, Ephemeral: false, OEM paid: false, OEM private: false, OSU AP: false, FQDN: <none>, Provider friendly name: <none>, Requesting package name: <none>"MstRobot"wpa2-pskMLO Information: , Is TID-To-Link negotiation supported by the AP: false, AP MLD Address: <none>, AP MLO Link Id: <none>, AP MLO Affiliated links: <none>, Vendor Data: <none>
04-29 23:07:16.120 D/WifiScoreCard( 4381): txRate: 43 txSpeed: 300
04-29 23:07:16.120 D/WifiScoreCard( 4381): network update SIGNAL_POLL "MstRobot" ID: 608343939 RSSI -43 txSpeed 300
04-29 23:07:16.121 D/WifiClientModeImpl[186137:wlan0]( 4381):  ClientModeImpl$L2ConnectedState screen=on 11 0 "MstRobot" 74:39:89:2a:67:26 rssi=-43 f=2462 sc= 60, mSwithInWeakNet: true [updated score = 60,  failpercent=0 { out=85 in=278 lost=0 inretrans=0 total retrans=0 tmo=0 inflight=0}] link=300 tx=31.7, 10.7, 0.0 rx=132.6 bcn=755916 [on:1917 tx:61 rx:101 period:3023] from screen [on:1312116 period:4256230] score=60
04-29 23:07:16.121 I/WifiService( 4381): getVerboseLoggingLevel uid=1000
04-29 23:07:16.121 D/AmlWifiScoreReportInjector( 4381): probabilityOfFailedTx = 0.2523122766045573
04-29 23:07:16.121 D/AmlWifiScoreReportInjector( 4381): mSwitchBackWifiThresholdAdjustment = 0
04-29 23:07:16.121 D/MiuiNM  ( 4381): rssi: -43, txPer: 27, rxPer: 0, ccaBr: 56, bcnLr: 10, tcpFr: 0, bcnRx: 27, txGood:39.00, txRetry:11.44, txBad:0.00
04-29 23:07:16.123 E/PhoneAdapter(13680): get ntnphones failed, exception: java.lang.IllegalStateException: not support satellite!
04-29 23:07:16.124 I/WifiService( 4381): getScanResults uid=1000
04-29 23:07:16.124 D/AmlWifiScoreReportInjector( 4381): getMaxRssiInWaeknet weaknetRssi = -72
04-29 23:07:16.127 I/WifiService( 4381): getVerboseLoggingLevel uid=1000
04-29 23:07:16.127 D/AmlWifiScoreReportInjector( 4381): onWifiUsabilityStats: channelUtilization=143 seqNum = 24197 bssidChanged = 0 isQcomPlatform = true
04-29 23:07:16.127 I/libsensor-boledalgo( 2802): dbv:1524,lux:218.3,cct:4948.0,hsv:359.4, CWB R:0.7,G:0.7,B:5.9 Event C:4562.3,R:2305.9,G:1827.5,B:912.6 Cali C:0.0,R:0.0,G:0.0,B:0.0
04-29 23:07:16.162 E/HwcComposer( 2214): getLuts failed Status(-129, EX_TRANSACTION_FAILED): 'UNKNOWN_TRANSACTION: '
04-29 23:07:16.208 D/vendor.qti.bluetooth@1.0-wake_lock( 1963): Release wakelock is released
04-29 23:07:16.252 I/vendor.qti.hardware.display.composer-service( 2001): Sensor: notify citsensorservice to trigger cwb, misForced = 0
04-29 23:07:16.252 I/SDM     ( 2001): CWB config passed by cwb_client : tappoint 1  CWB_ROI : (699.000000 110.000000 940.000000 351.000000) for display-0
04-29 23:07:16.268 I/SDM     ( 2001): HWDeviceDRM::SetupConcurrentWriteback: Tear down the Concurrent Writeback topology
04-29 23:07:16.277 I/SDM     ( 2001): NotifyCWBStatus: Notify the client about buffer (0x8951c1f0) status 0 for display-0.
04-29 23:07:16.277 I/SDM     ( 2001): SDMConcurrentWriteBack::ProcessCWBStatus: CWB queue is empty. Display: 0
04-29 23:07:16.298 D/AurogonImmobulusMode( 4381):  update wallpaper pacakge name status mLockWallPaperPackageName =  mLockWallPaperUid = -1 mDeskWallPaperPackageName = com.miui.miwallpaper mDeskWallPaperUid = 10187
04-29 23:07:16.300 D/InetDiagMessage( 4381): Destroyed 0 sockets, proto=IPPROTO_TCP, family=AF_INET, states=14
04-29 23:07:16.301 D/InetDiagMessage( 4381): Destroyed 0 sockets, proto=IPPROTO_TCP, family=AF_INET6, states=14
04-29 23:07:16.301 D/InetDiagMessage( 4381): Destroyed live tcp sockets for uids={10321} in 2ms
04-29 23:07:16.301 D/ActionExecute( 4381): frozen uid = 10321 reason=check binder
04-29 23:07:16.301 D/ExternalInterface( 4381): setUidState, uid = 10321 allow = false
04-29 23:07:16.301 D/MiSensorServiceImpl( 4381): PowerKeeperSensor stop iUid:10321 but app has Controlled
04-29 23:07:16.318 D/MI-SF   ( 2214): isSupportLowBrightnessFpsSwitch current_setting_fps: 120
04-29 23:07:16.318 D/MI-SF   ( 2214): isTpIdleScene ,mAverageFrameRate is 120, 0
04-29 23:07:16.318 D/MI-SF   ( 2214): modeGroup41426432 mIsSupportAutomodeForMaxFpsSetting is 1(1), getCurrentBrightness() = 1366(0), mIsKeepAutoMode 0 isAutoModeAllowed() 1
04-29 23:07:16.318 D/RefreshRateSelector( 2214): fixedMode_group: 41426432, isFindModeGroup 1
04-29 23:07:16.318 D/RefreshRateSelector( 2214): find max refresh rate:120, mode Group:41426432
04-29 23:07:16.318 I/lyra-msg-act(16409): ActuatorControl::ActuatorControlProcess:310 monitor queueMap :0
04-29 23:07:16.387 E/HwcComposer( 2214): getLuts failed Status(-129, EX_TRANSACTION_FAILED): 'UNKNOWN_TRANSACTION: '
04-29 23:07:16.395 D/AudioPipeline( 2607): SIM audio drawer entries emitted count=32 downloading=1 queued=0 holding=9 maxDownloadProgress=0.0
04-29 23:07:16.395 D/DownloadService( 2607): Audio files state: downloading=1, queued=0, ready=22, queueSize=9
04-29 23:07:16.404 D/FocusPlugin(13752): 0|com.smartsales.prism|-1327479600|null|10434 is not focus notification, isMedia: false
04-29 23:07:16.405 D/AlarmScheduler-fold(13752): addAlarm, key=0|com.smartsales.prism|-1327479600|null|10434, triggerTime=105119242
04-29 23:07:16.406 D/AlarmScheduler-TIMEOUT(13752): addAlarm, key=0|com.smartsales.prism|-1327479600|null|10434, triggerTime=342719243
04-29 23:07:16.406 D/MiuiBubbleManager(13752): onEntryUpdated: com.android.systemui.statusbar.notification.collection.NotificationEntry@a905ca App
04-29 23:07:16.406 D/AlarmScheduler-fold(13752): cancelCurrentAlarm, key=0|com.smartsales.prism|-1327479600|null|10434, intent=92363970
04-29 23:07:16.406 D/AlarmScheduler-fold(13752): scheduleNextAlarm
04-29 23:07:16.406 I/MiuiBubbleSettings(13752): com.smartsales.prism 0isAppEnableBubbleNotification: false
04-29 23:07:16.406 D/AlarmScheduler-fold(13752): scheduleNextAlarm, key=0|com.smartsales.prism|-1327479600|null|10434, triggerTime=105119242, intent=92363970
04-29 23:07:16.406 D/AlarmScheduler-fold(13752): setExactAlarm, key=0|com.smartsales.prism|-1327479600|null|10434, triggerTime=105119242, intent=92363970
04-29 23:07:16.407 E/AlarmManager( 4381): not align this alarm: Alarm{ea0a314 type 2 origWhen 105119242 whenElapsed 105119242 com.android.systemui}, reason=0
04-29 23:07:16.416 D/EmptyNotif(13752): setContractedChild: 0|com.smartsales.prism|-1327479600|null|10434  null
04-29 23:07:16.417 D/NotificationRowContentBinderInjectorImpl(13752): changeToFullAodContext: not need change full aod style
04-29 23:07:16.421 D/NotificationHeaderExpandController(13752): onExpansionChanged: progress =  0.0
04-29 23:07:16.422 D/LocalImageResolver(13752): Couldn't use ImageDecoder for drawable, falling back to non-resized load.
04-29 23:07:16.422 D/LocalImageResolver(13752): Couldn't use ImageDecoder for drawable, falling back to non-resized load.
04-29 23:07:16.426 D/MI-SF   ( 2214): isSupportLowBrightnessFpsSwitch current_setting_fps: 120
04-29 23:07:16.426 D/MI-SF   ( 2214): isTpIdleScene ,mAverageFrameRate is 120, 0
04-29 23:07:16.426 D/MI-SF   ( 2214): modeGroup41426432 mIsSupportAutomodeForMaxFpsSetting is 1(1), getCurrentBrightness() = 1366(0), mIsKeepAutoMode 0 isAutoModeAllowed() 1
04-29 23:07:16.426 D/RefreshRateSelector( 2214): fixedMode_group: 41426432, isFindModeGroup 1
04-29 23:07:16.426 D/RefreshRateSelector( 2214): find max refresh rate:120, mode Group:41426432
04-29 23:07:16.432 D/AlertCoordinator(13752): onViewBound, buzzBeep for 0|com.smartsales.prism|-1327479600|null|10434
04-29 23:07:16.438 D/AidlBufferPool(14339): bufferpool2 0xb400007862cb21c8 : 66(121141 size) total buffers - 1(1310 size) used buffers - 56476/144427 (recycle/alloc) - 89734/144426 (fetch/transfer)
04-29 23:07:16.460 I/vendor.qti.hardware.display.composer-service( 2001): Sensor: notify citsensorservice to trigger cwb, misForced = 0
04-29 23:07:16.460 I/SDM     ( 2001): CWB config passed by cwb_client : tappoint 1  CWB_ROI : (699.000000 110.000000 940.000000 351.000000) for display-0
04-29 23:07:16.473 I/vendor.qti.bluetooth@1.0-ibs_handler( 1963): ProcessIbsCmd: Received IBS_WAKE_IND: 0xFD
04-29 23:07:16.473 D/vendor.qti.bluetooth@1.0-ibs_handler( 1963): SerialClockVote: vote for UART CLK ON
04-29 23:07:16.473 D/vendor.qti.bluetooth@1.0-wake_lock( 1963): Acquire wakelock is acquired
04-29 23:07:16.473 I/vendor.qti.bluetooth@1.0-ibs_handler( 1963): ProcessIbsCmd: Writing IBS_WAKE_ACK
04-29 23:07:16.476 D/bt_btif_gattc(13357): system/btif/src/btif_gatt_client.cc:294 bta_gattc_cback: gatt client callback event:BTA_GATTC_PHY_UPDATE_EVT [25]
04-29 23:07:16.476 V/bluetooth(13357): system/btif/src/btif_jni_task.cc:92 btif_transfer_context: btif_transfer_context event 25, len 528
04-29 23:07:16.476 V/bluetooth(13357): system/btif/src/btif_jni_task.cc:92 btif_transfer_context: btif_transfer_context event 21, len 24
04-29 23:07:16.476 V/bluetooth(13357): system/btif/src/btif_jni_task.cc:92 btif_transfer_context: btif_transfer_context event 21, len 24
04-29 23:07:16.477 I/bluetooth(13357): system/bta/le_audio/client.cc:7996 le_audio_gattc_callback: event = 25
04-29 23:07:16.477 D/bluetooth(13357): system/bta/le_audio/client.cc:3702 OnPhyUpdate: Unknown conn_id 0x137
04-29 23:07:16.477 V/bluetooth(13357): system/btif/src/btif_jni_task.cc:92 btif_transfer_context: btif_transfer_context event 21, len 24
04-29 23:07:16.477 I/bluetooth(13357): system/bta/vc/vc.cc:1628 gattc_callback: event = 25
04-29 23:07:16.477 V/bluetooth(13357): system/btif/src/btif_jni_task.cc:92 btif_transfer_context: btif_transfer_context event 21, len 24
04-29 23:07:16.477 V/bluetooth(13357): system/btif/src/btif_jni_task.cc:92 btif_transfer_context: btif_transfer_context event 21, len 24
04-29 23:07:16.477 V/ble_bta_hh(13357): system/bta/hh/bta_hh_le.cc:2372 bta_hh_gattc_callback: event:BTA_GATTC_PHY_UPDATE_EVT
04-29 23:07:16.477 E/bluetooth-asha(13357): system/bta/hearing_aid/hearing_aid.cc:726 OnPhyUpdateEvent: unknown device: conn_id=0x131
04-29 23:07:16.477 D/bluetooth(13357): system/bta/has/has_client.cc:1943 GattcCallback: event = 25
04-29 23:07:16.477 I/SDM     ( 2001): HWDeviceDRM::SetupConcurrentWriteback: Tear down the Concurrent Writeback topology
04-29 23:07:16.477 I/bluetooth(13357): system/bta/csis/csis_client.cc:1860 GattcCallback: event = 0x19
04-29 23:07:16.477 D/bluetooth(13357): system/bta/ras/ras_client.cc:242 GattcCallback: event: BTA_GATTC_PHY_UPDATE_EVT
04-29 23:07:16.477 W/bluetooth(13357): system/bta/ras/ras_client.cc:264 GattcCallback: Unhandled event: BTA_GATTC_PHY_UPDATE_EVT
04-29 23:07:16.477 I/bluetooth(13357): system/bta/ras/ras_server.cc:211 GattsCallback: event: BTA_GATTS_PHY_UPDATE_EVT
04-29 23:07:16.477 W/bluetooth(13357): system/bta/ras/ras_server.cc:238 GattsCallback: Unhandled event 21
04-29 23:07:16.477 V/bt_bta_dm(13357): system/bta/dm/bta_dm_disc.cc:713 bta_dm_gattc_callback: bta_dm_gattc_callback event = 25
04-29 23:07:16.477 D/bt_btif_gattc(13357): system/btif/src/btif_gatt_client.cc:177 btif_gattc_upstreams_evt: Event BTA_GATTC_PHY_UPDATE_EVT [25]
04-29 23:07:16.477 V/bt_btif_gattc(13357): system/btif/src/btif_gatt_client.cc:266 btif_gattc_upstreams_evt: HAL callbacks->client->phy_updated_cb
04-29 23:07:16.477 D/BtGatt.GattService(13357): onClientPhyUpdate() - connId=476, status=0
04-29 23:07:16.477 V/bt_btif_gatt(13357): system/btif/src/btif_gatt_server.cc:146 btapp_gatts_handle_cback: Event 21
04-29 23:07:16.477 V/bt_btif_gatt(13357): system/btif/src/btif_gatt_server.cc:263 btapp_gatts_handle_cback: HAL callbacks->server->phy_updated_cb
04-29 23:07:16.477 D/BtGatt.GattService(13357): onServerPhyUpdate() - connId=313, status=0
04-29 23:07:16.477 V/bt_btif_gatt(13357): system/btif/src/btif_gatt_server.cc:146 btapp_gatts_handle_cback: Event 21
04-29 23:07:16.477 V/bt_btif_gatt(13357): system/btif/src/btif_gatt_server.cc:263 btapp_gatts_handle_cback: HAL callbacks->server->phy_updated_cb
04-29 23:07:16.477 D/BtGatt.GattService(13357): onServerPhyUpdate() - connId=312, status=0
04-29 23:07:16.477 V/bt_btif_gatt(13357): system/btif/src/btif_gatt_server.cc:146 btapp_gatts_handle_cback: Event 21
04-29 23:07:16.477 V/bt_btif_gatt(13357): system/btif/src/btif_gatt_server.cc:263 btapp_gatts_handle_cback: HAL callbacks->server->phy_updated_cb
04-29 23:07:16.477 D/BtGatt.GattService(13357): onServerPhyUpdate() - connId=310, status=0
04-29 23:07:16.477 D/BluetoothGattServer(13357): onPhyUpdate() - device=XX:XX:XX:XX:E4:06, txPHy=2, rxPHy=2
04-29 23:07:16.477 V/bt_btif_gatt(13357): system/btif/src/btif_gatt_server.cc:146 btapp_gatts_handle_cback: Event 21
04-29 23:07:16.477 V/bt_btif_gatt(13357): system/btif/src/btif_gatt_server.cc:263 btapp_gatts_handle_cback: HAL callbacks->server->phy_updated_cb
04-29 23:07:16.477 D/BtGatt.GattService(13357): onServerPhyUpdate() - connId=308, status=0
04-29 23:07:16.477 D/BluetoothGattServer(13357): onPhyUpdate() - device=XX:XX:XX:XX:E4:06, txPHy=2, rxPHy=2
04-29 23:07:16.477 V/bt_btif_gatt(13357): system/btif/src/btif_gatt_server.cc:146 btapp_gatts_handle_cback: Event 21
04-29 23:07:16.477 D/BluetoothGatt( 2607): onPhyUpdate() - status=0 address=XX:XX:XX:XX:E4:06 txPhy=2 rxPhy=2
04-29 23:07:16.477 V/bt_btif_gatt(13357): system/btif/src/btif_gatt_server.cc:263 btapp_gatts_handle_cback: HAL callbacks->server->phy_updated_cb
04-29 23:07:16.477 D/BtGatt.GattService(13357): onServerPhyUpdate() - connId=307, status=0
04-29 23:07:16.477 D/BluetoothGattServer(13357): onPhyUpdate() - device=XX:XX:XX:XX:E4:06, txPHy=2, rxPHy=2
04-29 23:07:16.478 D/BluetoothGattServer(16409): onPhyUpdate() - device=XX:XX:XX:XX:E4:06, txPHy=2, rxPHy=2
04-29 23:07:16.478 I/lyra-BleGattServer(16409): onPhyUpdate txPhy=2 rxPhy=2 status=0
04-29 23:07:16.478 D/BluetoothGattServer(16409): onPhyUpdate() - device=XX:XX:XX:XX:E4:06, txPHy=2, rxPHy=2
04-29 23:07:16.485 I/SDM     ( 2001): NotifyCWBStatus: Notify the client about buffer (0x8951d5e0) status 0 for display-0.
04-29 23:07:16.485 I/SDM     ( 2001): SDMConcurrentWriteBack::ProcessCWBStatus: CWB queue is empty. Display: 0
04-29 23:07:16.517 I/vendor.qti.bluetooth@1.0-ibs_handler( 1963): ProcessIbsCmd: Received IBS_SLEEP_IND: 0xFE
04-29 23:07:16.517 D/vendor.qti.bluetooth@1.0-ibs_handler( 1963): SerialClockVote: vote for UART CLK OFF
04-29 23:07:16.595 D/AudioPipeline( 2607): SIM audio drawer entries emitted count=32 downloading=1 queued=0 holding=9 maxDownloadProgress=0.0
04-29 23:07:16.595 D/DownloadService( 2607): Audio files state: downloading=1, queued=0, ready=22, queueSize=9
04-29 23:07:16.604 D/FocusPlugin(13752): 0|com.smartsales.prism|-1327479600|null|10434 is not focus notification, isMedia: false
04-29 23:07:16.605 D/AlarmScheduler-fold(13752): addAlarm, key=0|com.smartsales.prism|-1327479600|null|10434, triggerTime=105119442
04-29 23:07:16.605 D/AlarmScheduler-fold(13752): cancelCurrentAlarm, key=0|com.smartsales.prism|-1327479600|null|10434, intent=92363970
04-29 23:07:16.605 D/AlarmScheduler-fold(13752): scheduleNextAlarm
04-29 23:07:16.605 D/AlarmScheduler-TIMEOUT(13752): addAlarm, key=0|com.smartsales.prism|-1327479600|null|10434, triggerTime=342719442
04-29 23:07:16.605 D/MiuiBubbleManager(13752): onEntryUpdated: com.android.systemui.statusbar.notification.collection.NotificationEntry@a905ca App
04-29 23:07:16.605 I/MiuiBubbleSettings(13752): com.smartsales.prism 0isAppEnableBubbleNotification: false
04-29 23:07:16.605 D/AlarmScheduler-fold(13752): scheduleNextAlarm, key=0|com.smartsales.prism|-1327479600|null|10434, triggerTime=105119442, intent=92363970
04-29 23:07:16.605 D/AlarmScheduler-fold(13752): setExactAlarm, key=0|com.smartsales.prism|-1327479600|null|10434, triggerTime=105119442, intent=92363970
04-29 23:07:16.606 E/AlarmManager( 4381): not align this alarm: Alarm{18db7bd type 2 origWhen 105119442 whenElapsed 105119442 com.android.systemui}, reason=0
04-29 23:07:16.612 E/HwcComposer( 2214): getLuts failed Status(-129, EX_TRANSACTION_FAILED): 'UNKNOWN_TRANSACTION: '
04-29 23:07:16.616 D/EmptyNotif(13752): setContractedChild: 0|com.smartsales.prism|-1327479600|null|10434  null
04-29 23:07:16.616 D/NotificationRowContentBinderInjectorImpl(13752): changeToFullAodContext: not need change full aod style
04-29 23:07:16.621 D/NotificationHeaderExpandController(13752): onExpansionChanged: progress =  0.0
04-29 23:07:16.621 D/LocalImageResolver(13752): Couldn't use ImageDecoder for drawable, falling back to non-resized load.
04-29 23:07:16.622 D/LocalImageResolver(13752): Couldn't use ImageDecoder for drawable, falling back to non-resized load.
04-29 23:07:16.631 D/AlertCoordinator(13752): onViewBound, buzzBeep for 0|com.smartsales.prism|-1327479600|null|10434
04-29 23:07:16.667 D/vendor.qti.bluetooth@1.0-wake_lock( 1963): Release wakelock is released
04-29 23:07:16.668 I/vendor.qti.hardware.display.composer-service( 2001): Sensor: notify citsensorservice to trigger cwb, misForced = 0
04-29 23:07:16.668 I/SDM     ( 2001): CWB config passed by cwb_client : tappoint 1  CWB_ROI : (699.000000 110.000000 940.000000 351.000000) for display-0
04-29 23:07:16.684 I/SDM     ( 2001): HWDeviceDRM::SetupConcurrentWriteback: Tear down the Concurrent Writeback topology
04-29 23:07:16.693 I/SDM     ( 2001): NotifyCWBStatus: Notify the client about buffer (0x8951bbc0) status 0 for display-0.
04-29 23:07:16.693 I/SDM     ( 2001): SDMConcurrentWriteBack::ProcessCWBStatus: CWB queue is empty. Display: 0
04-29 23:07:16.762 I/libsensor-boledalgo( 2802): dbv:1524,lux:220.0,cct:4888.3,hsv:359.4, CWB R:0.7,G:0.7,B:5.9 Event C:4575.3,R:2317.6,G:1837.8,B:906.6 Cali C:0.0,R:0.0,G:0.0,B:0.0
04-29 23:07:16.801 D/AidlBufferPool(14339): bufferpool2 0xb400007862cb21c8 : 66(123829 size) total buffers - 1(1969 size) used buffers - 56477/144445 (recycle/alloc) - 89751/144444 (fetch/transfer)
04-29 23:07:16.805 D/AudioPipeline( 2607): SIM audio drawer entries emitted count=32 downloading=1 queued=0 holding=9 maxDownloadProgress=0.0
04-29 23:07:16.805 D/DownloadService( 2607): Audio files state: downloading=1, queued=0, ready=22, queueSize=9
04-29 23:07:16.814 D/FocusPlugin(13752): 0|com.smartsales.prism|-1327479600|null|10434 is not focus notification, isMedia: false
04-29 23:07:16.814 D/AlarmScheduler-fold(13752): addAlarm, key=0|com.smartsales.prism|-1327479600|null|10434, triggerTime=105119651
04-29 23:07:16.815 D/AlarmScheduler-TIMEOUT(13752): addAlarm, key=0|com.smartsales.prism|-1327479600|null|10434, triggerTime=342719652
04-29 23:07:16.815 D/MiuiBubbleManager(13752): onEntryUpdated: com.android.systemui.statusbar.notification.collection.NotificationEntry@a905ca App
04-29 23:07:16.815 I/MiuiBubbleSettings(13752): com.smartsales.prism 0isAppEnableBubbleNotification: false
04-29 23:07:16.815 D/AlarmScheduler-fold(13752): cancelCurrentAlarm, key=0|com.smartsales.prism|-1327479600|null|10434, intent=92363970
04-29 23:07:16.815 D/AlarmScheduler-fold(13752): scheduleNextAlarm
04-29 23:07:16.816 D/AlarmScheduler-fold(13752): scheduleNextAlarm, key=0|com.smartsales.prism|-1327479600|null|10434, triggerTime=105119651, intent=92363970
04-29 23:07:16.816 D/AlarmScheduler-fold(13752): setExactAlarm, key=0|com.smartsales.prism|-1327479600|null|10434, triggerTime=105119651, intent=92363970
04-29 23:07:16.816 E/AlarmManager( 4381): not align this alarm: Alarm{8101b2 type 2 origWhen 105119651 whenElapsed 105119651 com.android.systemui}, reason=0
04-29 23:07:16.824 D/EmptyNotif(13752): setContractedChild: 0|com.smartsales.prism|-1327479600|null|10434  null
04-29 23:07:16.825 D/NotificationRowContentBinderInjectorImpl(13752): changeToFullAodContext: not need change full aod style
04-29 23:07:16.827 I/tycenter.remote(11742): This is sticky GC, maxfree is 33554432 minfree is 8388608
04-29 23:07:16.829 D/NotificationHeaderExpandController(13752): onExpansionChanged: progress =  0.0
04-29 23:07:16.832 D/LocalImageResolver(13752): Couldn't use ImageDecoder for drawable, falling back to non-resized load.
04-29 23:07:16.833 D/LocalImageResolver(13752): Couldn't use ImageDecoder for drawable, falling back to non-resized load.
04-29 23:07:16.835 D/AlertCoordinator(13752): onViewBound, buzzBeep for 0|com.smartsales.prism|-1327479600|null|10434
04-29 23:07:16.837 E/HwcComposer( 2214): getLuts failed Status(-129, EX_TRANSACTION_FAILED): 'UNKNOWN_TRANSACTION: '
04-29 23:07:16.876 I/vendor.qti.hardware.display.composer-service( 2001): Sensor: notify citsensorservice to trigger cwb, misForced = 0
04-29 23:07:16.876 I/SDM     ( 2001): CWB config passed by cwb_client : tappoint 1  CWB_ROI : (699.000000 110.000000 940.000000 351.000000) for display-0
04-29 23:07:16.892 I/SDM     ( 2001): HWDeviceDRM::SetupConcurrentWriteback: Tear down the Concurrent Writeback topology
04-29 23:07:16.901 I/SDM     ( 2001): NotifyCWBStatus: Notify the client about buffer (0x8951b430) status 0 for display-0.
04-29 23:07:16.901 I/SDM     ( 2001): SDMConcurrentWriteBack::ProcessCWBStatus: CWB queue is empty. Display: 0
04-29 23:07:16.983 D/AurogonBandwidthController( 4381): skinTemperature:45.473
04-29 23:07:16.984 D/AurogonBandwidthController( 4381): skinTemperature:45.473
04-29 23:07:17.005 D/AudioPipeline( 2607): SIM audio drawer entries emitted count=32 downloading=1 queued=0 holding=9 maxDownloadProgress=0.0
04-29 23:07:17.005 D/DownloadService( 2607): Audio files state: downloading=1, queued=0, ready=22, queueSize=9
04-29 23:07:17.014 D/FocusPlugin(13752): 0|com.smartsales.prism|-1327479600|null|10434 is not focus notification, isMedia: false
04-29 23:07:17.014 D/AlarmScheduler-fold(13752): addAlarm, key=0|com.smartsales.prism|-1327479600|null|10434, triggerTime=105119851
04-29 23:07:17.014 D/AlarmScheduler-fold(13752): cancelCurrentAlarm, key=0|com.smartsales.prism|-1327479600|null|10434, intent=92363970
04-29 23:07:17.014 D/AlarmScheduler-fold(13752): scheduleNextAlarm
04-29 23:07:17.014 D/AlarmScheduler-TIMEOUT(13752): addAlarm, key=0|com.smartsales.prism|-1327479600|null|10434, triggerTime=342719851
04-29 23:07:17.014 D/MiuiBubbleManager(13752): onEntryUpdated: com.android.systemui.statusbar.notification.collection.NotificationEntry@a905ca App
04-29 23:07:17.015 I/MiuiBubbleSettings(13752): com.smartsales.prism 0isAppEnableBubbleNotification: false
04-29 23:07:17.015 D/AlarmScheduler-fold(13752): scheduleNextAlarm, key=0|com.smartsales.prism|-1327479600|null|10434, triggerTime=105119851, intent=92363970
04-29 23:07:17.015 D/AlarmScheduler-fold(13752): setExactAlarm, key=0|com.smartsales.prism|-1327479600|null|10434, triggerTime=105119851, intent=92363970
04-29 23:07:17.015 E/AlarmManager( 4381): not align this alarm: Alarm{4f986fe type 2 origWhen 105119851 whenElapsed 105119851 com.android.systemui}, reason=0
04-29 23:07:17.023 D/EmptyNotif(13752): setContractedChild: 0|com.smartsales.prism|-1327479600|null|10434  null
04-29 23:07:17.023 D/NotificationRowContentBinderInjectorImpl(13752): changeToFullAodContext: not need change full aod style
04-29 23:07:17.028 D/NotificationHeaderExpandController(13752): onExpansionChanged: progress =  0.0
04-29 23:07:17.029 D/LocalImageResolver(13752): Couldn't use ImageDecoder for drawable, falling back to non-resized load.
04-29 23:07:17.029 D/LocalImageResolver(13752): Couldn't use ImageDecoder for drawable, falling back to non-resized load.
04-29 23:07:17.039 D/AlertCoordinator(13752): onViewBound, buzzBeep for 0|com.smartsales.prism|-1327479600|null|10434
04-29 23:07:17.060 E/HwcComposer( 2214): getLuts failed Status(-129, EX_TRANSACTION_FAILED): 'UNKNOWN_TRANSACTION: '
04-29 23:07:17.084 I/vendor.qti.hardware.display.composer-service( 2001): Sensor: notify citsensorservice to trigger cwb, misForced = 0
04-29 23:07:17.084 I/SDM     ( 2001): CWB config passed by cwb_client : tappoint 1  CWB_ROI : (699.000000 110.000000 940.000000 351.000000) for display-0
04-29 23:07:17.100 I/SDM     ( 2001): HWDeviceDRM::SetupConcurrentWriteback: Tear down the Concurrent Writeback topology
04-29 23:07:17.109 I/SDM     ( 2001): NotifyCWBStatus: Notify the client about buffer (0x8951b430) status 0 for display-0.
04-29 23:07:17.109 I/SDM     ( 2001): SDMConcurrentWriteBack::ProcessCWBStatus: CWB queue is empty. Display: 0
04-29 23:07:17.154 D/AidlBufferPool(14339): bufferpool2 0xb400007862cb21c8 : 66(127863 size) total buffers - 1(1821 size) used buffers - 56478/144463 (recycle/alloc) - 89769/144462 (fetch/transfer)
04-29 23:07:17.162 I/vendor.qti.bluetooth@1.0-ibs_handler( 1963): ProcessIbsCmd: Received IBS_WAKE_IND: 0xFD
04-29 23:07:17.162 D/vendor.qti.bluetooth@1.0-ibs_handler( 1963): SerialClockVote: vote for UART CLK ON
04-29 23:07:17.162 D/vendor.qti.bluetooth@1.0-wake_lock( 1963): Acquire wakelock is acquired
04-29 23:07:17.162 I/vendor.qti.bluetooth@1.0-ibs_handler( 1963): ProcessIbsCmd: Writing IBS_WAKE_ACK
04-29 23:07:17.166 D/bluetooth(13357): system/stack/arbiter/acl_arbiter.cc:67 InterceptAttPacket: Intercepting ATT packet and forwarding to Rust
04-29 23:07:17.166 V/bluetooth(13357): system/stack/gatt/gatt_main.cc:1212 gatt_get_ch_state: xx:xx:xx:xx:e4:06, transport BT_TRANSPORT_LE,  ch_state=GATT_CH_OPEN
04-29 23:07:17.166 V/bluetooth(13357): system/stack/gatt/gatt_cl.cc:1219 gatt_client_handle_server_rsp: opcode: 0x1b cid4
04-29 23:07:17.166 V/bluetooth(13357): system/stack/gatt/gatt_cl.cc:645 gatt_process_notification:
04-29 23:07:17.166 V/bluetooth(13357): system/stack/gatt/gatt_auth.cc:367 gatt_get_link_encrypt_status: gatt_get_link_encrypt_status status=0x8e
04-29 23:07:17.166 V/bt_bta_gattc(13357): system/bta/gatt/bta_gattc_act.cc:1738 bta_gattc_cmpl_cback: conn_id:476 op:6 status:142
04-29 23:07:17.166 V/gatt_api(13357): system/stack/gatt/gatt_api.cc:1660 GATT_GetConnectionInfor: conn_id=0x1dc
04-29 23:07:17.166 V/bt_bta_gattc(13357): system/bta/gatt/bta_gattc_utils.cc:517 bta_gattc_check_notif_registry: Notification registered!
04-29 23:07:17.166 V/bt_bta_gattc(13357): system/bta/gatt/bta_gattc_act.cc:1633 bta_gattc_proc_other_indication: check p_data->att_value.handle=42 p_data->handle=4
04-29 23:07:17.166 V/bt_bta_gattc(13357): system/bta/gatt/bta_gattc_act.cc:1635 bta_gattc_proc_other_indication: is_notify false
04-29 23:07:17.166 D/bt_btif_gattc(13357): system/btif/src/btif_gatt_client.cc:294 bta_gattc_cback: gatt client callback event:BTA_GATTC_NOTIF_EVT [10]
04-29 23:07:17.166 V/bluetooth(13357): system/btif/src/btif_jni_task.cc:92 btif_transfer_context: btif_transfer_context event 10, len 528
04-29 23:07:17.166 V/bt_bta_gattc(13357): system/bta/gatt/bta_gattc_act.cc:1738 bta_gattc_cmpl_cback: conn_id:311 op:6 status:142
04-29 23:07:17.166 V/gatt_api(13357): system/stack/gatt/gatt_api.cc:1660 GATT_GetConnectionInfor: conn_id=0x137
04-29 23:07:17.166 V/bt_bta_gattc(13357): system/bta/gatt/bta_gattc_act.cc:1738 bta_gattc_cmpl_cback: conn_id:309 op:6 status:142
04-29 23:07:17.166 V/gatt_api(13357): system/stack/gatt/gatt_api.cc:1660 GATT_GetConnectionInfor: conn_id=0x135
04-29 23:07:17.166 V/bt_bta_gattc(13357): system/bta/gatt/bta_gattc_act.cc:1738 bta_gattc_cmpl_cback: conn_id:306 op:6 status:142
04-29 23:07:17.166 V/gatt_api(13357): system/stack/gatt/gatt_api.cc:1660 GATT_GetConnectionInfor: conn_id=0x132
04-29 23:07:17.166 V/bt_bta_gattc(13357): system/bta/gatt/bta_gattc_act.cc:1738 bta_gattc_cmpl_cback: conn_id:305 op:6 status:142
04-29 23:07:17.166 V/gatt_api(13357): system/stack/gatt/gatt_api.cc:1660 GATT_GetConnectionInfor: conn_id=0x131
04-29 23:07:17.166 V/bt_bta_gattc(13357): system/bta/gatt/bta_gattc_act.cc:1738 bta_gattc_cmpl_cback: conn_id:304 op:6 status:142
04-29 23:07:17.166 V/gatt_api(13357): system/stack/gatt/gatt_api.cc:1660 GATT_GetConnectionInfor: conn_id=0x130
04-29 23:07:17.166 V/bt_bta_gattc(13357): system/bta/gatt/bta_gattc_act.cc:1738 bta_gattc_cmpl_cback: conn_id:303 op:6 status:142
04-29 23:07:17.166 V/gatt_api(13357): system/stack/gatt/gatt_api.cc:1660 GATT_GetConnectionInfor: conn_id=0x12f
04-29 23:07:17.166 V/bt_bta_gattc(13357): system/bta/gatt/bta_gattc_act.cc:1738 bta_gattc_cmpl_cback: conn_id:302 op:6 status:142
04-29 23:07:17.166 V/gatt_api(13357): system/stack/gatt/gatt_api.cc:1660 GATT_GetConnectionInfor: conn_id=0x12e
04-29 23:07:17.166 V/bt_bta_gattc(13357): system/bta/gatt/bta_gattc_act.cc:1738 bta_gattc_cmpl_cback: conn_id:300 op:6 status:142
04-29 23:07:17.166 V/gatt_api(13357): system/stack/gatt/gatt_api.cc:1660 GATT_GetConnectionInfor: conn_id=0x12c
04-29 23:07:17.166 D/bt_btif_gattc(13357): system/btif/src/btif_gatt_client.cc:177 btif_gattc_upstreams_evt: Event BTA_GATTC_NOTIF_EVT [10]
04-29 23:07:17.166 V/bluetooth(13357): system/stack/gatt/gatt_attr.cc:617 gatt_cl_op_cmpl_cback: opcode: 0x6 status: 142 conn id: 0x129
04-29 23:07:17.166 V/bluetooth(13357): system/stack/gatt/gatt_attr.cc:621 gatt_cl_op_cmpl_cback: Not interested in opcode 6
04-29 23:07:17.166 V/bt_btif_gattc(13357): system/btif/src/btif_gatt_client.cc:214 btif_gattc_upstreams_evt: HAL callbacks->client->notify_cb
04-29 23:07:17.166 V/BtGatt.GattService(13357): onNotify() - address=XX:XX:XX:XX:E4:06, handle=42, length=10
04-29 23:07:17.167 D/SmartSalesConn( 2607): 📥 RX [Notification]: Bat#92.73% (42 61 74 23 39 32 2E 37 33 25)
04-29 23:07:17.168 D/SmartSalesConn( 2607): ❓ Badge unknown notification: Bat#92.73%
04-29 23:07:17.205 D/AudioPipeline( 2607): SIM audio drawer entries emitted count=32 downloading=1 queued=0 holding=9 maxDownloadProgress=0.0
04-29 23:07:17.205 D/DownloadService( 2607): Audio files state: downloading=1, queued=0, ready=22, queueSize=9
04-29 23:07:17.206 I/vendor.qti.bluetooth@1.0-ibs_handler( 1963): ProcessIbsCmd: Received IBS_SLEEP_IND: 0xFE
04-29 23:07:17.206 D/vendor.qti.bluetooth@1.0-ibs_handler( 1963): SerialClockVote: vote for UART CLK OFF
04-29 23:07:17.214 D/FocusPlugin(13752): 0|com.smartsales.prism|-1327479600|null|10434 is not focus notification, isMedia: false
04-29 23:07:17.215 D/AlarmScheduler-fold(13752): addAlarm, key=0|com.smartsales.prism|-1327479600|null|10434, triggerTime=105120052
04-29 23:07:17.215 D/AlarmScheduler-fold(13752): cancelCurrentAlarm, key=0|com.smartsales.prism|-1327479600|null|10434, intent=92363970
04-29 23:07:17.215 D/AlarmScheduler-fold(13752): scheduleNextAlarm
04-29 23:07:17.215 D/AlarmScheduler-TIMEOUT(13752): addAlarm, key=0|com.smartsales.prism|-1327479600|null|10434, triggerTime=342720052
04-29 23:07:17.215 D/MiuiBubbleManager(13752): onEntryUpdated: com.android.systemui.statusbar.notification.collection.NotificationEntry@a905ca App
04-29 23:07:17.215 I/MiuiBubbleSettings(13752): com.smartsales.prism 0isAppEnableBubbleNotification: false
04-29 23:07:17.215 D/AlarmScheduler-fold(13752): scheduleNextAlarm, key=0|com.smartsales.prism|-1327479600|null|10434, triggerTime=105120052, intent=92363970
04-29 23:07:17.215 D/AlarmScheduler-fold(13752): setExactAlarm, key=0|com.smartsales.prism|-1327479600|null|10434, triggerTime=105120052, intent=92363970
04-29 23:07:17.216 E/AlarmManager( 4381): not align this alarm: Alarm{bd40e5f type 2 origWhen 105120052 whenElapsed 105120052 com.android.systemui}, reason=0
04-29 23:07:17.226 D/EmptyNotif(13752): setContractedChild: 0|com.smartsales.prism|-1327479600|null|10434  null
04-29 23:07:17.226 D/NotificationRowContentBinderInjectorImpl(13752): changeToFullAodContext: not need change full aod style
04-29 23:07:17.228 D/NotificationHeaderExpandController(13752): onExpansionChanged: progress =  0.0
04-29 23:07:17.229 D/LocalImageResolver(13752): Couldn't use ImageDecoder for drawable, falling back to non-resized load.
04-29 23:07:17.229 D/LocalImageResolver(13752): Couldn't use ImageDecoder for drawable, falling back to non-resized load.
04-29 23:07:17.239 D/AlertCoordinator(13752): onViewBound, buzzBeep for 0|com.smartsales.prism|-1327479600|null|10434
04-29 23:07:17.285 E/HwcComposer( 2214): getLuts failed Status(-129, EX_TRANSACTION_FAILED): 'UNKNOWN_TRANSACTION: '
04-29 23:07:17.292 I/vendor.qti.hardware.display.composer-service( 2001): Sensor: notify citsensorservice to trigger cwb, misForced = 0
04-29 23:07:17.292 I/SDM     ( 2001): CWB config passed by cwb_client : tappoint 1  CWB_ROI : (699.000000 110.000000 940.000000 351.000000) for display-0
04-29 23:07:17.308 I/SDM     ( 2001): HWDeviceDRM::SetupConcurrentWriteback: Tear down the Concurrent Writeback topology
04-29 23:07:17.310 D/BluetoothGatt( 2607): readRssi() - device: XX:XX:XX:XX:E4:06
04-29 23:07:17.311 D/BtGatt.GattService(13357): readRemoteRssi() - address=XX:XX:XX:XX:E4:06
04-29 23:07:17.311 D/bt_btif_gattc(13357): system/btif/src/btif_gatt_client.cc:644 btif_gattc_read_remote_rssi:
04-29 23:07:17.311 D/ble_sec (13357): system/stack/btm/btm_ble_sec.cc:539 BTM_ReadDevInfo: Determined device_type:BLE addr_type:public
04-29 23:07:17.311 D/bt_shim_hci(13357): system/main/shim/hci_layer.cc:233 transmit_command: Sending command READ_RSSI(0x1405)
04-29 23:07:17.311 D/vendor.qti.bluetooth@1.0-ibs_handler( 1963): SerialClockVote: vote for UART CLK ON
04-29 23:07:17.311 I/vendor.qti.bluetooth@1.0-ibs_handler( 1963): DeviceWakeUp: Writing IBS_WAKE_IND
04-29 23:07:17.315 I/vendor.qti.bluetooth@1.0-ibs_handler( 1963): ProcessIbsCmd: Received IBS_WAKE_ACK: 0xFC
04-29 23:07:17.315 I/vendor.qti.bluetooth@1.0-ibs_handler( 1963): ProcessIbsCmd: Signal wack_cond_
04-29 23:07:17.315 D/vendor.qti.bluetooth@1.0-ibs_handler( 1963): DeviceWakeUp: Unblocked from waiting for FC, pthread_cond_timedwait ret = 0
04-29 23:07:17.316 I/SDM     ( 2001): NotifyCWBStatus: Notify the client about buffer (0x8951a670) status 0 for display-0.
04-29 23:07:17.317 I/SDM     ( 2001): SDMConcurrentWriteBack::ProcessCWBStatus: CWB queue is empty. Display: 0
04-29 23:07:17.317 I/vendor.qti.bluetooth@1.0-ibs_handler( 1963): ProcessIbsCmd: Received IBS_WAKE_IND: 0xFD
04-29 23:07:17.317 I/vendor.qti.bluetooth@1.0-ibs_handler( 1963): ProcessIbsCmd: Writing IBS_WAKE_ACK
04-29 23:07:17.319 D/bt_shim_hci(13357): system/main/shim/hci_layer.cc:183 OnTransmitPacketCommandComplete: Received cmd complete for READ_RSSI(0x1405)
04-29 23:07:17.319 D/btm_acl (13357): system/stack/acl/btm_acl.cc:1867 btm_read_rssi_complete: Read rrsi complete rssi:-31 hci status:HCI_SUCCESS
04-29 23:07:17.319 V/bt_btif_gattc(13357): system/btif/src/btif_gatt_client.cc:308 btm_read_rssi_cb: HAL bt_gatt_callbacks->client->read_remote_rssi_cb
04-29 23:07:17.319 D/BtGatt.GattService(13357): onReadRemoteRssi() - clientIf=220 address=XX:XX:XX:XX:E4:06, rssi=-31, status=0
04-29 23:07:17.358 D/JavaheapMonitor(11399): Java heap used=9M max=256M, proc: com.miui.analytics
04-29 23:07:17.358 V/JavaheapMonitor(11399): Check java heap usage finished! Next check delay: 300000
04-29 23:07:17.359 I/vendor.qti.bluetooth@1.0-ibs_handler( 1963): ProcessIbsCmd: Received IBS_SLEEP_IND: 0xFE
04-29 23:07:17.381 I/NetworkAccelerateSwitchService( 4381): EVENT_RSSI_POLL. mRssiPoll=true
04-29 23:07:17.381 I/WifiService( 4381): getConnectionInfo uid=1000
04-29 23:07:17.381 V/WifiService( 4381): Clearing REDACT_FOR_LOCAL_MAC_ADDRESS for android(uid=1000)
04-29 23:07:17.381 V/WifiService( 4381): Clearing REDACT_FOR_NETWORK_SETTINGS for android(uid=1000)
04-29 23:07:17.381 V/WifiService( 4381): Clearing REDACT_FOR_ACCESS_FINE_LOCATION for android(uid=1000)
04-29 23:07:17.381 I/WifiService( 4381): getVerboseLoggingLevel uid=1000
04-29 23:07:17.381 I/NetworkAccelerateSwitchService( 4381): ================= checkWifiRssiAndLinkSpeed START ================
04-29 23:07:17.381 I/NetworkAccelerateSwitchService( 4381): checkWifiRssiAndLinkSpeed mMinRssiFastFadeDifference:9 mMedRssiFastFadeDifference:13 mMaxRssiFastFadeDifference:15
04-29 23:07:17.381 I/NetworkAccelerateSwitchService( 4381): checkWifiRssiAndLinkSpeed txBandwidthCapMbps:300
04-29 23:07:17.381 I/NetworkAccelerateSwitchService( 4381): checkWifiRssiAndLinkSpeed rxBandwidthCapMbps:300
04-29 23:07:17.381 I/NetworkAccelerateSwitchService( 4381): checkWifiRssiAndLinkSpeed mcsidx:-1
04-29 23:07:17.381 I/NetworkAccelerateSwitchService( 4381): checkWifiRssiAndLinkSpeed rssi difference:1
04-29 23:07:17.381 I/NetworkAccelerateSwitchService( 4381): checkWifiRssiAndLinkSpeed txBandwidthCapMbps proportions:1.0
04-29 23:07:17.381 I/NetworkAccelerateSwitchService( 4381): checkWifiRssiAndLinkSpeed rxBandwidthCapMbps proportions:1.0
04-29 23:07:17.381 I/NetworkAccelerateSwitchService( 4381): checkWifiRssiAndLinkSpeed mcsidx difference:0
04-29 23:07:17.381 I/NetworkAccelerateSwitchService( 4381): checkWifiRssiAndLinkSpeed FastFadeWeakNetThresholdAdjustment:0
04-29 23:07:17.381 I/NetworkAccelerateSwitchService( 4381): ================= checkWifiRssiAndLinkSpeed END ================
04-29 23:07:17.381 I/NetworkAccelerateSwitchService( 4381): checkWifiRssiAndLinkSpeed rssi:43
04-29 23:07:17.381 I/NetworkAccelerateSwitchService( 4381): checkWifiRssiAndLinkSpeed mWifiFastFade:false mWifiFastFadeAdjustThreshold:false
04-29 23:07:17.381 I/NetworkAccelerateSwitchService( 4381): getAverageWifiRssi:41
04-29 23:07:17.381 D/NetworkAccelerateSwitchService( 4381): checkIntervalModeChange mMovementState:false mIntervalMode:0 mIsBadLinkLayerQoE:false mBadLinkLayerQoETimes = 0
04-29 23:07:17.406 D/AudioPipeline( 2607): SIM audio drawer entries emitted count=32 downloading=1 queued=0 holding=9 maxDownloadProgress=0.0
04-29 23:07:17.406 D/DownloadService( 2607): Audio files state: downloading=1, queued=0, ready=22, queueSize=9
04-29 23:07:17.416 D/FocusPlugin(13752): 0|com.smartsales.prism|-1327479600|null|10434 is not focus notification, isMedia: false
04-29 23:07:17.418 D/AlarmScheduler-fold(13752): addAlarm, key=0|com.smartsales.prism|-1327479600|null|10434, triggerTime=105120255
04-29 23:07:17.418 D/AlarmScheduler-fold(13752): cancelCurrentAlarm, key=0|com.smartsales.prism|-1327479600|null|10434, intent=92363970
04-29 23:07:17.418 D/AlarmScheduler-fold(13752): scheduleNextAlarm
04-29 23:07:17.418 D/AlarmScheduler-TIMEOUT(13752): addAlarm, key=0|com.smartsales.prism|-1327479600|null|10434, triggerTime=342720255
04-29 23:07:17.418 D/MiuiBubbleManager(13752): onEntryUpdated: com.android.systemui.statusbar.notification.collection.NotificationEntry@a905ca App
04-29 23:07:17.418 I/MiuiBubbleSettings(13752): com.smartsales.prism 0isAppEnableBubbleNotification: false
04-29 23:07:17.419 D/AlarmScheduler-fold(13752): scheduleNextAlarm, key=0|com.smartsales.prism|-1327479600|null|10434, triggerTime=105120255, intent=92363970
04-29 23:07:17.419 D/AlarmScheduler-fold(13752): setExactAlarm, key=0|com.smartsales.prism|-1327479600|null|10434, triggerTime=105120255, intent=92363970
04-29 23:07:17.419 E/AlarmManager( 4381): not align this alarm: Alarm{22540ac type 2 origWhen 105120255 whenElapsed 105120255 com.android.systemui}, reason=0
04-29 23:07:17.423 D/EmptyNotif(13752): setContractedChild: 0|com.smartsales.prism|-1327479600|null|10434  null
04-29 23:07:17.423 D/NotificationRowContentBinderInjectorImpl(13752): changeToFullAodContext: not need change full aod style
04-29 23:07:17.427 D/NotificationHeaderExpandController(13752): onExpansionChanged: progress =  0.0
04-29 23:07:17.428 D/LocalImageResolver(13752): Couldn't use ImageDecoder for drawable, falling back to non-resized load.
04-29 23:07:17.429 D/LocalImageResolver(13752): Couldn't use ImageDecoder for drawable, falling back to non-resized load.
04-29 23:07:17.439 D/AlertCoordinator(13752): onViewBound, buzzBeep for 0|com.smartsales.prism|-1327479600|null|10434
04-29 23:07:17.441 W/ActivityManagerServiceImpl( 4381): Sending non-protected broadcast com.modemenhance.ACTION_MODEMWIFI_RSSI_POLL from system 13680:com.android.phone/1001 pkg com.android.phone. Callers=
04-29 23:07:17.442 I/WifiService( 4381): getConnectionInfo uid=1001
04-29 23:07:17.442 V/WifiService( 4381): Clearing REDACT_FOR_LOCAL_MAC_ADDRESS for com.android.phone(uid=1001)
04-29 23:07:17.442 V/WifiService( 4381): Clearing REDACT_FOR_NETWORK_SETTINGS for com.android.phone(uid=1001)
04-29 23:07:17.442 V/WifiService( 4381): Clearing REDACT_FOR_ACCESS_FINE_LOCATION for com.android.phone(uid=1001)
04-29 23:07:17.442 D/SlaveWifiManager(13680): getWifiSlaveConnectionInfo
04-29 23:07:17.485 E/HwcComposer( 2214): getLuts failed Status(-129, EX_TRANSACTION_FAILED): 'UNKNOWN_TRANSACTION: '
04-29 23:07:17.485 D/wpa_supplicant(13316): nl80211: Drv Event 81 (NL80211_CMD_TDLS_OPER) received for wlan0
04-29 23:07:17.485 D/wpa_supplicant(13316): nl80211: TDLS operation event
04-29 23:07:17.485 D/wpa_supplicant(13316): nl80211: TDLS discovery request for peer 14:c1:9f:d7:e3:ec
04-29 23:07:17.485 D/wpa_supplicant(13316): wlan0: Event TDLS (7) received
04-29 23:07:17.486 D/wpa_supplicant(13316): nl80211: Drv Event 81 (NL80211_CMD_TDLS_OPER) received for wlan0
04-29 23:07:17.486 D/wpa_supplicant(13316): nl80211: TDLS operation event
04-29 23:07:17.486 D/wpa_supplicant(13316): nl80211: TDLS discovery request for peer 1c:db:d4:9b:8f:94
04-29 23:07:17.486 D/wpa_supplicant(13316): wlan0: Event TDLS (7) received
04-29 23:07:17.486 D/wpa_supplicant(13316): nl80211: Drv Event 81 (NL80211_CMD_TDLS_OPER) received for wlan0
04-29 23:07:17.486 D/wpa_supplicant(13316): nl80211: TDLS operation event
04-29 23:07:17.486 D/wpa_supplicant(13316): nl80211: TDLS discovery request for peer 14:c1:9f:d7:e4:04
04-29 23:07:17.486 D/wpa_supplicant(13316): wlan0: Event TDLS (7) received
04-29 23:07:17.492 I/vendor.qti.hardware.display.composer-service( 2001): Sensor: notify citsensorservice to trigger cwb, misForced = 0
04-29 23:07:17.493 I/SDM     ( 2001): CWB config passed by cwb_client : tappoint 1  CWB_ROI : (699.000000 110.000000 940.000000 351.000000) for display-0
04-29 23:07:17.508 I/SDM     ( 2001): HWDeviceDRM::SetupConcurrentWriteback: Tear down the Concurrent Writeback topology
04-29 23:07:17.516 I/SDM     ( 2001): NotifyCWBStatus: Notify the client about buffer (0x8951b430) status 0 for display-0.
04-29 23:07:17.517 I/SDM     ( 2001): SDMConcurrentWriteBack::ProcessCWBStatus: CWB queue is empty. Display: 0
04-29 23:07:17.547 I/WifiService( 4381): isFeatureSupported uid=1000 returns [WIFI_FEATURE_INFRA, WIFI_FEATURE_PASSPOINT, WIFI_FEATURE_P2P, WIFI_FEATURE_MOBILE_HOTSPOT, WIFI_FEATURE_AWARE, WIFI_FEATURE_PNO, WIFI_FEATURE_TDLS, WIFI_FEATURE_AP_STA, WIFI_FEATURE_LINK_LAYER_STATS, WIFI_FEATURE_RSSI_MONITOR, WIFI_FEATURE_CONFIG_NDO, WIFI_FEATURE_CONTROL_ROAMING, WIFI_FEATURE_TX_POWER_LIMIT, WIFI_FEATURE_WPA3_SAE, WIFI_FEATURE_WPA3_SUITE_B, WIFI_FEATURE_OWE, WIFI_FEATURE_LOW_LATENCY, WIFI_FEATURE_DPP, WIFI_FEATURE_CONNECTED_RAND_MAC, WIFI_FEATURE_AP_RAND_MAC, WIFI_FEATURE_MBO, WIFI_FEATURE_OCE, WIFI_FEATURE_WAPI, WIFI_FEATURE_FILS_SHA256, WIFI_FEATURE_FILS_SHA384, WIFI_FEATURE_SAE_PK, WIFI_FEATURE_DPP_ENROLLEE_RESPONDER, WIFI_FEATURE_PASSPOINT_TERMS_AND_CONDITIONS, WIFI_FEATURE_SAE_H2E, WIFI_FEATURE_WFD_R2, WIFI_FEATURE_DECORATED_IDENTITY, WIFI_FEATURE_TRUST_ON_FIRST_USE, WIFI_FEATURE_ADDITIONAL_STA_MULTI_INTERNET, WIFI_FEATURE_SET_TLS_MINIMUM_VERSION, WIFI_FEATURE_TLS_V1_3, WIFI_FEATURE_DUAL_BAND_SIMULTANEOUS, WIFI_FEATURE_WEP, WIFI_FEATURE_WPA_PERSONAL, WIFI_FEATURE_AGGRESSIVE_ROAMING_MODE_SUPPORT]
04-29 23:07:17.548 I/WifiService( 4381): getWifiActivityEnergyInfoAsync uid=1000
04-29 23:07:17.555 V/BluetoothServiceJni(13357): android/app/jni/com_android_bluetooth_btservice_AdapterService.cpp:1828 readEnergyInfoNative:
04-29 23:07:17.555 V/btm_ble_cont_energy(13357): system/stack/btm/btm_ble_cont_energy.cc:91 BTM_BleGetEnergyInfo: BTM_BleGetEnergyInfo
04-29 23:07:17.555 V/devctl  (13357): system/stack/btm/btm_devctl.cc:365 BTM_VendorSpecificCommand: BTM: Opcode: 0xFD59, ParamLen: 0.
04-29 23:07:17.555 D/bt_shim_hci(13357): system/main/shim/hci_layer.cc:233 transmit_command: Sending command LE_ENERGY_INFO(0xfd59)
04-29 23:07:17.556 I/vendor.qti.bluetooth@1.0-ibs_handler( 1963): ProcessIbsCmd: Received IBS_WAKE_IND: 0xFD
04-29 23:07:17.556 I/vendor.qti.bluetooth@1.0-ibs_handler( 1963): ProcessIbsCmd: Writing IBS_WAKE_ACK
04-29 23:07:17.557 D/bt_shim_hci(13357): system/main/shim/hci_layer.cc:183 OnTransmitPacketCommandComplete: Received cmd complete for LE_ENERGY_INFO(0xfd59)
04-29 23:07:17.557 V/btm_ble_cont_energy(13357): system/stack/btm/btm_ble_cont_energy.cc:64 btm_ble_cont_energy_cmpl_cback: energy_info status=0,tx_t=4515, rx_t=33396, ener_used=11022821, idle_t=342125
04-29 23:07:17.557 V/bt_btm_pm(13357): system/stack/acl/btm_pm.cc:917 BTM_PM_ReadBleScanDutyCycle: LE 1m scan_window:128 scan interval:1920
