04-29 23:07:28.280 D/vendor.qti.bluetooth@1.0-wake_lock( 1963): Release wakelock is released
04-29 23:07:28.370 D/AudioPipeline( 2607): SIM audio drawer entries emitted count=32 downloading=1 queued=0 holding=9 maxDownloadProgress=0.0
04-29 23:07:28.370 D/DownloadService( 2607): Audio files state: downloading=1, queued=0, ready=22, queueSize=9
04-29 23:07:28.372 E/HwcComposer( 2214): getLuts failed Status(-129, EX_TRANSACTION_FAILED): 'UNKNOWN_TRANSACTION: '
04-29 23:07:28.380 D/FocusPlugin(13752): 0|com.smartsales.prism|-1327479600|null|10434 is not focus notification, isMedia: false
04-29 23:07:28.380 D/AlarmScheduler-fold(13752): addAlarm, key=0|com.smartsales.prism|-1327479600|null|10434, triggerTime=105131218
04-29 23:07:28.381 D/AlarmScheduler-fold(13752): cancelCurrentAlarm, key=0|com.smartsales.prism|-1327479600|null|10434, intent=92363970
04-29 23:07:28.381 D/AlarmScheduler-fold(13752): scheduleNextAlarm
04-29 23:07:28.381 D/AlarmScheduler-TIMEOUT(13752): addAlarm, key=0|com.smartsales.prism|-1327479600|null|10434, triggerTime=342731218
04-29 23:07:28.381 D/MiuiBubbleManager(13752): onEntryUpdated: com.android.systemui.statusbar.notification.collection.NotificationEntry@a905ca App
04-29 23:07:28.381 I/MiuiBubbleSettings(13752): com.smartsales.prism 0isAppEnableBubbleNotification: false
04-29 23:07:28.381 D/AlarmScheduler-fold(13752): scheduleNextAlarm, key=0|com.smartsales.prism|-1327479600|null|10434, triggerTime=105131218, intent=92363970
04-29 23:07:28.381 D/AlarmScheduler-fold(13752): setExactAlarm, key=0|com.smartsales.prism|-1327479600|null|10434, triggerTime=105131218, intent=92363970
04-29 23:07:28.382 E/AlarmManager( 4381): not align this alarm: Alarm{8ea6bf6 type 2 origWhen 105131218 whenElapsed 105131218 com.android.systemui}, reason=0
04-29 23:07:28.393 D/EmptyNotif(13752): setContractedChild: 0|com.smartsales.prism|-1327479600|null|10434  null
04-29 23:07:28.393 D/NotificationRowContentBinderInjectorImpl(13752): changeToFullAodContext: not need change full aod style
04-29 23:07:28.398 D/NotificationHeaderExpandController(13752): onExpansionChanged: progress =  0.0
04-29 23:07:28.398 D/LocalImageResolver(13752): Couldn't use ImageDecoder for drawable, falling back to non-resized load.
04-29 23:07:28.399 D/LocalImageResolver(13752): Couldn't use ImageDecoder for drawable, falling back to non-resized load.
04-29 23:07:28.408 D/AlertCoordinator(13752): onViewBound, buzzBeep for 0|com.smartsales.prism|-1327479600|null|10434
04-29 23:07:28.415 I/libsensor-boledalgo( 2802): dbv:1524,lux:218.2,cct:4947.6,hsv:359.4, CWB R:0.7,G:0.7,B:5.9 Event C:4597.9,R:2331.7,G:1825.0,B:920.2 Cali C:0.0,R:0.0,G:0.0,B:0.0
04-29 23:07:28.461 I/vendor.qti.hardware.display.composer-service( 2001): Sensor: notify citsensorservice to trigger cwb, misForced = 0
04-29 23:07:28.461 I/SDM     ( 2001): CWB config passed by cwb_client : tappoint 1  CWB_ROI : (699.000000 110.000000 940.000000 351.000000) for display-0
04-29 23:07:28.478 I/SDM     ( 2001): HWDeviceDRM::SetupConcurrentWriteback: Tear down the Concurrent Writeback topology
04-29 23:07:28.486 I/SDM     ( 2001): NotifyCWBStatus: Notify the client about buffer (0x89516730) status 0 for display-0.
04-29 23:07:28.486 I/SDM     ( 2001): SDMConcurrentWriteBack::ProcessCWBStatus: CWB queue is empty. Display: 0
04-29 23:07:28.501 D/AidlBufferPool(14339): bufferpool2 0xb400007862cb21c8 : 66(122670 size) total buffers - 1(2113 size) used buffers - 56756/145070 (recycle/alloc) - 90108/145069 (fetch/transfer)
04-29 23:07:28.596 E/HwcComposer( 2214): getLuts failed Status(-129, EX_TRANSACTION_FAILED): 'UNKNOWN_TRANSACTION: '
04-29 23:07:28.640 D/AudioPipeline( 2607): SIM audio drawer entries emitted count=32 downloading=1 queued=0 holding=9 maxDownloadProgress=0.0
04-29 23:07:28.641 D/DownloadService( 2607): Audio files state: downloading=1, queued=0, ready=22, queueSize=9
04-29 23:07:28.649 D/FocusPlugin(13752): 0|com.smartsales.prism|-1327479600|null|10434 is not focus notification, isMedia: false
04-29 23:07:28.650 D/AlarmScheduler-fold(13752): addAlarm, key=0|com.smartsales.prism|-1327479600|null|10434, triggerTime=105131487
04-29 23:07:28.650 D/AlarmScheduler-fold(13752): cancelCurrentAlarm, key=0|com.smartsales.prism|-1327479600|null|10434, intent=92363970
04-29 23:07:28.650 D/AlarmScheduler-fold(13752): scheduleNextAlarm
04-29 23:07:28.650 D/AlarmScheduler-TIMEOUT(13752): addAlarm, key=0|com.smartsales.prism|-1327479600|null|10434, triggerTime=342731487
04-29 23:07:28.650 D/MiuiBubbleManager(13752): onEntryUpdated: com.android.systemui.statusbar.notification.collection.NotificationEntry@a905ca App
04-29 23:07:28.650 D/AlarmScheduler-fold(13752): scheduleNextAlarm, key=0|com.smartsales.prism|-1327479600|null|10434, triggerTime=105131487, intent=92363970
04-29 23:07:28.650 I/MiuiBubbleSettings(13752): com.smartsales.prism 0isAppEnableBubbleNotification: false
04-29 23:07:28.650 D/AlarmScheduler-fold(13752): setExactAlarm, key=0|com.smartsales.prism|-1327479600|null|10434, triggerTime=105131487, intent=92363970
04-29 23:07:28.651 E/AlarmManager( 4381): not align this alarm: Alarm{ef91bf7 type 2 origWhen 105131487 whenElapsed 105131487 com.android.systemui}, reason=0
04-29 23:07:28.659 D/EmptyNotif(13752): setContractedChild: 0|com.smartsales.prism|-1327479600|null|10434  null
04-29 23:07:28.659 D/NotificationRowContentBinderInjectorImpl(13752): changeToFullAodContext: not need change full aod style
04-29 23:07:28.663 D/NotificationHeaderExpandController(13752): onExpansionChanged: progress =  0.0
04-29 23:07:28.664 D/LocalImageResolver(13752): Couldn't use ImageDecoder for drawable, falling back to non-resized load.
04-29 23:07:28.664 D/LocalImageResolver(13752): Couldn't use ImageDecoder for drawable, falling back to non-resized load.
04-29 23:07:28.670 I/vendor.qti.hardware.display.composer-service( 2001): Sensor: notify citsensorservice to trigger cwb, misForced = 0
04-29 23:07:28.670 I/SDM     ( 2001): CWB config passed by cwb_client : tappoint 1  CWB_ROI : (699.000000 110.000000 940.000000 351.000000) for display-0
04-29 23:07:28.674 D/AlertCoordinator(13752): onViewBound, buzzBeep for 0|com.smartsales.prism|-1327479600|null|10434
04-29 23:07:28.677 I/SDM     ( 2001): PartialUpdateSrcSplit::AddClientRoiAsDirtyRect: Adding Client's CWB ROI as a dirty rect to dirty rects list.
04-29 23:07:28.677 I/SDM     ( 2001): PartialUpdateSrcSplit::GenerateMultiROI: CWB ROI : 699.000000 110.000000 940.000000 351.000000
04-29 23:07:28.677 I/SDM     ( 2001): PartialUpdateSrcSplit::AddClientRoiAsDirtyRect: Adding Client's CWB ROI as a dirty rect to dirty rects list.
04-29 23:07:28.677 I/SDM     ( 2001): PartialUpdateSrcSplit::GenerateMultiROI: CWB ROI : 699.000000 110.000000 940.000000 351.000000
04-29 23:07:28.686 I/SDM     ( 2001): HWDeviceDRM::SetupConcurrentWriteback: Tear down the Concurrent Writeback topology
04-29 23:07:28.694 I/SDM     ( 2001): NotifyCWBStatus: Notify the client about buffer (0x89516730) status 0 for display-0.
04-29 23:07:28.694 I/SDM     ( 2001): SDMConcurrentWriteBack::ProcessCWBStatus: CWB queue is empty. Display: 0
04-29 23:07:28.700 D/JavaheapMonitor(11742): Java heap used=12M max=256M, proc: com.miui.securitycenter.remote
04-29 23:07:28.700 V/JavaheapMonitor(11742): Check java heap usage finished! Next check delay: 300000
04-29 23:07:28.821 E/HwcComposer( 2214): getLuts failed Status(-129, EX_TRANSACTION_FAILED): 'UNKNOWN_TRANSACTION: '
04-29 23:07:28.862 D/AudioPipeline( 2607): SIM audio drawer entries emitted count=32 downloading=1 queued=0 holding=9 maxDownloadProgress=0.0
04-29 23:07:28.862 D/DownloadService( 2607): Audio files state: downloading=1, queued=0, ready=22, queueSize=9
04-29 23:07:28.871 D/FocusPlugin(13752): 0|com.smartsales.prism|-1327479600|null|10434 is not focus notification, isMedia: false
04-29 23:07:28.871 D/AlarmScheduler-fold(13752): addAlarm, key=0|com.smartsales.prism|-1327479600|null|10434, triggerTime=105131708
04-29 23:07:28.871 D/AlarmScheduler-fold(13752): cancelCurrentAlarm, key=0|com.smartsales.prism|-1327479600|null|10434, intent=92363970
04-29 23:07:28.871 D/AlarmScheduler-fold(13752): scheduleNextAlarm
04-29 23:07:28.872 D/AlarmScheduler-TIMEOUT(13752): addAlarm, key=0|com.smartsales.prism|-1327479600|null|10434, triggerTime=342731709
04-29 23:07:28.872 D/MiuiBubbleManager(13752): onEntryUpdated: com.android.systemui.statusbar.notification.collection.NotificationEntry@a905ca App
04-29 23:07:28.872 I/MiuiBubbleSettings(13752): com.smartsales.prism 0isAppEnableBubbleNotification: false
04-29 23:07:28.872 D/AlarmScheduler-fold(13752): scheduleNextAlarm, key=0|com.smartsales.prism|-1327479600|null|10434, triggerTime=105131708, intent=92363970
04-29 23:07:28.872 D/AlarmScheduler-fold(13752): setExactAlarm, key=0|com.smartsales.prism|-1327479600|null|10434, triggerTime=105131708, intent=92363970
04-29 23:07:28.872 E/AlarmManager( 4381): not align this alarm: Alarm{ea05a64 type 2 origWhen 105131708 whenElapsed 105131708 com.android.systemui}, reason=0
04-29 23:07:28.877 I/vendor.qti.hardware.display.composer-service( 2001): Sensor: notify citsensorservice to trigger cwb, misForced = 0
04-29 23:07:28.877 I/SDM     ( 2001): CWB config passed by cwb_client : tappoint 1  CWB_ROI : (699.000000 110.000000 940.000000 351.000000) for display-0
04-29 23:07:28.881 D/AidlBufferPool(14339): bufferpool2 0xb400007862cb21c8 : 66(126283 size) total buffers - 1(1895 size) used buffers - 56760/145091 (recycle/alloc) - 90125/145090 (fetch/transfer)
04-29 23:07:28.884 D/EmptyNotif(13752): setContractedChild: 0|com.smartsales.prism|-1327479600|null|10434  null
04-29 23:07:28.884 D/NotificationRowContentBinderInjectorImpl(13752): changeToFullAodContext: not need change full aod style
04-29 23:07:28.888 D/NotificationHeaderExpandController(13752): onExpansionChanged: progress =  0.0
04-29 23:07:28.889 D/LocalImageResolver(13752): Couldn't use ImageDecoder for drawable, falling back to non-resized load.
04-29 23:07:28.889 D/LocalImageResolver(13752): Couldn't use ImageDecoder for drawable, falling back to non-resized load.
04-29 23:07:28.894 I/SDM     ( 2001): HWDeviceDRM::SetupConcurrentWriteback: Tear down the Concurrent Writeback topology
04-29 23:07:28.899 D/AlertCoordinator(13752): onViewBound, buzzBeep for 0|com.smartsales.prism|-1327479600|null|10434
04-29 23:07:28.902 I/SDM     ( 2001): NotifyCWBStatus: Notify the client about buffer (0x8951d480) status 0 for display-0.
04-29 23:07:28.902 I/SDM     ( 2001): SDMConcurrentWriteBack::ProcessCWBStatus: CWB queue is empty. Display: 0
04-29 23:07:28.961 D/JavaheapMonitor(14456): Java heap used=28M max=256M, proc: com.google.android.gms.persistent
04-29 23:07:28.961 V/JavaheapMonitor(14456): Check java heap usage finished! Next check delay: 300000
04-29 23:07:29.045 E/HwcComposer( 2214): getLuts failed Status(-129, EX_TRANSACTION_FAILED): 'UNKNOWN_TRANSACTION: '
04-29 23:07:29.051 I/libsensor-boledalgo( 2802): dbv:1524,lux:222.4,cct:4831.7,hsv:359.4, CWB R:0.7,G:0.7,B:5.9 Event C:4608.1,R:2319.9,G:1842.6,B:903.6 Cali C:0.0,R:0.0,G:0.0,B:0.0
04-29 23:07:29.064 D/AudioPipeline( 2607): SIM audio drawer entries emitted count=32 downloading=1 queued=0 holding=9 maxDownloadProgress=0.0
04-29 23:07:29.064 D/DownloadService( 2607): Audio files state: downloading=1, queued=0, ready=22, queueSize=9
04-29 23:07:29.071 D/FocusPlugin(13752): 0|com.smartsales.prism|-1327479600|null|10434 is not focus notification, isMedia: false
04-29 23:07:29.072 D/AlarmScheduler-fold(13752): addAlarm, key=0|com.smartsales.prism|-1327479600|null|10434, triggerTime=105131909
04-29 23:07:29.072 D/AlarmScheduler-fold(13752): cancelCurrentAlarm, key=0|com.smartsales.prism|-1327479600|null|10434, intent=92363970
04-29 23:07:29.072 D/AlarmScheduler-fold(13752): scheduleNextAlarm
04-29 23:07:29.072 D/AlarmScheduler-TIMEOUT(13752): addAlarm, key=0|com.smartsales.prism|-1327479600|null|10434, triggerTime=342731909
04-29 23:07:29.072 D/MiuiBubbleManager(13752): onEntryUpdated: com.android.systemui.statusbar.notification.collection.NotificationEntry@a905ca App
04-29 23:07:29.072 I/MiuiBubbleSettings(13752): com.smartsales.prism 0isAppEnableBubbleNotification: false
04-29 23:07:29.072 D/AlarmScheduler-fold(13752): scheduleNextAlarm, key=0|com.smartsales.prism|-1327479600|null|10434, triggerTime=105131909, intent=92363970
04-29 23:07:29.072 D/AlarmScheduler-fold(13752): setExactAlarm, key=0|com.smartsales.prism|-1327479600|null|10434, triggerTime=105131909, intent=92363970
04-29 23:07:29.072 E/AlarmManager( 4381): not align this alarm: Alarm{32924cd type 2 origWhen 105131909 whenElapsed 105131909 com.android.systemui}, reason=0
04-29 23:07:29.083 D/EmptyNotif(13752): setContractedChild: 0|com.smartsales.prism|-1327479600|null|10434  null
04-29 23:07:29.083 D/NotificationRowContentBinderInjectorImpl(13752): changeToFullAodContext: not need change full aod style
04-29 23:07:29.085 I/vendor.qti.hardware.display.composer-service( 2001): Sensor: notify citsensorservice to trigger cwb, misForced = 0
04-29 23:07:29.085 I/SDM     ( 2001): CWB config passed by cwb_client : tappoint 1  CWB_ROI : (699.000000 110.000000 940.000000 351.000000) for display-0
04-29 23:07:29.087 D/NotificationHeaderExpandController(13752): onExpansionChanged: progress =  0.0
04-29 23:07:29.088 D/LocalImageResolver(13752): Couldn't use ImageDecoder for drawable, falling back to non-resized load.
04-29 23:07:29.088 D/LocalImageResolver(13752): Couldn't use ImageDecoder for drawable, falling back to non-resized load.
04-29 23:07:29.093 I/SDM     ( 2001): PartialUpdateSrcSplit::AddClientRoiAsDirtyRect: Adding Client's CWB ROI as a dirty rect to dirty rects list.
04-29 23:07:29.093 I/SDM     ( 2001): PartialUpdateSrcSplit::GenerateMultiROI: CWB ROI : 699.000000 110.000000 940.000000 351.000000
04-29 23:07:29.098 D/AlertCoordinator(13752): onViewBound, buzzBeep for 0|com.smartsales.prism|-1327479600|null|10434
04-29 23:07:29.102 I/SDM     ( 2001): HWDeviceDRM::SetupConcurrentWriteback: Tear down the Concurrent Writeback topology
04-29 23:07:29.110 I/SDM     ( 2001): NotifyCWBStatus: Notify the client about buffer (0x8951a7d0) status 0 for display-0.
04-29 23:07:29.110 I/SDM     ( 2001): SDMConcurrentWriteBack::ProcessCWBStatus: CWB queue is empty. Display: 0
04-29 23:07:29.235 D/AidlBufferPool(14339): bufferpool2 0xb400007862cb21c8 : 66(127637 size) total buffers - 1(1749 size) used buffers - 56763/145111 (recycle/alloc) - 90142/145110 (fetch/transfer)
04-29 23:07:29.245 E/HwcComposer( 2214): getLuts failed Status(-129, EX_TRANSACTION_FAILED): 'UNKNOWN_TRANSACTION: '
04-29 23:07:29.265 I/libsensor-boledalgo( 2802): dbv:1524,lux:221.4,cct:4896.3,hsv:359.4, CWB R:0.7,G:0.7,B:5.9 Event C:4607.4,R:2319.3,G:1843.2,B:913.3 Cali C:0.0,R:0.0,G:0.0,B:0.0
04-29 23:07:29.265 D/QLM-Service(15796): check_headroom_zone: Timer EVT, Temp: 60874
04-29 23:07:29.267 D/AudioPipeline( 2607): SIM audio drawer entries emitted count=32 downloading=1 queued=0 holding=9 maxDownloadProgress=0.0
04-29 23:07:29.267 D/DownloadService( 2607): Audio files state: downloading=1, queued=0, ready=22, queueSize=9
04-29 23:07:29.275 D/FocusPlugin(13752): 0|com.smartsales.prism|-1327479600|null|10434 is not focus notification, isMedia: false
04-29 23:07:29.275 D/AlarmScheduler-fold(13752): addAlarm, key=0|com.smartsales.prism|-1327479600|null|10434, triggerTime=105132112
04-29 23:07:29.275 D/AlarmScheduler-fold(13752): cancelCurrentAlarm, key=0|com.smartsales.prism|-1327479600|null|10434, intent=92363970
04-29 23:07:29.275 D/AlarmScheduler-fold(13752): scheduleNextAlarm
04-29 23:07:29.275 D/AlarmScheduler-TIMEOUT(13752): addAlarm, key=0|com.smartsales.prism|-1327479600|null|10434, triggerTime=342732112
04-29 23:07:29.275 D/MiuiBubbleManager(13752): onEntryUpdated: com.android.systemui.statusbar.notification.collection.NotificationEntry@a905ca App
04-29 23:07:29.275 I/MiuiBubbleSettings(13752): com.smartsales.prism 0isAppEnableBubbleNotification: false
04-29 23:07:29.276 D/AlarmScheduler-fold(13752): scheduleNextAlarm, key=0|com.smartsales.prism|-1327479600|null|10434, triggerTime=105132112, intent=92363970
04-29 23:07:29.276 D/AlarmScheduler-fold(13752): setExactAlarm, key=0|com.smartsales.prism|-1327479600|null|10434, triggerTime=105132112, intent=92363970
04-29 23:07:29.276 E/AlarmManager( 4381): not align this alarm: Alarm{23ab8d0 type 2 origWhen 105132112 whenElapsed 105132112 com.android.systemui}, reason=0
04-29 23:07:29.283 D/EmptyNotif(13752): setContractedChild: 0|com.smartsales.prism|-1327479600|null|10434  null
04-29 23:07:29.283 D/NotificationRowContentBinderInjectorImpl(13752): changeToFullAodContext: not need change full aod style
04-29 23:07:29.287 D/NotificationHeaderExpandController(13752): onExpansionChanged: progress =  0.0
04-29 23:07:29.288 D/LocalImageResolver(13752): Couldn't use ImageDecoder for drawable, falling back to non-resized load.
04-29 23:07:29.288 D/LocalImageResolver(13752): Couldn't use ImageDecoder for drawable, falling back to non-resized load.
04-29 23:07:29.293 I/vendor.qti.hardware.display.composer-service( 2001): Sensor: notify citsensorservice to trigger cwb, misForced = 0
04-29 23:07:29.294 I/SDM     ( 2001): CWB config passed by cwb_client : tappoint 1  CWB_ROI : (699.000000 110.000000 940.000000 351.000000) for display-0
04-29 23:07:29.298 D/AlertCoordinator(13752): onViewBound, buzzBeep for 0|com.smartsales.prism|-1327479600|null|10434
04-29 23:07:29.301 I/SDM     ( 2001): PartialUpdateSrcSplit::AddClientRoiAsDirtyRect: Adding Client's CWB ROI as a dirty rect to dirty rects list.
04-29 23:07:29.301 I/SDM     ( 2001): PartialUpdateSrcSplit::GenerateMultiROI: CWB ROI : 699.000000 110.000000 940.000000 351.000000
04-29 23:07:29.301 I/SDM     ( 2001): PartialUpdateSrcSplit::AddClientRoiAsDirtyRect: Adding Client's CWB ROI as a dirty rect to dirty rects list.
04-29 23:07:29.301 I/SDM     ( 2001): PartialUpdateSrcSplit::GenerateMultiROI: CWB ROI : 699.000000 110.000000 940.000000 351.000000
04-29 23:07:29.310 I/SDM     ( 2001): HWDeviceDRM::SetupConcurrentWriteback: Tear down the Concurrent Writeback topology
04-29 23:07:29.318 I/SDM     ( 2001): NotifyCWBStatus: Notify the client about buffer (0x89516730) status 0 for display-0.
04-29 23:07:29.318 I/SDM     ( 2001): SDMConcurrentWriteBack::ProcessCWBStatus: CWB queue is empty. Display: 0
04-29 23:07:29.382 D/BluetoothGatt( 2607): readRssi() - device: XX:XX:XX:XX:E4:06
04-29 23:07:29.383 D/BtGatt.GattService(13357): readRemoteRssi() - address=XX:XX:XX:XX:E4:06
04-29 23:07:29.383 D/bt_btif_gattc(13357): system/btif/src/btif_gatt_client.cc:644 btif_gattc_read_remote_rssi:
04-29 23:07:29.383 D/ble_sec (13357): system/stack/btm/btm_ble_sec.cc:539 BTM_ReadDevInfo: Determined device_type:BLE addr_type:public
04-29 23:07:29.383 D/bt_shim_hci(13357): system/main/shim/hci_layer.cc:233 transmit_command: Sending command READ_RSSI(0x1405)
04-29 23:07:29.384 D/vendor.qti.bluetooth@1.0-ibs_handler( 1963): SerialClockVote: vote for UART CLK ON
04-29 23:07:29.385 D/vendor.qti.bluetooth@1.0-wake_lock( 1963): Acquire wakelock is acquired
04-29 23:07:29.385 I/vendor.qti.bluetooth@1.0-ibs_handler( 1963): DeviceWakeUp: Writing IBS_WAKE_IND
04-29 23:07:29.388 I/vendor.qti.bluetooth@1.0-ibs_handler( 1963): ProcessIbsCmd: Received IBS_WAKE_ACK: 0xFC
04-29 23:07:29.388 I/vendor.qti.bluetooth@1.0-ibs_handler( 1963): ProcessIbsCmd: Signal wack_cond_
04-29 23:07:29.388 D/vendor.qti.bluetooth@1.0-ibs_handler( 1963): DeviceWakeUp: Unblocked from waiting for FC, pthread_cond_timedwait ret = 0
04-29 23:07:29.389 I/vendor.qti.bluetooth@1.0-ibs_handler( 1963): ProcessIbsCmd: Received IBS_WAKE_IND: 0xFD
04-29 23:07:29.389 I/vendor.qti.bluetooth@1.0-ibs_handler( 1963): ProcessIbsCmd: Writing IBS_WAKE_ACK
04-29 23:07:29.390 D/bt_shim_hci(13357): system/main/shim/hci_layer.cc:183 OnTransmitPacketCommandComplete: Received cmd complete for READ_RSSI(0x1405)
04-29 23:07:29.390 D/btm_acl (13357): system/stack/acl/btm_acl.cc:1867 btm_read_rssi_complete: Read rrsi complete rssi:-33 hci status:HCI_SUCCESS
04-29 23:07:29.390 V/bt_btif_gattc(13357): system/btif/src/btif_gatt_client.cc:308 btm_read_rssi_cb: HAL bt_gatt_callbacks->client->read_remote_rssi_cb
04-29 23:07:29.390 D/BtGatt.GattService(13357): onReadRemoteRssi() - clientIf=220 address=XX:XX:XX:XX:E4:06, rssi=-33, status=0
04-29 23:07:29.390 I/NetworkAccelerateSwitchService( 4381): EVENT_RSSI_POLL. mRssiPoll=true
04-29 23:07:29.390 I/WifiService( 4381): getConnectionInfo uid=1000
04-29 23:07:29.391 V/WifiService( 4381): Clearing REDACT_FOR_LOCAL_MAC_ADDRESS for android(uid=1000)
04-29 23:07:29.391 V/WifiService( 4381): Clearing REDACT_FOR_NETWORK_SETTINGS for android(uid=1000)
04-29 23:07:29.391 V/WifiService( 4381): Clearing REDACT_FOR_ACCESS_FINE_LOCATION for android(uid=1000)
04-29 23:07:29.391 I/WifiService( 4381): getVerboseLoggingLevel uid=1000
04-29 23:07:29.391 I/NetworkAccelerateSwitchService( 4381): ================= checkWifiRssiAndLinkSpeed START ================
04-29 23:07:29.391 I/NetworkAccelerateSwitchService( 4381): checkWifiRssiAndLinkSpeed mMinRssiFastFadeDifference:9 mMedRssiFastFadeDifference:13 mMaxRssiFastFadeDifference:15
04-29 23:07:29.391 I/NetworkAccelerateSwitchService( 4381): checkWifiRssiAndLinkSpeed txBandwidthCapMbps:300
04-29 23:07:29.391 I/NetworkAccelerateSwitchService( 4381): checkWifiRssiAndLinkSpeed rxBandwidthCapMbps:300
04-29 23:07:29.391 I/NetworkAccelerateSwitchService( 4381): checkWifiRssiAndLinkSpeed mcsidx:-1
04-29 23:07:29.391 I/NetworkAccelerateSwitchService( 4381): checkWifiRssiAndLinkSpeed rssi difference:0
04-29 23:07:29.391 I/NetworkAccelerateSwitchService( 4381): checkWifiRssiAndLinkSpeed txBandwidthCapMbps proportions:1.0
04-29 23:07:29.391 I/NetworkAccelerateSwitchService( 4381): checkWifiRssiAndLinkSpeed rxBandwidthCapMbps proportions:1.0
04-29 23:07:29.391 I/NetworkAccelerateSwitchService( 4381): checkWifiRssiAndLinkSpeed mcsidx difference:0
04-29 23:07:29.391 I/NetworkAccelerateSwitchService( 4381): checkWifiRssiAndLinkSpeed FastFadeWeakNetThresholdAdjustment:0
04-29 23:07:29.391 I/NetworkAccelerateSwitchService( 4381): ================= checkWifiRssiAndLinkSpeed END ================
04-29 23:07:29.391 I/NetworkAccelerateSwitchService( 4381): checkWifiRssiAndLinkSpeed rssi:41
04-29 23:07:29.391 I/NetworkAccelerateSwitchService( 4381): checkWifiRssiAndLinkSpeed mWifiFastFade:false mWifiFastFadeAdjustThreshold:false
04-29 23:07:29.391 I/NetworkAccelerateSwitchService( 4381): getAverageWifiRssi:41
04-29 23:07:29.391 D/NetworkAccelerateSwitchService( 4381): checkIntervalModeChange mMovementState:false mIntervalMode:0 mIsBadLinkLayerQoE:false mBadLinkLayerQoETimes = 0
04-29 23:07:29.434 I/vendor.qti.bluetooth@1.0-ibs_handler( 1963): ProcessIbsCmd: Received IBS_SLEEP_IND: 0xFE
04-29 23:07:29.469 E/HwcComposer( 2214): getLuts failed Status(-129, EX_TRANSACTION_FAILED): 'UNKNOWN_TRANSACTION: '
04-29 23:07:29.497 D/AudioPipeline( 2607): SIM audio drawer entries emitted count=32 downloading=1 queued=0 holding=9 maxDownloadProgress=0.0
04-29 23:07:29.498 D/DownloadService( 2607): Audio files state: downloading=1, queued=0, ready=22, queueSize=9
04-29 23:07:29.502 I/vendor.qti.hardware.display.composer-service( 2001): Sensor: notify citsensorservice to trigger cwb, misForced = 0
04-29 23:07:29.502 I/SDM     ( 2001): CWB config passed by cwb_client : tappoint 1  CWB_ROI : (699.000000 110.000000 940.000000 351.000000) for display-0
04-29 23:07:29.505 D/FocusPlugin(13752): 0|com.smartsales.prism|-1327479600|null|10434 is not focus notification, isMedia: false
04-29 23:07:29.506 D/AlarmScheduler-fold(13752): addAlarm, key=0|com.smartsales.prism|-1327479600|null|10434, triggerTime=105132343
04-29 23:07:29.506 D/AlarmScheduler-TIMEOUT(13752): addAlarm, key=0|com.smartsales.prism|-1327479600|null|10434, triggerTime=342732343
04-29 23:07:29.506 D/MiuiBubbleManager(13752): onEntryUpdated: com.android.systemui.statusbar.notification.collection.NotificationEntry@a905ca App
04-29 23:07:29.506 D/AlarmScheduler-fold(13752): cancelCurrentAlarm, key=0|com.smartsales.prism|-1327479600|null|10434, intent=92363970
04-29 23:07:29.506 D/AlarmScheduler-fold(13752): scheduleNextAlarm
04-29 23:07:29.506 I/MiuiBubbleSettings(13752): com.smartsales.prism 0isAppEnableBubbleNotification: false
04-29 23:07:29.507 D/AlarmScheduler-fold(13752): scheduleNextAlarm, key=0|com.smartsales.prism|-1327479600|null|10434, triggerTime=105132343, intent=92363970
04-29 23:07:29.507 D/AlarmScheduler-fold(13752): setExactAlarm, key=0|com.smartsales.prism|-1327479600|null|10434, triggerTime=105132343, intent=92363970
04-29 23:07:29.507 E/AlarmManager( 4381): not align this alarm: Alarm{83040c9 type 2 origWhen 105132343 whenElapsed 105132343 com.android.systemui}, reason=0
04-29 23:07:29.516 D/EmptyNotif(13752): setContractedChild: 0|com.smartsales.prism|-1327479600|null|10434  null
04-29 23:07:29.516 D/NotificationRowContentBinderInjectorImpl(13752): changeToFullAodContext: not need change full aod style
04-29 23:07:29.517 I/SDM     ( 2001): HWDeviceDRM::SetupConcurrentWriteback: Tear down the Concurrent Writeback topology
04-29 23:07:29.520 D/NotificationHeaderExpandController(13752): onExpansionChanged: progress =  0.0
04-29 23:07:29.521 D/LocalImageResolver(13752): Couldn't use ImageDecoder for drawable, falling back to non-resized load.
04-29 23:07:29.521 D/LocalImageResolver(13752): Couldn't use ImageDecoder for drawable, falling back to non-resized load.
04-29 23:07:29.526 I/SDM     ( 2001): NotifyCWBStatus: Notify the client about buffer (0x8951d3d0) status 0 for display-0.
04-29 23:07:29.526 I/SDM     ( 2001): SDMConcurrentWriteBack::ProcessCWBStatus: CWB queue is empty. Display: 0
04-29 23:07:29.531 D/AlertCoordinator(13752): onViewBound, buzzBeep for 0|com.smartsales.prism|-1327479600|null|10434
04-29 23:07:29.639 I/vendor.qti.bluetooth@1.0-ibs_handler( 1963): DeviceSleep: TX Awake, Sending SLEEP_IND
04-29 23:07:29.639 D/vendor.qti.bluetooth@1.0-ibs_handler( 1963): SerialClockVote: vote for UART CLK OFF
04-29 23:07:29.656 W/ActivityManagerServiceImpl( 4381): Sending non-protected broadcast com.modemenhance.ACTION_MODEMWIFI_RSSI_POLL from system 13680:com.android.phone/1001 pkg com.android.phone. Callers=
04-29 23:07:29.657 I/WifiService( 4381): getConnectionInfo uid=1001
04-29 23:07:29.658 V/WifiService( 4381): Clearing REDACT_FOR_LOCAL_MAC_ADDRESS for com.android.phone(uid=1001)
04-29 23:07:29.658 V/WifiService( 4381): Clearing REDACT_FOR_NETWORK_SETTINGS for com.android.phone(uid=1001)
04-29 23:07:29.658 V/WifiService( 4381): Clearing REDACT_FOR_ACCESS_FINE_LOCATION for com.android.phone(uid=1001)
04-29 23:07:29.658 D/SlaveWifiManager(13680): getWifiSlaveConnectionInfo
04-29 23:07:29.688 I/libsensor-boledalgo( 2802): dbv:1524,lux:218.7,cct:4949.1,hsv:359.4, CWB R:0.7,G:0.7,B:5.9 Event C:4574.6,R:2342.7,G:1846.4,B:917.2 Cali C:0.0,R:0.0,G:0.0,B:0.0
04-29 23:07:29.695 E/HwcComposer( 2214): getLuts failed Status(-129, EX_TRANSACTION_FAILED): 'UNKNOWN_TRANSACTION: '
04-29 23:07:29.699 D/AudioPipeline( 2607): SIM audio drawer entries emitted count=32 downloading=1 queued=0 holding=9 maxDownloadProgress=0.0
04-29 23:07:29.700 D/DownloadService( 2607): Audio files state: downloading=1, queued=0, ready=22, queueSize=9
04-29 23:07:29.703 I/vendor.qti.hardware.display.composer-service( 2001): Sensor: notify citsensorservice to trigger cwb, misForced = 0
04-29 23:07:29.703 I/SDM     ( 2001): CWB config passed by cwb_client : tappoint 1  CWB_ROI : (699.000000 110.000000 940.000000 351.000000) for display-0
04-29 23:07:29.709 D/FocusPlugin(13752): 0|com.smartsales.prism|-1327479600|null|10434 is not focus notification, isMedia: false
04-29 23:07:29.710 D/AlarmScheduler-fold(13752): addAlarm, key=0|com.smartsales.prism|-1327479600|null|10434, triggerTime=105132547
04-29 23:07:29.710 D/AlarmScheduler-fold(13752): cancelCurrentAlarm, key=0|com.smartsales.prism|-1327479600|null|10434, intent=92363970
04-29 23:07:29.710 D/AlarmScheduler-fold(13752): scheduleNextAlarm
04-29 23:07:29.711 D/AlarmScheduler-TIMEOUT(13752): addAlarm, key=0|com.smartsales.prism|-1327479600|null|10434, triggerTime=342732548
04-29 23:07:29.711 D/MiuiBubbleManager(13752): onEntryUpdated: com.android.systemui.statusbar.notification.collection.NotificationEntry@a905ca App
04-29 23:07:29.711 I/MiuiBubbleSettings(13752): com.smartsales.prism 0isAppEnableBubbleNotification: false
04-29 23:07:29.712 D/AlarmScheduler-fold(13752): scheduleNextAlarm, key=0|com.smartsales.prism|-1327479600|null|10434, triggerTime=105132547, intent=92363970
04-29 23:07:29.712 D/AlarmScheduler-fold(13752): setExactAlarm, key=0|com.smartsales.prism|-1327479600|null|10434, triggerTime=105132547, intent=92363970
04-29 23:07:29.712 E/AlarmManager( 4381): not align this alarm: Alarm{7d192ef type 2 origWhen 105132547 whenElapsed 105132547 com.android.systemui}, reason=0
04-29 23:07:29.716 D/EmptyNotif(13752): setContractedChild: 0|com.smartsales.prism|-1327479600|null|10434  null
04-29 23:07:29.716 D/NotificationRowContentBinderInjectorImpl(13752): changeToFullAodContext: not need change full aod style
04-29 23:07:29.717 I/SDM     ( 2001): HWDeviceDRM::SetupConcurrentWriteback: Tear down the Concurrent Writeback topology
04-29 23:07:29.720 D/NotificationHeaderExpandController(13752): onExpansionChanged: progress =  0.0
04-29 23:07:29.720 D/LocalImageResolver(13752): Couldn't use ImageDecoder for drawable, falling back to non-resized load.
04-29 23:07:29.721 D/LocalImageResolver(13752): Couldn't use ImageDecoder for drawable, falling back to non-resized load.
04-29 23:07:29.725 I/SDM     ( 2001): NotifyCWBStatus: Notify the client about buffer (0x8951c610) status 0 for display-0.
04-29 23:07:29.725 I/SDM     ( 2001): SDMConcurrentWriteBack::ProcessCWBStatus: CWB queue is empty. Display: 0
04-29 23:07:29.730 D/AlertCoordinator(13752): onViewBound, buzzBeep for 0|com.smartsales.prism|-1327479600|null|10434
04-29 23:07:29.784 D/AurogonBandwidthController( 4381): skinTemperature:45.451
04-29 23:07:29.789 D/vendor.qti.bluetooth@1.0-wake_lock( 1963): Release wakelock is released
04-29 23:07:29.791 I/MediaCodec(11200): [mId: 0] [video-debug-enc] state 6 mFlags 2336 Stats 5009ms:Client:com.android.shell,Component:c2.android.vp8.encoder,Qin:0,DQin:0/0,Render:0,encode:280,DQout:280/280
04-29 23:07:29.898 I/libsensor-boledalgo( 2802): dbv:1524,lux:220.0,cct:4886.0,hsv:359.4, CWB R:0.7,G:0.7,B:5.9 Event C:4593.4,R:2323.5,G:1832.9,B:909.7 Cali C:0.0,R:0.0,G:0.0,B:0.0
04-29 23:07:29.909 I/vendor.qti.hardware.display.composer-service( 2001): Sensor: notify citsensorservice to trigger cwb, misForced = 0
04-29 23:07:29.910 I/SDM     ( 2001): CWB config passed by cwb_client : tappoint 1  CWB_ROI : (699.000000 110.000000 940.000000 351.000000) for display-0
04-29 23:07:29.913 D/AudioPipeline( 2607): SIM audio drawer entries emitted count=32 downloading=1 queued=0 holding=9 maxDownloadProgress=0.0
04-29 23:07:29.913 D/DownloadService( 2607): Audio files state: downloading=1, queued=0, ready=22, queueSize=9
04-29 23:07:29.919 E/HwcComposer( 2214): getLuts failed Status(-129, EX_TRANSACTION_FAILED): 'UNKNOWN_TRANSACTION: '
04-29 23:07:29.922 D/FocusPlugin(13752): 0|com.smartsales.prism|-1327479600|null|10434 is not focus notification, isMedia: false
04-29 23:07:29.922 D/AlarmScheduler-fold(13752): addAlarm, key=0|com.smartsales.prism|-1327479600|null|10434, triggerTime=105132759
04-29 23:07:29.922 D/AlarmScheduler-fold(13752): cancelCurrentAlarm, key=0|com.smartsales.prism|-1327479600|null|10434, intent=92363970
04-29 23:07:29.922 D/AlarmScheduler-fold(13752): scheduleNextAlarm
04-29 23:07:29.923 D/AlarmScheduler-TIMEOUT(13752): addAlarm, key=0|com.smartsales.prism|-1327479600|null|10434, triggerTime=342732760
04-29 23:07:29.923 D/MiuiBubbleManager(13752): onEntryUpdated: com.android.systemui.statusbar.notification.collection.NotificationEntry@a905ca App
04-29 23:07:29.923 I/MiuiBubbleSettings(13752): com.smartsales.prism 0isAppEnableBubbleNotification: false
04-29 23:07:29.923 D/AlarmScheduler-fold(13752): scheduleNextAlarm, key=0|com.smartsales.prism|-1327479600|null|10434, triggerTime=105132759, intent=92363970
04-29 23:07:29.923 D/AlarmScheduler-fold(13752): setExactAlarm, key=0|com.smartsales.prism|-1327479600|null|10434, triggerTime=105132759, intent=92363970
04-29 23:07:29.924 E/AlarmManager( 4381): not align this alarm: Alarm{4cb8eda type 2 origWhen 105132759 whenElapsed 105132759 com.android.systemui}, reason=0
04-29 23:07:29.927 I/SDM     ( 2001): HWDeviceDRM::SetupConcurrentWriteback: Tear down the Concurrent Writeback topology
04-29 23:07:29.933 D/EmptyNotif(13752): setContractedChild: 0|com.smartsales.prism|-1327479600|null|10434  null
04-29 23:07:29.933 D/NotificationRowContentBinderInjectorImpl(13752): changeToFullAodContext: not need change full aod style
04-29 23:07:29.933 I/SDM     ( 2001): NotifyCWBStatus: Notify the client about buffer (0x89516730) status 0 for display-0.
04-29 23:07:29.933 I/SDM     ( 2001): SDMConcurrentWriteBack::ProcessCWBStatus: CWB queue is empty. Display: 0
04-29 23:07:29.936 D/NotificationHeaderExpandController(13752): onExpansionChanged: progress =  0.0
04-29 23:07:29.936 D/LocalImageResolver(13752): Couldn't use ImageDecoder for drawable, falling back to non-resized load.
04-29 23:07:29.937 D/LocalImageResolver(13752): Couldn't use ImageDecoder for drawable, falling back to non-resized load.
04-29 23:07:29.946 D/AlertCoordinator(13752): onViewBound, buzzBeep for 0|com.smartsales.prism|-1327479600|null|10434
04-29 23:07:30.050 I/SDM     ( 2001): HWDeviceDRM::SetupConcurrentWriteback: Tear down the Concurrent Writeback topology
04-29 23:07:30.059 I/SDM     ( 2001): DemuraTnCaptureIntfImpl::ProcessCapturePanelData: Screen capture status = 0
04-29 23:07:30.062 D/JavaheapMonitor(11555): Java heap used=10M max=256M, proc: com.xiaomi.metoknlp
04-29 23:07:30.062 V/JavaheapMonitor(11555): Check java heap usage finished! Next check delay: 300000
04-29 23:07:30.114 D/AudioPipeline( 2607): SIM audio drawer entries emitted count=32 downloading=1 queued=0 holding=9 maxDownloadProgress=0.0
04-29 23:07:30.114 D/DownloadService( 2607): Audio files state: downloading=1, queued=0, ready=22, queueSize=9
04-29 23:07:30.117 I/vendor.qti.hardware.display.composer-service( 2001): Sensor: notify citsensorservice to trigger cwb, misForced = 0
04-29 23:07:30.117 I/SDM     ( 2001): CWB config passed by cwb_client : tappoint 1  CWB_ROI : (699.000000 110.000000 940.000000 351.000000) for display-0
04-29 23:07:30.122 D/FocusPlugin(13752): 0|com.smartsales.prism|-1327479600|null|10434 is not focus notification, isMedia: false
04-29 23:07:30.122 D/AlarmScheduler-fold(13752): addAlarm, key=0|com.smartsales.prism|-1327479600|null|10434, triggerTime=105132959
04-29 23:07:30.122 D/AlarmScheduler-fold(13752): cancelCurrentAlarm, key=0|com.smartsales.prism|-1327479600|null|10434, intent=92363970
04-29 23:07:30.122 D/AlarmScheduler-TIMEOUT(13752): addAlarm, key=0|com.smartsales.prism|-1327479600|null|10434, triggerTime=342732959
04-29 23:07:30.122 D/MiuiBubbleManager(13752): onEntryUpdated: com.android.systemui.statusbar.notification.collection.NotificationEntry@a905ca App
04-29 23:07:30.122 D/AlarmScheduler-fold(13752): scheduleNextAlarm
04-29 23:07:30.123 I/MiuiBubbleSettings(13752): com.smartsales.prism 0isAppEnableBubbleNotification: false
04-29 23:07:30.123 D/AlarmScheduler-fold(13752): scheduleNextAlarm, key=0|com.smartsales.prism|-1327479600|null|10434, triggerTime=105132959, intent=92363970
04-29 23:07:30.123 D/AlarmScheduler-fold(13752): setExactAlarm, key=0|com.smartsales.prism|-1327479600|null|10434, triggerTime=105132959, intent=92363970
04-29 23:07:30.123 E/AlarmManager( 4381): not align this alarm: Alarm{6ce6f0b type 2 origWhen 105132959 whenElapsed 105132959 com.android.systemui}, reason=0
04-29 23:07:30.131 D/EmptyNotif(13752): setContractedChild: 0|com.smartsales.prism|-1327479600|null|10434  null
04-29 23:07:30.131 D/NotificationRowContentBinderInjectorImpl(13752): changeToFullAodContext: not need change full aod style
04-29 23:07:30.133 I/SDM     ( 2001): HWDeviceDRM::SetupConcurrentWriteback: Tear down the Concurrent Writeback topology
04-29 23:07:30.135 D/NotificationHeaderExpandController(13752): onExpansionChanged: progress =  0.0
04-29 23:07:30.136 D/LocalImageResolver(13752): Couldn't use ImageDecoder for drawable, falling back to non-resized load.
04-29 23:07:30.136 D/LocalImageResolver(13752): Couldn't use ImageDecoder for drawable, falling back to non-resized load.
04-29 23:07:30.141 I/SDM     ( 2001): NotifyCWBStatus: Notify the client about buffer (0x8951d480) status 0 for display-0.
04-29 23:07:30.141 I/SDM     ( 2001): SDMConcurrentWriteBack::ProcessCWBStatus: CWB queue is empty. Display: 0
04-29 23:07:30.144 E/HwcComposer( 2214): getLuts failed Status(-129, EX_TRANSACTION_FAILED): 'UNKNOWN_TRANSACTION: '
04-29 23:07:30.146 D/AlertCoordinator(13752): onViewBound, buzzBeep for 0|com.smartsales.prism|-1327479600|null|10434
04-29 23:07:30.154 D/wpa_supplicant(13316): nl80211: Drv Event 81 (NL80211_CMD_TDLS_OPER) received for wlan0
04-29 23:07:30.154 D/wpa_supplicant(13316): nl80211: TDLS operation event
04-29 23:07:30.154 D/wpa_supplicant(13316): nl80211: TDLS discovery request for peer 14:c1:9f:d7:e3:ec
04-29 23:07:30.154 D/wpa_supplicant(13316): wlan0: Event TDLS (7) received
04-29 23:07:30.154 D/wpa_supplicant(13316): nl80211: Drv Event 81 (NL80211_CMD_TDLS_OPER) received for wlan0
04-29 23:07:30.154 D/wpa_supplicant(13316): nl80211: TDLS operation event
04-29 23:07:30.154 D/wpa_supplicant(13316): nl80211: TDLS discovery request for peer 1c:db:d4:9b:8f:94
04-29 23:07:30.154 D/wpa_supplicant(13316): wlan0: Event TDLS (7) received
04-29 23:07:30.154 D/wpa_supplicant(13316): nl80211: Drv Event 81 (NL80211_CMD_TDLS_OPER) received for wlan0
04-29 23:07:30.154 D/wpa_supplicant(13316): nl80211: TDLS operation event
04-29 23:07:30.154 D/wpa_supplicant(13316): nl80211: TDLS discovery request for peer 14:c1:9f:d7:e4:04
04-29 23:07:30.154 D/wpa_supplicant(13316): wlan0: Event TDLS (7) received
04-29 23:07:30.322 I/libsensor-boledalgo( 2802): dbv:1524,lux:222.1,cct:4822.5,hsv:359.4, CWB R:0.7,G:0.7,B:5.9 Event C:4605.5,R:2327.2,G:1843.2,B:902.3 Cali C:0.0,R:0.0,G:0.0,B:0.0
04-29 23:07:30.324 I/vendor.qti.hardware.display.composer-service( 2001): Sensor: notify citsensorservice to trigger cwb, misForced = 0
04-29 23:07:30.325 I/SDM     ( 2001): CWB config passed by cwb_client : tappoint 1  CWB_ROI : (699.000000 110.000000 940.000000 351.000000) for display-0
04-29 23:07:30.341 I/SDM     ( 2001): HWDeviceDRM::SetupConcurrentWriteback: Tear down the Concurrent Writeback topology
04-29 23:07:30.350 I/SDM     ( 2001): NotifyCWBStatus: Notify the client about buffer (0x8951b590) status 0 for display-0.
04-29 23:07:30.350 I/SDM     ( 2001): SDMConcurrentWriteBack::ProcessCWBStatus: CWB queue is empty. Display: 0
04-29 23:07:30.351 E/HwcComposer( 2214): getLuts failed Status(-129, EX_TRANSACTION_FAILED): 'UNKNOWN_TRANSACTION: '
04-29 23:07:30.387 D/AudioPipeline( 2607): SIM audio drawer entries emitted count=32 downloading=1 queued=0 holding=9 maxDownloadProgress=0.0
04-29 23:07:30.388 D/DownloadService( 2607): Audio files state: downloading=1, queued=0, ready=22, queueSize=9
04-29 23:07:30.395 D/FocusPlugin(13752): 0|com.smartsales.prism|-1327479600|null|10434 is not focus notification, isMedia: false
04-29 23:07:30.396 D/AlarmScheduler-fold(13752): addAlarm, key=0|com.smartsales.prism|-1327479600|null|10434, triggerTime=105133233
04-29 23:07:30.396 D/AlarmScheduler-fold(13752): cancelCurrentAlarm, key=0|com.smartsales.prism|-1327479600|null|10434, intent=92363970
04-29 23:07:30.396 D/AlarmScheduler-fold(13752): scheduleNextAlarm
04-29 23:07:30.396 D/AlarmScheduler-TIMEOUT(13752): addAlarm, key=0|com.smartsales.prism|-1327479600|null|10434, triggerTime=342733233
04-29 23:07:30.396 D/MiuiBubbleManager(13752): onEntryUpdated: com.android.systemui.statusbar.notification.collection.NotificationEntry@a905ca App
04-29 23:07:30.396 I/MiuiBubbleSettings(13752): com.smartsales.prism 0isAppEnableBubbleNotification: false
04-29 23:07:30.396 D/AlarmScheduler-fold(13752): scheduleNextAlarm, key=0|com.smartsales.prism|-1327479600|null|10434, triggerTime=105133233, intent=92363970
04-29 23:07:30.396 D/AlarmScheduler-fold(13752): setExactAlarm, key=0|com.smartsales.prism|-1327479600|null|10434, triggerTime=105133233, intent=92363970
04-29 23:07:30.396 E/AlarmManager( 4381): not align this alarm: Alarm{719db3d type 2 origWhen 105133233 whenElapsed 105133233 com.android.systemui}, reason=0
04-29 23:07:30.405 D/EmptyNotif(13752): setContractedChild: 0|com.smartsales.prism|-1327479600|null|10434  null
04-29 23:07:30.405 D/NotificationRowContentBinderInjectorImpl(13752): changeToFullAodContext: not need change full aod style
04-29 23:07:30.410 D/NotificationHeaderExpandController(13752): onExpansionChanged: progress =  0.0
04-29 23:07:30.411 D/LocalImageResolver(13752): Couldn't use ImageDecoder for drawable, falling back to non-resized load.
04-29 23:07:30.411 D/LocalImageResolver(13752): Couldn't use ImageDecoder for drawable, falling back to non-resized load.
04-29 23:07:30.421 D/AlertCoordinator(13752): onViewBound, buzzBeep for 0|com.smartsales.prism|-1327479600|null|10434
04-29 23:07:30.532 I/vendor.qti.hardware.display.composer-service( 2001): Sensor: notify citsensorservice to trigger cwb, misForced = 0
04-29 23:07:30.534 I/SDM     ( 2001): CWB config passed by cwb_client : tappoint 1  CWB_ROI : (699.000000 110.000000 940.000000 351.000000) for display-0
04-29 23:07:30.534 I/libsensor-boledalgo( 2802): dbv:1524,lux:220.0,cct:4944.5,hsv:359.4, CWB R:0.7,G:0.7,B:5.9 Event C:4598.5,R:2327.2,G:1843.2,B:919.6 Cali C:0.0,R:0.0,G:0.0,B:0.0
04-29 23:07:30.549 I/SDM     ( 2001): HWDeviceDRM::SetupConcurrentWriteback: Tear down the Concurrent Writeback topology
04-29 23:07:30.557 I/SDM     ( 2001): NotifyCWBStatus: Notify the client about buffer (0x8951d320) status 0 for display-0.
04-29 23:07:30.558 I/SDM     ( 2001): SDMConcurrentWriteBack::ProcessCWBStatus: CWB queue is empty. Display: 0
04-29 23:07:30.576 E/HwcComposer( 2214): getLuts failed Status(-129, EX_TRANSACTION_FAILED): 'UNKNOWN_TRANSACTION: '
04-29 23:07:30.616 D/AudioPipeline( 2607): SIM audio drawer entries emitted count=32 downloading=1 queued=0 holding=9 maxDownloadProgress=0.0
04-29 23:07:30.616 D/DownloadService( 2607): Audio files state: downloading=1, queued=0, ready=22, queueSize=9
04-29 23:07:30.625 D/FocusPlugin(13752): 0|com.smartsales.prism|-1327479600|null|10434 is not focus notification, isMedia: false
04-29 23:07:30.626 D/AlarmScheduler-fold(13752): addAlarm, key=0|com.smartsales.prism|-1327479600|null|10434, triggerTime=105133463
04-29 23:07:30.626 D/AlarmScheduler-fold(13752): cancelCurrentAlarm, key=0|com.smartsales.prism|-1327479600|null|10434, intent=92363970
04-29 23:07:30.626 D/AlarmScheduler-fold(13752): scheduleNextAlarm
04-29 23:07:30.626 D/AlarmScheduler-TIMEOUT(13752): addAlarm, key=0|com.smartsales.prism|-1327479600|null|10434, triggerTime=342733463
04-29 23:07:30.626 D/MiuiBubbleManager(13752): onEntryUpdated: com.android.systemui.statusbar.notification.collection.NotificationEntry@a905ca App
04-29 23:07:30.626 I/MiuiBubbleSettings(13752): com.smartsales.prism 0isAppEnableBubbleNotification: false
04-29 23:07:30.626 D/AlarmScheduler-fold(13752): scheduleNextAlarm, key=0|com.smartsales.prism|-1327479600|null|10434, triggerTime=105133463, intent=92363970
04-29 23:07:30.626 D/AlarmScheduler-fold(13752): setExactAlarm, key=0|com.smartsales.prism|-1327479600|null|10434, triggerTime=105133463, intent=92363970
04-29 23:07:30.627 E/AlarmManager( 4381): not align this alarm: Alarm{4fd1f32 type 2 origWhen 105133463 whenElapsed 105133463 com.android.systemui}, reason=0
04-29 23:07:30.638 D/EmptyNotif(13752): setContractedChild: 0|com.smartsales.prism|-1327479600|null|10434  null
04-29 23:07:30.638 D/NotificationRowContentBinderInjectorImpl(13752): changeToFullAodContext: not need change full aod style
04-29 23:07:30.643 D/NotificationHeaderExpandController(13752): onExpansionChanged: progress =  0.0
04-29 23:07:30.644 D/LocalImageResolver(13752): Couldn't use ImageDecoder for drawable, falling back to non-resized load.
04-29 23:07:30.644 D/LocalImageResolver(13752): Couldn't use ImageDecoder for drawable, falling back to non-resized load.
04-29 23:07:30.654 D/AlertCoordinator(13752): onViewBound, buzzBeep for 0|com.smartsales.prism|-1327479600|null|10434
04-29 23:07:30.740 I/vendor.qti.hardware.display.composer-service( 2001): Sensor: notify citsensorservice to trigger cwb, misForced = 0
04-29 23:07:30.740 I/SDM     ( 2001): CWB config passed by cwb_client : tappoint 1  CWB_ROI : (699.000000 110.000000 940.000000 351.000000) for display-0
04-29 23:07:30.757 I/SDM     ( 2001): HWDeviceDRM::SetupConcurrentWriteback: Tear down the Concurrent Writeback topology
04-29 23:07:30.766 I/SDM     ( 2001): NotifyCWBStatus: Notify the client about buffer (0x8951b590) status 0 for display-0.
04-29 23:07:30.766 I/SDM     ( 2001): SDMConcurrentWriteBack::ProcessCWBStatus: CWB queue is empty. Display: 0
04-29 23:07:30.776 E/HwcComposer( 2214): getLuts failed Status(-129, EX_TRANSACTION_FAILED): 'UNKNOWN_TRANSACTION: '
04-29 23:07:30.819 D/AudioPipeline( 2607): SIM audio drawer entries emitted count=32 downloading=1 queued=0 holding=9 maxDownloadProgress=0.0
04-29 23:07:30.819 D/DownloadService( 2607): Audio files state: downloading=1, queued=0, ready=22, queueSize=9
04-29 23:07:30.828 D/FocusPlugin(13752): 0|com.smartsales.prism|-1327479600|null|10434 is not focus notification, isMedia: false
04-29 23:07:30.828 D/AlarmScheduler-fold(13752): addAlarm, key=0|com.smartsales.prism|-1327479600|null|10434, triggerTime=105133666
04-29 23:07:30.829 D/AlarmScheduler-fold(13752): cancelCurrentAlarm, key=0|com.smartsales.prism|-1327479600|null|10434, intent=92363970
04-29 23:07:30.829 D/AlarmScheduler-fold(13752): scheduleNextAlarm
04-29 23:07:30.829 D/AlarmScheduler-TIMEOUT(13752): addAlarm, key=0|com.smartsales.prism|-1327479600|null|10434, triggerTime=342733666
04-29 23:07:30.829 D/MiuiBubbleManager(13752): onEntryUpdated: com.android.systemui.statusbar.notification.collection.NotificationEntry@a905ca App
04-29 23:07:30.829 D/AlarmScheduler-fold(13752): scheduleNextAlarm, key=0|com.smartsales.prism|-1327479600|null|10434, triggerTime=105133666, intent=92363970
04-29 23:07:30.829 D/AlarmScheduler-fold(13752): setExactAlarm, key=0|com.smartsales.prism|-1327479600|null|10434, triggerTime=105133666, intent=92363970
04-29 23:07:30.829 I/MiuiBubbleSettings(13752): com.smartsales.prism 0isAppEnableBubbleNotification: false
04-29 23:07:30.829 E/AlarmManager( 4381): not align this alarm: Alarm{1f3b483 type 2 origWhen 105133666 whenElapsed 105133666 com.android.systemui}, reason=0
04-29 23:07:30.838 D/EmptyNotif(13752): setContractedChild: 0|com.smartsales.prism|-1327479600|null|10434  null
04-29 23:07:30.838 D/NotificationRowContentBinderInjectorImpl(13752): changeToFullAodContext: not need change full aod style
04-29 23:07:30.842 D/NotificationHeaderExpandController(13752): onExpansionChanged: progress =  0.0
04-29 23:07:30.843 D/LocalImageResolver(13752): Couldn't use ImageDecoder for drawable, falling back to non-resized load.
04-29 23:07:30.843 D/LocalImageResolver(13752): Couldn't use ImageDecoder for drawable, falling back to non-resized load.
04-29 23:07:30.853 D/AlertCoordinator(13752): onViewBound, buzzBeep for 0|com.smartsales.prism|-1327479600|null|10434
04-29 23:07:30.892 D/BluetoothGatt( 2607): readRssi() - device: XX:XX:XX:XX:E4:06
04-29 23:07:30.893 D/BtGatt.GattService(13357): readRemoteRssi() - address=XX:XX:XX:XX:E4:06
04-29 23:07:30.893 D/bt_btif_gattc(13357): system/btif/src/btif_gatt_client.cc:644 btif_gattc_read_remote_rssi:
04-29 23:07:30.893 D/ble_sec (13357): system/stack/btm/btm_ble_sec.cc:539 BTM_ReadDevInfo: Determined device_type:BLE addr_type:public
04-29 23:07:30.893 D/bt_shim_hci(13357): system/main/shim/hci_layer.cc:233 transmit_command: Sending command READ_RSSI(0x1405)
04-29 23:07:30.894 D/vendor.qti.bluetooth@1.0-ibs_handler( 1963): SerialClockVote: vote for UART CLK ON
04-29 23:07:30.894 D/vendor.qti.bluetooth@1.0-wake_lock( 1963): Acquire wakelock is acquired
04-29 23:07:30.894 I/vendor.qti.bluetooth@1.0-ibs_handler( 1963): DeviceWakeUp: Writing IBS_WAKE_IND
04-29 23:07:30.894 I/vendor.qti.bluetooth@1.0-ibs_handler( 1963): ProcessIbsCmd: Received IBS_WAKE_ACK: 0xFC
04-29 23:07:30.895 I/vendor.qti.bluetooth@1.0-ibs_handler( 1963): ProcessIbsCmd: Signal wack_cond_
04-29 23:07:30.895 D/vendor.qti.bluetooth@1.0-ibs_handler( 1963): DeviceWakeUp: Unblocked from waiting for FC, pthread_cond_timedwait ret = 0
04-29 23:07:30.895 I/vendor.qti.bluetooth@1.0-ibs_handler( 1963): ProcessIbsCmd: Received IBS_WAKE_IND: 0xFD
04-29 23:07:30.895 I/vendor.qti.bluetooth@1.0-ibs_handler( 1963): ProcessIbsCmd: Writing IBS_WAKE_ACK
04-29 23:07:30.898 D/bt_shim_hci(13357): system/main/shim/hci_layer.cc:183 OnTransmitPacketCommandComplete: Received cmd complete for READ_RSSI(0x1405)
04-29 23:07:30.898 D/btm_acl (13357): system/stack/acl/btm_acl.cc:1867 btm_read_rssi_complete: Read rrsi complete rssi:-34 hci status:HCI_SUCCESS
04-29 23:07:30.899 V/bt_btif_gattc(13357): system/btif/src/btif_gatt_client.cc:308 btm_read_rssi_cb: HAL bt_gatt_callbacks->client->read_remote_rssi_cb
04-29 23:07:30.899 D/BtGatt.GattService(13357): onReadRemoteRssi() - clientIf=220 address=XX:XX:XX:XX:E4:06, rssi=-34, status=0
04-29 23:07:30.940 I/vendor.qti.bluetooth@1.0-ibs_handler( 1963): ProcessIbsCmd: Received IBS_SLEEP_IND: 0xFE
04-29 23:07:30.948 I/vendor.qti.hardware.display.composer-service( 2001): Sensor: notify citsensorservice to trigger cwb, misForced = 0
04-29 23:07:30.948 I/SDM     ( 2001): CWB config passed by cwb_client : tappoint 1  CWB_ROI : (699.000000 110.000000 940.000000 351.000000) for display-0
