04-28 19:00:16.971 I/SDM     ( 1810): HWDeviceDRM::SetupConcurrentWriteback: Tear down the Concurrent Writeback topology
04-28 19:00:16.975 D/FPSMonitor( 1841): threadFuncFpsMonitor display 0, fps 1
04-28 19:00:16.975 D/libsensor-D2SNotifier( 2925): DisplayId 0 Displayinfo2SlpiNotifier to type 8 displayFrequency = 1
04-28 19:00:16.979 I/sensors ( 2925): qsh_qmi:41, qsh_qmi
04-28 19:00:16.982 I/sensors ( 2925): ~qsh_qmi:68, ~qsh_qmi
04-28 19:00:17.058 I/SDM     ( 1810): DisplayBase::CommitThread: Received Idle Timeout, panel: cmd, timeout: 70000 us
04-28 19:00:17.058 D/libsensor-parseRGB( 2925): CWB NotifyIdleStatus 1
04-28 19:00:17.064 D/MiuiWifiCommonBase( 3839): band: 0, compensate: 0
04-28 19:00:17.064 D/WifiClientModeImpl[719075603:wlan0]( 3839): updateLinkLayerStatsRssiSpeedFrequencyCapabilities rssi=-26 TxLinkspeed=300 freq=2462 RxLinkSpeed=300
04-28 19:00:17.064 I/WifiService( 3839): getConnectionInfo uid=1000
04-28 19:00:17.064 D/JavaheapMonitor( 5963): Java heap used=71M max=256M, proc: com.android.systemui
04-28 19:00:17.064 V/JavaheapMonitor( 5963): Check java heap usage finished! Next check delay: 180000
04-28 19:00:17.064 V/WifiService( 3839): Clearing REDACT_FOR_LOCAL_MAC_ADDRESS for android(uid=1000)
04-28 19:00:17.064 V/WifiService( 3839): Clearing REDACT_FOR_NETWORK_SETTINGS for android(uid=1000)
04-28 19:00:17.064 V/WifiService( 3839): Clearing REDACT_FOR_ACCESS_FINE_LOCATION for android(uid=1000)
04-28 19:00:17.064 D/WifiDataStall( 3839): tx tput in kbps: 115500
04-28 19:00:17.064 D/WifiDataStall( 3839): rx tput in kbps: 206250
04-28 19:00:17.064 V/WifiConfigManager( 3839): Updating scan detail cache freq=2462 BSSID=74:39:89:2a:67:26 RSSI=-26 for "MstRobot"WPA_PSK
04-28 19:00:17.064 D/WifiChannelUtilization( 3839):  freq: 2462 onTime: 17939800 busyTime: 10857248 onTimeDiff: 627 busyTimeDiff: 405 utilization: 164 utilization t0: -85
04-28 19:00:17.065 D/WifiDataStall( 3839):  ccaLevel = 80
04-28 19:00:17.065 D/WifiDataStall( 3839): L2 txTputKbps: 88687, rxTputKbps: 206250, L3 txTputKbps: 0, rxTputKbps: 0, TxTrafficHigh: true, RxTrafficHigh: false, Throughput Sufficient: true
04-28 19:00:17.065 D/WifiThroughputPredictor( 3839):  utilization (LLS) 80 isBluetoothConnected: false final utilization: 80
04-28 19:00:17.065 D/WifiThroughputPredictor( 3839):  BW: 1 RSSI: -26 Nss: 2 Mode: 4 symDur: 3600 snrDb 51 bitPerTone: 5000 rate: 300 throughput: 205
04-28 19:00:17.065 D/WifiThroughputPredictor( 3839):  utilization (LLS) 80 isBluetoothConnected: false final utilization: 80
04-28 19:00:17.065 D/WifiThroughputPredictor( 3839):  BW: 1 RSSI: -26 Nss: 2 Mode: 4 symDur: 3600 snrDb 51 bitPerTone: 5000 rate: 300 throughput: 205
04-28 19:00:17.065 D/MiuiNM  ( 3839): rssi: -26, txPer: 5, rxPer: 5, ccaBr: 64, bcnLr: 3, tcpFr: 0, bcnRx: 29, txGood:2.26, txRetry:1.71, txBad:0.00
04-28 19:00:17.065 D/WifiScoreCard( 3839): BSSID update SIGNAL_POLL ID: 404527809 SSID: "MstRobot", BSSID: 74:39:89:2a:67:26, MAC: fa:2c:a2:da:d1:aa, IP: /192.168.0.106, Security type: 2, Supplicant state: COMPLETED, Wi-Fi standard: 11n, RSSI: -26, Link speed: 300Mbps, Tx Link speed: 300Mbps, Max Supported Tx Link speed: 300Mbps, Rx Link speed: 300Mbps, Max Supported Rx Link speed: 300Mbps, Frequency: 2462MHz, Net ID: 6, Metered hint: false, score: 60, isUsable: true, CarrierMerged: false, SubscriptionId: -1, IsPrimary: 1, Trusted: true, Restricted: false, Ephemeral: false, OEM paid: false, OEM private: false, OSU AP: false, FQDN: <none>, Provider friendly name: <none>, Requesting package name: <none>"MstRobot"wpa2-pskMLO Information: , Is TID-To-Link negotiation supported by the AP: false, AP MLD Address: <none>, AP MLO Link Id: <none>, AP MLO Affiliated links: <none>, Vendor Data: <none>
04-28 19:00:17.065 D/WifiScoreCard( 3839): txRate: 3 txSpeed: 300
04-28 19:00:17.065 D/WifiScoreCard( 3839): network update SIGNAL_POLL "MstRobot" ID: 608343939 RSSI -26 txSpeed -1
04-28 19:00:17.066 V/WifiManager( 5963): TrafficStateCallbackProxy: onStateChanged state=2
04-28 19:00:17.066 V/WifiManager( 5963): TrafficStateCallbackProxy: onStateChanged state=2
04-28 19:00:17.066 D/WifiClientModeImpl[719075603:wlan0]( 3839):  ClientModeImpl$L2ConnectedState screen=on 24 0 "MstRobot" 74:39:89:2a:67:26 rssi=-26 f=2462 sc= 60, mSwithInWeakNet: true [updated score = 60,  failpercent=0 { out=2 in=2 lost=0 inretrans=0 total retrans=0 tmo=0 inflight=0}] link=300 tx=1.4, 1.4, 0.0 rx=0.9 bcn=312545 [on:627 tx:4 rx:22 period:3010] from screen [on:3201864 period:9488415] score=60
04-28 19:00:17.069 I/WifiService( 3839): getVerboseLoggingLevel uid=1000
04-28 19:00:17.072 E/PhoneAdapter( 5894): get ntnphones failed, exception: java.lang.IllegalStateException: not support satellite!
04-28 19:00:17.073 I/WifiService( 3839): getScanResults uid=1000
04-28 19:00:17.073 D/AmlWifiScoreReportInjector( 3839): getMaxRssiInWaeknet weaknetRssi = -72
04-28 19:00:17.076 I/WifiService( 3839): getVerboseLoggingLevel uid=1000
04-28 19:00:17.076 D/AmlWifiScoreReportInjector( 3839): onWifiUsabilityStats: channelUtilization=164 seqNum = 160614 bssidChanged = 0 isQcomPlatform = true
04-28 19:00:17.128 D/JavaheapMonitor( 5261): Java heap used=39M max=512M, proc: com.miui.home
04-28 19:00:17.128 V/JavaheapMonitor( 5261): Check java heap usage finished! Next check delay: 300000
04-28 19:00:17.137 I/vendor.qti.hardware.display.composer-service( 1810): Sensor: notify citsensorservice to trigger cwb, misForced = 1
04-28 19:00:17.138 I/SDM     ( 1810): CWB config passed by cwb_client : tappoint 1  CWB_ROI : (699.000000 110.000000 940.000000 351.000000) for display-0
04-28 19:00:17.154 I/SDM     ( 1810): PartialUpdateSrcSplit::SetCwbRoiForNonPU: CWB ROI Rect(699.000000 110.000000 940.000000 351.000000)
04-28 19:00:17.156 E/HwcComposer( 1966): getLuts failed Status(-129, EX_TRANSACTION_FAILED): 'UNKNOWN_TRANSACTION: '
04-28 19:00:17.174 I/SDM     ( 1810): NotifyCWBStatus: Notify the client about buffer (0xefaa4d00) status 0 for display-0.
04-28 19:00:17.175 I/SDM     ( 1810): SDMConcurrentWriteBack::ProcessCWBStatus: CWB queue is empty. Display: 0
04-28 19:00:17.226 I/SDM     ( 1810): DisplayBase::CommitThread: Received Idle Timeout, panel: cmd, timeout: 70000 us
04-28 19:00:17.226 D/libsensor-parseRGB( 2925): CWB NotifyIdleStatus 1
04-28 19:00:17.256 I/NetworkAccelerateSwitchService( 3839): EVENT_RSSI_POLL. mRssiPoll=true
04-28 19:00:17.256 I/WifiService( 3839): getConnectionInfo uid=1000
04-28 19:00:17.256 V/WifiService( 3839): Clearing REDACT_FOR_LOCAL_MAC_ADDRESS for android(uid=1000)
04-28 19:00:17.256 V/WifiService( 3839): Clearing REDACT_FOR_NETWORK_SETTINGS for android(uid=1000)
04-28 19:00:17.256 V/WifiService( 3839): Clearing REDACT_FOR_ACCESS_FINE_LOCATION for android(uid=1000)
04-28 19:00:17.256 I/WifiService( 3839): getVerboseLoggingLevel uid=1000
04-28 19:00:17.256 I/NetworkAccelerateSwitchService( 3839): ================= checkWifiRssiAndLinkSpeed START ================
04-28 19:00:17.256 I/NetworkAccelerateSwitchService( 3839): checkWifiRssiAndLinkSpeed mMinRssiFastFadeDifference:9 mMedRssiFastFadeDifference:13 mMaxRssiFastFadeDifference:15
04-28 19:00:17.256 I/NetworkAccelerateSwitchService( 3839): checkWifiRssiAndLinkSpeed txBandwidthCapMbps:300
04-28 19:00:17.256 I/NetworkAccelerateSwitchService( 3839): checkWifiRssiAndLinkSpeed rxBandwidthCapMbps:300
04-28 19:00:17.256 I/NetworkAccelerateSwitchService( 3839): checkWifiRssiAndLinkSpeed mcsidx:-1
04-28 19:00:17.256 I/NetworkAccelerateSwitchService( 3839): checkWifiRssiAndLinkSpeed rssi difference:0
04-28 19:00:17.256 I/NetworkAccelerateSwitchService( 3839): checkWifiRssiAndLinkSpeed txBandwidthCapMbps proportions:1.0
04-28 19:00:17.256 I/NetworkAccelerateSwitchService( 3839): checkWifiRssiAndLinkSpeed rxBandwidthCapMbps proportions:1.0
04-28 19:00:17.256 I/NetworkAccelerateSwitchService( 3839): checkWifiRssiAndLinkSpeed mcsidx difference:0
04-28 19:00:17.256 I/NetworkAccelerateSwitchService( 3839): checkWifiRssiAndLinkSpeed FastFadeWeakNetThresholdAdjustment:0
04-28 19:00:17.256 I/NetworkAccelerateSwitchService( 3839): ================= checkWifiRssiAndLinkSpeed END ================
04-28 19:00:17.256 I/NetworkAccelerateSwitchService( 3839): checkWifiRssiAndLinkSpeed rssi:26
04-28 19:00:17.256 I/NetworkAccelerateSwitchService( 3839): checkWifiRssiAndLinkSpeed mWifiFastFade:false mWifiFastFadeAdjustThreshold:false
04-28 19:00:17.256 I/NetworkAccelerateSwitchService( 3839): getAverageWifiRssi:25
04-28 19:00:17.256 D/NetworkAccelerateSwitchService( 3839): checkIntervalModeChange mMovementState:false mIntervalMode:0 mIsBadLinkLayerQoE:false mBadLinkLayerQoETimes = 0
04-28 19:00:17.280 I/libsensor-boledalgo( 2925): dbv:1524,lux:207.2,cct:5031.2,hsv:1.2, CWB R:7.3,G:5.3,B:29.2 Event C:4368.0,R:2206.0,G:1742.6,B:885.2 Cali C:0.0,R:0.0,G:0.0,B:0.0
04-28 19:00:17.280 I/libsensor-boledalgo( 2925): dbv:1524,lux:208.9,cct:4913.4,hsv:1.2, CWB R:7.3,G:5.3,B:29.2 Event C:4347.0,R:2188.7,G:1742.0,B:864.2 Cali C:0.0,R:0.0,G:0.0,B:0.0
04-28 19:00:17.324 D/JavaheapMonitor(28530): Java heap used=9M max=256M, proc: com.android.bluetooth
04-28 19:00:17.324 V/JavaheapMonitor(28530): Check java heap usage finished! Next check delay: 300000
04-28 19:00:17.412 D/JavaheapMonitor(32093): Java heap used=10M max=256M, proc: com.xiaomi.metoknlp
04-28 19:00:17.412 V/JavaheapMonitor(32093): Check java heap usage finished! Next check delay: 300000
04-28 19:00:17.540 D/JavaheapMonitor(32529): Java heap used=12M max=512M, proc: com.xiaomi.aicr:cognitionService
04-28 19:00:17.540 V/JavaheapMonitor(32529): Check java heap usage finished! Next check delay: 300000
04-28 19:00:17.576 I/MediaCodec(30120): [mId: 3] [video-debug-enc] state 6 mFlags 2336 Stats 5010ms:Client:com.android.shell,Component:c2.android.vp8.encoder,Qin:0,DQin:0/0,Render:0,encode:56,DQout:56/56
04-28 19:00:17.656 D/JavaheapMonitor(24878): Java heap used=9M max=256M, proc: com.miui.securitycenter
04-28 19:00:17.656 V/JavaheapMonitor(24878): Check java heap usage finished! Next check delay: 300000
04-28 19:00:17.915 I/libsensor-boledalgo( 2925): dbv:1524,lux:207.9,cct:4982.5,hsv:1.2, CWB R:7.3,G:5.3,B:29.2 Event C:4374.1,R:2204.2,G:1739.3,B:879.4 Cali C:0.0,R:0.0,G:0.0,B:0.0
04-28 19:00:17.915 I/libsensor-boledalgo( 2925): dbv:1524,lux:209.5,cct:4878.8,hsv:1.2, CWB R:7.3,G:5.3,B:29.2 Event C:4373.5,R:2207.5,G:1742.0,B:864.9 Cali C:0.0,R:0.0,G:0.0,B:0.0
04-28 19:00:17.915 I/libsensor-boledalgo( 2925): dbv:1524,lux:208.5,cct:4942.5,hsv:1.2, CWB R:7.3,G:5.3,B:29.2 Event C:4360.1,R:2211.6,G:1748.3,B:871.9 Cali C:0.0,R:0.0,G:0.0,B:0.0
04-28 19:00:17.916 I/libsensor-boledalgo( 2925): dbv:1524,lux:209.6,cct:4880.6,hsv:1.2, CWB R:7.3,G:5.3,B:29.2 Event C:4355.0,R:2205.5,G:1749.8,B:861.9 Cali C:0.0,R:0.0,G:0.0,B:0.0
04-28 19:00:18.088 D/AurogonBandwidthController( 3839): skinTemperature:48.542
04-28 19:00:18.092 I/vendor.qti.bluetooth@1.0-ibs_handler( 1781): ProcessIbsCmd: Received IBS_WAKE_IND: 0xFD
04-28 19:00:18.092 D/vendor.qti.bluetooth@1.0-ibs_handler( 1781): SerialClockVote: vote for UART CLK ON
04-28 19:00:18.093 D/vendor.qti.bluetooth@1.0-wake_lock( 1781): Acquire wakelock is acquired
04-28 19:00:18.093 I/vendor.qti.bluetooth@1.0-ibs_handler( 1781): ProcessIbsCmd: Writing IBS_WAKE_ACK
04-28 19:00:18.096 V/bluetooth(28530): system/gd/hci/le_scanning_reassembler.cc:67 ProcessAdvertisingReport: Dropping repeated legacy advertising data
04-28 19:00:18.096 V/bluetooth(28530): system/gd/hci/le_scanning_reassembler.cc:101 ProcessAdvertisingReport: Full advertising report has been reassembled
04-28 19:00:18.096 V/bluetooth(28530): system/gd/hci/le_scanning_decrypter.cc:148 ContainsEncryptedData: enc_adv_data_map is empty
04-28 19:00:18.096 V/bt_btm_ble(28530): system/stack/btm/btm_ble_gap.cc:2166 btm_ble_process_adv_addr: bda=xx:xx:xx:xx:a1:2a
04-28 19:00:18.096 V/bt_btm_ble(28530): system/stack/btm/btm_ble_gap.cc:2157 btm_ble_update_inq_result: NOT_BR/EDR support bit set, treat device as LE only
04-28 19:00:18.096 V/ScanController(28530): onScanResult() - eventType=0x10, addressType=1, address=XX:XX:XX:XX:A1:2A, primaryPhy=1, secondaryPhy=0, advertisingSid=0xff, txPower=127, rssi=-49, periodicAdvInt=0x0, originalAddress=C2:90:EA:E0:A1:2A
04-28 19:00:18.097 V/ScanController(28530): Skipping client: permission=true matches=false
04-28 19:00:18.097 V/ScanController(28530): Skipping client: permission=true matches=false
04-28 19:00:18.098 V/ScanController(28530): Skipping client: permission=true matches=false
04-28 19:00:18.127 I/libsensor-boledalgo( 2925): dbv:1524,lux:208.9,cct:4933.9,hsv:1.2, CWB R:7.3,G:5.3,B:29.2 Event C:4359.9,R:2200.7,G:1747.0,B:870.0 Cali C:0.0,R:0.0,G:0.0,B:0.0
04-28 19:00:18.137 I/vendor.qti.bluetooth@1.0-ibs_handler( 1781): ProcessIbsCmd: Received IBS_SLEEP_IND: 0xFE
04-28 19:00:18.137 D/vendor.qti.bluetooth@1.0-ibs_handler( 1781): SerialClockVote: vote for UART CLK OFF
04-28 19:00:18.287 D/vendor.qti.bluetooth@1.0-wake_lock( 1781): Release wakelock is released
04-28 19:00:18.339 I/libsensor-boledalgo( 2925): dbv:1524,lux:209.7,cct:4867.8,hsv:1.2, CWB R:7.3,G:5.3,B:29.2 Event C:4370.3,R:2208.2,G:1743.9,B:862.8 Cali C:0.0,R:0.0,G:0.0,B:0.0
04-28 19:00:18.339 I/libsensor-boledalgo( 2925): dbv:1524,lux:208.5,cct:4935.0,hsv:1.2, CWB R:7.3,G:5.3,B:29.2 Event C:4365.6,R:2193.1,G:1735.7,B:870.6 Cali C:0.0,R:0.0,G:0.0,B:0.0
04-28 19:00:18.340 I/libsensor-boledalgo( 2925): dbv:1524,lux:209.6,cct:4864.6,hsv:1.2, CWB R:7.3,G:5.3,B:29.2 Event C:4366.5,R:2218.8,G:1749.3,B:862.3 Cali C:0.0,R:0.0,G:0.0,B:0.0
04-28 19:00:18.340 I/libsensor-boledalgo( 2925): dbv:1524,lux:208.0,cct:4930.0,hsv:1.2, CWB R:7.3,G:5.3,B:29.2 Event C:4351.7,R:2209.2,G:1742.6,B:868.6 Cali C:0.0,R:0.0,G:0.0,B:0.0
04-28 19:00:18.512 D/JavaheapMonitor(14149): Java heap used=10M max=256M, proc: com.miui.analytics
04-28 19:00:18.512 V/JavaheapMonitor(14149): Check java heap usage finished! Next check delay: 300000
04-28 19:00:18.551 I/libsensor-boledalgo( 2925): dbv:1524,lux:207.0,cct:4981.3,hsv:1.2, CWB R:7.3,G:5.3,B:29.2 Event C:4354.2,R:2209.1,G:1738.9,B:876.2 Cali C:0.0,R:0.0,G:0.0,B:0.0
04-28 19:00:18.551 I/libsensor-boledalgo( 2925): dbv:1524,lux:209.2,cct:4905.3,hsv:1.2, CWB R:7.3,G:5.3,B:29.2 Event C:4358.5,R:2203.7,G:1746.9,B:865.9 Cali C:0.0,R:0.0,G:0.0,B:0.0
04-28 19:00:18.551 I/libsensor-boledalgo( 2925): dbv:1524,lux:207.7,cct:4994.9,hsv:1.2, CWB R:7.3,G:5.3,B:29.2 Event C:4368.2,R:2207.3,G:1742.5,B:880.3 Cali C:0.0,R:0.0,G:0.0,B:0.0
04-28 19:00:18.552 I/libsensor-boledalgo( 2925): dbv:1524,lux:206.5,cct:4912.6,hsv:1.2, CWB R:7.3,G:5.3,B:29.2 Event C:4334.1,R:2212.0,G:1731.5,B:863.4 Cali C:0.0,R:0.0,G:0.0,B:0.0
04-28 19:00:18.552 I/libsensor-boledalgo( 2925): dbv:1524,lux:209.9,cct:4848.9,hsv:1.2, CWB R:7.3,G:5.3,B:29.2 Event C:4349.7,R:2206.0,G:1750.3,B:856.4 Cali C:0.0,R:0.0,G:0.0,B:0.0
04-28 19:00:18.584 D/wpa_supplicant(25850): nl80211: Drv Event 81 (NL80211_CMD_TDLS_OPER) received for wlan0
04-28 19:00:18.584 D/wpa_supplicant(25850): nl80211: TDLS operation event
04-28 19:00:18.584 D/wpa_supplicant(25850): nl80211: TDLS discovery request for peer 1c:db:d4:9b:8f:94
04-28 19:00:18.584 D/wpa_supplicant(25850): wlan0: Event TDLS (7) received
04-28 19:00:18.584 D/wpa_supplicant(25850): nl80211: Drv Event 81 (NL80211_CMD_TDLS_OPER) received for wlan0
04-28 19:00:18.584 D/wpa_supplicant(25850): nl80211: TDLS operation event
04-28 19:00:18.584 D/wpa_supplicant(25850): nl80211: TDLS discovery request for peer b4:5f:84:de:d4:d0
04-28 19:00:18.584 D/wpa_supplicant(25850): wlan0: Event TDLS (7) received
04-28 19:00:18.584 D/wpa_supplicant(25850): nl80211: Drv Event 81 (NL80211_CMD_TDLS_OPER) received for wlan0
04-28 19:00:18.584 D/wpa_supplicant(25850): nl80211: TDLS operation event
04-28 19:00:18.584 D/wpa_supplicant(25850): nl80211: TDLS discovery request for peer 14:c1:9f:d7:e3:f4
04-28 19:00:18.584 D/wpa_supplicant(25850): wlan0: Event TDLS (7) received
04-28 19:00:18.763 I/libsensor-boledalgo( 2925): dbv:1524,lux:209.8,cct:4902.4,hsv:1.2, CWB R:7.3,G:5.3,B:29.2 Event C:4361.9,R:2200.5,G:1750.3,B:865.8 Cali C:0.0,R:0.0,G:0.0,B:0.0
04-28 19:00:18.764 I/libsensor-boledalgo( 2925): dbv:1524,lux:207.4,cct:4970.6,hsv:1.2, CWB R:7.3,G:5.3,B:29.2 Event C:4344.8,R:2206.6,G:1744.8,B:873.0 Cali C:0.0,R:0.0,G:0.0,B:0.0
04-28 19:00:18.838 D/powerkeeper.dfsobserve( 3271): board ready to handle temperature change
04-28 19:00:18.838 D/powerkeeper.dfscpucol( 3271): handleTemperatureChange: temp=48542
04-28 19:00:19.187 I/libsensor-boledalgo( 2925): dbv:1524,lux:208.5,cct:4903.7,hsv:1.2, CWB R:7.3,G:5.3,B:29.2 Event C:4347.0,R:2195.8,G:1739.3,B:863.3 Cali C:0.0,R:0.0,G:0.0,B:0.0
04-28 19:00:19.212 I/BatteryNotifier( 2597): noteStopVideo: the video refcount for uid(2000) clientName(com.android.shell) is 0.
04-28 19:00:19.248 W/ActivityManagerServiceImpl( 3839): Sending non-protected broadcast com.modemenhance.ACTION_MODEMWIFI_RSSI_POLL from system 5894:com.android.phone/1001 pkg com.android.phone. Callers=
04-28 19:00:19.249 I/WifiService( 3839): getConnectionInfo uid=1001
04-28 19:00:19.249 V/WifiService( 3839): Clearing REDACT_FOR_LOCAL_MAC_ADDRESS for com.android.phone(uid=1001)
04-28 19:00:19.249 V/WifiService( 3839): Clearing REDACT_FOR_NETWORK_SETTINGS for com.android.phone(uid=1001)
04-28 19:00:19.249 V/WifiService( 3839): Clearing REDACT_FOR_ACCESS_FINE_LOCATION for com.android.phone(uid=1001)
04-28 19:00:19.250 D/SlaveWifiManager( 5894): getWifiSlaveConnectionInfo
04-28 19:00:19.321 I/vendor.qti.bluetooth@1.0-ibs_handler( 1781): ProcessIbsCmd: Received IBS_WAKE_IND: 0xFD
04-28 19:00:19.321 D/vendor.qti.bluetooth@1.0-ibs_handler( 1781): SerialClockVote: vote for UART CLK ON
04-28 19:00:19.321 D/vendor.qti.bluetooth@1.0-wake_lock( 1781): Acquire wakelock is acquired
04-28 19:00:19.321 I/vendor.qti.bluetooth@1.0-ibs_handler( 1781): ProcessIbsCmd: Writing IBS_WAKE_ACK
04-28 19:00:19.324 V/bluetooth(28530): system/gd/hci/le_scanning_reassembler.cc:67 ProcessAdvertisingReport: Dropping repeated legacy advertising data
04-28 19:00:19.324 V/bluetooth(28530): system/gd/hci/le_scanning_reassembler.cc:90 ProcessAdvertisingReport: Ignoring advertising report when scan response is expected or current data is marked incomplete
04-28 19:00:19.324 V/bluetooth(28530): system/gd/hci/le_scanning_reassembler.cc:101 ProcessAdvertisingReport: Full advertising report has been reassembled
04-28 19:00:19.324 V/bluetooth(28530): system/gd/hci/le_scanning_decrypter.cc:148 ContainsEncryptedData: enc_adv_data_map is empty
04-28 19:00:19.324 V/bt_btm_ble(28530): system/stack/btm/btm_ble_gap.cc:2166 btm_ble_process_adv_addr: bda=xx:xx:xx:xx:44:71
04-28 19:00:19.324 V/bt_btm_ble(28530): system/stack/btm/btm_ble_gap.cc:2154 btm_ble_update_inq_result: Random address, treat device as LE only
04-28 19:00:19.324 D/bt_btm_ble(28530): system/stack/btm/btm_ble_gap.cc:1961 btm_ble_is_discoverable: btm_ble_is_discoverable flag=0x26
04-28 19:00:19.324 V/ScanController(28530): onScanResult() - eventType=0x1b, addressType=1, address=XX:XX:XX:XX:44:71, primaryPhy=1, secondaryPhy=0, advertisingSid=0xff, txPower=127, rssi=-48, periodicAdvInt=0x0, originalAddress=64:ED:5B:91:44:71
04-28 19:00:19.324 V/ScanController(28530): Skipping client: permission=true matches=false
04-28 19:00:19.325 V/ScanController(28530): Skipping client: permission=true matches=false
04-28 19:00:19.325 V/ScanController(28530): Skipping client: permission=true matches=false
04-28 19:00:19.364 I/vendor.qti.bluetooth@1.0-ibs_handler( 1781): ProcessIbsCmd: Received IBS_SLEEP_IND: 0xFE
04-28 19:00:19.364 D/vendor.qti.bluetooth@1.0-ibs_handler( 1781): SerialClockVote: vote for UART CLK OFF
04-28 19:00:19.514 D/vendor.qti.bluetooth@1.0-wake_lock( 1781): Release wakelock is released
04-28 19:00:19.737 I/SDM     ( 1810): PartialUpdateSrcSplit::SetCwbRoiForNonPU: CWB ROI Rect(0.000000 0.000000 1440.000000 3200.000000)
04-28 19:00:19.739 I/vendor.qti.hardware.display.composer-service( 1810): Sensor: notify citsensorservice to trigger cwb, misForced = 0
04-28 19:00:19.740 E/HwcComposer( 1966): getLuts failed Status(-129, EX_TRANSACTION_FAILED): 'UNKNOWN_TRANSACTION: '
04-28 19:00:19.741 I/SDM     ( 1810): CWB config passed by cwb_client : tappoint 1  CWB_ROI : (699.000000 110.000000 940.000000 351.000000) for display-0
04-28 19:00:19.768 I/SDM     ( 1810): DemuraTnCaptureIntfImpl::ProcessCapturePanelData: Screen capture status = 0
04-28 19:00:19.809 I/SDM     ( 1810): DisplayBase::CommitThread: Received Idle Timeout, panel: cmd, timeout: 70000 us
04-28 19:00:19.809 D/libsensor-parseRGB( 2925): CWB NotifyIdleStatus 1
04-28 19:00:19.821 I/SDM     ( 1810): PartialUpdateSrcSplit::SetCwbRoiForNonPU: CWB ROI Rect(699.000000 110.000000 940.000000 351.000000)
04-28 19:00:19.851 I/SDM     ( 1810): NotifyCWBStatus: Notify the client about buffer (0xefaa9c10) status 0 for display-0.
04-28 19:00:19.851 I/SDM     ( 1810): SDMConcurrentWriteBack::ProcessCWBStatus: CWB queue is empty. Display: 0
04-28 19:00:19.894 I/SDM     ( 1810): DisplayBase::CommitThread: Received Idle Timeout, panel: cmd, timeout: 70000 us
04-28 19:00:19.894 D/libsensor-parseRGB( 2925): CWB NotifyIdleStatus 1
04-28 19:00:20.034 I/libsensor-boledalgo( 2925): dbv:1524,lux:209.6,cct:4849.3,hsv:1.2, CWB R:7.3,G:5.3,B:29.2 Event C:4362.8,R:2204.5,G:1741.0,B:858.6 Cali C:0.0,R:0.0,G:0.0,B:0.0
04-28 19:00:20.089 D/AurogonBandwidthController( 3839): skinTemperature:48.542
04-28 19:00:20.091 D/MiuiWifiCommonBase( 3839): band: 0, compensate: 0
04-28 19:00:20.091 D/WifiClientModeImpl[719075603:wlan0]( 3839): updateLinkLayerStatsRssiSpeedFrequencyCapabilities rssi=-26 TxLinkspeed=300 freq=2462 RxLinkSpeed=300
04-28 19:00:20.091 I/WifiService( 3839): getConnectionInfo uid=1000
04-28 19:00:20.091 V/WifiService( 3839): Clearing REDACT_FOR_LOCAL_MAC_ADDRESS for android(uid=1000)
04-28 19:00:20.091 V/WifiService( 3839): Clearing REDACT_FOR_NETWORK_SETTINGS for android(uid=1000)
04-28 19:00:20.091 V/WifiService( 3839): Clearing REDACT_FOR_ACCESS_FINE_LOCATION for android(uid=1000)
04-28 19:00:20.091 D/WifiDataStall( 3839): tx tput in kbps: 88687
04-28 19:00:20.091 D/WifiDataStall( 3839): rx tput in kbps: 206250
04-28 19:00:20.091 V/WifiConfigManager( 3839): Updating scan detail cache freq=2462 BSSID=74:39:89:2a:67:26 RSSI=-26 for "MstRobot"WPA_PSK
04-28 19:00:20.091 D/WifiChannelUtilization( 3839):  freq: 2462 onTime: 17940112 busyTime: 10857493 onTimeDiff: 312 busyTimeDiff: 245 utilization: 200 utilization t0: -85
04-28 19:00:20.092 D/WifiDataStall( 3839):  ccaLevel = 80
04-28 19:00:20.092 D/WifiDataStall( 3839): L2 txTputKbps: 195937, rxTputKbps: 206250, L3 txTputKbps: 0, rxTputKbps: 8, TxTrafficHigh: false, RxTrafficHigh: false, Throughput Sufficient: true
04-28 19:00:20.092 D/WifiThroughputPredictor( 3839):  utilization (LLS) 80 isBluetoothConnected: false final utilization: 80
04-28 19:00:20.092 D/WifiThroughputPredictor( 3839):  BW: 1 RSSI: -26 Nss: 2 Mode: 4 symDur: 3600 snrDb 51 bitPerTone: 5000 rate: 300 throughput: 205
04-28 19:00:20.092 D/WifiThroughputPredictor( 3839):  utilization (LLS) 80 isBluetoothConnected: false final utilization: 80
04-28 19:00:20.092 D/WifiThroughputPredictor( 3839):  BW: 1 RSSI: -26 Nss: 2 Mode: 4 symDur: 3600 snrDb 51 bitPerTone: 5000 rate: 300 throughput: 205
04-28 19:00:20.092 D/MiuiNM  ( 3839): rssi: -26, txPer: 5, rxPer: 5, ccaBr: 78, bcnLr: 13, tcpFr: -1, bcnRx: 26, txGood:1.46, txRetry:1.47, txBad:0.00
04-28 19:00:20.093 D/WifiScoreCard( 3839): BSSID update SIGNAL_POLL ID: 404527809 SSID: "MstRobot", BSSID: 74:39:89:2a:67:26, MAC: fa:2c:a2:da:d1:aa, IP: /192.168.0.106, Security type: 2, Supplicant state: COMPLETED, Wi-Fi standard: 11n, RSSI: -26, Link speed: 300Mbps, Tx Link speed: 300Mbps, Max Supported Tx Link speed: 300Mbps, Rx Link speed: 300Mbps, Max Supported Rx Link speed: 300Mbps, Frequency: 2462MHz, Net ID: 6, Metered hint: false, score: 60, isUsable: true, CarrierMerged: false, SubscriptionId: -1, IsPrimary: 1, Trusted: true, Restricted: false, Ephemeral: false, OEM paid: false, OEM private: false, OSU AP: false, FQDN: <none>, Provider friendly name: <none>, Requesting package name: <none>"MstRobot"wpa2-pskMLO Information: , Is TID-To-Link negotiation supported by the AP: false, AP MLD Address: <none>, AP MLO Link Id: <none>, AP MLO Affiliated links: <none>, Vendor Data: <none>
04-28 19:00:20.093 D/WifiScoreCard( 3839): txRate: 2 txSpeed: 300
04-28 19:00:20.093 D/WifiScoreCard( 3839): network update SIGNAL_POLL "MstRobot" ID: 608343939 RSSI -26 txSpeed -1
04-28 19:00:20.093 D/WifiClientModeImpl[719075603:wlan0]( 3839):  ClientModeImpl$L2ConnectedState screen=on 24 0 "MstRobot" 74:39:89:2a:67:26 rssi=-26 f=2462 sc= 60, mSwithInWeakNet: true [updated score = 60,  failpercent=-1 { out=0 in=0 lost=0 inretrans=0 total retrans=0 tmo=0 inflight=0}] link=300 tx=0.7, 0.7, 0.0 rx=0.5 bcn=312571 [on:312 tx:2 rx:22 period:3024] from screen [on:3202176 period:9491442] score=60
04-28 19:00:20.094 I/WifiService( 3839): getVerboseLoggingLevel uid=1000
04-28 19:00:20.093 V/WifiManager( 5963): TrafficStateCallbackProxy: onStateChanged state=3
04-28 19:00:20.095 V/WifiManager( 5963): TrafficStateCallbackProxy: onStateChanged state=3
04-28 19:00:20.096 E/PhoneAdapter( 5894): get ntnphones failed, exception: java.lang.IllegalStateException: not support satellite!
04-28 19:00:20.098 I/WifiService( 3839): getScanResults uid=1000
04-28 19:00:20.098 D/AmlWifiScoreReportInjector( 3839): getMaxRssiInWaeknet weaknetRssi = -72
04-28 19:00:20.100 D/JavaheapMonitor(26121): Java heap used=6M max=256M, proc: com.android.permissioncontroller
04-28 19:00:20.100 V/JavaheapMonitor(26121): Check java heap usage finished! Next check delay: 300000
04-28 19:00:20.101 I/WifiService( 3839): getVerboseLoggingLevel uid=1000
04-28 19:00:20.101 D/AmlWifiScoreReportInjector( 3839): onWifiUsabilityStats: channelUtilization=200 seqNum = 160615 bssidChanged = 0 isQcomPlatform = true
04-28 19:00:20.132 D/JavaheapMonitor( 2759): Java heap used=41M max=256M, proc: com.android.updater
04-28 19:00:20.132 V/JavaheapMonitor( 2759): Check java heap usage finished! Next check delay: 300000
04-28 19:00:20.257 I/NetworkAccelerateSwitchService( 3839): EVENT_RSSI_POLL. mRssiPoll=true
04-28 19:00:20.257 I/WifiService( 3839): getConnectionInfo uid=1000
04-28 19:00:20.257 V/WifiService( 3839): Clearing REDACT_FOR_LOCAL_MAC_ADDRESS for android(uid=1000)
04-28 19:00:20.257 V/WifiService( 3839): Clearing REDACT_FOR_NETWORK_SETTINGS for android(uid=1000)
04-28 19:00:20.257 V/WifiService( 3839): Clearing REDACT_FOR_ACCESS_FINE_LOCATION for android(uid=1000)
04-28 19:00:20.257 I/WifiService( 3839): getVerboseLoggingLevel uid=1000
04-28 19:00:20.257 I/NetworkAccelerateSwitchService( 3839): ================= checkWifiRssiAndLinkSpeed START ================
04-28 19:00:20.257 I/NetworkAccelerateSwitchService( 3839): checkWifiRssiAndLinkSpeed mMinRssiFastFadeDifference:9 mMedRssiFastFadeDifference:13 mMaxRssiFastFadeDifference:15
04-28 19:00:20.257 I/NetworkAccelerateSwitchService( 3839): checkWifiRssiAndLinkSpeed txBandwidthCapMbps:300
04-28 19:00:20.257 I/NetworkAccelerateSwitchService( 3839): checkWifiRssiAndLinkSpeed rxBandwidthCapMbps:300
04-28 19:00:20.257 I/NetworkAccelerateSwitchService( 3839): checkWifiRssiAndLinkSpeed mcsidx:-1
04-28 19:00:20.257 I/NetworkAccelerateSwitchService( 3839): checkWifiRssiAndLinkSpeed rssi difference:0
04-28 19:00:20.257 I/NetworkAccelerateSwitchService( 3839): checkWifiRssiAndLinkSpeed txBandwidthCapMbps proportions:1.0
04-28 19:00:20.258 I/NetworkAccelerateSwitchService( 3839): checkWifiRssiAndLinkSpeed rxBandwidthCapMbps proportions:1.0
04-28 19:00:20.258 I/NetworkAccelerateSwitchService( 3839): checkWifiRssiAndLinkSpeed mcsidx difference:0
04-28 19:00:20.258 I/NetworkAccelerateSwitchService( 3839): checkWifiRssiAndLinkSpeed FastFadeWeakNetThresholdAdjustment:0
04-28 19:00:20.258 I/NetworkAccelerateSwitchService( 3839): ================= checkWifiRssiAndLinkSpeed END ================
04-28 19:00:20.258 I/NetworkAccelerateSwitchService( 3839): checkWifiRssiAndLinkSpeed rssi:26
04-28 19:00:20.258 I/NetworkAccelerateSwitchService( 3839): checkWifiRssiAndLinkSpeed mWifiFastFade:false mWifiFastFadeAdjustThreshold:false
04-28 19:00:20.258 I/NetworkAccelerateSwitchService( 3839): getAverageWifiRssi:26
04-28 19:00:20.258 D/NetworkAccelerateSwitchService( 3839): checkIntervalModeChange mMovementState:false mIntervalMode:0 mIsBadLinkLayerQoE:false mBadLinkLayerQoETimes = 0
04-28 19:00:20.459 I/libsensor-boledalgo( 2925): dbv:1524,lux:207.3,cct:4957.6,hsv:1.2, CWB R:7.3,G:5.3,B:29.2 Event C:4353.8,R:2215.9,G:1742.3,B:873.2 Cali C:0.0,R:0.0,G:0.0,B:0.0
04-28 19:00:20.644 D/wpa_supplicant(25850): nl80211: Drv Event 81 (NL80211_CMD_TDLS_OPER) received for wlan0
04-28 19:00:20.644 D/wpa_supplicant(25850): nl80211: TDLS operation event
04-28 19:00:20.644 D/wpa_supplicant(25850): nl80211: TDLS discovery request for peer 1c:db:d4:9b:8f:94
04-28 19:00:20.644 D/wpa_supplicant(25850): wlan0: Event TDLS (7) received
04-28 19:00:20.644 D/wpa_supplicant(25850): nl80211: Drv Event 81 (NL80211_CMD_TDLS_OPER) received for wlan0
04-28 19:00:20.644 D/wpa_supplicant(25850): nl80211: TDLS operation event
04-28 19:00:20.644 D/wpa_supplicant(25850): nl80211: TDLS discovery request for peer b4:5f:84:de:d4:d0
04-28 19:00:20.644 D/wpa_supplicant(25850): wlan0: Event TDLS (7) received
04-28 19:00:20.644 D/wpa_supplicant(25850): nl80211: Drv Event 81 (NL80211_CMD_TDLS_OPER) received for wlan0
04-28 19:00:20.644 D/wpa_supplicant(25850): nl80211: TDLS operation event
04-28 19:00:20.644 D/wpa_supplicant(25850): nl80211: TDLS discovery request for peer 14:c1:9f:d7:e3:f4
04-28 19:00:20.644 D/wpa_supplicant(25850): wlan0: Event TDLS (7) received
04-28 19:00:20.670 I/libsensor-boledalgo( 2925): dbv:1524,lux:209.0,cct:4902.4,hsv:1.2, CWB R:7.3,G:5.3,B:29.2 Event C:4358.6,R:2200.2,G:1742.3,B:865.3 Cali C:0.0,R:0.0,G:0.0,B:0.0
04-28 19:00:20.849 D/AidlBufferPool(26992): bufferpool2 0xb400007bee8efd78 : 49(223350 size) total buffers - 0(0 size) used buffers - 16919/76488 (recycle/alloc) - 60657/76488 (fetch/transfer)
04-28 19:00:20.850 D/AidlBufferPoolAcc(26992): evictor expired: 1, evicted: 1
04-28 19:00:20.883 I/libsensor-boledalgo( 2925): dbv:1524,lux:207.5,cct:4965.2,hsv:1.2, CWB R:7.3,G:5.3,B:29.2 Event C:4343.6,R:2199.3,G:1741.6,B:871.6 Cali C:0.0,R:0.0,G:0.0,B:0.0
04-28 19:00:21.176 D/QLM-Service( 8670): check_headroom_zone: Timer EVT, Temp: 60270
04-28 19:00:21.181 D/JavaheapMonitor(25080): Java heap used=8M max=256M, proc: com.android.mms
04-28 19:00:21.181 V/JavaheapMonitor(25080): Check java heap usage finished! Next check delay: 300000
04-28 19:00:21.302 D/JavaheapMonitor(25900): Java heap used=8M max=256M, proc: android.process.media
04-28 19:00:21.302 V/JavaheapMonitor(25900): Check java heap usage finished! Next check delay: 300000
04-28 19:00:21.305 I/libsensor-boledalgo( 2925): dbv:1524,lux:208.7,cct:4893.2,hsv:1.2, CWB R:7.3,G:5.3,B:29.2 Event C:4354.9,R:2203.4,G:1741.1,B:863.6 Cali C:0.0,R:0.0,G:0.0,B:0.0
04-28 19:00:21.480 D/AurogonBandwidthController( 3839): skinTemperature:48.333
04-28 19:00:21.480 D/AurogonBandwidthController( 3839): skinTemperature:48.333
04-28 19:00:21.518 I/libsensor-boledalgo( 2925): dbv:1524,lux:208.9,cct:4950.0,hsv:1.2, CWB R:7.3,G:5.3,B:29.2 Event C:4359.9,R:2204.2,G:1751.1,B:872.5 Cali C:0.0,R:0.0,G:0.0,B:0.0
04-28 19:00:21.616 D/JavaheapMonitor(10412): Java heap used=12M max=256M, proc: com.xiaomi.mi_connect_service:idm
04-28 19:00:21.616 V/JavaheapMonitor(10412): Check java heap usage finished! Next check delay: 300000
04-28 19:00:21.729 I/libsensor-boledalgo( 2925): dbv:1524,lux:209.2,cct:4888.1,hsv:1.2, CWB R:7.3,G:5.3,B:29.2 Event C:4358.3,R:2202.6,G:1744.0,B:863.3 Cali C:0.0,R:0.0,G:0.0,B:0.0
04-28 19:00:21.942 I/libsensor-boledalgo( 2925): dbv:1524,lux:208.4,cct:4960.9,hsv:1.2, CWB R:7.3,G:5.3,B:29.2 Event C:4350.9,R:2191.5,G:1744.0,B:871.7 Cali C:0.0,R:0.0,G:0.0,B:0.0
04-28 19:00:21.942 I/libsensor-boledalgo( 2925): dbv:1524,lux:208.1,cct:4900.8,hsv:1.2, CWB R:7.3,G:5.3,B:29.2 Event C:4353.8,R:2212.2,G:1739.6,B:865.0 Cali C:0.0,R:0.0,G:0.0,B:0.0
04-28 19:00:21.976 I/adbd    ( 3027): in ShellService: export ANDROID_LOG_TAGS="''"; exec logcat '-d' '-v' 'time'
