--------- beginning of main
04-28 18:51:20.073 D/MI-SF   ( 1966): isSupportLowBrightnessFpsSwitch current_setting_fps: 120
04-28 18:51:20.073 D/MI-SF   ( 1966): isTpIdleScene ,mAverageFrameRate is 4, 1
04-28 18:51:20.073 D/MI-SF   ( 1966): modeGroup20709632 mIsSupportAutomodeForMaxFpsSetting is 1(1), getCurrentBrightness() = 1366(0), mIsKeepAutoMode 0 isAutoModeAllowed() 1
04-28 18:51:20.073 D/MI-SF   ( 1966): setTpIdleFps choose FPS:60, mode:37489152
04-28 18:51:20.073 D/DisplayModeController( 1966): setDesiredMode 4630946654109872275 {mode={fps=60.00 Hz, modePtr={id=7, vsyncRate=60.00 Hz, peakRefreshRate=60.00 Hz}}, emitEvent=true, force=false}
04-28 18:51:20.073 E/DisplayModeController( 1966): setDesiredMode : Idle status skip setActiveMode, isDdicIdleMode: 1
04-28 18:51:20.082 I/SDM     ( 1810): SDMDisplay::SetActiveConfigWithConstraints: display = 0, config: 7, WxH 1440x3200, fps 60@auto@60:10
04-28 18:51:20.083 W/SDM     ( 1810): HWDeviceDRM::GetSupportedBitClkRate: Requested rate not supported: 1286000000
04-28 18:51:20.083 I/SDM     ( 1810): HWDeviceDRM::UpdateMixerAttributes: Mixer WxH 1440x3200-1 for Peripheral
04-28 18:51:20.083 I/SDM     ( 1810): PartialUpdateSrcSplit::SetCwbRoiForNonPU: CWB ROI Rect(699.000000 110.000000 940.000000 351.000000)
04-28 18:51:20.088 D/libsensor-D2SNotifier( 2925): DisplayId 0 Displayinfo2SlpiNotifier to type 8 displayFrequency = 10
04-28 18:51:20.088 D/FPSMonitor( 1841): threadFuncFpsMonitor display 0, fps 10
04-28 18:51:20.096 I/sensors ( 2925): qsh_qmi:41, qsh_qmi
04-28 18:51:20.106 D/MI-SF   ( 1966): isSupportLowBrightnessFpsSwitch current_setting_fps: 120
04-28 18:51:20.107 D/MI-SF   ( 1966): isTpIdleScene ,mAverageFrameRate is 4, 1
04-28 18:51:20.107 D/MI-SF   ( 1966): modeGroup37489152 mIsSupportAutomodeForMaxFpsSetting is 1(1), getCurrentBrightness() = 1366(0), mIsKeepAutoMode 0 isAutoModeAllowed() 1
04-28 18:51:20.107 D/MI-SF   ( 1966): setTpIdleFps choose FPS:60, mode:37489152
04-28 18:51:20.108 I/SDM     ( 1810): HWDeviceDRM::SetupConcurrentWriteback: Tear down the Concurrent Writeback topology
04-28 18:51:20.112 I/sensors ( 2925): ~qsh_qmi:68, ~qsh_qmi
04-28 18:51:20.120 I/SDM     ( 1810): NotifyCWBStatus: Notify the client about buffer (0xefaaa710) status 0 for display-0.
04-28 18:51:20.121 I/SDM     ( 1810): SDMConcurrentWriteBack::ProcessCWBStatus: CWB queue is empty. Display: 0
04-28 18:51:20.148 I/adbd    ( 3027): in ShellService: input tap 910 2560
04-28 18:51:20.183 D/MI-SF   ( 1966): setIdleFps choose FPS:60, mode:20709632 mode_group 24641792
04-28 18:51:20.183 D/DisplayModeController( 1966): setDesiredMode 4630946654109872275 {mode={fps=60.00 Hz, modePtr={id=5, vsyncRate=60.00 Hz, peakRefreshRate=60.00 Hz}}, emitEvent=false, force=false}
04-28 18:51:20.183 I/SDM     ( 1810): DisplayBase::CommitThread: Received Idle Timeout, panel: cmd, timeout: 70000 us
04-28 18:51:20.184 D/libsensor-parseRGB( 2925): CWB NotifyIdleStatus 1
04-28 18:51:20.190 I/SDM     ( 1810): SDMDisplay::SetActiveConfigWithConstraints: display = 0, config: 5, WxH 1440x3200, fps 60@idle@60:1
04-28 18:51:20.191 W/SDM     ( 1810): HWDeviceDRM::GetSupportedBitClkRate: Requested rate not supported: 1286000000
04-28 18:51:20.191 I/SDM     ( 1810): HWDeviceDRM::UpdateMixerAttributes: Mixer WxH 1440x3200-1 for Peripheral
04-28 18:51:20.196 D/FPSMonitor( 1841): threadFuncFpsMonitor display 0, fps 1
04-28 18:51:20.197 D/libsensor-D2SNotifier( 2925): DisplayId 0 Displayinfo2SlpiNotifier to type 8 displayFrequency = 1
--------- beginning of system
04-28 18:51:20.206 W/MIUIInput( 3839): Input motion event injection from package: null action ACTION_DOWN
04-28 18:51:20.207 I/MIUIInput( 3839): [MotionEvent] publisher action=0x0, deviceId=-1, 663189350, channel '13eaf2f com.smartsales.prism/com.smartsales.prism.MainActivity'
04-28 18:51:20.207 I/MIUIInput( 3839): [MotionEvent] publisher action=0x0, deviceId=-1, 663189350, channel '[Gesture Monitor] onehanded-touch'
04-28 18:51:20.207 I/MIUIInput( 3839): [MotionEvent] publisher action=0x0, deviceId=-1, 663189350, channel '[Gesture Monitor] WMShell'
04-28 18:51:20.207 I/MIUIInput( 3839): [MotionEvent] publisher action=0x0, deviceId=-1, 663189350, channel '[Gesture Monitor] miui-gesture'
04-28 18:51:20.208 D/OneHandedTutorialHandler( 5963): resetDraggingState: false
04-28 18:51:20.208 D/SchedBoost( 3839): handleSceneBoost type: 17, active :true
04-28 18:51:20.208 I/ProcessManager( 3839): getRenderThreadTidByPid, caller=3839
04-28 18:51:20.208 D/SchedBoostThread( 3839): thread tid=14426, priority is set to 1
04-28 18:51:20.208 D/MiuiFreeformModeGestureHandler( 5963): start handle MotionEvents:(910.0,2560.0)
04-28 18:51:20.208 D/SchedBoostThread( 3839): thread tid=23832, priority is set to 1
04-28 18:51:20.208 D/MiuiFreeformModeGestureHandler( 5963): handleMotionEvents mActiveMiuiFreeformTask null x: 910.0 y: 2560.0 current miuiFreeformModeTaskInfo:
04-28 18:51:20.208 D/MultiTaskingTaskRepository( 5963): getTopFullscreenTaskInfo: taskId=28143 windowingMode=1 isVisible=true isTopActivityTransparent=false
04-28 18:51:20.208 D/MiuiDecorationRootViewHost( 5963): isTouchedInTopCaption: taskId = 28143, tempViewHost = null
04-28 18:51:20.208 D/MiuiDecorationDot( 5963): isTouchedInTopCaption: taskId = 28143, mMulWinSwitchVIewHost is not ready for layout
04-28 18:51:20.208 D/MulWinSwitchEventHandler( 5963): dispatchToFullOrSplitDecorationDot: touchedTaskId=-1
04-28 18:51:20.208 D/MulWinSwitchEventHandler( 5963): handleReceivedMotionEvent: mTouchedBottomTaskId=-1
04-28 18:51:20.208 I/MIUIInput(14426): [MotionEvent] ViewRootImpl windowName 'com.smartsales.prism/com.smartsales.prism.MainActivity', { action=ACTION_DOWN, id[0]=0, pointerCount=1, eventTime=663189350, downTime=663189350, phoneEventTime=1777373480206 } moveCount:0
04-28 18:51:20.209 D/VRI[MainActivity](14426): getMiuiFreeformStackInfo mTmpFrames.miuiFreeFormStackInfo: null
04-28 18:51:20.209 I/SidebarCoverView(14048): onTouch : 4
04-28 18:51:20.209 D/MI-SF   ( 1966): setIdleFps choose FPS:60, mode:20709632 mode_group 24641792
04-28 18:51:20.209 I/MiuiSplitInputMethodImpl( 3839): Skip onPointerDownOutsideFocusLocked
04-28 18:51:20.210 I/MiuiSplitInputMethodImpl( 3839): Skip onPointerDownOutsideFocusLocked
04-28 18:51:20.210 I/MiuiSplitInputMethodImpl( 3839): Skip onPointerDownOutsideFocusLocked
04-28 18:51:20.210 I/MiuiSplitInputMethodImpl( 3839): Skip onPointerDownOutsideFocusLocked
04-28 18:51:20.212 D/EventBus( 1255): No subscribers registered for event class com.xiaomi.xms.event.msg.SystemTouchMsg
04-28 18:51:20.212 D/EventBus( 1255): No subscribers registered for event class xc.h
04-28 18:51:20.213 I/sensors ( 2925): qsh_qmi:41, qsh_qmi
04-28 18:51:20.219 I/libsensor-boledalgo( 2925): dbv:1524,lux:205.6,cct:4926.0,hsv:2.6, CWB R:7.3,G:5.3,B:29.2 Event C:4297.2,R:2189.4,G:1727.1,B:857.7 Cali C:0.0,R:0.0,G:0.0,B:0.0
04-28 18:51:20.222 I/sensors ( 2925): ~qsh_qmi:68, ~qsh_qmi
04-28 18:51:20.223 D/RefreshRateSelector( 1966): Touch Boost
04-28 18:51:20.223 D/MI-SF   ( 1966): modeGroup41426432 mIsSupportAutomodeForMaxFpsSetting is 1(1), getCurrentBrightness() = 1366(0), mIsKeepAutoMode 0 isAutoModeAllowed() 1
04-28 18:51:20.223 D/RefreshRateSelector( 1966): fixedMode_group: 41426432, isFindModeGroup 1
04-28 18:51:20.223 D/RefreshRateSelector( 1966): find max refresh rate:120, mode Group:41426432
04-28 18:51:20.223 D/DisplayModeController( 1966): setDesiredMode 4630946654109872275 {mode={fps=120.00 Hz, modePtr={id=1, vsyncRate=120.00 Hz, peakRefreshRate=120.00 Hz}}, emitEvent=true, force=false}
04-28 18:51:20.223 E/DisplayModeController( 1966): setDesiredMode : Idle status skip setActiveMode, isDdicIdleMode: 1
04-28 18:51:20.225 W/MIUIInput( 3839): Input motion event injection from package: null action ACTION_UP
04-28 18:51:20.225 I/MIUIInput( 3839): [MotionEvent] publisher action=0x1, deviceId=-1, 663189350, channel '13eaf2f com.smartsales.prism/com.smartsales.prism.MainActivity'
04-28 18:51:20.225 I/MIUIInput( 3839): [MotionEvent] publisher action=0x1, deviceId=-1, 663189350, channel '[Gesture Monitor] onehanded-touch'
04-28 18:51:20.226 I/MIUIInput( 3839): [MotionEvent] publisher action=0x1, deviceId=-1, 663189350, channel '[Gesture Monitor] WMShell'
04-28 18:51:20.226 I/MIUIInput( 3839): [MotionEvent] publisher action=0x1, deviceId=-1, 663189350, channel '[Gesture Monitor] miui-gesture'
04-28 18:51:20.226 D/DisplayPolicyStubImpl( 3839): boost for touch up begin
04-28 18:51:20.226 I/MIUIInput(14426): [MotionEvent] ViewRootImpl windowName 'com.smartsales.prism/com.smartsales.prism.MainActivity', { action=ACTION_UP, id[0]=0, pointerCount=1, eventTime=663189350, downTime=663189350, phoneEventTime=1777373480206 } moveCount:0
04-28 18:51:20.227 I/DisplayPolicyStubImpl( 3839): boost for touch up, package:com.smartsales.prism
04-28 18:51:20.230 D/AurogonBandwidthController( 3839): skinTemperature:49.785
04-28 18:51:20.231 D/EventBus( 1255): No subscribers registered for event class com.xiaomi.xms.event.msg.SystemTouchMsg
04-28 18:51:20.233 D/EventBus( 1255): No subscribers registered for event class xc.h
04-28 18:51:20.233 D/SimSchedulerViewModel(14426): transcript_ingress source=scheduler_debug_button length=18 text=晚上8点的开会取消了，得去机场接人。
04-28 18:51:20.234 D/SimSchedulerIngress(14426): route_preflight length=18 displayedDateIso=2026-04-28 mightReschedule=false looksLikeDeletionTranscript=true shortlistSize=0 transcript=晚上8点的开会取消了，得去机场接人。
04-28 18:51:20.235 D/SimSchedulerIngress(14426): route_decision intent=DELETE_UNSUPPORTED shape=UNSUPPORTED owner=REJECT terminal=false reason=delete unsupported
04-28 18:51:20.235 W/SimSchedulerIngress(14426): ui_failure branch=reject intent=DELETE_UNSUPPORTED owner=REJECT displayed=SIM 当前不支持语音删除，请在面板手动操作
04-28 18:51:20.237 I/SDM     ( 1810): SDMDisplay::SetActiveConfigWithConstraints: display = 0, config: 1, WxH 1440x3200, fps 120@auto@120:30
04-28 18:51:20.237 W/SDM     ( 1810): HWDeviceDRM::GetSupportedBitClkRate: Requested rate not supported: 1286000000
04-28 18:51:20.237 I/SDM     ( 1810): HWDeviceDRM::UpdateMixerAttributes: Mixer WxH 1440x3200-1 for Peripheral
04-28 18:51:20.239 I/vendor.qti.hardware.display.composer-service( 1810): Sensor: notify citsensorservice to trigger cwb, misForced = 0
04-28 18:51:20.239 W/HWComposer( 1966): Ignoring duplicate VSYNC event from HWC for display 4630946654109872275 (t=663189382027000)
04-28 18:51:20.239 D/AudioPipeline(14426): SIM audio drawer entries emitted count=2 downloading=1 queued=0 holding=0 maxDownloadProgress=0.0
04-28 18:51:20.240 D/DownloadService(14426): Audio files state: downloading=1, queued=0, ready=1, queueSize=0
04-28 18:51:20.240 I/SDM     ( 1810): CWB config passed by cwb_client : tappoint 1  CWB_ROI : (699.000000 110.000000 940.000000 351.000000) for display-0
04-28 18:51:20.240 E/HwcComposer( 1966): getLuts failed Status(-129, EX_TRANSACTION_FAILED): 'UNKNOWN_TRANSACTION: '
04-28 18:51:20.242 D/FPSMonitor( 1841): threadFuncFpsMonitor display 0, fps 30
04-28 18:51:20.242 D/libsensor-D2SNotifier( 2925): DisplayId 0 Displayinfo2SlpiNotifier to type 8 displayFrequency = 30
04-28 18:51:20.243 W/DownloadService(14426): Notification permission missing, skip foreground notification update
04-28 18:51:20.251 I/sensors ( 2925): qsh_qmi:41, qsh_qmi
04-28 18:51:20.253 I/DisplayDeviceRepository( 3839): Display device changed render timings: "内置屏幕", renderFrameRate=120.00001, presentationDeadlineNanos=11333333, appVsyncOffsetNanos=1000000, frameRateOverrides=[]
04-28 18:51:20.253 D/RefreshRateSelector( 1966): Touch Boost
04-28 18:51:20.253 D/MI-SF   ( 1966): modeGroup41426432 mIsSupportAutomodeForMaxFpsSetting is 1(1), getCurrentBrightness() = 1366(0), mIsKeepAutoMode 0 isAutoModeAllowed() 1
04-28 18:51:20.253 D/RefreshRateSelector( 1966): fixedMode_group: 41426432, isFindModeGroup 1
04-28 18:51:20.253 D/RefreshRateSelector( 1966): find max refresh rate:120, mode Group:41426432
04-28 18:51:20.254 D/WindowManager( 3839): DeferredDisplayUpdater: partially applying DisplayInfo(1440 x 3200) immediately
04-28 18:51:20.254 W/DisplayContentStubImpl( 3839):  displayMetricsChanged=false physicalDisplayChanged=false displayId=0 newUniqueId=local:4630946654109872275 currentUnique=local:4630946654109872275
04-28 18:51:20.254 D/DisplayContentStubImpl( 3839): Display{#0 state=ON size=1440x3200 ROTATION_0} isActivityEmbeddingSplitEnable false
04-28 18:51:20.254 W/InsetsSource( 3839): Has no intersection or mTmpFrame.height(), return Insets.NONE mTmpFrame.height() =0 hasIntersection =false
04-28 18:51:20.254 W/InsetsSource( 3839): Has no intersection or mTmpFrame.height(), return Insets.NONE mTmpFrame.height() =0 hasIntersection =false
04-28 18:51:20.254 I/SDM     ( 1810): PartialUpdateSrcSplit::SetCwbRoiForNonPU: CWB ROI Rect(699.000000 110.000000 940.000000 351.000000)
04-28 18:51:20.255 D/MiuiRefreshRatePolicy( 3839): reset
04-28 18:51:20.255 E/DisplayModeDirectorImpl( 3839): Invalid displayId: 138, only 0 and 1 are supported
04-28 18:51:20.255 D/MiuiRefreshRatePolicy( 3839): reset
04-28 18:51:20.255 E/DisplayModeDirectorImpl( 3839): Invalid displayId: 120, only 0 and 1 are supported
04-28 18:51:20.255 D/MiuiRefreshRatePolicy( 3839): reset
04-28 18:51:20.255 E/DisplayModeDirectorImpl( 3839): Invalid displayId: 76, only 0 and 1 are supported
04-28 18:51:20.255 D/MiuiRefreshRatePolicy( 3839): reset
04-28 18:51:20.255 E/DisplayModeDirectorImpl( 3839): Invalid displayId: 68, only 0 and 1 are supported
04-28 18:51:20.255 D/MiuiRefreshRatePolicy( 3839): reset
04-28 18:51:20.255 E/DisplayModeDirectorImpl( 3839): Invalid displayId: 64, only 0 and 1 are supported
04-28 18:51:20.255 D/MiuiRefreshRatePolicy( 3839): reset
04-28 18:51:20.255 E/DisplayModeDirectorImpl( 3839): Invalid displayId: 56, only 0 and 1 are supported
04-28 18:51:20.255 D/MiuiRefreshRatePolicy( 3839): reset
04-28 18:51:20.255 E/DisplayModeDirectorImpl( 3839): Invalid displayId: 42, only 0 and 1 are supported
04-28 18:51:20.255 D/MiuiRefreshRatePolicy( 3839): reset
04-28 18:51:20.255 E/DisplayModeDirectorImpl( 3839): Invalid displayId: 34, only 0 and 1 are supported
04-28 18:51:20.255 D/MiuiRefreshRatePolicy( 3839): reset
04-28 18:51:20.255 E/DisplayModeDirectorImpl( 3839): Invalid displayId: 24, only 0 and 1 are supported
04-28 18:51:20.255 D/MiuiRefreshRatePolicy( 3839): reset
04-28 18:51:20.255 E/DisplayModeDirectorImpl( 3839): Invalid displayId: 6, only 0 and 1 are supported
04-28 18:51:20.255 W/InsetsSource( 3839): Has no intersection or mTmpFrame.height(), return Insets.NONE mTmpFrame.height() =0 hasIntersection =false
04-28 18:51:20.255 W/InsetsSource( 3839): Has no intersection or mTmpFrame.height(), return Insets.NONE mTmpFrame.height() =0 hasIntersection =false
04-28 18:51:20.255 D/BarFollowAnimation( 3839): pairAppearanceRegionAndWin win=Window{13eaf2f u0 com.smartsales.prism/com.smartsales.prism.MainActivity} 0
04-28 18:51:20.256 D/BarFollowAnimation( 3839): isAppTaskBarOnTop win:Window{13eaf2f u0 com.smartsales.prism/com.smartsales.prism.MainActivity} (mCurrentTopTask:Task{4746c18 #28143 type=standard A=10433:com.smartsales.prism} : true); (mAssociatedTask:Task{4746c18 #28143 type=standard A=10433:com.smartsales.prism} : true); (mHomeTask:Task{39ded46 #1 type=home} : false); mReparentToOriginParent:false mLastAppBarVisible:true mLastHomeBarVisible:false
04-28 18:51:20.256 D/MiuiRefreshRatePolicy( 3839): reset
04-28 18:51:20.256 W/InsetsSource( 3839): Has no intersection or mTmpFrame.height(), return Insets.NONE mTmpFrame.height() =0 hasIntersection =false
04-28 18:51:20.256 W/InsetsSource( 3839): Has no intersection or mTmpFrame.height(), return Insets.NONE mTmpFrame.height() =0 hasIntersection =false
04-28 18:51:20.257 W/HWComposer( 1966): Ignoring duplicate VSYNC event from HWC for display 4630946654109872275 (t=663189398664000)
04-28 18:51:20.259 V/AutoDensityController( 5963): on display changed 0 context dpi:586 origin dpi:600 target dpi:586
04-28 18:51:20.259 I/sensors ( 2925): ~qsh_qmi:68, ~qsh_qmi
04-28 18:51:20.259 D/AudioFlingerImpl( 1930): setGameParameters keyvalue: screen_state=on
04-28 18:51:20.259 D/DeviceHalAidl( 1930): [default] setParameters: parameters: "screen_state=on"
04-28 18:51:20.259 D/ControlCenterWindowViewController( 5963): on display changed 0
04-28 18:51:20.260 V/AODAutoDensityController( 5963): on display changed 0 context dpi:586 origin dpi:600 target dpi:586
04-28 18:51:20.260 D/MiuiGxzwAnimView( 5963): onDisplayChanged: oldState = 2, newState = 2
04-28 18:51:20.260 D/PAL: API( 1794): pal_set_param: 1497: Enter: param id 8 (PAL_PARAM_ID_SCREEN_STATE)
04-28 18:51:20.260 D/PAL: ResourceManager( 1794): setParameter: 11845: Enter param id: 8 (PAL_PARAM_ID_SCREEN_STATE)
04-28 18:51:20.260 I/PAL: ResourceManager( 1794): setParameter: 11872: Screen State:1
04-28 18:51:20.260 D/PAL: ResourceManager( 1794): setParameter: 13545: Exit status: 0
04-28 18:51:20.260 D/PAL: API( 1794): pal_set_param: 1514: Exit, status 0
04-28 18:51:20.260 W/Launcher( 5261): onDisplayChanged: newRotation=0, mCurrentRotation=0
04-28 18:51:20.260 D/DeviceHalAidl( 1930): [usb] setParameters: parameters: "screen_state=on"
04-28 18:51:20.260 D/AHAL_Module( 1794): updateScreenState: usb: 1
04-28 18:51:20.260 D/DeviceHalAidl( 1930): [r_submix] setParameters: parameters: "screen_state=on"
04-28 18:51:20.260 D/AHAL_Module( 1794): updateScreenState: r_submix: 1
04-28 18:51:20.260 D/DeviceHalAidl( 1930): [bluetooth] setParameters: parameters: "screen_state=on"
04-28 18:51:20.260 D/AHAL_Module( 1794): updateScreenState: bluetooth: 1
04-28 18:51:20.263 W/HWComposer( 1966): Ignoring duplicate VSYNC event from HWC for display 4630946654109872275 (t=663189406982000)
04-28 18:51:20.266 W/GestureStubView_Left( 5261): onDisplayChanged
04-28 18:51:20.266 W/GestureStubView_Left( 5261): adaptRotation   currentRotation=0   mRotation=0
04-28 18:51:20.266 W/GestureStubView_Right( 5261): onDisplayChanged
04-28 18:51:20.266 W/GestureStubView_Right( 5261): adaptRotation   currentRotation=0   mRotation=0
04-28 18:51:20.267 W/InsetsSource(31883): Has no intersection or mTmpFrame.height(), return Insets.NONE mTmpFrame.height() =0 hasIntersection =false
04-28 18:51:20.267 W/InsetsSource(31883): Has no intersection or mTmpFrame.height(), return Insets.NONE mTmpFrame.height() =0 hasIntersection =false
04-28 18:51:20.267 W/InsetsSource(31883): Has no intersection or mTmpFrame.height(), return Insets.NONE mTmpFrame.height() =0 hasIntersection =false
04-28 18:51:20.267 W/InsetsSource(31883): Has no intersection or mTmpFrame.height(), return Insets.NONE mTmpFrame.height() =0 hasIntersection =false
04-28 18:51:20.267 W/InsetsSource(31883): Has no intersection or mTmpFrame.height(), return Insets.NONE mTmpFrame.height() =0 hasIntersection =false
04-28 18:51:20.267 W/InsetsSource(31883): Has no intersection or mTmpFrame.height(), return Insets.NONE mTmpFrame.height() =0 hasIntersection =false
04-28 18:51:20.270 I/SDM     ( 1810): NotifyCWBStatus: Notify the client about buffer (0xefaa72d0) status 0 for display-0.
04-28 18:51:20.270 I/SDM     ( 1810): SDMConcurrentWriteBack::ProcessCWBStatus: CWB queue is empty. Display: 0
04-28 18:51:20.271 W/HWComposer( 1966): Ignoring duplicate VSYNC event from HWC for display 4630946654109872275 (t=663189415300000)
04-28 18:51:20.279 W/HWComposer( 1966): Ignoring duplicate VSYNC event from HWC for display 4630946654109872275 (t=663189423619000)
04-28 18:51:20.284 D/STUPP   ( 3839): SSI ls:false
04-28 18:51:20.284 D/STUPP   ( 3839): CSI ls:false
04-28 18:51:20.288 W/HWComposer( 1966): Ignoring duplicate VSYNC event from HWC for display 4630946654109872275 (t=663189431937000)
04-28 18:51:20.293 I/SKIA    (14426): CreateGraphicsPipeline pipeline cache hit. elpased time: 0.54 ms.
04-28 18:51:20.296 W/HWComposer( 1966): Ignoring duplicate VSYNC event from HWC for display 4630946654109872275 (t=663189440255000)
04-28 18:51:20.305 D/HWUI    ( 5963): ImageDecoder_nDecodeBitmap: width = 388, height = 318, encodedFormat = 4
04-28 18:51:20.310 I/SDM     ( 1810): HWDeviceDRM::SetupConcurrentWriteback: Tear down the Concurrent Writeback topology
04-28 18:51:20.312 W/HWUI    ( 5963): Image decoding logging dropped!
04-28 18:51:20.315 D/HWUI    ( 5963): ImageDecoder_nDecodeBitmap: width = 1024, height = 1024, encodedFormat = 4
04-28 18:51:20.326 W/BpBinder( 1966): Large outgoing transaction of 117236 bytes, interface descriptor android.gui.IWindowInfosListener, code 1 was sent
04-28 18:51:20.345 W/BpBinder( 1966): Large outgoing transaction of 117236 bytes, interface descriptor android.gui.IWindowInfosListener, code 1 was sent
04-28 18:51:20.358 D/RefreshRateSelector( 1966): Touch Boost
04-28 18:51:20.358 D/MI-SF   ( 1966): modeGroup41426432 mIsSupportAutomodeForMaxFpsSetting is 1(1), getCurrentBrightness() = 1366(0), mIsKeepAutoMode 0 isAutoModeAllowed() 1
04-28 18:51:20.358 D/RefreshRateSelector( 1966): fixedMode_group: 41426432, isFindModeGroup 1
04-28 18:51:20.358 D/RefreshRateSelector( 1966): find max refresh rate:120, mode Group:41426432
04-28 18:51:20.404 W/HWUI    ( 5963): Image decoding logging dropped!
04-28 18:51:20.448 I/vendor.qti.hardware.display.composer-service( 1810): Sensor: notify citsensorservice to trigger cwb, misForced = 0
04-28 18:51:20.449 I/SDM     ( 1810): CWB config passed by cwb_client : tappoint 1  CWB_ROI : (699.000000 110.000000 940.000000 351.000000) for display-0
04-28 18:51:20.460 D/AurogonImmobulusMode( 3839):  update wallpaper pacakge name status mLockWallPaperPackageName =  mLockWallPaperUid = -1 mDeskWallPaperPackageName = com.miui.miwallpaper mDeskWallPaperUid = 10187
04-28 18:51:20.462 D/AudioPipeline(14426): SIM audio drawer entries emitted count=2 downloading=1 queued=0 holding=0 maxDownloadProgress=0.0
04-28 18:51:20.462 D/DownloadService(14426): Audio files state: downloading=1, queued=0, ready=1, queueSize=0
04-28 18:51:20.464 W/DownloadService(14426): Notification permission missing, skip foreground notification update
04-28 18:51:20.474 I/SDM     ( 1810): HWDeviceDRM::SetupConcurrentWriteback: Tear down the Concurrent Writeback topology
04-28 18:51:20.479 I/SDM     ( 1810): NotifyCWBStatus: Notify the client about buffer (0xefaaa500) status 0 for display-0.
04-28 18:51:20.479 I/SDM     ( 1810): SDMConcurrentWriteBack::ProcessCWBStatus: CWB queue is empty. Display: 0
04-28 18:51:20.486 E/HwcComposer( 1966): getLuts failed Status(-129, EX_TRANSACTION_FAILED): 'UNKNOWN_TRANSACTION: '
04-28 18:51:20.594 I/MiuiNetworkPolicy( 3839): updateUidState uid = 10173, uidState = 19
04-28 18:51:20.619 D/QLM-Service( 8670): check_headroom_zone: Timer EVT, Temp: 62892
04-28 18:51:20.642 I/libsensor-boledalgo( 2925): dbv:1524,lux:207.6,cct:4873.8,hsv:2.6, CWB R:7.3,G:5.3,B:29.2 Event C:4321.3,R:2192.2,G:1733.2,B:854.5 Cali C:0.0,R:0.0,G:0.0,B:0.0
04-28 18:51:20.655 D/AudioPipeline(14426): SIM audio drawer entries emitted count=2 downloading=1 queued=0 holding=0 maxDownloadProgress=0.0
04-28 18:51:20.655 D/DownloadService(14426): Audio files state: downloading=1, queued=0, ready=1, queueSize=0
04-28 18:51:20.657 W/DownloadService(14426): Notification permission missing, skip foreground notification update
04-28 18:51:20.661 I/vendor.qti.hardware.display.composer-service( 1810): Sensor: notify citsensorservice to trigger cwb, misForced = 0
04-28 18:51:20.661 I/SDM     ( 1810): CWB config passed by cwb_client : tappoint 1  CWB_ROI : (699.000000 110.000000 940.000000 351.000000) for display-0
04-28 18:51:20.678 I/SDM     ( 1810): DemuraTnCaptureIntfImpl::ProcessCapturePanelData: Screen capture status = 0
04-28 18:51:20.684 I/SDM     ( 1810): HWDeviceDRM::SetupConcurrentWriteback: Tear down the Concurrent Writeback topology
04-28 18:51:20.686 I/SDM     ( 1810): NotifyCWBStatus: Notify the client about buffer (0xefaa7dd0) status 0 for display-0.
04-28 18:51:20.686 I/SDM     ( 1810): SDMConcurrentWriteBack::ProcessCWBStatus: CWB queue is empty. Display: 0
04-28 18:51:20.727 E/ANDR-PERF( 1813): ExtendedPerfBoost: trigger_rearm_timer() 179: setthermalbreak req empty boostparam=boost:0
04-28 18:51:20.728 D/AurogonBandwidthController( 3839): skinTemperature:49.785
04-28 18:51:20.729 E/HwcComposer( 1966): getLuts failed Status(-129, EX_TRANSACTION_FAILED): 'UNKNOWN_TRANSACTION: '
04-28 18:51:20.733 W/ActivityTaskManager( 3839): MANAGE_ACTIVITY_STACKS is deprecated, please use alternative permission: MANAGE_ACTIVITY_TASKS
04-28 18:51:20.782 D/BluetoothGatt(14426): readRssi() - device: XX:XX:XX:XX:8F:96
04-28 18:51:20.784 D/BtGatt.GattService(28530): readRemoteRssi() - address=XX:XX:XX:XX:8F:96
04-28 18:51:20.784 D/bt_btif_gattc(28530): system/btif/src/btif_gatt_client.cc:644 btif_gattc_read_remote_rssi:
04-28 18:51:20.784 D/ble_sec (28530): system/stack/btm/btm_ble_sec.cc:539 BTM_ReadDevInfo: Determined device_type:BLE addr_type:public
04-28 18:51:20.784 D/bt_shim_hci(28530): system/main/shim/hci_layer.cc:233 transmit_command: Sending command READ_RSSI(0x1405)
04-28 18:51:20.785 D/vendor.qti.bluetooth@1.0-ibs_handler( 1781): SerialClockVote: vote for UART CLK ON
04-28 18:51:20.787 D/vendor.qti.bluetooth@1.0-wake_lock( 1781): Acquire wakelock is acquired
04-28 18:51:20.787 I/vendor.qti.bluetooth@1.0-ibs_handler( 1781): DeviceWakeUp: Writing IBS_WAKE_IND
04-28 18:51:20.789 I/android.browser(24354): This is non sticky GC, maxfree is 33554432 minfree is 8388608
04-28 18:51:20.790 I/vendor.qti.bluetooth@1.0-ibs_handler( 1781): ProcessIbsCmd: Received IBS_WAKE_ACK: 0xFC
04-28 18:51:20.790 I/vendor.qti.bluetooth@1.0-ibs_handler( 1781): ProcessIbsCmd: Signal wack_cond_
04-28 18:51:20.790 D/vendor.qti.bluetooth@1.0-ibs_handler( 1781): DeviceWakeUp: Unblocked from waiting for FC, pthread_cond_timedwait ret = 0
04-28 18:51:20.790 I/vendor.qti.bluetooth@1.0-ibs_handler( 1781): ProcessIbsCmd: Received IBS_WAKE_IND: 0xFD
04-28 18:51:20.790 I/vendor.qti.bluetooth@1.0-ibs_handler( 1781): ProcessIbsCmd: Writing IBS_WAKE_ACK
04-28 18:51:20.791 D/bt_shim_hci(28530): system/main/shim/hci_layer.cc:183 OnTransmitPacketCommandComplete: Received cmd complete for READ_RSSI(0x1405)
04-28 18:51:20.791 D/btm_acl (28530): system/stack/acl/btm_acl.cc:1867 btm_read_rssi_complete: Read rrsi complete rssi:-52 hci status:HCI_SUCCESS
04-28 18:51:20.791 V/bt_btif_gattc(28530): system/btif/src/btif_gatt_client.cc:308 btm_read_rssi_cb: HAL bt_gatt_callbacks->client->read_remote_rssi_cb
04-28 18:51:20.791 D/BtGatt.GattService(28530): onReadRemoteRssi() - clientIf=80 address=XX:XX:XX:XX:8F:96, rssi=-52, status=0
04-28 18:51:20.835 I/vendor.qti.bluetooth@1.0-ibs_handler( 1781): ProcessIbsCmd: Received IBS_SLEEP_IND: 0xFE
04-28 18:51:20.866 D/AudioPipeline(14426): SIM audio drawer entries emitted count=2 downloading=1 queued=0 holding=0 maxDownloadProgress=0.0
04-28 18:51:20.867 D/DownloadService(14426): Audio files state: downloading=1, queued=0, ready=1, queueSize=0
04-28 18:51:20.869 W/DownloadService(14426): Notification permission missing, skip foreground notification update
04-28 18:51:20.874 I/vendor.qti.hardware.display.composer-service( 1810): Sensor: notify citsensorservice to trigger cwb, misForced = 0
04-28 18:51:20.874 I/SDM     ( 1810): CWB config passed by cwb_client : tappoint 1  CWB_ROI : (699.000000 110.000000 940.000000 351.000000) for display-0
04-28 18:51:20.894 I/SDM     ( 1810): NotifyCWBStatus: Notify the client about buffer (0xefaa91c0) status 0 for display-0.
04-28 18:51:20.894 I/SDM     ( 1810): SDMConcurrentWriteBack::ProcessCWBStatus: CWB queue is empty. Display: 0
04-28 18:51:20.895 I/SDM     ( 1810): HWDeviceDRM::SetupConcurrentWriteback: Tear down the Concurrent Writeback topology
04-28 18:51:20.896 D/JavaheapMonitor(24354): Java heap used=6M max=512M, proc: com.android.browser
04-28 18:51:20.901 V/JavaheapMonitor(24354): Check java heap usage finished! Next check delay: 300000
04-28 18:51:20.932 D/JavaheapMonitor(25900): Java heap used=8M max=256M, proc: android.process.media
04-28 18:51:20.932 V/JavaheapMonitor(25900): Check java heap usage finished! Next check delay: 300000
04-28 18:51:20.973 E/HwcComposer( 1966): getLuts failed Status(-129, EX_TRANSACTION_FAILED): 'UNKNOWN_TRANSACTION: '
04-28 18:51:21.040 I/vendor.qti.bluetooth@1.0-ibs_handler( 1781): DeviceSleep: TX Awake, Sending SLEEP_IND
04-28 18:51:21.040 D/vendor.qti.bluetooth@1.0-ibs_handler( 1781): SerialClockVote: vote for UART CLK OFF
04-28 18:51:21.049 W/RenderInspector(14426): DequeueBuffer time out on com.smartsales.prism/com.smartsales.prism.MainActivity, count=1, avg=18 ms, max=18 ms.
04-28 18:51:21.069 D/AudioPipeline(14426): SIM audio drawer entries emitted count=2 downloading=1 queued=0 holding=0 maxDownloadProgress=0.0
04-28 18:51:21.070 D/DownloadService(14426): Audio files state: downloading=1, queued=0, ready=1, queueSize=0
04-28 18:51:21.073 W/DownloadService(14426): Notification permission missing, skip foreground notification update
04-28 18:51:21.079 I/vendor.qti.hardware.display.composer-service( 1810): Sensor: notify citsensorservice to trigger cwb, misForced = 0
04-28 18:51:21.079 I/SDM     ( 1810): CWB config passed by cwb_client : tappoint 1  CWB_ROI : (699.000000 110.000000 940.000000 351.000000) for display-0
04-28 18:51:21.100 D/JavaheapMonitor(26121): Java heap used=6M max=256M, proc: com.android.permissioncontroller
04-28 18:51:21.100 V/JavaheapMonitor(26121): Check java heap usage finished! Next check delay: 300000
04-28 18:51:21.106 I/ndroid.systemui( 5963): AssetManager2(0xb40000760033cdb8) locale list changing from [] to [zh-CN]
04-28 18:51:21.109 I/SDM     ( 1810): HWDeviceDRM::SetupConcurrentWriteback: Tear down the Concurrent Writeback topology
04-28 18:51:21.110 I/SDM     ( 1810): NotifyCWBStatus: Notify the client about buffer (0xefaaa5b0) status 0 for display-0.
04-28 18:51:21.110 I/SDM     ( 1810): SDMConcurrentWriteBack::ProcessCWBStatus: CWB queue is empty. Display: 0
04-28 18:51:21.118 D/HWUI    ( 5963): TAG_DDRE, CanvasContext::setDdreActivities:
04-28 18:51:21.119 I/ViewRootImpl( 5963): Toast use first frame acceleration
04-28 18:51:21.122 D/MiuiMirrorInputMethodImpl( 3839): InsetsControlTarget invalid!:Window{13eaf2f u0 com.smartsales.prism/com.smartsales.prism.MainActivity}
04-28 18:51:21.124 W/InsetsSource( 5963): Has no intersection or mTmpFrame.height(), return Insets.NONE mTmpFrame.height() =0 hasIntersection =false
04-28 18:51:21.124 W/InsetsSource( 5963): Has no intersection or mTmpFrame.height(), return Insets.NONE mTmpFrame.height() =0 hasIntersection =false
04-28 18:51:21.126 I/Choreographer( 5963): first vsync insert message into MessageQueue Head
04-28 18:51:21.127 W/InsetsSource( 5963): Has no intersection or mTmpFrame.height(), return Insets.NONE mTmpFrame.height() =0 hasIntersection =false
04-28 18:51:21.127 W/InsetsSource( 5963): Has no intersection or mTmpFrame.height(), return Insets.NONE mTmpFrame.height() =0 hasIntersection =false
04-28 18:51:21.127 W/InsetsSource( 5963): Has no intersection or mTmpFrame.height(), return Insets.NONE mTmpFrame.height() =0 hasIntersection =false
04-28 18:51:21.127 W/InsetsSource( 5963): Has no intersection or mTmpFrame.height(), return Insets.NONE mTmpFrame.height() =0 hasIntersection =false
04-28 18:51:21.127 W/InsetsSource( 5963): Has no intersection or mTmpFrame.height(), return Insets.NONE mTmpFrame.height() =0 hasIntersection =false
04-28 18:51:21.127 W/InsetsSource( 5963): Has no intersection or mTmpFrame.height(), return Insets.NONE mTmpFrame.height() =0 hasIntersection =false
04-28 18:51:21.127 W/InsetsSource( 5963): Has no intersection or mTmpFrame.height(), return Insets.NONE mTmpFrame.height() =0 hasIntersection =false
04-28 18:51:21.127 W/InsetsSource( 5963): Has no intersection or mTmpFrame.height(), return Insets.NONE mTmpFrame.height() =0 hasIntersection =false
04-28 18:51:21.127 W/InsetsSource( 5963): Has no intersection or mTmpFrame.height(), return Insets.NONE mTmpFrame.height() =0 hasIntersection =false
04-28 18:51:21.127 W/InsetsSource( 5963): Has no intersection or mTmpFrame.height(), return Insets.NONE mTmpFrame.height() =0 hasIntersection =false
04-28 18:51:21.127 W/InsetsSource( 5963): Has no intersection or mTmpFrame.height(), return Insets.NONE mTmpFrame.height() =60 hasIntersection =false
04-28 18:51:21.127 W/InsetsSource( 5963): Has no intersection or mTmpFrame.height(), return Insets.NONE mTmpFrame.height() =60 hasIntersection =false
04-28 18:51:21.127 W/InsetsSource( 5963): Has no intersection or mTmpFrame.height(), return Insets.NONE mTmpFrame.height() =0 hasIntersection =false
04-28 18:51:21.127 W/InsetsSource( 5963): Has no intersection or mTmpFrame.height(), return Insets.NONE mTmpFrame.height() =0 hasIntersection =false
04-28 18:51:21.127 W/InsetsSource( 5963): Has no intersection or mTmpFrame.height(), return Insets.NONE mTmpFrame.height() =169 hasIntersection =false
04-28 18:51:21.127 W/InsetsSource( 5963): Has no intersection or mTmpFrame.height(), return Insets.NONE mTmpFrame.height() =169 hasIntersection =false
04-28 18:51:21.127 W/InsetsSource( 5963): Has no intersection or mTmpFrame.height(), return Insets.NONE mTmpFrame.height() =0 hasIntersection =false
04-28 18:51:21.127 W/InsetsSource( 5963): Has no intersection or mTmpFrame.height(), return Insets.NONE mTmpFrame.height() =0 hasIntersection =false
04-28 18:51:21.127 W/InsetsSource( 5963): Has no intersection or mTmpFrame.height(), return Insets.NONE mTmpFrame.height() =169 hasIntersection =false
04-28 18:51:21.128 W/InsetsSource( 5963): Has no intersection or mTmpFrame.height(), return Insets.NONE mTmpFrame.height() =169 hasIntersection =false
04-28 18:51:21.128 W/InsetsSource( 5963): Has no intersection or mTmpFrame.height(), return Insets.NONE mTmpFrame.height() =0 hasIntersection =false
04-28 18:51:21.128 W/InsetsSource( 5963): Has no intersection or mTmpFrame.height(), return Insets.NONE mTmpFrame.height() =60 hasIntersection =false
04-28 18:51:21.128 W/InsetsSource( 5963): Has no intersection or mTmpFrame.height(), return Insets.NONE mTmpFrame.height() =169 hasIntersection =false
04-28 18:51:21.128 W/InsetsSource( 5963): Has no intersection or mTmpFrame.height(), return Insets.NONE mTmpFrame.height() =169 hasIntersection =false
04-28 18:51:21.134 D/MiuiRefreshRatePolicy( 3839): reset
04-28 18:51:21.134 E/DisplayModeDirectorImpl( 3839): Invalid displayId: 138, only 0 and 1 are supported
04-28 18:51:21.134 D/MiuiRefreshRatePolicy( 3839): reset
04-28 18:51:21.134 E/DisplayModeDirectorImpl( 3839): Invalid displayId: 120, only 0 and 1 are supported
04-28 18:51:21.134 D/MiuiRefreshRatePolicy( 3839): reset
04-28 18:51:21.134 E/DisplayModeDirectorImpl( 3839): Invalid displayId: 76, only 0 and 1 are supported
04-28 18:51:21.134 D/MiuiRefreshRatePolicy( 3839): reset
04-28 18:51:21.134 E/DisplayModeDirectorImpl( 3839): Invalid displayId: 68, only 0 and 1 are supported
04-28 18:51:21.134 D/MiuiRefreshRatePolicy( 3839): reset
04-28 18:51:21.134 E/DisplayModeDirectorImpl( 3839): Invalid displayId: 64, only 0 and 1 are supported
04-28 18:51:21.134 D/MiuiRefreshRatePolicy( 3839): reset
04-28 18:51:21.134 E/DisplayModeDirectorImpl( 3839): Invalid displayId: 56, only 0 and 1 are supported
04-28 18:51:21.134 D/MiuiRefreshRatePolicy( 3839): reset
04-28 18:51:21.134 E/DisplayModeDirectorImpl( 3839): Invalid displayId: 42, only 0 and 1 are supported
04-28 18:51:21.134 D/MiuiRefreshRatePolicy( 3839): reset
04-28 18:51:21.134 E/DisplayModeDirectorImpl( 3839): Invalid displayId: 34, only 0 and 1 are supported
04-28 18:51:21.134 D/MiuiRefreshRatePolicy( 3839): reset
04-28 18:51:21.134 E/DisplayModeDirectorImpl( 3839): Invalid displayId: 24, only 0 and 1 are supported
04-28 18:51:21.134 D/MiuiRefreshRatePolicy( 3839): reset
04-28 18:51:21.134 E/DisplayModeDirectorImpl( 3839): Invalid displayId: 6, only 0 and 1 are supported
04-28 18:51:21.135 D/DisplayContentStubImpl( 3839): onNewImeFrame: isImeVisible = false, imeFrame = Rect(0, 0 - 0, 0)
04-28 18:51:21.135 W/InsetsSource( 3839): Has no intersection or mTmpFrame.height(), return Insets.NONE mTmpFrame.height() =0 hasIntersection =false
04-28 18:51:21.135 W/InsetsSource( 3839): Has no intersection or mTmpFrame.height(), return Insets.NONE mTmpFrame.height() =0 hasIntersection =false
04-28 18:51:21.135 D/BarFollowAnimation( 3839): pairAppearanceRegionAndWin win=Window{13eaf2f u0 com.smartsales.prism/com.smartsales.prism.MainActivity} 0
04-28 18:51:21.135 D/BarFollowAnimation( 3839): isAppTaskBarOnTop win:Window{13eaf2f u0 com.smartsales.prism/com.smartsales.prism.MainActivity} (mCurrentTopTask:Task{4746c18 #28143 type=standard A=10433:com.smartsales.prism} : true); (mAssociatedTask:Task{4746c18 #28143 type=standard A=10433:com.smartsales.prism} : true); (mHomeTask:Task{39ded46 #1 type=home} : false); mReparentToOriginParent:false mLastAppBarVisible:true mLastHomeBarVisible:false
04-28 18:51:21.136 D/MiuiRefreshRatePolicy( 3839): reset
04-28 18:51:21.136 W/InsetsSource( 3839): Has no intersection or mTmpFrame.height(), return Insets.NONE mTmpFrame.height() =0 hasIntersection =false
04-28 18:51:21.136 W/InsetsSource( 3839): Has no intersection or mTmpFrame.height(), return Insets.NONE mTmpFrame.height() =0 hasIntersection =false
04-28 18:51:21.137 W/InsetsSource( 5963): Has no intersection or mTmpFrame.height(), return Insets.NONE mTmpFrame.height() =0 hasIntersection =false
04-28 18:51:21.138 W/InsetsSource( 5963): Has no intersection or mTmpFrame.height(), return Insets.NONE mTmpFrame.height() =0 hasIntersection =false
04-28 18:51:21.138 W/InsetsSource( 5963): Has no intersection or mTmpFrame.height(), return Insets.NONE mTmpFrame.height() =0 hasIntersection =false
04-28 18:51:21.138 W/InsetsSource( 5963): Has no intersection or mTmpFrame.height(), return Insets.NONE mTmpFrame.height() =0 hasIntersection =false
04-28 18:51:21.138 W/InsetsSource( 5963): Has no intersection or mTmpFrame.height(), return Insets.NONE mTmpFrame.height() =0 hasIntersection =false
04-28 18:51:21.138 W/InsetsSource( 5963): Has no intersection or mTmpFrame.height(), return Insets.NONE mTmpFrame.height() =60 hasIntersection =false
04-28 18:51:21.138 W/InsetsSource( 5963): Has no intersection or mTmpFrame.height(), return Insets.NONE mTmpFrame.height() =0 hasIntersection =false
04-28 18:51:21.138 W/InsetsSource( 5963): Has no intersection or mTmpFrame.height(), return Insets.NONE mTmpFrame.height() =169 hasIntersection =false
04-28 18:51:21.138 W/InsetsSource( 5963): Has no intersection or mTmpFrame.height(), return Insets.NONE mTmpFrame.height() =0 hasIntersection =false
04-28 18:51:21.138 W/InsetsSource( 5963): Has no intersection or mTmpFrame.height(), return Insets.NONE mTmpFrame.height() =169 hasIntersection =false
04-28 18:51:21.143 W/InsetsSource( 5963): Has no intersection or mTmpFrame.height(), return Insets.NONE mTmpFrame.height() =0 hasIntersection =false
04-28 18:51:21.143 W/InsetsSource( 5963): Has no intersection or mTmpFrame.height(), return Insets.NONE mTmpFrame.height() =0 hasIntersection =false
04-28 18:51:21.143 W/InsetsSource( 5963): Has no intersection or mTmpFrame.height(), return Insets.NONE mTmpFrame.height() =0 hasIntersection =false
04-28 18:51:21.143 W/InsetsSource( 5963): Has no intersection or mTmpFrame.height(), return Insets.NONE mTmpFrame.height() =0 hasIntersection =false
04-28 18:51:21.143 W/InsetsSource( 5963): Has no intersection or mTmpFrame.height(), return Insets.NONE mTmpFrame.height() =0 hasIntersection =false
04-28 18:51:21.143 W/InsetsSource( 5963): Has no intersection or mTmpFrame.height(), return Insets.NONE mTmpFrame.height() =0 hasIntersection =false
04-28 18:51:21.143 W/InsetsSource( 5963): Has no intersection or mTmpFrame.height(), return Insets.NONE mTmpFrame.height() =0 hasIntersection =false
04-28 18:51:21.143 W/InsetsSource( 5963): Has no intersection or mTmpFrame.height(), return Insets.NONE mTmpFrame.height() =0 hasIntersection =false
04-28 18:51:21.143 W/InsetsSource( 5963): Has no intersection or mTmpFrame.height(), return Insets.NONE mTmpFrame.height() =0 hasIntersection =false
04-28 18:51:21.143 W/InsetsSource( 5963): Has no intersection or mTmpFrame.height(), return Insets.NONE mTmpFrame.height() =0 hasIntersection =false
04-28 18:51:21.143 W/InsetsSource( 5963): Has no intersection or mTmpFrame.height(), return Insets.NONE mTmpFrame.height() =60 hasIntersection =false
04-28 18:51:21.143 W/InsetsSource( 5963): Has no intersection or mTmpFrame.height(), return Insets.NONE mTmpFrame.height() =60 hasIntersection =false
04-28 18:51:21.143 W/InsetsSource( 5963): Has no intersection or mTmpFrame.height(), return Insets.NONE mTmpFrame.height() =0 hasIntersection =false
04-28 18:51:21.143 W/InsetsSource( 5963): Has no intersection or mTmpFrame.height(), return Insets.NONE mTmpFrame.height() =0 hasIntersection =false
04-28 18:51:21.143 W/InsetsSource( 5963): Has no intersection or mTmpFrame.height(), return Insets.NONE mTmpFrame.height() =45 hasIntersection =false
04-28 18:51:21.143 W/InsetsSource( 5963): Has no intersection or mTmpFrame.height(), return Insets.NONE mTmpFrame.height() =45 hasIntersection =false
04-28 18:51:21.143 W/InsetsSource( 5963): Has no intersection or mTmpFrame.height(), return Insets.NONE mTmpFrame.height() =169 hasIntersection =false
04-28 18:51:21.143 W/InsetsSource( 5963): Has no intersection or mTmpFrame.height(), return Insets.NONE mTmpFrame.height() =169 hasIntersection =false
04-28 18:51:21.143 W/InsetsSource( 5963): Has no intersection or mTmpFrame.height(), return Insets.NONE mTmpFrame.height() =0 hasIntersection =false
04-28 18:51:21.143 W/InsetsSource( 5963): Has no intersection or mTmpFrame.height(), return Insets.NONE mTmpFrame.height() =0 hasIntersection =false
04-28 18:51:21.143 W/InsetsSource( 5963): Has no intersection or mTmpFrame.height(), return Insets.NONE mTmpFrame.height() =45 hasIntersection =false
04-28 18:51:21.143 W/InsetsSource( 5963): Has no intersection or mTmpFrame.height(), return Insets.NONE mTmpFrame.height() =45 hasIntersection =false
04-28 18:51:21.143 W/InsetsSource( 5963): Has no intersection or mTmpFrame.height(), return Insets.NONE mTmpFrame.height() =169 hasIntersection =false
04-28 18:51:21.143 W/InsetsSource( 5963): Has no intersection or mTmpFrame.height(), return Insets.NONE mTmpFrame.height() =169 hasIntersection =false
04-28 18:51:21.143 W/InsetsSource( 5963): Has no intersection or mTmpFrame.height(), return Insets.NONE mTmpFrame.height() =0 hasIntersection =false
04-28 18:51:21.143 W/InsetsSource( 5963): Has no intersection or mTmpFrame.height(), return Insets.NONE mTmpFrame.height() =60 hasIntersection =false
04-28 18:51:21.144 W/InsetsSource( 5963): Has no intersection or mTmpFrame.height(), return Insets.NONE mTmpFrame.height() =169 hasIntersection =false
04-28 18:51:21.144 W/InsetsSource( 5963): Has no intersection or mTmpFrame.height(), return Insets.NONE mTmpFrame.height() =169 hasIntersection =false
04-28 18:51:21.146 D/View    ( 5963): setBackgroundBlur blurRadius=375
04-28 18:51:21.148 D/VRI[Toast]( 5963): vri.Setup new sync=wmsSync-VRI[Toast]#36
04-28 18:51:21.148 W/LayerDrawable( 5963): Failed to obtain smooth corners because the drawable of the children in the layerstate is null
04-28 18:51:21.156 W/BpBinder( 1966): Large outgoing transaction of 117236 bytes, interface descriptor android.gui.IWindowInfosListener, code 1 was sent
04-28 18:51:21.174 W/BpBinder( 1966): Large outgoing transaction of 122272 bytes, interface descriptor android.gui.IWindowInfosListener, code 1 was sent
04-28 18:51:21.191 D/vendor.qti.bluetooth@1.0-wake_lock( 1781): Release wakelock is released
04-28 18:51:21.199 E/HwcComposer( 1966): getLuts failed Status(-129, EX_TRANSACTION_FAILED): 'UNKNOWN_TRANSACTION: '
04-28 18:51:21.208 D/SchedBoostThread( 3839): thread tid=14426, priority is set to -10
04-28 18:51:21.208 D/SchedBoostThread( 3839): thread tid=23832, priority is set to -10
04-28 18:51:21.259 I/SDM     ( 1810): DisplayBase::CommitThread: Received Idle Timeout, panel: cmd, timeout: 70000 us
04-28 18:51:21.259 D/libsensor-parseRGB( 2925): CWB NotifyIdleStatus 1
04-28 18:51:21.273 D/AudioPipeline(14426): SIM audio drawer entries emitted count=2 downloading=1 queued=0 holding=0 maxDownloadProgress=0.0
04-28 18:51:21.273 D/DownloadService(14426): Audio files state: downloading=1, queued=0, ready=1, queueSize=0
04-28 18:51:21.275 W/DownloadService(14426): Notification permission missing, skip foreground notification update
04-28 18:51:21.284 D/MI-SF   ( 1966): setIdleFps choose FPS:60, mode:20709632 mode_group 24641792
04-28 18:51:21.284 D/DisplayModeController( 1966): setDesiredMode 4630946654109872275 {mode={fps=60.00 Hz, modePtr={id=5, vsyncRate=60.00 Hz, peakRefreshRate=60.00 Hz}}, emitEvent=false, force=false}
04-28 18:51:21.288 I/SDM     ( 1810): SDMDisplay::SetActiveConfigWithConstraints: display = 0, config: 5, WxH 1440x3200, fps 60@idle@60:1
04-28 18:51:21.289 W/SDM     ( 1810): HWDeviceDRM::GetSupportedBitClkRate: Requested rate not supported: 1286000000
04-28 18:51:21.289 I/SDM     ( 1810): HWDeviceDRM::UpdateMixerAttributes: Mixer WxH 1440x3200-1 for Peripheral
04-28 18:51:21.290 I/vendor.qti.hardware.display.composer-service( 1810): Sensor: notify citsensorservice to trigger cwb, misForced = 0
04-28 18:51:21.291 I/SDM     ( 1810): CWB config passed by cwb_client : tappoint 1  CWB_ROI : (699.000000 110.000000 940.000000 351.000000) for display-0
04-28 18:51:21.294 D/FPSMonitor( 1841): threadFuncFpsMonitor display 0, fps 1
04-28 18:51:21.294 D/libsensor-D2SNotifier( 2925): DisplayId 0 Displayinfo2SlpiNotifier to type 8 displayFrequency = 1
04-28 18:51:21.297 I/SDM     ( 1810): PartialUpdateSrcSplit::SetCwbRoiForNonPU: CWB ROI Rect(699.000000 110.000000 940.000000 351.000000)
04-28 18:51:21.303 D/RefreshRateSelector( 1966): Touch Boost
04-28 18:51:21.303 D/MI-SF   ( 1966): modeGroup41426432 mIsSupportAutomodeForMaxFpsSetting is 1(1), getCurrentBrightness() = 1366(0), mIsKeepAutoMode 0 isAutoModeAllowed() 1
04-28 18:51:21.303 D/RefreshRateSelector( 1966): fixedMode_group: 41426432, isFindModeGroup 1
04-28 18:51:21.304 D/RefreshRateSelector( 1966): find max refresh rate:120, mode Group:41426432
04-28 18:51:21.304 D/DisplayModeController( 1966): setDesiredMode 4630946654109872275 {mode={fps=120.00 Hz, modePtr={id=1, vsyncRate=120.00 Hz, peakRefreshRate=120.00 Hz}}, emitEvent=true, force=false}
04-28 18:51:21.304 E/DisplayModeController( 1966): setDesiredMode : Idle status skip setActiveMode, isDdicIdleMode: 1
04-28 18:51:21.307 I/sensors ( 2925): qsh_qmi:41, qsh_qmi
04-28 18:51:21.311 I/SDM     ( 1810): SDMDisplay::SetActiveConfigWithConstraints: display = 0, config: 1, WxH 1440x3200, fps 120@auto@120:30
04-28 18:51:21.312 W/SDM     ( 1810): HWDeviceDRM::GetSupportedBitClkRate: Requested rate not supported: 1286000000
04-28 18:51:21.312 I/SDM     ( 1810): HWDeviceDRM::UpdateMixerAttributes: Mixer WxH 1440x3200-1 for Peripheral
04-28 18:51:21.313 I/SDM     ( 1810): HWDeviceDRM::SetupConcurrentWriteback: Tear down the Concurrent Writeback topology
04-28 18:51:21.316 I/sensors ( 2925): ~qsh_qmi:68, ~qsh_qmi
04-28 18:51:21.326 D/RefreshRateSelector( 1966): Touch Boost
04-28 18:51:21.326 D/MI-SF   ( 1966): modeGroup41426432 mIsSupportAutomodeForMaxFpsSetting is 1(1), getCurrentBrightness() = 1366(0), mIsKeepAutoMode 0 isAutoModeAllowed() 1
04-28 18:51:21.326 D/RefreshRateSelector( 1966): fixedMode_group: 41426432, isFindModeGroup 1
04-28 18:51:21.326 D/RefreshRateSelector( 1966): find max refresh rate:120, mode Group:41426432
04-28 18:51:21.330 D/FPSMonitor( 1841): threadFuncFpsMonitor display 0, fps 30
04-28 18:51:21.330 D/libsensor-D2SNotifier( 2925): DisplayId 0 Displayinfo2SlpiNotifier to type 8 displayFrequency = 30
04-28 18:51:21.335 I/SDM     ( 1810): NotifyCWBStatus: Notify the client about buffer (0xefaa1ef0) status 0 for display-0.
04-28 18:51:21.335 I/SDM     ( 1810): SDMConcurrentWriteBack::ProcessCWBStatus: CWB queue is empty. Display: 0
04-28 18:51:21.352 I/sensors ( 2925): qsh_qmi:41, qsh_qmi
04-28 18:51:21.369 I/sensors ( 2925): ~qsh_qmi:68, ~qsh_qmi
04-28 18:51:21.414 D/MI-SF   ( 1966): setIdleFps choose FPS:60, mode:20709632 mode_group 24641792
04-28 18:51:21.414 D/DisplayModeController( 1966): setDesiredMode 4630946654109872275 {mode={fps=60.00 Hz, modePtr={id=5, vsyncRate=60.00 Hz, peakRefreshRate=60.00 Hz}}, emitEvent=false, force=false}
04-28 18:51:21.414 I/SDM     ( 1810): DisplayBase::CommitThread: Received Idle Timeout, panel: cmd, timeout: 70000 us
04-28 18:51:21.414 D/libsensor-parseRGB( 2925): CWB NotifyIdleStatus 1
04-28 18:51:21.418 I/SDM     ( 1810): SDMDisplay::SetActiveConfigWithConstraints: display = 0, config: 5, WxH 1440x3200, fps 60@idle@60:1
04-28 18:51:21.418 W/SDM     ( 1810): HWDeviceDRM::GetSupportedBitClkRate: Requested rate not supported: 1286000000
04-28 18:51:21.419 I/SDM     ( 1810): HWDeviceDRM::UpdateMixerAttributes: Mixer WxH 1440x3200-1 for Peripheral
04-28 18:51:21.423 E/HwcComposer( 1966): getLuts failed Status(-129, EX_TRANSACTION_FAILED): 'UNKNOWN_TRANSACTION: '
04-28 18:51:21.424 D/FPSMonitor( 1841): threadFuncFpsMonitor display 0, fps 1
04-28 18:51:21.424 D/libsensor-D2SNotifier( 2925): DisplayId 0 Displayinfo2SlpiNotifier to type 8 displayFrequency = 1
04-28 18:51:21.448 D/AurogonBandwidthController( 3839): skinTemperature:49.539
04-28 18:51:21.448 D/AurogonBandwidthController( 3839): skinTemperature:49.539
04-28 18:51:21.456 I/sensors ( 2925): qsh_qmi:41, qsh_qmi
04-28 18:51:21.468 I/sensors ( 2925): ~qsh_qmi:68, ~qsh_qmi
04-28 18:51:21.497 I/SDM     ( 1810): DisplayBase::CommitThread: Received Idle Timeout, panel: cmd, timeout: 70000 us
04-28 18:51:21.498 D/libsensor-parseRGB( 2925): CWB NotifyIdleStatus 1
04-28 18:51:21.518 D/HWUI    ( 5963): DDRE Debug DrawPath: smoothCornerEnabled = true
04-28 18:51:21.518 D/HWUI    ( 5963): DDRE Debug DrawPath: smoothCornerEnabled = true
04-28 18:51:21.565 D/AudioPipeline(14426): SIM audio drawer entries emitted count=2 downloading=1 queued=0 holding=0 maxDownloadProgress=0.0
04-28 18:51:21.565 D/DownloadService(14426): Audio files state: downloading=1, queued=0, ready=1, queueSize=0
