04-28 19:00:14.950 D/RenderEngine( 1966): drawLayersInternal layername:Toast#35119 regionblurRadius:375 blurInput:816x1814 blurRect:247x116
04-28 19:00:14.950 I/sensors ( 2925): ~qsh_qmi:68, ~qsh_qmi
04-28 19:00:14.954 W/BpBinder( 1966): Large outgoing transaction of 122228 bytes, interface descriptor android.gui.IWindowInfosListener, code 1 was sent
04-28 19:00:14.956 D/MI-SF   ( 1966): isSupportLowBrightnessFpsSwitch current_setting_fps: 120
04-28 19:00:14.956 D/MI-SF   ( 1966): isTpIdleScene ,mAverageFrameRate is 0, 1
04-28 19:00:14.956 D/MI-SF   ( 1966): modeGroup37489152 mIsSupportAutomodeForMaxFpsSetting is 1(1), getCurrentBrightness() = 1366(0), mIsKeepAutoMode 0 isAutoModeAllowed() 1
04-28 19:00:14.956 D/MI-SF   ( 1966): setTpIdleFps choose FPS:60, mode:37489152
04-28 19:00:14.958 W/LayerDrawable( 5963): Failed to obtain smooth corners because the drawable of the children in the layerstate is null
04-28 19:00:14.959 I/vendor.qti.hardware.display.composer-service( 1810): Sensor: notify citsensorservice to trigger cwb, misForced = 0
04-28 19:00:14.959 D/RenderEngine( 1966): drawLayersInternal layername:Toast#35119 regionblurRadius:375 blurInput:1440x3200 blurRect:437x206
04-28 19:00:14.959 I/SDM     ( 1810): CWB config passed by cwb_client : tappoint 1  CWB_ROI : (699.000000 110.000000 940.000000 351.000000) for display-0
04-28 19:00:14.961 D/RenderEngine( 1966): drawLayersInternal layername:Toast#35119 regionblurRadius:375 blurInput:432x960 blurRect:131x61
04-28 19:00:14.963 D/RenderEngine( 1966): drawLayersInternal layername:Toast#35119 regionblurRadius:375 blurInput:816x1814 blurRect:247x116
04-28 19:00:14.965 D/RenderEngine( 1966): drawLayersInternal layername:Toast#35119 regionblurRadius:375 blurInput:816x1814 blurRect:247x116
04-28 19:00:14.967 D/RenderEngine( 1966): drawLayersInternal layername:Toast#35119 regionblurRadius:375 blurInput:816x1814 blurRect:247x116
04-28 19:00:14.968 D/RenderEngine( 1966): drawLayersInternal layername:Toast#35119 regionblurRadius:375 blurInput:816x1814 blurRect:247x116
04-28 19:00:14.969 D/RenderEngine( 1966): drawLayersInternal layername:Toast#35119 regionblurRadius:375 blurInput:816x1814 blurRect:247x116
04-28 19:00:14.971 D/RenderEngine( 1966): drawLayersInternal layername:Toast#35119 regionblurRadius:375 blurInput:816x1814 blurRect:247x116
04-28 19:00:14.973 D/RenderEngine( 1966): drawLayersInternal layername:Toast#35119 regionblurRadius:375 blurInput:816x1814 blurRect:247x116
04-28 19:00:14.974 W/LayerDrawable( 5963): Failed to obtain smooth corners because the drawable of the children in the layerstate is null
04-28 19:00:14.975 D/RenderEngine( 1966): drawLayersInternal layername:Toast#35119 regionblurRadius:375 blurInput:816x1814 blurRect:247x116
04-28 19:00:14.977 D/RenderEngine( 1966): drawLayersInternal layername:Toast#35119 regionblurRadius:375 blurInput:816x1814 blurRect:247x116
04-28 19:00:14.981 W/BpBinder( 1966): Large outgoing transaction of 122228 bytes, interface descriptor android.gui.IWindowInfosListener, code 1 was sent
04-28 19:00:14.986 D/RenderEngine( 1966): drawLayersInternal layername:Toast#35119 regionblurRadius:375 blurInput:1440x3200 blurRect:437x206
04-28 19:00:14.988 D/RenderEngine( 1966): drawLayersInternal layername:Toast#35119 regionblurRadius:375 blurInput:432x960 blurRect:131x61
04-28 19:00:14.990 D/RenderEngine( 1966): drawLayersInternal layername:Toast#35119 regionblurRadius:375 blurInput:816x1814 blurRect:247x116
04-28 19:00:14.992 D/RenderEngine( 1966): drawLayersInternal layername:Toast#35119 regionblurRadius:375 blurInput:816x1814 blurRect:247x116
04-28 19:00:14.994 D/RenderEngine( 1966): drawLayersInternal layername:Toast#35119 regionblurRadius:375 blurInput:816x1814 blurRect:247x116
04-28 19:00:14.995 W/LayerDrawable( 5963): Failed to obtain smooth corners because the drawable of the children in the layerstate is null
04-28 19:00:14.995 D/RenderEngine( 1966): drawLayersInternal layername:Toast#35119 regionblurRadius:375 blurInput:816x1814 blurRect:247x116
04-28 19:00:14.997 D/RenderEngine( 1966): drawLayersInternal layername:Toast#35119 regionblurRadius:375 blurInput:816x1814 blurRect:247x116
04-28 19:00:14.999 D/RenderEngine( 1966): drawLayersInternal layername:Toast#35119 regionblurRadius:375 blurInput:816x1814 blurRect:247x116
04-28 19:00:15.001 D/RenderEngine( 1966): drawLayersInternal layername:Toast#35119 regionblurRadius:375 blurInput:816x1814 blurRect:247x116
04-28 19:00:15.003 D/RenderEngine( 1966): drawLayersInternal layername:Toast#35119 regionblurRadius:375 blurInput:816x1814 blurRect:247x116
04-28 19:00:15.006 D/RenderEngine( 1966): drawLayersInternal layername:Toast#35119 regionblurRadius:375 blurInput:816x1814 blurRect:247x116
04-28 19:00:15.010 W/BpBinder( 1966): Large outgoing transaction of 122228 bytes, interface descriptor android.gui.IWindowInfosListener, code 1 was sent
04-28 19:00:15.015 I/SDM     ( 1810): HWDeviceDRM::SetupConcurrentWriteback: Tear down the Concurrent Writeback topology
04-28 19:00:15.016 D/RenderEngine( 1966): drawLayersInternal layername:Toast#35119 regionblurRadius:375 blurInput:1440x3200 blurRect:437x206
04-28 19:00:15.017 I/SDM     ( 1810): NotifyCWBStatus: Notify the client about buffer (0xefaa7850) status 0 for display-0.
04-28 19:00:15.017 I/SDM     ( 1810): SDMConcurrentWriteBack::ProcessCWBStatus: CWB queue is empty. Display: 0
04-28 19:00:15.017 D/RenderEngine( 1966): drawLayersInternal layername:Toast#35119 regionblurRadius:375 blurInput:432x960 blurRect:131x61
04-28 19:00:15.019 D/RenderEngine( 1966): drawLayersInternal layername:Toast#35119 regionblurRadius:375 blurInput:816x1814 blurRect:247x116
04-28 19:00:15.021 D/RenderEngine( 1966): drawLayersInternal layername:Toast#35119 regionblurRadius:375 blurInput:816x1814 blurRect:247x116
04-28 19:00:15.023 D/RenderEngine( 1966): drawLayersInternal layername:Toast#35119 regionblurRadius:375 blurInput:816x1814 blurRect:247x116
04-28 19:00:15.023 W/LayerDrawable( 5963): Failed to obtain smooth corners because the drawable of the children in the layerstate is null
04-28 19:00:15.024 D/RenderEngine( 1966): drawLayersInternal layername:Toast#35119 regionblurRadius:375 blurInput:816x1814 blurRect:247x116
04-28 19:00:15.026 D/RenderEngine( 1966): drawLayersInternal layername:Toast#35119 regionblurRadius:375 blurInput:816x1814 blurRect:247x116
04-28 19:00:15.029 D/RenderEngine( 1966): drawLayersInternal layername:Toast#35119 regionblurRadius:375 blurInput:816x1814 blurRect:247x116
04-28 19:00:15.031 D/RenderEngine( 1966): drawLayersInternal layername:Toast#35119 regionblurRadius:375 blurInput:816x1814 blurRect:247x116
04-28 19:00:15.032 D/RenderEngine( 1966): drawLayersInternal layername:Toast#35119 regionblurRadius:375 blurInput:816x1814 blurRect:247x116
04-28 19:00:15.034 D/RenderEngine( 1966): drawLayersInternal layername:Toast#35119 regionblurRadius:375 blurInput:816x1814 blurRect:247x116
04-28 19:00:15.038 W/BpBinder( 1966): Large outgoing transaction of 122228 bytes, interface descriptor android.gui.IWindowInfosListener, code 1 was sent
04-28 19:00:15.042 W/LayerDrawable( 5963): Failed to obtain smooth corners because the drawable of the children in the layerstate is null
04-28 19:00:15.042 D/RenderEngine( 1966): drawLayersInternal layername:Toast#35119 regionblurRadius:375 blurInput:1440x3200 blurRect:437x206
04-28 19:00:15.043 D/RenderEngine( 1966): drawLayersInternal layername:Toast#35119 regionblurRadius:375 blurInput:432x960 blurRect:131x61
04-28 19:00:15.045 D/RenderEngine( 1966): drawLayersInternal layername:Toast#35119 regionblurRadius:375 blurInput:816x1814 blurRect:247x116
04-28 19:00:15.047 D/RenderEngine( 1966): drawLayersInternal layername:Toast#35119 regionblurRadius:375 blurInput:816x1814 blurRect:247x116
04-28 19:00:15.049 D/RenderEngine( 1966): drawLayersInternal layername:Toast#35119 regionblurRadius:375 blurInput:816x1814 blurRect:247x116
04-28 19:00:15.050 D/RenderEngine( 1966): drawLayersInternal layername:Toast#35119 regionblurRadius:375 blurInput:816x1814 blurRect:247x116
04-28 19:00:15.052 D/RenderEngine( 1966): drawLayersInternal layername:Toast#35119 regionblurRadius:375 blurInput:816x1814 blurRect:247x116
04-28 19:00:15.053 D/RenderEngine( 1966): drawLayersInternal layername:Toast#35119 regionblurRadius:375 blurInput:816x1814 blurRect:247x116
04-28 19:00:15.055 D/RenderEngine( 1966): drawLayersInternal layername:Toast#35119 regionblurRadius:375 blurInput:816x1814 blurRect:247x116
04-28 19:00:15.056 D/RenderEngine( 1966): drawLayersInternal layername:Toast#35119 regionblurRadius:375 blurInput:816x1814 blurRect:247x116
04-28 19:00:15.058 D/RenderEngine( 1966): drawLayersInternal layername:Toast#35119 regionblurRadius:375 blurInput:816x1814 blurRect:247x116
04-28 19:00:15.062 W/BpBinder( 1966): Large outgoing transaction of 122228 bytes, interface descriptor android.gui.IWindowInfosListener, code 1 was sent
04-28 19:00:15.066 D/RenderEngine( 1966): drawLayersInternal layername:Toast#35119 regionblurRadius:375 blurInput:1440x3200 blurRect:437x206
04-28 19:00:15.064 D/MiuiInputManagerService( 3839): unregisterSrollToTopListener, windowId: 268239603
04-28 19:00:15.067 D/RenderEngine( 1966): drawLayersInternal layername:Toast#35119 regionblurRadius:375 blurInput:432x960 blurRect:131x61
04-28 19:00:15.067 D/View    ( 5963): removeBackgroundBlurDrawable
04-28 19:00:15.069 D/RenderEngine( 1966): drawLayersInternal layername:Toast#35119 regionblurRadius:375 blurInput:816x1814 blurRect:247x116
04-28 19:00:15.071 D/RenderEngine( 1966): drawLayersInternal layername:Toast#35119 regionblurRadius:375 blurInput:816x1814 blurRect:247x116
04-28 19:00:15.073 D/RenderEngine( 1966): drawLayersInternal layername:Toast#35119 regionblurRadius:375 blurInput:816x1814 blurRect:247x116
04-28 19:00:15.074 D/RenderEngine( 1966): drawLayersInternal layername:Toast#35119 regionblurRadius:375 blurInput:816x1814 blurRect:247x116
04-28 19:00:15.076 D/RenderEngine( 1966): drawLayersInternal layername:Toast#35119 regionblurRadius:375 blurInput:816x1814 blurRect:247x116
04-28 19:00:15.077 D/RenderEngine( 1966): drawLayersInternal layername:Toast#35119 regionblurRadius:375 blurInput:816x1814 blurRect:247x116
04-28 19:00:15.079 D/RenderEngine( 1966): drawLayersInternal layername:Toast#35119 regionblurRadius:375 blurInput:816x1814 blurRect:247x116
04-28 19:00:15.080 D/RenderEngine( 1966): drawLayersInternal layername:Toast#35119 regionblurRadius:375 blurInput:816x1814 blurRect:247x116
04-28 19:00:15.082 D/RenderEngine( 1966): drawLayersInternal layername:Toast#35119 regionblurRadius:375 blurInput:816x1814 blurRect:247x116
04-28 19:00:15.086 W/BpBinder( 1966): Large outgoing transaction of 122228 bytes, interface descriptor android.gui.IWindowInfosListener, code 1 was sent
04-28 19:00:15.089 D/RenderEngine( 1966): drawLayersInternal layername:Toast#35119 regionblurRadius:375 blurInput:1440x3200 blurRect:437x206
04-28 19:00:15.090 D/RenderEngine( 1966): drawLayersInternal layername:Toast#35119 regionblurRadius:375 blurInput:432x960 blurRect:131x61
04-28 19:00:15.092 D/RenderEngine( 1966): drawLayersInternal layername:Toast#35119 regionblurRadius:375 blurInput:816x1814 blurRect:247x116
04-28 19:00:15.094 D/RenderEngine( 1966): drawLayersInternal layername:Toast#35119 regionblurRadius:375 blurInput:816x1814 blurRect:247x116
04-28 19:00:15.094 D/BufferQueueProducer( 5963): [VRI[Toast]#1973(BLAST Consumer)1973](id:174b0000090c,api:1,p:5963,c:5963) disconnect: api 1 (caller=5963)
04-28 19:00:15.095 D/RenderEngine( 1966): drawLayersInternal layername:Toast#35119 regionblurRadius:375 blurInput:816x1814 blurRect:247x116
04-28 19:00:15.095 W/ndroid.systemui( 5963): Binder 0xb4000075f021eb60 destroyed after setInheritRt before being parceled.
04-28 19:00:15.096 D/RenderEngine( 1966): drawLayersInternal layername:Toast#35119 regionblurRadius:375 blurInput:816x1814 blurRect:247x116
04-28 19:00:15.096 D/MiuiRefreshRatePolicy( 3839): reset
04-28 19:00:15.097 E/DisplayModeDirectorImpl( 3839): Invalid displayId: 138, only 0 and 1 are supported
04-28 19:00:15.097 D/MiuiRefreshRatePolicy( 3839): reset
04-28 19:00:15.097 E/DisplayModeDirectorImpl( 3839): Invalid displayId: 120, only 0 and 1 are supported
04-28 19:00:15.097 D/MiuiRefreshRatePolicy( 3839): reset
04-28 19:00:15.097 E/DisplayModeDirectorImpl( 3839): Invalid displayId: 76, only 0 and 1 are supported
04-28 19:00:15.097 D/MiuiRefreshRatePolicy( 3839): reset
04-28 19:00:15.097 E/DisplayModeDirectorImpl( 3839): Invalid displayId: 68, only 0 and 1 are supported
04-28 19:00:15.097 D/MiuiRefreshRatePolicy( 3839): reset
04-28 19:00:15.097 E/DisplayModeDirectorImpl( 3839): Invalid displayId: 64, only 0 and 1 are supported
04-28 19:00:15.097 D/MiuiRefreshRatePolicy( 3839): reset
04-28 19:00:15.097 E/DisplayModeDirectorImpl( 3839): Invalid displayId: 56, only 0 and 1 are supported
04-28 19:00:15.097 D/MiuiRefreshRatePolicy( 3839): reset
04-28 19:00:15.097 E/DisplayModeDirectorImpl( 3839): Invalid displayId: 42, only 0 and 1 are supported
04-28 19:00:15.097 D/MiuiRefreshRatePolicy( 3839): reset
04-28 19:00:15.097 E/DisplayModeDirectorImpl( 3839): Invalid displayId: 34, only 0 and 1 are supported
04-28 19:00:15.097 D/MiuiRefreshRatePolicy( 3839): reset
04-28 19:00:15.097 E/DisplayModeDirectorImpl( 3839): Invalid displayId: 24, only 0 and 1 are supported
04-28 19:00:15.097 D/MiuiRefreshRatePolicy( 3839): reset
04-28 19:00:15.097 E/DisplayModeDirectorImpl( 3839): Invalid displayId: 6, only 0 and 1 are supported
04-28 19:00:15.097 D/DisplayContentStubImpl( 3839): onNewImeFrame: isImeVisible = false, imeFrame = Rect(0, 0 - 0, 0)
04-28 19:00:15.097 W/InsetsSource( 3839): Has no intersection or mTmpFrame.height(), return Insets.NONE mTmpFrame.height() =0 hasIntersection =false
04-28 19:00:15.097 W/InsetsSource( 3839): Has no intersection or mTmpFrame.height(), return Insets.NONE mTmpFrame.height() =0 hasIntersection =false
04-28 19:00:15.097 D/BarFollowAnimation( 3839): pairAppearanceRegionAndWin win=Window{7dea979 u0 com.smartsales.prism/com.smartsales.prism.MainActivity} 0
04-28 19:00:15.097 D/RenderEngine( 1966): drawLayersInternal layername:Toast#35119 regionblurRadius:375 blurInput:816x1814 blurRect:247x116
04-28 19:00:15.098 D/BarFollowAnimation( 3839): isAppTaskBarOnTop win:Window{7dea979 u0 com.smartsales.prism/com.smartsales.prism.MainActivity} (mCurrentTopTask:Task{fb5f9b7 #28146 type=standard A=10433:com.smartsales.prism} : true); (mAssociatedTask:Task{fb5f9b7 #28146 type=standard A=10433:com.smartsales.prism} : true); (mHomeTask:Task{39ded46 #1 type=home} : false); mReparentToOriginParent:false mLastAppBarVisible:true mLastHomeBarVisible:false
04-28 19:00:15.098 D/MiuiRefreshRatePolicy( 3839): reset
04-28 19:00:15.098 I/PowerManagerServiceImpl( 3839): Release wakelock: SCREEN_BRIGHT_WAKE_LOCK           'WindowManager/displayId:0' ON_AFTER_RELEASE DISABLED ACQ=-1s974ms (uid=1000 pid=3839 pkg=android ws=WorkSource{1000 com.android.systemui})
04-28 19:00:15.099 W/InsetsSource( 3839): Has no intersection or mTmpFrame.height(), return Insets.NONE mTmpFrame.height() =0 hasIntersection =false
04-28 19:00:15.099 W/InsetsSource( 3839): Has no intersection or mTmpFrame.height(), return Insets.NONE mTmpFrame.height() =0 hasIntersection =false
04-28 19:00:15.100 W/InsetsSource( 5963): Has no intersection or mTmpFrame.height(), return Insets.NONE mTmpFrame.height() =0 hasIntersection =false
04-28 19:00:15.100 W/InsetsSource( 5963): Has no intersection or mTmpFrame.height(), return Insets.NONE mTmpFrame.height() =0 hasIntersection =false
04-28 19:00:15.100 W/InsetsSource( 5963): Has no intersection or mTmpFrame.height(), return Insets.NONE mTmpFrame.height() =0 hasIntersection =false
04-28 19:00:15.100 W/InsetsSource( 5963): Has no intersection or mTmpFrame.height(), return Insets.NONE mTmpFrame.height() =0 hasIntersection =false
04-28 19:00:15.100 W/InsetsSource( 5963): Has no intersection or mTmpFrame.height(), return Insets.NONE mTmpFrame.height() =0 hasIntersection =false
04-28 19:00:15.100 W/InsetsSource( 5963): Has no intersection or mTmpFrame.height(), return Insets.NONE mTmpFrame.height() =60 hasIntersection =false
04-28 19:00:15.100 W/InsetsSource( 5963): Has no intersection or mTmpFrame.height(), return Insets.NONE mTmpFrame.height() =0 hasIntersection =false
04-28 19:00:15.100 W/InsetsSource( 5963): Has no intersection or mTmpFrame.height(), return Insets.NONE mTmpFrame.height() =45 hasIntersection =false
04-28 19:00:15.100 W/InsetsSource( 5963): Has no intersection or mTmpFrame.height(), return Insets.NONE mTmpFrame.height() =169 hasIntersection =false
04-28 19:00:15.100 D/RenderEngine( 1966): drawLayersInternal layername:Toast#35119 regionblurRadius:375 blurInput:816x1814 blurRect:247x116
04-28 19:00:15.100 W/InsetsSource( 5963): Has no intersection or mTmpFrame.height(), return Insets.NONE mTmpFrame.height() =0 hasIntersection =false
04-28 19:00:15.100 W/InsetsSource( 5963): Has no intersection or mTmpFrame.height(), return Insets.NONE mTmpFrame.height() =45 hasIntersection =false
04-28 19:00:15.100 W/InsetsSource( 5963): Has no intersection or mTmpFrame.height(), return Insets.NONE mTmpFrame.height() =169 hasIntersection =false
04-28 19:00:15.100 W/NotificationService( 3839): Toast already killed. pkg=com.smartsales.prism token=android.os.BinderProxy@cd43301
04-28 19:00:15.101 D/RenderEngine( 1966): drawLayersInternal layername:Toast#35119 regionblurRadius:375 blurInput:816x1814 blurRect:247x116
04-28 19:00:15.103 D/RenderEngine( 1966): drawLayersInternal layername:Toast#35119 regionblurRadius:375 blurInput:816x1814 blurRect:247x116
04-28 19:00:15.105 D/RenderEngine( 1966): drawLayersInternal layername:Toast#35119 regionblurRadius:375 blurInput:816x1814 blurRect:247x116
04-28 19:00:15.111 D/RenderEngine( 1966): drawLayersInternal layername:Toast#35119 regionblurRadius:375 blurInput:1440x3200 blurRect:437x206
04-28 19:00:15.113 D/RenderEngine( 1966): drawLayersInternal layername:Toast#35119 regionblurRadius:375 blurInput:432x960 blurRect:131x61
04-28 19:00:15.115 D/RenderEngine( 1966): drawLayersInternal layername:Toast#35119 regionblurRadius:375 blurInput:816x1814 blurRect:247x116
04-28 19:00:15.116 D/JavaheapMonitor(27399): Java heap used=21M max=256M, proc: com.google.android.gms
04-28 19:00:15.116 V/JavaheapMonitor(27399): Check java heap usage finished! Next check delay: 300000
04-28 19:00:15.117 D/RenderEngine( 1966): drawLayersInternal layername:Toast#35119 regionblurRadius:375 blurInput:816x1814 blurRect:247x116
04-28 19:00:15.118 D/RenderEngine( 1966): drawLayersInternal layername:Toast#35119 regionblurRadius:375 blurInput:816x1814 blurRect:247x116
04-28 19:00:15.119 D/RenderEngine( 1966): drawLayersInternal layername:Toast#35119 regionblurRadius:375 blurInput:816x1814 blurRect:247x116
04-28 19:00:15.121 D/RenderEngine( 1966): drawLayersInternal layername:Toast#35119 regionblurRadius:375 blurInput:816x1814 blurRect:247x116
04-28 19:00:15.122 D/RenderEngine( 1966): drawLayersInternal layername:Toast#35119 regionblurRadius:375 blurInput:816x1814 blurRect:247x116
04-28 19:00:15.124 D/RenderEngine( 1966): drawLayersInternal layername:Toast#35119 regionblurRadius:375 blurInput:816x1814 blurRect:247x116
04-28 19:00:15.125 D/RenderEngine( 1966): drawLayersInternal layername:Toast#35119 regionblurRadius:375 blurInput:816x1814 blurRect:247x116
04-28 19:00:15.128 D/RenderEngine( 1966): drawLayersInternal layername:Toast#35119 regionblurRadius:375 blurInput:816x1814 blurRect:247x116
04-28 19:00:15.129 D/RefreshRateSelector( 1966): Touch Boost
04-28 19:00:15.129 D/MI-SF   ( 1966): modeGroup41426432 mIsSupportAutomodeForMaxFpsSetting is 1(1), getCurrentBrightness() = 1366(0), mIsKeepAutoMode 0 isAutoModeAllowed() 1
04-28 19:00:15.129 D/RefreshRateSelector( 1966): fixedMode_group: 41426432, isFindModeGroup 1
04-28 19:00:15.129 D/RefreshRateSelector( 1966): find max refresh rate:120, mode Group:41426432
04-28 19:00:15.129 D/DisplayModeController( 1966): setDesiredMode 4630946654109872275 {mode={fps=120.00 Hz, modePtr={id=1, vsyncRate=120.00 Hz, peakRefreshRate=120.00 Hz}}, emitEvent=true, force=false}
04-28 19:00:15.130 D/BufferQueueConsumer( 5963): [VRI[Toast]#1973(BLAST Consumer)1973](id:174b0000090c,api:0,p:-1,c:5963) disconnect: caller 0
04-28 19:00:15.133 D/RefreshRateSelector( 1966): Touch Boost
04-28 19:00:15.133 D/MI-SF   ( 1966): modeGroup41426432 mIsSupportAutomodeForMaxFpsSetting is 1(1), getCurrentBrightness() = 1366(0), mIsKeepAutoMode 0 isAutoModeAllowed() 1
04-28 19:00:15.133 D/RefreshRateSelector( 1966): fixedMode_group: 41426432, isFindModeGroup 1
04-28 19:00:15.133 D/RefreshRateSelector( 1966): find max refresh rate:120, mode Group:41426432
04-28 19:00:15.134 I/SDM     ( 1810): SDMDisplay::SetActiveConfigWithConstraints: display = 0, config: 1, WxH 1440x3200, fps 120@auto@120:30
04-28 19:00:15.136 W/SDM     ( 1810): HWDeviceDRM::GetSupportedBitClkRate: Requested rate not supported: 1286000000
04-28 19:00:15.136 I/SDM     ( 1810): HWDeviceDRM::UpdateMixerAttributes: Mixer WxH 1440x3200-1 for Peripheral
04-28 19:00:15.136 I/MiClstc ( 1810): simplifyLayerName Unknown layer 1, skip
04-28 19:00:15.136 I/MiClstc ( 1810): DropLayers erase layer 1
04-28 19:00:15.141 D/FPSMonitor( 1841): threadFuncFpsMonitor display 0, fps 30
04-28 19:00:15.142 D/libsensor-D2SNotifier( 2925): DisplayId 0 Displayinfo2SlpiNotifier to type 8 displayFrequency = 30
04-28 19:00:15.152 W/BpBinder( 1966): Large outgoing transaction of 117192 bytes, interface descriptor android.gui.IWindowInfosListener, code 1 was sent
04-28 19:00:15.155 I/DisplayDeviceRepository( 3839): Display device changed render timings: "内置屏幕", renderFrameRate=120.00001, presentationDeadlineNanos=11333333, appVsyncOffsetNanos=1000000, frameRateOverrides=[]
04-28 19:00:15.157 D/AudioFlingerImpl( 1930): setGameParameters keyvalue: screen_state=on
04-28 19:00:15.157 D/DeviceHalAidl( 1930): [default] setParameters: parameters: "screen_state=on"
04-28 19:00:15.157 D/PAL: API( 1794): pal_set_param: 1497: Enter: param id 8 (PAL_PARAM_ID_SCREEN_STATE)
04-28 19:00:15.157 D/PAL: ResourceManager( 1794): setParameter: 11845: Enter param id: 8 (PAL_PARAM_ID_SCREEN_STATE)
04-28 19:00:15.157 I/PAL: ResourceManager( 1794): setParameter: 11872: Screen State:1
04-28 19:00:15.157 D/PAL: ResourceManager( 1794): setParameter: 13545: Exit status: 0
04-28 19:00:15.157 D/PAL: API( 1794): pal_set_param: 1514: Exit, status 0
04-28 19:00:15.157 D/DeviceHalAidl( 1930): [usb] setParameters: parameters: "screen_state=on"
04-28 19:00:15.157 D/AHAL_Module( 1794): updateScreenState: usb: 1
04-28 19:00:15.157 D/DeviceHalAidl( 1930): [r_submix] setParameters: parameters: "screen_state=on"
04-28 19:00:15.157 D/AHAL_Module( 1794): updateScreenState: r_submix: 1
04-28 19:00:15.158 D/DeviceHalAidl( 1930): [bluetooth] setParameters: parameters: "screen_state=on"
04-28 19:00:15.158 D/AHAL_Module( 1794): updateScreenState: bluetooth: 1
04-28 19:00:15.158 D/WindowManager( 3839): DeferredDisplayUpdater: partially applying DisplayInfo(1440 x 3200) immediately
04-28 19:00:15.158 W/DisplayContentStubImpl( 3839):  displayMetricsChanged=false physicalDisplayChanged=false displayId=0 newUniqueId=local:4630946654109872275 currentUnique=local:4630946654109872275
04-28 19:00:15.158 D/DisplayContentStubImpl( 3839): Display{#0 state=ON size=1440x3200 ROTATION_0} isActivityEmbeddingSplitEnable false
04-28 19:00:15.159 W/InsetsSource( 3839): Has no intersection or mTmpFrame.height(), return Insets.NONE mTmpFrame.height() =0 hasIntersection =false
04-28 19:00:15.159 W/InsetsSource( 3839): Has no intersection or mTmpFrame.height(), return Insets.NONE mTmpFrame.height() =0 hasIntersection =false
04-28 19:00:15.159 I/vendor.qti.hardware.display.composer-service( 1810): Sensor: notify citsensorservice to trigger cwb, misForced = 0
04-28 19:00:15.159 D/MiuiRefreshRatePolicy( 3839): reset
04-28 19:00:15.159 E/DisplayModeDirectorImpl( 3839): Invalid displayId: 138, only 0 and 1 are supported
04-28 19:00:15.159 D/MiuiRefreshRatePolicy( 3839): reset
04-28 19:00:15.159 E/DisplayModeDirectorImpl( 3839): Invalid displayId: 120, only 0 and 1 are supported
04-28 19:00:15.159 D/MiuiRefreshRatePolicy( 3839): reset
04-28 19:00:15.159 E/DisplayModeDirectorImpl( 3839): Invalid displayId: 76, only 0 and 1 are supported
04-28 19:00:15.159 D/MiuiRefreshRatePolicy( 3839): reset
04-28 19:00:15.159 E/DisplayModeDirectorImpl( 3839): Invalid displayId: 68, only 0 and 1 are supported
04-28 19:00:15.159 D/MiuiRefreshRatePolicy( 3839): reset
04-28 19:00:15.159 E/DisplayModeDirectorImpl( 3839): Invalid displayId: 64, only 0 and 1 are supported
04-28 19:00:15.159 D/MiuiRefreshRatePolicy( 3839): reset
04-28 19:00:15.159 E/DisplayModeDirectorImpl( 3839): Invalid displayId: 56, only 0 and 1 are supported
04-28 19:00:15.159 D/MiuiRefreshRatePolicy( 3839): reset
04-28 19:00:15.159 E/DisplayModeDirectorImpl( 3839): Invalid displayId: 42, only 0 and 1 are supported
04-28 19:00:15.159 D/MiuiRefreshRatePolicy( 3839): reset
04-28 19:00:15.159 E/DisplayModeDirectorImpl( 3839): Invalid displayId: 34, only 0 and 1 are supported
04-28 19:00:15.159 D/MiuiRefreshRatePolicy( 3839): reset
04-28 19:00:15.159 E/DisplayModeDirectorImpl( 3839): Invalid displayId: 24, only 0 and 1 are supported
04-28 19:00:15.159 D/MiuiRefreshRatePolicy( 3839): reset
04-28 19:00:15.159 I/SDM     ( 1810): CWB config passed by cwb_client : tappoint 1  CWB_ROI : (699.000000 110.000000 940.000000 351.000000) for display-0
04-28 19:00:15.159 E/DisplayModeDirectorImpl( 3839): Invalid displayId: 6, only 0 and 1 are supported
04-28 19:00:15.159 W/InsetsSource( 3839): Has no intersection or mTmpFrame.height(), return Insets.NONE mTmpFrame.height() =0 hasIntersection =false
04-28 19:00:15.159 W/InsetsSource( 3839): Has no intersection or mTmpFrame.height(), return Insets.NONE mTmpFrame.height() =0 hasIntersection =false
04-28 19:00:15.160 D/BarFollowAnimation( 3839): pairAppearanceRegionAndWin win=Window{7dea979 u0 com.smartsales.prism/com.smartsales.prism.MainActivity} 0
04-28 19:00:15.160 I/sensors ( 2925): qsh_qmi:41, qsh_qmi
04-28 19:00:15.160 D/BarFollowAnimation( 3839): isAppTaskBarOnTop win:Window{7dea979 u0 com.smartsales.prism/com.smartsales.prism.MainActivity} (mCurrentTopTask:Task{fb5f9b7 #28146 type=standard A=10433:com.smartsales.prism} : true); (mAssociatedTask:Task{fb5f9b7 #28146 type=standard A=10433:com.smartsales.prism} : true); (mHomeTask:Task{39ded46 #1 type=home} : false); mReparentToOriginParent:false mLastAppBarVisible:true mLastHomeBarVisible:false
04-28 19:00:15.160 D/MiuiRefreshRatePolicy( 3839): reset
04-28 19:00:15.161 W/Launcher( 5261): onDisplayChanged: newRotation=0, mCurrentRotation=0
04-28 19:00:15.161 W/InsetsSource( 3839): Has no intersection or mTmpFrame.height(), return Insets.NONE mTmpFrame.height() =0 hasIntersection =false
04-28 19:00:15.161 W/InsetsSource( 3839): Has no intersection or mTmpFrame.height(), return Insets.NONE mTmpFrame.height() =0 hasIntersection =false
04-28 19:00:15.161 W/GestureStubView_Left( 5261): onDisplayChanged
04-28 19:00:15.161 W/GestureStubView_Left( 5261): adaptRotation   currentRotation=0   mRotation=0
04-28 19:00:15.161 W/GestureStubView_Right( 5261): onDisplayChanged
04-28 19:00:15.161 W/GestureStubView_Right( 5261): adaptRotation   currentRotation=0   mRotation=0
04-28 19:00:15.163 V/AutoDensityController( 5963): on display changed 0 context dpi:586 origin dpi:600 target dpi:586
04-28 19:00:15.163 D/ControlCenterWindowViewController( 5963): on display changed 0
04-28 19:00:15.163 V/AODAutoDensityController( 5963): on display changed 0 context dpi:586 origin dpi:600 target dpi:586
04-28 19:00:15.164 D/MiuiGxzwAnimView( 5963): onDisplayChanged: oldState = 2, newState = 2
04-28 19:00:15.169 I/sensors ( 2925): ~qsh_qmi:68, ~qsh_qmi
04-28 19:00:15.175 E/HwcComposer( 1966): getLuts failed Status(-129, EX_TRANSACTION_FAILED): 'UNKNOWN_TRANSACTION: '
04-28 19:00:15.176 W/BpBinder( 1966): Large outgoing transaction of 117192 bytes, interface descriptor android.gui.IWindowInfosListener, code 1 was sent
04-28 19:00:15.180 W/InsetsSource(31883): Has no intersection or mTmpFrame.height(), return Insets.NONE mTmpFrame.height() =0 hasIntersection =false
04-28 19:00:15.182 W/InsetsSource(31883): Has no intersection or mTmpFrame.height(), return Insets.NONE mTmpFrame.height() =0 hasIntersection =false
04-28 19:00:15.182 W/InsetsSource(31883): Has no intersection or mTmpFrame.height(), return Insets.NONE mTmpFrame.height() =0 hasIntersection =false
04-28 19:00:15.182 W/InsetsSource(31883): Has no intersection or mTmpFrame.height(), return Insets.NONE mTmpFrame.height() =0 hasIntersection =false
04-28 19:00:15.182 W/InsetsSource(31883): Has no intersection or mTmpFrame.height(), return Insets.NONE mTmpFrame.height() =0 hasIntersection =false
04-28 19:00:15.182 W/InsetsSource(31883): Has no intersection or mTmpFrame.height(), return Insets.NONE mTmpFrame.height() =0 hasIntersection =false
04-28 19:00:15.229 I/SDM     ( 1810): DisplayBase::CommitThread: Received Idle Timeout, panel: cmd, timeout: 69999 us
04-28 19:00:15.229 D/libsensor-parseRGB( 2925): CWB NotifyIdleStatus 1
04-28 19:00:15.239 I/SDM     ( 1810): PartialUpdateSrcSplit::SetCwbRoiForNonPU: CWB ROI Rect(699.000000 110.000000 940.000000 351.000000)
04-28 19:00:15.262 I/SDM     ( 1810): NotifyCWBStatus: Notify the client about buffer (0xefaa9c10) status 0 for display-0.
04-28 19:00:15.262 I/SDM     ( 1810): SDMConcurrentWriteBack::ProcessCWBStatus: CWB queue is empty. Display: 0
04-28 19:00:15.275 D/MI-SF   ( 1966): setIdleFps choose FPS:60, mode:20709632 mode_group 24641792
04-28 19:00:15.275 D/DisplayModeController( 1966): setDesiredMode 4630946654109872275 {mode={fps=60.00 Hz, modePtr={id=5, vsyncRate=60.00 Hz, peakRefreshRate=60.00 Hz}}, emitEvent=false, force=false}
04-28 19:00:15.276 D/JavaheapMonitor( 5834): Java heap used=13M max=256M, proc: vendor.qti.frameworks.utils
04-28 19:00:15.276 V/JavaheapMonitor( 5834): Check java heap usage finished! Next check delay: 300000
04-28 19:00:15.278 I/SDM     ( 1810): SDMDisplay::SetActiveConfigWithConstraints: display = 0, config: 5, WxH 1440x3200, fps 60@idle@60:1
04-28 19:00:15.280 W/SDM     ( 1810): HWDeviceDRM::GetSupportedBitClkRate: Requested rate not supported: 1286000000
04-28 19:00:15.280 I/SDM     ( 1810): HWDeviceDRM::UpdateMixerAttributes: Mixer WxH 1440x3200-1 for Peripheral
04-28 19:00:15.281 I/SDM     ( 1810): HWDeviceDRM::SetupConcurrentWriteback: Tear down the Concurrent Writeback topology
04-28 19:00:15.284 D/libsensor-D2SNotifier( 2925): DisplayId 0 Displayinfo2SlpiNotifier to type 8 displayFrequency = 1
04-28 19:00:15.286 D/FPSMonitor( 1841): threadFuncFpsMonitor display 0, fps 1
04-28 19:00:15.287 I/sensors ( 2925): qsh_qmi:41, qsh_qmi
04-28 19:00:15.291 I/sensors ( 2925): ~qsh_qmi:68, ~qsh_qmi
04-28 19:00:15.358 I/SDM     ( 1810): DisplayBase::CommitThread: Received Idle Timeout, panel: cmd, timeout: 70000 us
04-28 19:00:15.358 D/libsensor-parseRGB( 2925): CWB NotifyIdleStatus 1
04-28 19:00:15.390 D/JavaheapMonitor(14704): Java heap used=8M max=256M, proc: com.android.settings
04-28 19:00:15.390 V/JavaheapMonitor(14704): Check java heap usage finished! Next check delay: 300000
04-28 19:00:15.396 D/JavaheapMonitor(15942): Java heap used=6M max=256M, proc: com.xiaomi.misettings:widgetProvider
04-28 19:00:15.396 V/JavaheapMonitor(15942): Check java heap usage finished! Next check delay: 300000
04-28 19:00:15.436 I/vendor.qti.hardware.display.composer-service( 1810): Sensor: notify citsensorservice to trigger cwb, misForced = 1
04-28 19:00:15.437 I/SDM     ( 1810): CWB config passed by cwb_client : tappoint 1  CWB_ROI : (699.000000 110.000000 940.000000 351.000000) for display-0
04-28 19:00:15.441 I/SDM     ( 1810): PartialUpdateSrcSplit::SetCwbRoiForNonPU: CWB ROI Rect(699.000000 110.000000 940.000000 351.000000)
04-28 19:00:15.444 E/HwcComposer( 1966): getLuts failed Status(-129, EX_TRANSACTION_FAILED): 'UNKNOWN_TRANSACTION: '
04-28 19:00:15.462 I/SDM     ( 1810): NotifyCWBStatus: Notify the client about buffer (0xefaa4d00) status 0 for display-0.
04-28 19:00:15.462 I/SDM     ( 1810): SDMConcurrentWriteBack::ProcessCWBStatus: CWB queue is empty. Display: 0
04-28 19:00:15.513 I/SDM     ( 1810): DisplayBase::CommitThread: Received Idle Timeout, panel: cmd, timeout: 70000 us
04-28 19:00:15.513 D/libsensor-parseRGB( 2925): CWB NotifyIdleStatus 1
04-28 19:00:15.708 D/JavaheapMonitor(32343): Java heap used=26M max=256M, proc: com.miui.securitycenter.remote
04-28 19:00:15.708 V/JavaheapMonitor(32343): Check java heap usage finished! Next check delay: 300000
04-28 19:00:15.712 D/JavaheapMonitor(15493): Java heap used=7M max=256M, proc: com.miui.systemAdSolution
04-28 19:00:15.712 V/JavaheapMonitor(15493): Check java heap usage finished! Next check delay: 300000
04-28 19:00:15.925 I/sensors-hal( 1789): handle_sns_client_event:76, healthy_use_of_mobile_event: ts=806736203618092, -1.000000, -1.000000, -1.000000, -1.000000, 1.000000, 0.000000, 0.000000, 0.000000, 0.000000, 0.000000, 0.000000, 0.000000, 0.000000, 0.000000, 0.000000, 0.000000
04-28 19:00:15.927 D/MST_VisualSensorManager(15759): onSensorChanged:-1.0, -1.0, -1.0, -1.0, 1.0, 0.0, 0.0, 0.0, 0.0, 0.0, 0.0, 0.0, 0.0, 0.0, 0.0, 0.0 at 806736203618092
04-28 19:00:16.087 D/AurogonBandwidthController( 3839): skinTemperature:48.542
04-28 19:00:16.108 D/JavaheapMonitor( 5536): Java heap used=17M max=256M, proc: com.android.networkstack.process
04-28 19:00:16.108 V/JavaheapMonitor( 5536): Check java heap usage finished! Next check delay: 300000
04-28 19:00:16.171 D/QLM-Service( 8670): check_headroom_zone: Timer EVT, Temp: 63000
04-28 19:00:16.192 D/JavaheapMonitor(20775): Java heap used=9M max=256M, proc: android.ext.services
04-28 19:00:16.192 V/JavaheapMonitor(20775): Check java heap usage finished! Next check delay: 300000
04-28 19:00:16.193 W/ActivityManagerServiceImpl( 3839): Sending non-protected broadcast com.modemenhance.ACTION_MODEMWIFI_RSSI_POLL from system 5894:com.android.phone/1001 pkg com.android.phone. Callers=
04-28 19:00:16.195 I/WifiService( 3839): getConnectionInfo uid=1001
04-28 19:00:16.195 V/WifiService( 3839): Clearing REDACT_FOR_LOCAL_MAC_ADDRESS for com.android.phone(uid=1001)
04-28 19:00:16.195 V/WifiService( 3839): Clearing REDACT_FOR_NETWORK_SETTINGS for com.android.phone(uid=1001)
04-28 19:00:16.195 V/WifiService( 3839): Clearing REDACT_FOR_ACCESS_FINE_LOCATION for com.android.phone(uid=1001)
04-28 19:00:16.195 D/SlaveWifiManager( 5894): getWifiSlaveConnectionInfo
04-28 19:00:16.221 I/libsensor-boledalgo( 2925): dbv:1524,lux:209.5,cct:4869.8,hsv:1.2, CWB R:7.3,G:5.3,B:29.2 Event C:4351.7,R:2205.0,G:1748.1,B:859.7 Cali C:0.0,R:0.0,G:0.0,B:0.0
04-28 19:00:16.433 I/libsensor-boledalgo( 2925): dbv:1524,lux:207.3,cct:4993.2,hsv:1.2, CWB R:7.3,G:5.3,B:29.2 Event C:4350.1,R:2210.6,G:1746.8,B:877.3 Cali C:0.0,R:0.0,G:0.0,B:0.0
04-28 19:00:16.433 I/libsensor-boledalgo( 2925): dbv:1524,lux:208.8,cct:4934.6,hsv:1.2, CWB R:7.3,G:5.3,B:29.2 Event C:4363.9,R:2201.5,G:1743.7,B:870.8 Cali C:0.0,R:0.0,G:0.0,B:0.0
04-28 19:00:16.468 D/SLM-SRV-SLAService( 3839): checktemp temperature = 48542 temperature_average = 48807 isPerformanceMode = false thermal_enable_slm = false
04-28 19:00:16.548 D/wpa_supplicant(25850): nl80211: Drv Event 81 (NL80211_CMD_TDLS_OPER) received for wlan0
04-28 19:00:16.548 D/wpa_supplicant(25850): nl80211: TDLS operation event
04-28 19:00:16.548 D/wpa_supplicant(25850): nl80211: TDLS discovery request for peer 1c:db:d4:9b:8f:94
04-28 19:00:16.548 D/wpa_supplicant(25850): wlan0: Event TDLS (7) received
04-28 19:00:16.549 D/wpa_supplicant(25850): nl80211: Drv Event 81 (NL80211_CMD_TDLS_OPER) received for wlan0
04-28 19:00:16.549 D/wpa_supplicant(25850): nl80211: TDLS operation event
04-28 19:00:16.549 D/wpa_supplicant(25850): nl80211: TDLS discovery request for peer b4:5f:84:de:d4:d0
04-28 19:00:16.549 D/wpa_supplicant(25850): wlan0: Event TDLS (7) received
04-28 19:00:16.549 D/wpa_supplicant(25850): nl80211: Drv Event 81 (NL80211_CMD_TDLS_OPER) received for wlan0
04-28 19:00:16.549 D/wpa_supplicant(25850): nl80211: TDLS operation event
04-28 19:00:16.549 D/wpa_supplicant(25850): nl80211: TDLS discovery request for peer 14:c1:9f:d7:e3:f4
04-28 19:00:16.549 D/wpa_supplicant(25850): wlan0: Event TDLS (7) received
04-28 19:00:16.588 I/iui.powerkeeper( 3271): This is sticky GC, maxfree is 33554432 minfree is 8388608
04-28 19:00:16.590 D/JavaheapMonitor( 3271): Java heap used=8M max=256M, proc: com.miui.powerkeeper
04-28 19:00:16.590 V/JavaheapMonitor( 3271): Check java heap usage finished! Next check delay: 300000
04-28 19:00:16.599 D/MI-SF   ( 1966): setIdleFps choose FPS:60, mode:20709632 mode_group 24641792
04-28 19:00:16.800 D/MiuiRefreshRatePolicy( 3839): reset
04-28 19:00:16.800 E/DisplayModeDirectorImpl( 3839): Invalid displayId: 138, only 0 and 1 are supported
04-28 19:00:16.800 D/MiuiRefreshRatePolicy( 3839): reset
04-28 19:00:16.800 E/DisplayModeDirectorImpl( 3839): Invalid displayId: 120, only 0 and 1 are supported
04-28 19:00:16.801 D/MiuiRefreshRatePolicy( 3839): reset
04-28 19:00:16.801 E/DisplayModeDirectorImpl( 3839): Invalid displayId: 76, only 0 and 1 are supported
04-28 19:00:16.801 D/MiuiRefreshRatePolicy( 3839): reset
04-28 19:00:16.801 E/DisplayModeDirectorImpl( 3839): Invalid displayId: 68, only 0 and 1 are supported
04-28 19:00:16.801 D/MiuiRefreshRatePolicy( 3839): reset
04-28 19:00:16.801 E/DisplayModeDirectorImpl( 3839): Invalid displayId: 64, only 0 and 1 are supported
04-28 19:00:16.801 D/MiuiRefreshRatePolicy( 3839): reset
04-28 19:00:16.801 E/DisplayModeDirectorImpl( 3839): Invalid displayId: 56, only 0 and 1 are supported
04-28 19:00:16.801 D/MiuiRefreshRatePolicy( 3839): reset
04-28 19:00:16.801 E/DisplayModeDirectorImpl( 3839): Invalid displayId: 42, only 0 and 1 are supported
04-28 19:00:16.801 D/MiuiRefreshRatePolicy( 3839): reset
04-28 19:00:16.801 E/DisplayModeDirectorImpl( 3839): Invalid displayId: 34, only 0 and 1 are supported
04-28 19:00:16.801 D/MiuiRefreshRatePolicy( 3839): reset
04-28 19:00:16.801 E/DisplayModeDirectorImpl( 3839): Invalid displayId: 24, only 0 and 1 are supported
04-28 19:00:16.801 D/MiuiRefreshRatePolicy( 3839): reset
04-28 19:00:16.801 E/DisplayModeDirectorImpl( 3839): Invalid displayId: 6, only 0 and 1 are supported
04-28 19:00:16.801 D/DisplayContentStubImpl( 3839): onNewImeFrame: isImeVisible = false, imeFrame = Rect(0, 0 - 0, 0)
04-28 19:00:16.801 W/InsetsSource( 3839): Has no intersection or mTmpFrame.height(), return Insets.NONE mTmpFrame.height() =0 hasIntersection =false
04-28 19:00:16.801 W/InsetsSource( 3839): Has no intersection or mTmpFrame.height(), return Insets.NONE mTmpFrame.height() =0 hasIntersection =false
04-28 19:00:16.801 D/BarFollowAnimation( 3839): pairAppearanceRegionAndWin win=Window{7dea979 u0 com.smartsales.prism/com.smartsales.prism.MainActivity} 0
04-28 19:00:16.802 D/BarFollowAnimation( 3839): isAppTaskBarOnTop win:Window{7dea979 u0 com.smartsales.prism/com.smartsales.prism.MainActivity} (mCurrentTopTask:Task{fb5f9b7 #28146 type=standard A=10433:com.smartsales.prism} : true); (mAssociatedTask:Task{fb5f9b7 #28146 type=standard A=10433:com.smartsales.prism} : true); (mHomeTask:Task{39ded46 #1 type=home} : false); mReparentToOriginParent:false mLastAppBarVisible:true mLastHomeBarVisible:false
04-28 19:00:16.802 D/MiuiRefreshRatePolicy( 3839): reset
04-28 19:00:16.802 W/InsetsSource( 3839): Has no intersection or mTmpFrame.height(), return Insets.NONE mTmpFrame.height() =0 hasIntersection =false
04-28 19:00:16.802 W/InsetsSource( 3839): Has no intersection or mTmpFrame.height(), return Insets.NONE mTmpFrame.height() =0 hasIntersection =false
04-28 19:00:16.804 D/MI-SF   ( 1966): isSupportLowBrightnessFpsSwitch current_setting_fps: 120
04-28 19:00:16.804 D/MI-SF   ( 1966): isTpIdleScene ,mAverageFrameRate is 0, 1
04-28 19:00:16.804 D/MI-SF   ( 1966): modeGroup20709632 mIsSupportAutomodeForMaxFpsSetting is 1(1), getCurrentBrightness() = 1366(0), mIsKeepAutoMode 0 isAutoModeAllowed() 1
04-28 19:00:16.804 D/MI-SF   ( 1966): setTpIdleFps choose FPS:60, mode:37489152
04-28 19:00:16.804 D/DisplayModeController( 1966): setDesiredMode 4630946654109872275 {mode={fps=60.00 Hz, modePtr={id=7, vsyncRate=60.00 Hz, peakRefreshRate=60.00 Hz}}, emitEvent=true, force=false}
04-28 19:00:16.804 E/DisplayModeController( 1966): setDesiredMode : Idle status skip setActiveMode, isDdicIdleMode: 1
04-28 19:00:16.807 I/SDM     ( 1810): SDMDisplay::SetActiveConfigWithConstraints: display = 0, config: 7, WxH 1440x3200, fps 60@auto@60:10
04-28 19:00:16.808 W/SDM     ( 1810): HWDeviceDRM::GetSupportedBitClkRate: Requested rate not supported: 1286000000
04-28 19:00:16.808 I/SDM     ( 1810): HWDeviceDRM::UpdateMixerAttributes: Mixer WxH 1440x3200-1 for Peripheral
04-28 19:00:16.810 I/SDM     ( 1810): HWDeviceDRM::SetupConcurrentWriteback: Tear down the Concurrent Writeback topology
04-28 19:00:16.810 I/vendor.qti.hardware.display.composer-service( 1810): Sensor: notify citsensorservice to trigger cwb, misForced = 0
04-28 19:00:16.811 I/SDM     ( 1810): CWB config passed by cwb_client : tappoint 1  CWB_ROI : (699.000000 110.000000 940.000000 351.000000) for display-0
04-28 19:00:16.812 E/HwcComposer( 1966): getLuts failed Status(-129, EX_TRANSACTION_FAILED): 'UNKNOWN_TRANSACTION: '
04-28 19:00:16.815 D/FPSMonitor( 1841): threadFuncFpsMonitor display 0, fps 10
04-28 19:00:16.815 D/libsensor-D2SNotifier( 2925): DisplayId 0 Displayinfo2SlpiNotifier to type 8 displayFrequency = 10
04-28 19:00:16.818 I/sensors ( 2925): qsh_qmi:41, qsh_qmi
04-28 19:00:16.820 I/sensors ( 2925): ~qsh_qmi:68, ~qsh_qmi
04-28 19:00:16.836 I/DisplayDeviceRepository( 3839): Display device changed render timings: "内置屏幕", renderFrameRate=60.000004, presentationDeadlineNanos=16666666, appVsyncOffsetNanos=1000000, frameRateOverrides=[]
04-28 19:00:16.837 D/WindowManager( 3839): DeferredDisplayUpdater: partially applying DisplayInfo(1440 x 3200) immediately
04-28 19:00:16.837 W/DisplayContentStubImpl( 3839):  displayMetricsChanged=false physicalDisplayChanged=false displayId=0 newUniqueId=local:4630946654109872275 currentUnique=local:4630946654109872275
04-28 19:00:16.838 D/DisplayContentStubImpl( 3839): Display{#0 state=ON size=1440x3200 ROTATION_0} isActivityEmbeddingSplitEnable false
04-28 19:00:16.838 W/InsetsSource( 3839): Has no intersection or mTmpFrame.height(), return Insets.NONE mTmpFrame.height() =0 hasIntersection =false
04-28 19:00:16.838 W/InsetsSource( 3839): Has no intersection or mTmpFrame.height(), return Insets.NONE mTmpFrame.height() =0 hasIntersection =false
04-28 19:00:16.838 D/MiuiRefreshRatePolicy( 3839): reset
04-28 19:00:16.838 E/DisplayModeDirectorImpl( 3839): Invalid displayId: 138, only 0 and 1 are supported
04-28 19:00:16.838 D/MiuiRefreshRatePolicy( 3839): reset
04-28 19:00:16.838 E/DisplayModeDirectorImpl( 3839): Invalid displayId: 120, only 0 and 1 are supported
04-28 19:00:16.838 D/MiuiRefreshRatePolicy( 3839): reset
04-28 19:00:16.838 E/DisplayModeDirectorImpl( 3839): Invalid displayId: 76, only 0 and 1 are supported
04-28 19:00:16.838 D/MiuiRefreshRatePolicy( 3839): reset
04-28 19:00:16.838 E/DisplayModeDirectorImpl( 3839): Invalid displayId: 68, only 0 and 1 are supported
04-28 19:00:16.838 D/MiuiRefreshRatePolicy( 3839): reset
04-28 19:00:16.838 E/DisplayModeDirectorImpl( 3839): Invalid displayId: 64, only 0 and 1 are supported
04-28 19:00:16.838 D/MiuiRefreshRatePolicy( 3839): reset
04-28 19:00:16.838 E/DisplayModeDirectorImpl( 3839): Invalid displayId: 56, only 0 and 1 are supported
04-28 19:00:16.838 D/MiuiRefreshRatePolicy( 3839): reset
04-28 19:00:16.838 E/DisplayModeDirectorImpl( 3839): Invalid displayId: 42, only 0 and 1 are supported
04-28 19:00:16.838 D/MiuiRefreshRatePolicy( 3839): reset
04-28 19:00:16.838 E/DisplayModeDirectorImpl( 3839): Invalid displayId: 34, only 0 and 1 are supported
04-28 19:00:16.838 D/MiuiRefreshRatePolicy( 3839): reset
04-28 19:00:16.838 E/DisplayModeDirectorImpl( 3839): Invalid displayId: 24, only 0 and 1 are supported
04-28 19:00:16.838 D/MiuiRefreshRatePolicy( 3839): reset
04-28 19:00:16.838 E/DisplayModeDirectorImpl( 3839): Invalid displayId: 6, only 0 and 1 are supported
04-28 19:00:16.838 W/InsetsSource( 3839): Has no intersection or mTmpFrame.height(), return Insets.NONE mTmpFrame.height() =0 hasIntersection =false
04-28 19:00:16.838 W/InsetsSource( 3839): Has no intersection or mTmpFrame.height(), return Insets.NONE mTmpFrame.height() =0 hasIntersection =false
04-28 19:00:16.838 D/BarFollowAnimation( 3839): pairAppearanceRegionAndWin win=Window{7dea979 u0 com.smartsales.prism/com.smartsales.prism.MainActivity} 0
04-28 19:00:16.839 D/BarFollowAnimation( 3839): isAppTaskBarOnTop win:Window{7dea979 u0 com.smartsales.prism/com.smartsales.prism.MainActivity} (mCurrentTopTask:Task{fb5f9b7 #28146 type=standard A=10433:com.smartsales.prism} : true); (mAssociatedTask:Task{fb5f9b7 #28146 type=standard A=10433:com.smartsales.prism} : true); (mHomeTask:Task{39ded46 #1 type=home} : false); mReparentToOriginParent:false mLastAppBarVisible:true mLastHomeBarVisible:false
04-28 19:00:16.839 D/MiuiRefreshRatePolicy( 3839): reset
04-28 19:00:16.839 W/InsetsSource( 3839): Has no intersection or mTmpFrame.height(), return Insets.NONE mTmpFrame.height() =0 hasIntersection =false
04-28 19:00:16.839 W/InsetsSource( 3839): Has no intersection or mTmpFrame.height(), return Insets.NONE mTmpFrame.height() =0 hasIntersection =false
04-28 19:00:16.841 D/AudioFlingerImpl( 1930): setGameParameters keyvalue: screen_state=on
04-28 19:00:16.841 D/DeviceHalAidl( 1930): [default] setParameters: parameters: "screen_state=on"
04-28 19:00:16.841 D/PAL: API( 1794): pal_set_param: 1497: Enter: param id 8 (PAL_PARAM_ID_SCREEN_STATE)
04-28 19:00:16.841 D/PAL: ResourceManager( 1794): setParameter: 11845: Enter param id: 8 (PAL_PARAM_ID_SCREEN_STATE)
04-28 19:00:16.841 I/PAL: ResourceManager( 1794): setParameter: 11872: Screen State:1
04-28 19:00:16.841 D/PAL: ResourceManager( 1794): setParameter: 13545: Exit status: 0
04-28 19:00:16.841 D/PAL: API( 1794): pal_set_param: 1514: Exit, status 0
04-28 19:00:16.842 D/DeviceHalAidl( 1930): [usb] setParameters: parameters: "screen_state=on"
04-28 19:00:16.842 D/AHAL_Module( 1794): updateScreenState: usb: 1
04-28 19:00:16.843 D/DeviceHalAidl( 1930): [r_submix] setParameters: parameters: "screen_state=on"
04-28 19:00:16.843 D/AHAL_Module( 1794): updateScreenState: r_submix: 1
04-28 19:00:16.844 D/DeviceHalAidl( 1930): [bluetooth] setParameters: parameters: "screen_state=on"
04-28 19:00:16.844 D/AHAL_Module( 1794): updateScreenState: bluetooth: 1
04-28 19:00:16.845 W/InsetsSource(31883): Has no intersection or mTmpFrame.height(), return Insets.NONE mTmpFrame.height() =0 hasIntersection =false
04-28 19:00:16.845 W/InsetsSource(31883): Has no intersection or mTmpFrame.height(), return Insets.NONE mTmpFrame.height() =0 hasIntersection =false
04-28 19:00:16.845 W/InsetsSource(31883): Has no intersection or mTmpFrame.height(), return Insets.NONE mTmpFrame.height() =0 hasIntersection =false
04-28 19:00:16.845 W/InsetsSource(31883): Has no intersection or mTmpFrame.height(), return Insets.NONE mTmpFrame.height() =0 hasIntersection =false
04-28 19:00:16.845 W/InsetsSource(31883): Has no intersection or mTmpFrame.height(), return Insets.NONE mTmpFrame.height() =0 hasIntersection =false
04-28 19:00:16.845 W/InsetsSource(31883): Has no intersection or mTmpFrame.height(), return Insets.NONE mTmpFrame.height() =0 hasIntersection =false
04-28 19:00:16.845 W/GestureStubView_Left( 5261): onDisplayChanged
04-28 19:00:16.845 W/GestureStubView_Left( 5261): adaptRotation   currentRotation=0   mRotation=0
04-28 19:00:16.845 W/GestureStubView_Right( 5261): onDisplayChanged
04-28 19:00:16.845 W/GestureStubView_Right( 5261): adaptRotation   currentRotation=0   mRotation=0
04-28 19:00:16.845 W/Launcher( 5261): onDisplayChanged: newRotation=0, mCurrentRotation=0
04-28 19:00:16.845 D/MiuiGxzwAnimView( 5963): onDisplayChanged: oldState = 2, newState = 2
04-28 19:00:16.845 V/AutoDensityController( 5963): on display changed 0 context dpi:586 origin dpi:600 target dpi:586
04-28 19:00:16.846 D/ControlCenterWindowViewController( 5963): on display changed 0
04-28 19:00:16.846 V/AODAutoDensityController( 5963): on display changed 0 context dpi:586 origin dpi:600 target dpi:586
04-28 19:00:16.848 D/JavaheapMonitor(18033): Java heap used=8M max=256M, proc: com.android.vending
04-28 19:00:16.848 V/JavaheapMonitor(18033): Check java heap usage finished! Next check delay: 300000
04-28 19:00:16.885 D/JavaheapMonitor(15759): Java heap used=9M max=256M, proc: com.xiaomi.misettings:remote
04-28 19:00:16.885 V/JavaheapMonitor(15759): Check java heap usage finished! Next check delay: 300000
04-28 19:00:16.909 I/SDM     ( 1810): DisplayBase::CommitThread: Received Idle Timeout, panel: cmd, timeout: 70000 us
04-28 19:00:16.909 D/libsensor-parseRGB( 2925): CWB NotifyIdleStatus 1
04-28 19:00:16.920 I/SDM     ( 1810): PartialUpdateSrcSplit::SetCwbRoiForNonPU: CWB ROI Rect(699.000000 110.000000 940.000000 351.000000)
04-28 19:00:16.942 I/SDM     ( 1810): NotifyCWBStatus: Notify the client about buffer (0xefaa9c10) status 0 for display-0.
04-28 19:00:16.942 I/SDM     ( 1810): SDMConcurrentWriteBack::ProcessCWBStatus: CWB queue is empty. Display: 0
04-28 19:00:16.963 D/MI-SF   ( 1966): setIdleFps choose FPS:60, mode:20709632 mode_group 24641792
04-28 19:00:16.963 D/DisplayModeController( 1966): setDesiredMode 4630946654109872275 {mode={fps=60.00 Hz, modePtr={id=5, vsyncRate=60.00 Hz, peakRefreshRate=60.00 Hz}}, emitEvent=false, force=false}
04-28 19:00:16.970 I/SDM     ( 1810): SDMDisplay::SetActiveConfigWithConstraints: display = 0, config: 5, WxH 1440x3200, fps 60@idle@60:1
04-28 19:00:16.970 W/SDM     ( 1810): HWDeviceDRM::GetSupportedBitClkRate: Requested rate not supported: 1286000000
04-28 19:00:16.970 I/SDM     ( 1810): HWDeviceDRM::UpdateMixerAttributes: Mixer WxH 1440x3200-1 for Peripheral
