04-28 18:49:58.457 I/SDM     ( 1810): HWDeviceDRM::UpdateMixerAttributes: Mixer WxH 1440x3200-1 for Peripheral
04-28 18:49:58.458 I/vendor.qti.hardware.display.composer-service( 1810): Sensor: notify citsensorservice to trigger cwb, misForced = 0
04-28 18:49:58.459 I/SDM     ( 1810): CWB config passed by cwb_client : tappoint 1  CWB_ROI : (699.000000 110.000000 940.000000 351.000000) for display-0
04-28 18:49:58.463 D/libsensor-D2SNotifier( 2925): DisplayId 0 Displayinfo2SlpiNotifier to type 8 displayFrequency = 10
04-28 18:49:58.463 D/FPSMonitor( 1841): threadFuncFpsMonitor display 0, fps 10
04-28 18:49:58.471 W/ActivityManagerServiceImpl( 3839): Sending non-protected broadcast miui.intent.action.CYCLE_CHECK from system uid 1000 pkg android. Callers=com.android.server.am.BroadcastController.checkBroadcastFromSystem:2218 com.android.server.am.BroadcastController.broadcastIntentLockedTraced:1703 com.android.server.am.BroadcastController.broadcastIntentLocked:857 com.android.server.am.BroadcastController.broadcastIntentInPackage:824 com.android.server.am.ActivityManagerService$LocalService.broadcastIntentInPackage:18839
04-28 18:49:58.472 I/vendor.qti.bluetooth@1.0-ibs_handler( 1781): ProcessIbsCmd: Received IBS_WAKE_IND: 0xFD
04-28 18:49:58.473 D/vendor.qti.bluetooth@1.0-ibs_handler( 1781): SerialClockVote: vote for UART CLK ON
04-28 18:49:58.473 D/vendor.qti.bluetooth@1.0-wake_lock( 1781): Acquire wakelock is acquired
04-28 18:49:58.473 I/vendor.qti.bluetooth@1.0-ibs_handler( 1781): ProcessIbsCmd: Writing IBS_WAKE_ACK
04-28 18:49:58.476 D/MI-SF   ( 1966): isSupportLowBrightnessFpsSwitch current_setting_fps: 120
04-28 18:49:58.476 D/MI-SF   ( 1966): isTpIdleScene ,mAverageFrameRate is 4, 1
04-28 18:49:58.476 D/MI-SF   ( 1966): modeGroup37489152 mIsSupportAutomodeForMaxFpsSetting is 1(1), getCurrentBrightness() = 1093(0), mIsKeepAutoMode 0 isAutoModeAllowed() 1
04-28 18:49:58.476 D/MI-SF   ( 1966): setTpIdleFps choose FPS:60, mode:37489152
04-28 18:49:58.477 I/SDM     ( 1810): PartialUpdateSrcSplit::SetCwbRoiForNonPU: CWB ROI Rect(699.000000 110.000000 940.000000 351.000000)
04-28 18:49:58.477 D/AlarmManager( 3839): mBroadcastRefCount -> 1
04-28 18:49:58.477 V/bluetooth(28530): system/gd/hci/le_scanning_reassembler.cc:67 ProcessAdvertisingReport: Dropping repeated legacy advertising data
04-28 18:49:58.477 V/bluetooth(28530): system/gd/hci/le_scanning_reassembler.cc:90 ProcessAdvertisingReport: Ignoring advertising report when scan response is expected or current data is marked incomplete
04-28 18:49:58.479 I/sensors ( 2925): qsh_qmi:41, qsh_qmi
04-28 18:49:58.482 I/sensors ( 2925): ~qsh_qmi:68, ~qsh_qmi
04-28 18:49:58.484 E/AlarmManager( 3839): not align this alarm: Alarm{32ea427 type 2 origWhen 806148763 whenElapsed 806148763 android}, reason=0
04-28 18:49:58.484 E/JobScheduler.Background( 3839): Couldn't determine stopped state for unknown package: com.miui.cleanmaster
04-28 18:49:58.484 E/JobScheduler.Background( 3839): Couldn't determine stopped state for unknown package: com.miui.cleanmaster
04-28 18:49:58.485 E/JobScheduler.Background( 3839): Couldn't determine stopped state for unknown package: com.miui.cleanmaster
04-28 18:49:58.488 D/AlarmManager( 3839): mBroadcastRefCount -> 0
04-28 18:49:58.488 D/AlarmManager( 3839): mPendingIntent -> PendingIntent{6ba8a27: PendingIntentRecord{4aee4d4 android broadcastIntent}}
04-28 18:49:58.488 I/vendor.xiaomi.hardware.micharge-service( 1843): ReadFilePathValue path = /sys/class/power_supply/battery/temp value = 485
04-28 18:49:58.492 E/IMiCharge( 3839): MiCharge method 9 val = 485
04-28 18:49:58.492 I/vendor.xiaomi.hardware.micharge-service( 1843): ReadFilePathValue path = /sys/class/xm_power/charger/charger_thermal/wired_ctrl_limit value = 15
04-28 18:49:58.492 E/IMiCharge( 3839): MiCharge method 10 val = 15
04-28 18:49:58.494 I/SDM     ( 1810): NotifyCWBStatus: Notify the client about buffer (0xefaa6510) status 0 for display-0.
04-28 18:49:58.494 I/SDM     ( 1810): SDMConcurrentWriteBack::ProcessCWBStatus: CWB queue is empty. Display: 0
04-28 18:49:58.507 I/NetworkAccelerateSwitchService( 3839): EVENT_RSSI_POLL. mRssiPoll=true
04-28 18:49:58.507 I/WifiService( 3839): getConnectionInfo uid=1000
04-28 18:49:58.507 V/WifiService( 3839): Clearing REDACT_FOR_LOCAL_MAC_ADDRESS for android(uid=1000)
04-28 18:49:58.507 V/WifiService( 3839): Clearing REDACT_FOR_NETWORK_SETTINGS for android(uid=1000)
04-28 18:49:58.507 V/WifiService( 3839): Clearing REDACT_FOR_ACCESS_FINE_LOCATION for android(uid=1000)
04-28 18:49:58.507 I/WifiService( 3839): getVerboseLoggingLevel uid=1000
04-28 18:49:58.507 I/NetworkAccelerateSwitchService( 3839): ================= checkWifiRssiAndLinkSpeed START ================
04-28 18:49:58.507 I/NetworkAccelerateSwitchService( 3839): checkWifiRssiAndLinkSpeed mMinRssiFastFadeDifference:9 mMedRssiFastFadeDifference:13 mMaxRssiFastFadeDifference:15
04-28 18:49:58.507 I/NetworkAccelerateSwitchService( 3839): checkWifiRssiAndLinkSpeed txBandwidthCapMbps:300
04-28 18:49:58.507 I/NetworkAccelerateSwitchService( 3839): checkWifiRssiAndLinkSpeed rxBandwidthCapMbps:300
04-28 18:49:58.507 I/NetworkAccelerateSwitchService( 3839): checkWifiRssiAndLinkSpeed mcsidx:-1
04-28 18:49:58.507 I/NetworkAccelerateSwitchService( 3839): checkWifiRssiAndLinkSpeed rssi difference:1
04-28 18:49:58.507 I/NetworkAccelerateSwitchService( 3839): checkWifiRssiAndLinkSpeed txBandwidthCapMbps proportions:1.0
04-28 18:49:58.507 I/NetworkAccelerateSwitchService( 3839): checkWifiRssiAndLinkSpeed rxBandwidthCapMbps proportions:1.0
04-28 18:49:58.507 I/NetworkAccelerateSwitchService( 3839): checkWifiRssiAndLinkSpeed mcsidx difference:0
04-28 18:49:58.508 I/NetworkAccelerateSwitchService( 3839): checkWifiRssiAndLinkSpeed FastFadeWeakNetThresholdAdjustment:0
04-28 18:49:58.508 I/NetworkAccelerateSwitchService( 3839): ================= checkWifiRssiAndLinkSpeed END ================
04-28 18:49:58.508 I/NetworkAccelerateSwitchService( 3839): checkWifiRssiAndLinkSpeed rssi:35
04-28 18:49:58.508 I/NetworkAccelerateSwitchService( 3839): checkWifiRssiAndLinkSpeed mWifiFastFade:false mWifiFastFadeAdjustThreshold:false
04-28 18:49:58.508 I/NetworkAccelerateSwitchService( 3839): getAverageWifiRssi:33
04-28 18:49:58.508 D/NetworkAccelerateSwitchService( 3839): checkIntervalModeChange mMovementState:false mIntervalMode:0 mIsBadLinkLayerQoE:false mBadLinkLayerQoETimes = 0
04-28 18:49:58.517 I/vendor.qti.bluetooth@1.0-ibs_handler( 1781): ProcessIbsCmd: Received IBS_SLEEP_IND: 0xFE
04-28 18:49:58.517 D/vendor.qti.bluetooth@1.0-ibs_handler( 1781): SerialClockVote: vote for UART CLK OFF
04-28 18:49:58.549 I/SDM     ( 1810): DisplayBase::CommitThread: Received Idle Timeout, panel: cmd, timeout: 70000 us
04-28 18:49:58.549 D/libsensor-parseRGB( 2925): CWB NotifyIdleStatus 1
04-28 18:49:58.555 D/MI-SF   ( 1966): setIdleFps choose FPS:60, mode:20709632 mode_group 24641792
04-28 18:49:58.555 D/DisplayModeController( 1966): setDesiredMode 4630946654109872275 {mode={fps=60.00 Hz, modePtr={id=5, vsyncRate=60.00 Hz, peakRefreshRate=60.00 Hz}}, emitEvent=false, force=false}
04-28 18:49:58.561 D/BluetoothGatt(12133): readRssi() - device: XX:XX:XX:XX:8F:96
04-28 18:49:58.562 D/BtGatt.GattService(28530): readRemoteRssi() - address=XX:XX:XX:XX:8F:96
04-28 18:49:58.562 D/bt_btif_gattc(28530): system/btif/src/btif_gatt_client.cc:644 btif_gattc_read_remote_rssi:
04-28 18:49:58.563 D/ble_sec (28530): system/stack/btm/btm_ble_sec.cc:539 BTM_ReadDevInfo: Determined device_type:BLE addr_type:public
04-28 18:49:58.563 D/bt_shim_hci(28530): system/main/shim/hci_layer.cc:233 transmit_command: Sending command READ_RSSI(0x1405)
04-28 18:49:58.563 D/vendor.qti.bluetooth@1.0-ibs_handler( 1781): SerialClockVote: vote for UART CLK ON
04-28 18:49:58.563 I/vendor.qti.bluetooth@1.0-ibs_handler( 1781): DeviceWakeUp: Writing IBS_WAKE_IND
04-28 18:49:58.565 I/vendor.qti.bluetooth@1.0-ibs_handler( 1781): ProcessIbsCmd: Received IBS_WAKE_ACK: 0xFC
04-28 18:49:58.565 I/vendor.qti.bluetooth@1.0-ibs_handler( 1781): ProcessIbsCmd: Signal wack_cond_
04-28 18:49:58.565 D/vendor.qti.bluetooth@1.0-ibs_handler( 1781): DeviceWakeUp: Unblocked from waiting for FC, pthread_cond_timedwait ret = 0
04-28 18:49:58.568 I/vendor.qti.bluetooth@1.0-ibs_handler( 1781): ProcessIbsCmd: Received IBS_WAKE_IND: 0xFD
04-28 18:49:58.569 I/vendor.qti.bluetooth@1.0-ibs_handler( 1781): ProcessIbsCmd: Writing IBS_WAKE_ACK
04-28 18:49:58.570 D/bt_shim_hci(28530): system/main/shim/hci_layer.cc:183 OnTransmitPacketCommandComplete: Received cmd complete for READ_RSSI(0x1405)
04-28 18:49:58.570 D/btm_acl (28530): system/stack/acl/btm_acl.cc:1867 btm_read_rssi_complete: Read rrsi complete rssi:-45 hci status:HCI_SUCCESS
04-28 18:49:58.570 V/bt_btif_gattc(28530): system/btif/src/btif_gatt_client.cc:308 btm_read_rssi_cb: HAL bt_gatt_callbacks->client->read_remote_rssi_cb
04-28 18:49:58.570 D/BtGatt.GattService(28530): onReadRemoteRssi() - clientIf=79 address=XX:XX:XX:XX:8F:96, rssi=-45, status=0
04-28 18:49:58.572 I/SDM     ( 1810): SDMDisplay::SetActiveConfigWithConstraints: display = 0, config: 5, WxH 1440x3200, fps 60@idle@60:1
04-28 18:49:58.573 W/SDM     ( 1810): HWDeviceDRM::GetSupportedBitClkRate: Requested rate not supported: 1286000000
04-28 18:49:58.573 I/SDM     ( 1810): HWDeviceDRM::UpdateMixerAttributes: Mixer WxH 1440x3200-1 for Peripheral
04-28 18:49:58.574 I/SDM     ( 1810): HWDeviceDRM::SetupConcurrentWriteback: Tear down the Concurrent Writeback topology
04-28 18:49:58.575 E/HwcComposer( 1966): getLuts failed Status(-129, EX_TRANSACTION_FAILED): 'UNKNOWN_TRANSACTION: '
04-28 18:49:58.579 D/FPSMonitor( 1841): threadFuncFpsMonitor display 0, fps 1
04-28 18:49:58.579 D/libsensor-D2SNotifier( 2925): DisplayId 0 Displayinfo2SlpiNotifier to type 8 displayFrequency = 1
04-28 18:49:58.583 I/sensors ( 2925): qsh_qmi:41, qsh_qmi
04-28 18:49:58.586 I/sensors ( 2925): ~qsh_qmi:68, ~qsh_qmi
04-28 18:49:58.610 I/vendor.qti.bluetooth@1.0-ibs_handler( 1781): ProcessIbsCmd: Received IBS_SLEEP_IND: 0xFE
04-28 18:49:58.625 D/AudioPipeline(12133): SIM audio drawer entries emitted count=2 downloading=1 queued=0 holding=0 maxDownloadProgress=0.0
04-28 18:49:58.625 D/DownloadService(12133): Audio files state: downloading=1, queued=0, ready=1, queueSize=0
04-28 18:49:58.627 W/DownloadService(12133): Notification permission missing, skip foreground notification update
04-28 18:49:58.663 D/MI-SF   ( 1966): isSupportLowBrightnessFpsSwitch current_setting_fps: 120
04-28 18:49:58.663 D/MI-SF   ( 1966): isTpIdleScene ,mAverageFrameRate is 4, 1
04-28 18:49:58.663 D/MI-SF   ( 1966): modeGroup20709632 mIsSupportAutomodeForMaxFpsSetting is 1(1), getCurrentBrightness() = 1093(0), mIsKeepAutoMode 0 isAutoModeAllowed() 1
04-28 18:49:58.663 D/MI-SF   ( 1966): setTpIdleFps choose FPS:60, mode:37489152
04-28 18:49:58.663 D/DisplayModeController( 1966): setDesiredMode 4630946654109872275 {mode={fps=60.00 Hz, modePtr={id=7, vsyncRate=60.00 Hz, peakRefreshRate=60.00 Hz}}, emitEvent=true, force=false}
04-28 18:49:58.663 E/DisplayModeController( 1966): setDesiredMode : Idle status skip setActiveMode, isDdicIdleMode: 1
04-28 18:49:58.665 I/SDM     ( 1810): DisplayBase::CommitThread: Received Idle Timeout, panel: cmd, timeout: 70000 us
04-28 18:49:58.665 D/libsensor-parseRGB( 2925): CWB NotifyIdleStatus 1
04-28 18:49:58.673 I/SDM     ( 1810): SDMDisplay::SetActiveConfigWithConstraints: display = 0, config: 7, WxH 1440x3200, fps 60@auto@60:10
04-28 18:49:58.674 W/SDM     ( 1810): HWDeviceDRM::GetSupportedBitClkRate: Requested rate not supported: 1286000000
04-28 18:49:58.674 I/SDM     ( 1810): HWDeviceDRM::UpdateMixerAttributes: Mixer WxH 1440x3200-1 for Peripheral
04-28 18:49:58.675 I/vendor.qti.hardware.display.composer-service( 1810): Sensor: notify citsensorservice to trigger cwb, misForced = 0
04-28 18:49:58.676 I/SDM     ( 1810): CWB config passed by cwb_client : tappoint 1  CWB_ROI : (699.000000 110.000000 940.000000 351.000000) for display-0
04-28 18:49:58.680 D/FPSMonitor( 1841): threadFuncFpsMonitor display 0, fps 10
04-28 18:49:58.681 D/libsensor-D2SNotifier( 2925): DisplayId 0 Displayinfo2SlpiNotifier to type 8 displayFrequency = 10
04-28 18:49:58.694 I/sensors ( 2925): qsh_qmi:41, qsh_qmi
04-28 18:49:58.696 I/sensors ( 2925): ~qsh_qmi:68, ~qsh_qmi
04-28 18:49:58.697 D/MI-SF   ( 1966): isSupportLowBrightnessFpsSwitch current_setting_fps: 120
04-28 18:49:58.697 D/MI-SF   ( 1966): isTpIdleScene ,mAverageFrameRate is 4, 1
04-28 18:49:58.697 D/MI-SF   ( 1966): modeGroup37489152 mIsSupportAutomodeForMaxFpsSetting is 1(1), getCurrentBrightness() = 1093(0), mIsKeepAutoMode 0 isAutoModeAllowed() 1
04-28 18:49:58.697 D/MI-SF   ( 1966): setTpIdleFps choose FPS:60, mode:37489152
04-28 18:49:58.697 I/SDM     ( 1810): PartialUpdateSrcSplit::SetCwbRoiForNonPU: CWB ROI Rect(699.000000 110.000000 940.000000 351.000000)
04-28 18:49:58.727 I/SDM     ( 1810): NotifyCWBStatus: Notify the client about buffer (0xefaa8090) status 0 for display-0.
04-28 18:49:58.727 I/SDM     ( 1810): SDMConcurrentWriteBack::ProcessCWBStatus: CWB queue is empty. Display: 0
04-28 18:49:58.773 I/SDM     ( 1810): DisplayBase::CommitThread: Received Idle Timeout, panel: cmd, timeout: 70000 us
04-28 18:49:58.774 D/libsensor-parseRGB( 2925): CWB NotifyIdleStatus 1
04-28 18:49:58.774 D/MI-SF   ( 1966): setIdleFps choose FPS:60, mode:20709632 mode_group 24641792
04-28 18:49:58.774 D/DisplayModeController( 1966): setDesiredMode 4630946654109872275 {mode={fps=60.00 Hz, modePtr={id=5, vsyncRate=60.00 Hz, peakRefreshRate=60.00 Hz}}, emitEvent=false, force=false}
04-28 18:49:58.782 I/SDM     ( 1810): SDMDisplay::SetActiveConfigWithConstraints: display = 0, config: 5, WxH 1440x3200, fps 60@idle@60:1
04-28 18:49:58.783 W/SDM     ( 1810): HWDeviceDRM::GetSupportedBitClkRate: Requested rate not supported: 1286000000
04-28 18:49:58.783 I/SDM     ( 1810): HWDeviceDRM::UpdateMixerAttributes: Mixer WxH 1440x3200-1 for Peripheral
04-28 18:49:58.784 I/SDM     ( 1810): HWDeviceDRM::SetupConcurrentWriteback: Tear down the Concurrent Writeback topology
04-28 18:49:58.785 E/HwcComposer( 1966): getLuts failed Status(-129, EX_TRANSACTION_FAILED): 'UNKNOWN_TRANSACTION: '
04-28 18:49:58.788 D/libsensor-D2SNotifier( 2925): DisplayId 0 Displayinfo2SlpiNotifier to type 8 displayFrequency = 1
04-28 18:49:58.788 D/FPSMonitor( 1841): threadFuncFpsMonitor display 0, fps 1
04-28 18:49:58.793 I/sensors ( 2925): qsh_qmi:41, qsh_qmi
04-28 18:49:58.801 I/sensors ( 2925): ~qsh_qmi:68, ~qsh_qmi
04-28 18:49:58.815 I/vendor.qti.bluetooth@1.0-ibs_handler( 1781): DeviceSleep: TX Awake, Sending SLEEP_IND
04-28 18:49:58.815 D/vendor.qti.bluetooth@1.0-ibs_handler( 1781): SerialClockVote: vote for UART CLK OFF
04-28 18:49:58.826 D/AudioPipeline(12133): SIM audio drawer entries emitted count=2 downloading=1 queued=0 holding=0 maxDownloadProgress=0.0
04-28 18:49:58.827 D/DownloadService(12133): Audio files state: downloading=1, queued=0, ready=1, queueSize=0
04-28 18:49:58.829 W/DownloadService(12133): Notification permission missing, skip foreground notification update
04-28 18:49:58.860 D/MI-SF   ( 1966): isSupportLowBrightnessFpsSwitch current_setting_fps: 120
04-28 18:49:58.860 D/MI-SF   ( 1966): isTpIdleScene ,mAverageFrameRate is 4, 1
04-28 18:49:58.860 D/MI-SF   ( 1966): modeGroup20709632 mIsSupportAutomodeForMaxFpsSetting is 1(1), getCurrentBrightness() = 1093(0), mIsKeepAutoMode 0 isAutoModeAllowed() 1
04-28 18:49:58.860 D/MI-SF   ( 1966): setTpIdleFps choose FPS:60, mode:37489152
04-28 18:49:58.860 D/DisplayModeController( 1966): setDesiredMode 4630946654109872275 {mode={fps=60.00 Hz, modePtr={id=7, vsyncRate=60.00 Hz, peakRefreshRate=60.00 Hz}}, emitEvent=true, force=false}
04-28 18:49:58.860 E/DisplayModeController( 1966): setDesiredMode : Idle status skip setActiveMode, isDdicIdleMode: 1
04-28 18:49:58.863 I/SDM     ( 1810): SDMDisplay::SetActiveConfigWithConstraints: display = 0, config: 7, WxH 1440x3200, fps 60@auto@60:10
04-28 18:49:58.864 W/SDM     ( 1810): HWDeviceDRM::GetSupportedBitClkRate: Requested rate not supported: 1286000000
04-28 18:49:58.864 I/SDM     ( 1810): HWDeviceDRM::UpdateMixerAttributes: Mixer WxH 1440x3200-1 for Peripheral
04-28 18:49:58.869 D/FPSMonitor( 1841): threadFuncFpsMonitor display 0, fps 10
04-28 18:49:58.869 D/libsensor-D2SNotifier( 2925): DisplayId 0 Displayinfo2SlpiNotifier to type 8 displayFrequency = 10
04-28 18:49:58.875 I/sensors ( 2925): qsh_qmi:41, qsh_qmi
04-28 18:49:58.877 I/sensors ( 2925): ~qsh_qmi:68, ~qsh_qmi
04-28 18:49:58.881 D/MI-SF   ( 1966): isSupportLowBrightnessFpsSwitch current_setting_fps: 120
04-28 18:49:58.881 D/MI-SF   ( 1966): isTpIdleScene ,mAverageFrameRate is 4, 1
04-28 18:49:58.881 D/MI-SF   ( 1966): modeGroup37489152 mIsSupportAutomodeForMaxFpsSetting is 1(1), getCurrentBrightness() = 1093(0), mIsKeepAutoMode 0 isAutoModeAllowed() 1
04-28 18:49:58.881 D/MI-SF   ( 1966): setTpIdleFps choose FPS:60, mode:37489152
04-28 18:49:58.883 I/vendor.qti.hardware.display.composer-service( 1810): Sensor: notify citsensorservice to trigger cwb, misForced = 0
04-28 18:49:58.884 I/SDM     ( 1810): CWB config passed by cwb_client : tappoint 1  CWB_ROI : (699.000000 110.000000 940.000000 351.000000) for display-0
04-28 18:49:58.956 I/SDM     ( 1810): DisplayBase::CommitThread: Received Idle Timeout, panel: cmd, timeout: 69999 us
04-28 18:49:58.957 D/libsensor-parseRGB( 2925): CWB NotifyIdleStatus 1
04-28 18:49:58.966 D/vendor.qti.bluetooth@1.0-wake_lock( 1781): Release wakelock is released
04-28 18:49:58.967 I/SDM     ( 1810): PartialUpdateSrcSplit::SetCwbRoiForNonPU: CWB ROI Rect(699.000000 110.000000 940.000000 351.000000)
04-28 18:49:58.970 D/MI-SF   ( 1966): setIdleFps choose FPS:60, mode:20709632 mode_group 24641792
04-28 18:49:58.970 D/DisplayModeController( 1966): setDesiredMode 4630946654109872275 {mode={fps=60.00 Hz, modePtr={id=5, vsyncRate=60.00 Hz, peakRefreshRate=60.00 Hz}}, emitEvent=false, force=false}
04-28 18:49:58.988 I/SDM     ( 1810): SDMDisplay::SetActiveConfigWithConstraints: display = 0, config: 5, WxH 1440x3200, fps 60@idle@60:1
04-28 18:49:58.989 W/SDM     ( 1810): HWDeviceDRM::GetSupportedBitClkRate: Requested rate not supported: 1286000000
04-28 18:49:58.989 I/SDM     ( 1810): HWDeviceDRM::UpdateMixerAttributes: Mixer WxH 1440x3200-1 for Peripheral
04-28 18:49:58.989 I/SDM     ( 1810): HWDeviceDRM::SetupConcurrentWriteback: Tear down the Concurrent Writeback topology
04-28 18:49:58.990 E/HwcComposer( 1966): getLuts failed Status(-129, EX_TRANSACTION_FAILED): 'UNKNOWN_TRANSACTION: '
04-28 18:49:58.993 D/FPSMonitor( 1841): threadFuncFpsMonitor display 0, fps 1
04-28 18:49:58.993 I/SDM     ( 1810): NotifyCWBStatus: Notify the client about buffer (0xefaa6510) status 0 for display-0.
04-28 18:49:58.993 D/libsensor-D2SNotifier( 2925): DisplayId 0 Displayinfo2SlpiNotifier to type 8 displayFrequency = 1
04-28 18:49:58.993 I/SDM     ( 1810): SDMConcurrentWriteBack::ProcessCWBStatus: CWB queue is empty. Display: 0
04-28 18:49:59.006 I/sensors ( 2925): qsh_qmi:41, qsh_qmi
04-28 18:49:59.008 D/JavaheapMonitor( 5714): Java heap used=7M max=256M, proc: com.st.android.nfc_extensions_16
04-28 18:49:59.008 V/JavaheapMonitor( 5714): Check java heap usage finished! Next check delay: 300000
04-28 18:49:59.010 I/sensors ( 2925): ~qsh_qmi:68, ~qsh_qmi
04-28 18:49:59.013 D/wpa_supplicant(25850): nl80211: Drv Event 81 (NL80211_CMD_TDLS_OPER) received for wlan0
04-28 18:49:59.013 D/wpa_supplicant(25850): nl80211: TDLS operation event
04-28 18:49:59.013 D/wpa_supplicant(25850): nl80211: TDLS discovery request for peer 1c:db:d4:9b:8f:94
04-28 18:49:59.013 D/wpa_supplicant(25850): wlan0: Event TDLS (7) received
04-28 18:49:59.014 D/wpa_supplicant(25850): nl80211: Drv Event 81 (NL80211_CMD_TDLS_OPER) received for wlan0
04-28 18:49:59.014 D/wpa_supplicant(25850): nl80211: TDLS operation event
04-28 18:49:59.014 D/wpa_supplicant(25850): nl80211: TDLS discovery request for peer b4:5f:84:de:d4:d0
04-28 18:49:59.014 D/wpa_supplicant(25850): wlan0: Event TDLS (7) received
04-28 18:49:59.014 D/wpa_supplicant(25850): nl80211: Drv Event 81 (NL80211_CMD_TDLS_OPER) received for wlan0
04-28 18:49:59.014 D/wpa_supplicant(25850): nl80211: TDLS operation event
04-28 18:49:59.014 D/wpa_supplicant(25850): nl80211: TDLS discovery request for peer 14:c1:9f:d7:e3:f4
04-28 18:49:59.014 D/wpa_supplicant(25850): wlan0: Event TDLS (7) received
04-28 18:49:59.030 D/AudioPipeline(12133): SIM audio drawer entries emitted count=2 downloading=1 queued=0 holding=0 maxDownloadProgress=0.0
04-28 18:49:59.030 D/DownloadService(12133): Audio files state: downloading=1, queued=0, ready=1, queueSize=0
04-28 18:49:59.032 W/DownloadService(12133): Notification permission missing, skip foreground notification update
04-28 18:49:59.048 D/JavaheapMonitor( 6431): Java heap used=8M max=256M, proc: com.xiaomi.mirror
04-28 18:49:59.048 V/JavaheapMonitor( 6431): Check java heap usage finished! Next check delay: 300000
04-28 18:49:59.059 D/MI-SF   ( 1966): isSupportLowBrightnessFpsSwitch current_setting_fps: 120
04-28 18:49:59.059 D/MI-SF   ( 1966): isTpIdleScene ,mAverageFrameRate is 8, 1
04-28 18:49:59.059 D/MI-SF   ( 1966): modeGroup20709632 mIsSupportAutomodeForMaxFpsSetting is 1(1), getCurrentBrightness() = 1093(0), mIsKeepAutoMode 0 isAutoModeAllowed() 1
04-28 18:49:59.059 D/MI-SF   ( 1966): setTpIdleFps choose FPS:60, mode:37489152
04-28 18:49:59.059 D/DisplayModeController( 1966): setDesiredMode 4630946654109872275 {mode={fps=60.00 Hz, modePtr={id=7, vsyncRate=60.00 Hz, peakRefreshRate=60.00 Hz}}, emitEvent=true, force=false}
04-28 18:49:59.059 E/DisplayModeController( 1966): setDesiredMode : Idle status skip setActiveMode, isDdicIdleMode: 1
04-28 18:49:59.060 D/JavaheapMonitor(31393): Java heap used=5M max=512M, proc: com.android.providers.media.module
04-28 18:49:59.060 V/JavaheapMonitor(31393): Check java heap usage finished! Next check delay: 300000
04-28 18:49:59.063 I/SDM     ( 1810): SDMDisplay::SetActiveConfigWithConstraints: display = 0, config: 7, WxH 1440x3200, fps 60@auto@60:10
04-28 18:49:59.064 W/SDM     ( 1810): HWDeviceDRM::GetSupportedBitClkRate: Requested rate not supported: 1286000000
04-28 18:49:59.064 I/SDM     ( 1810): HWDeviceDRM::UpdateMixerAttributes: Mixer WxH 1440x3200-1 for Peripheral
04-28 18:49:59.070 D/libsensor-D2SNotifier( 2925): DisplayId 0 Displayinfo2SlpiNotifier to type 8 displayFrequency = 10
04-28 18:49:59.070 D/FPSMonitor( 1841): threadFuncFpsMonitor display 0, fps 10
04-28 18:49:59.081 I/sensors ( 2925): qsh_qmi:41, qsh_qmi
04-28 18:49:59.084 D/MI-SF   ( 1966): isSupportLowBrightnessFpsSwitch current_setting_fps: 120
04-28 18:49:59.084 D/MI-SF   ( 1966): isTpIdleScene ,mAverageFrameRate is 8, 1
04-28 18:49:59.084 D/MI-SF   ( 1966): modeGroup37489152 mIsSupportAutomodeForMaxFpsSetting is 1(1), getCurrentBrightness() = 1093(0), mIsKeepAutoMode 0 isAutoModeAllowed() 1
04-28 18:49:59.084 D/MI-SF   ( 1966): setTpIdleFps choose FPS:60, mode:37489152
04-28 18:49:59.085 I/vendor.qti.hardware.display.composer-service( 1810): Sensor: notify citsensorservice to trigger cwb, misForced = 0
04-28 18:49:59.086 I/SDM     ( 1810): CWB config passed by cwb_client : tappoint 1  CWB_ROI : (699.000000 110.000000 940.000000 351.000000) for display-0
04-28 18:49:59.089 I/sensors ( 2925): ~qsh_qmi:68, ~qsh_qmi
04-28 18:49:59.156 I/SDM     ( 1810): DisplayBase::CommitThread: Received Idle Timeout, panel: cmd, timeout: 70000 us
04-28 18:49:59.156 D/libsensor-parseRGB( 2925): CWB NotifyIdleStatus 1
04-28 18:49:59.166 I/SDM     ( 1810): PartialUpdateSrcSplit::SetCwbRoiForNonPU: CWB ROI Rect(699.000000 110.000000 940.000000 351.000000)
04-28 18:49:59.170 D/MI-SF   ( 1966): setIdleFps choose FPS:60, mode:20709632 mode_group 24641792
04-28 18:49:59.170 D/DisplayModeController( 1966): setDesiredMode 4630946654109872275 {mode={fps=60.00 Hz, modePtr={id=5, vsyncRate=60.00 Hz, peakRefreshRate=60.00 Hz}}, emitEvent=false, force=false}
04-28 18:49:59.179 I/SDM     ( 1810): SDMDisplay::SetActiveConfigWithConstraints: display = 0, config: 5, WxH 1440x3200, fps 60@idle@60:1
04-28 18:49:59.180 W/SDM     ( 1810): HWDeviceDRM::GetSupportedBitClkRate: Requested rate not supported: 1286000000
04-28 18:49:59.180 I/SDM     ( 1810): HWDeviceDRM::UpdateMixerAttributes: Mixer WxH 1440x3200-1 for Peripheral
04-28 18:49:59.181 I/SDM     ( 1810): HWDeviceDRM::SetupConcurrentWriteback: Tear down the Concurrent Writeback topology
04-28 18:49:59.183 D/FPSMonitor( 1841): threadFuncFpsMonitor display 0, fps 1
04-28 18:49:59.184 D/libsensor-D2SNotifier( 2925): DisplayId 0 Displayinfo2SlpiNotifier to type 8 displayFrequency = 1
04-28 18:49:59.184 I/SDM     ( 1810): NotifyCWBStatus: Notify the client about buffer (0xefaa6930) status 0 for display-0.
04-28 18:49:59.185 I/SDM     ( 1810): SDMConcurrentWriteBack::ProcessCWBStatus: CWB queue is empty. Display: 0
04-28 18:49:59.190 I/sensors ( 2925): qsh_qmi:41, qsh_qmi
04-28 18:49:59.194 I/sensors ( 2925): ~qsh_qmi:68, ~qsh_qmi
04-28 18:49:59.203 E/HwcComposer( 1966): getLuts failed Status(-129, EX_TRANSACTION_FAILED): 'UNKNOWN_TRANSACTION: '
04-28 18:49:59.224 W/ActivityManagerServiceImpl( 3839): Sending non-protected broadcast com.modemenhance.ACTION_MODEMWIFI_RSSI_POLL from system 5894:com.android.phone/1001 pkg com.android.phone. Callers=
04-28 18:49:59.226 I/WifiService( 3839): getConnectionInfo uid=1001
04-28 18:49:59.226 V/WifiService( 3839): Clearing REDACT_FOR_LOCAL_MAC_ADDRESS for com.android.phone(uid=1001)
04-28 18:49:59.226 V/WifiService( 3839): Clearing REDACT_FOR_NETWORK_SETTINGS for com.android.phone(uid=1001)
04-28 18:49:59.226 V/WifiService( 3839): Clearing REDACT_FOR_ACCESS_FINE_LOCATION for com.android.phone(uid=1001)
04-28 18:49:59.227 D/SlaveWifiManager( 5894): getWifiSlaveConnectionInfo
04-28 18:49:59.272 I/SDM     ( 1810): DisplayBase::CommitThread: Received Idle Timeout, panel: cmd, timeout: 69999 us
04-28 18:49:59.273 D/libsensor-parseRGB( 2925): CWB NotifyIdleStatus 1
04-28 18:49:59.286 D/AudioPipeline(12133): SIM audio drawer entries emitted count=2 downloading=1 queued=0 holding=0 maxDownloadProgress=0.0
04-28 18:49:59.286 D/DownloadService(12133): Audio files state: downloading=1, queued=0, ready=1, queueSize=0
04-28 18:49:59.288 W/DownloadService(12133): Notification permission missing, skip foreground notification update
04-28 18:49:59.294 W/SystemServiceRegistry(14927): No service published for: recovery
04-28 18:49:59.295 E/Market-DynamicPreInstall(14927): copy file app_list.json from protect partition failed due to com.xiaomi.market.util.reflect.IllegalArgumentException
04-28 18:49:59.296 I/ActivityManager( 3839): Cancel FGS notification userId: 0 definingUid: 10166 packageName: com.xiaomi.market processName:com.xiaomi.market ChannelId:com.xiaomi.market_hide foregroundNotiWhen:1777373099296 Notiflags:72
04-28 18:49:59.296 W/ForegroundServiceTypeLoggerModule( 3839): FGS stop call for: 10166 has no types!
04-28 18:49:59.296 D/MediaProjectionManagerServiceStubImpl( 3839): handleForegroundServicesChanged
04-28 18:49:59.297 I/SmartPower: com.xiaomi.market/10166(14927)( 3839): idle->background(98666ms) R(service destroy com.xiaomi.market/.preinstall.DynamicPreInstallService) adj=200.
04-28 18:49:59.297 D/MyLog   ( 3094): -->log(0): [Tid:835] onForegroundServicesChanged:pid = 14927,uid=10166,serviceTypes=0
04-28 18:49:59.297 D/MyLog   (32464): -->log(0): [Tid:517] onForegroundServicesChanged:pid = 14927,uid=10166,serviceTypes=0
04-28 18:49:59.297 D/ForegroundServiceState( 3839): onForegroundServicesChanged pid =14927 value=19 empty=19
04-28 18:49:59.297 D/MyLog   ( 3870): -->log(0): [Tid:626] onForegroundServicesChanged:pid = 14927,uid=10166,serviceTypes=0
04-28 18:49:59.297 D/ForegroundServiceState( 3839): onForegroundServicesChanged pid =14927 as={14927}
04-28 18:49:59.297 I/vendor.qti.hardware.servicetrackeraidl-service( 1823): destroyService is called for service : com.xiaomi.market/.preinstall.DynamicPreInstallService
04-28 18:49:59.297 D/GreezeManager( 3839): onForegroundServicesChanged pid=14927 uid=10166 fg=false
04-28 18:49:59.297 D/MyLog   ( 1255): -->log(0): [Tid:547] onForegroundServicesChanged:pid = 14927,uid=10166,serviceTypes=0
04-28 18:49:59.298 D/AurogonImmobulusMode( 3839): updateAppScore uid =10166 add=false type=2
04-28 18:49:59.299 D/MyLog   ( 4170): -->log(0): [Tid:688] onForegroundServicesChanged:pid = 14927,uid=10166,serviceTypes=0
04-28 18:49:59.299 I/Market-DynamicPreInstall(14927): no config data, shutdown service.
04-28 18:49:59.300 I/Market-ServiceUtils(14927): stop foreground service: DynamicPreInstallService
04-28 18:49:59.301 I/Market-DynamicPreInstall(14927): DynamicPreInstallManagerService destroy.
04-28 18:49:59.316 I/MiuiNetworkPolicy( 3839): updateUidState uid = 10203, uidState = 6
04-28 18:49:59.318 I/MiuiNetworkPolicy( 3839): updateUidState uid = 10166, uidState = 19
04-28 18:49:59.318 I/MiuiNetworkPolicyTrafficLimit( 3839): updateWhiteListUidForMobileTraffic uid=10166,add=false
04-28 18:49:59.318 I/MiuiNetworkPolicy( 3839): updateUidState uid = 10157, uidState = 19
04-28 18:49:59.320 D/MI-SF   ( 1966): isSupportLowBrightnessFpsSwitch current_setting_fps: 120
04-28 18:49:59.320 D/MI-SF   ( 1966): isTpIdleScene ,mAverageFrameRate is 4, 1
04-28 18:49:59.320 D/MI-SF   ( 1966): modeGroup20709632 mIsSupportAutomodeForMaxFpsSetting is 1(1), getCurrentBrightness() = 1093(0), mIsKeepAutoMode 0 isAutoModeAllowed() 1
04-28 18:49:59.320 D/MI-SF   ( 1966): setTpIdleFps choose FPS:60, mode:37489152
04-28 18:49:59.320 D/DisplayModeController( 1966): setDesiredMode 4630946654109872275 {mode={fps=60.00 Hz, modePtr={id=7, vsyncRate=60.00 Hz, peakRefreshRate=60.00 Hz}}, emitEvent=true, force=false}
04-28 18:49:59.320 E/DisplayModeController( 1966): setDesiredMode : Idle status skip setActiveMode, isDdicIdleMode: 1
04-28 18:49:59.320 V/OsAgent (31770): broadcastSystemEvent - 7
04-28 18:49:59.320 V/OsAgent (31770): broadcastSystemEvent - 7
04-28 18:49:59.320 V/OsAgent (31770): broadcastSystemEvent - 7
04-28 18:49:59.322 I/MiuiNetworkPolicyTrafficLimit( 3839): updateWhiteListUidForMobileTraffic uid=10157,add=false
04-28 18:49:59.322 D/HidDeviceService(28530): handleMessage(): msg.what=8
04-28 18:49:59.322 D/HidDeviceService(28530): unregisterAppUid(): uid=10166
04-28 18:49:59.322 D/HidDeviceService(28530): unregisterAppUid(): caller UID doesn't match user UID
04-28 18:49:59.323 D/HidDeviceService(28530): handleMessage(): msg.what=8
04-28 18:49:59.323 D/MiuiNetworkPolicyTrafficLimit( 3839): updateWhiteListUidForMobileTraffic rst=true
04-28 18:49:59.323 D/HidDeviceService(28530): unregisterAppUid(): uid=10157
04-28 18:49:59.323 D/MiuiNetworkPolicyTrafficLimit( 3839): updateWhiteListUidForMobileTraffic rst=true
04-28 18:49:59.323 D/HidDeviceService(28530): unregisterAppUid(): caller UID doesn't match user UID
04-28 18:49:59.330 I/SDM     ( 1810): SDMDisplay::SetActiveConfigWithConstraints: display = 0, config: 7, WxH 1440x3200, fps 60@auto@60:10
04-28 18:49:59.330 W/SDM     ( 1810): HWDeviceDRM::GetSupportedBitClkRate: Requested rate not supported: 1286000000
04-28 18:49:59.331 I/SDM     ( 1810): HWDeviceDRM::UpdateMixerAttributes: Mixer WxH 1440x3200-1 for Peripheral
04-28 18:49:59.332 I/vendor.qti.hardware.display.composer-service( 1810): Sensor: notify citsensorservice to trigger cwb, misForced = 0
04-28 18:49:59.333 I/SDM     ( 1810): CWB config passed by cwb_client : tappoint 1  CWB_ROI : (699.000000 110.000000 940.000000 351.000000) for display-0
04-28 18:49:59.337 D/FPSMonitor( 1841): threadFuncFpsMonitor display 0, fps 10
04-28 18:49:59.338 D/libsensor-D2SNotifier( 2925): DisplayId 0 Displayinfo2SlpiNotifier to type 8 displayFrequency = 10
04-28 18:49:59.351 I/sensors ( 2925): qsh_qmi:41, qsh_qmi
04-28 18:49:59.354 D/MI-SF   ( 1966): isSupportLowBrightnessFpsSwitch current_setting_fps: 120
04-28 18:49:59.354 D/MI-SF   ( 1966): isTpIdleScene ,mAverageFrameRate is 4, 1
04-28 18:49:59.354 D/MI-SF   ( 1966): modeGroup37489152 mIsSupportAutomodeForMaxFpsSetting is 1(1), getCurrentBrightness() = 1093(0), mIsKeepAutoMode 0 isAutoModeAllowed() 1
04-28 18:49:59.354 D/MI-SF   ( 1966): setTpIdleFps choose FPS:60, mode:37489152
04-28 18:49:59.354 I/sensors ( 2925): ~qsh_qmi:68, ~qsh_qmi
04-28 18:49:59.355 I/SDM     ( 1810): PartialUpdateSrcSplit::SetCwbRoiForNonPU: CWB ROI Rect(699.000000 110.000000 940.000000 351.000000)
04-28 18:49:59.384 I/SDM     ( 1810): NotifyCWBStatus: Notify the client about buffer (0xefaa7640) status 0 for display-0.
04-28 18:49:59.384 I/SDM     ( 1810): SDMConcurrentWriteBack::ProcessCWBStatus: CWB queue is empty. Display: 0
04-28 18:49:59.430 D/MI-SF   ( 1966): setIdleFps choose FPS:60, mode:20709632 mode_group 24641792
04-28 18:49:59.430 D/DisplayModeController( 1966): setDesiredMode 4630946654109872275 {mode={fps=60.00 Hz, modePtr={id=5, vsyncRate=60.00 Hz, peakRefreshRate=60.00 Hz}}, emitEvent=false, force=false}
04-28 18:49:59.431 I/SDM     ( 1810): DisplayBase::CommitThread: Received Idle Timeout, panel: cmd, timeout: 69999 us
04-28 18:49:59.432 D/libsensor-parseRGB( 2925): CWB NotifyIdleStatus 1
04-28 18:49:59.437 I/SDM     ( 1810): SDMDisplay::SetActiveConfigWithConstraints: display = 0, config: 5, WxH 1440x3200, fps 60@idle@60:1
04-28 18:49:59.438 W/SDM     ( 1810): HWDeviceDRM::GetSupportedBitClkRate: Requested rate not supported: 1286000000
04-28 18:49:59.438 I/SDM     ( 1810): HWDeviceDRM::UpdateMixerAttributes: Mixer WxH 1440x3200-1 for Peripheral
04-28 18:49:59.439 I/SDM     ( 1810): HWDeviceDRM::SetupConcurrentWriteback: Tear down the Concurrent Writeback topology
04-28 18:49:59.440 E/HwcComposer( 1966): getLuts failed Status(-129, EX_TRANSACTION_FAILED): 'UNKNOWN_TRANSACTION: '
04-28 18:49:59.443 D/FPSMonitor( 1841): threadFuncFpsMonitor display 0, fps 1
04-28 18:49:59.443 D/libsensor-D2SNotifier( 2925): DisplayId 0 Displayinfo2SlpiNotifier to type 8 displayFrequency = 1
04-28 18:49:59.447 I/sensors ( 2925): qsh_qmi:41, qsh_qmi
04-28 18:49:59.450 I/sensors ( 2925): ~qsh_qmi:68, ~qsh_qmi
04-28 18:49:59.539 I/SDM     ( 1810): DisplayBase::CommitThread: Received Idle Timeout, panel: cmd, timeout: 70000 us
04-28 18:49:59.539 D/libsensor-parseRGB( 2925): CWB NotifyIdleStatus 1
04-28 18:49:59.575 D/AurogonBandwidthController( 3839): skinTemperature:49.792
04-28 18:49:59.594 D/AudioPipeline(12133): SIM audio drawer entries emitted count=2 downloading=1 queued=0 holding=0 maxDownloadProgress=0.0
04-28 18:49:59.595 D/DownloadService(12133): Audio files state: downloading=1, queued=0, ready=1, queueSize=0
04-28 18:49:59.597 W/DownloadService(12133): Notification permission missing, skip foreground notification update
04-28 18:49:59.614 I/vendor.qti.hardware.display.composer-service( 1810): Sensor: notify citsensorservice to trigger cwb, misForced = 1
04-28 18:49:59.615 I/SDM     ( 1810): CWB config passed by cwb_client : tappoint 1  CWB_ROI : (699.000000 110.000000 940.000000 351.000000) for display-0
04-28 18:49:59.623 D/MI-SF   ( 1966): isSupportLowBrightnessFpsSwitch current_setting_fps: 120
04-28 18:49:59.623 D/MI-SF   ( 1966): isTpIdleScene ,mAverageFrameRate is 4, 1
04-28 18:49:59.623 D/MI-SF   ( 1966): modeGroup20709632 mIsSupportAutomodeForMaxFpsSetting is 1(1), getCurrentBrightness() = 1093(0), mIsKeepAutoMode 0 isAutoModeAllowed() 1
04-28 18:49:59.623 D/MI-SF   ( 1966): setTpIdleFps choose FPS:60, mode:37489152
04-28 18:49:59.623 D/DisplayModeController( 1966): setDesiredMode 4630946654109872275 {mode={fps=60.00 Hz, modePtr={id=7, vsyncRate=60.00 Hz, peakRefreshRate=60.00 Hz}}, emitEvent=true, force=false}
04-28 18:49:59.623 E/DisplayModeController( 1966): setDesiredMode : Idle status skip setActiveMode, isDdicIdleMode: 1
04-28 18:49:59.629 I/SDM     ( 1810): SDMDisplay::SetActiveConfigWithConstraints: display = 0, config: 7, WxH 1440x3200, fps 60@auto@60:10
04-28 18:49:59.630 W/SDM     ( 1810): HWDeviceDRM::GetSupportedBitClkRate: Requested rate not supported: 1286000000
04-28 18:49:59.630 I/SDM     ( 1810): HWDeviceDRM::UpdateMixerAttributes: Mixer WxH 1440x3200-1 for Peripheral
04-28 18:49:59.631 I/SDM     ( 1810): PartialUpdateSrcSplit::SetCwbRoiForNonPU: CWB ROI Rect(699.000000 110.000000 940.000000 351.000000)
04-28 18:49:59.636 D/libsensor-D2SNotifier( 2925): DisplayId 0 Displayinfo2SlpiNotifier to type 8 displayFrequency = 10
04-28 18:49:59.636 D/FPSMonitor( 1841): threadFuncFpsMonitor display 0, fps 10
04-28 18:49:59.643 I/sensors ( 2925): qsh_qmi:41, qsh_qmi
04-28 18:49:59.650 E/HwcComposer( 1966): getLuts failed Status(-129, EX_TRANSACTION_FAILED): 'UNKNOWN_TRANSACTION: '
04-28 18:49:59.650 I/sensors ( 2925): ~qsh_qmi:68, ~qsh_qmi
04-28 18:49:59.652 I/vendor.qti.bluetooth@1.0-ibs_handler( 1781): ProcessIbsCmd: Received IBS_WAKE_IND: 0xFD
04-28 18:49:59.652 D/vendor.qti.bluetooth@1.0-ibs_handler( 1781): SerialClockVote: vote for UART CLK ON
04-28 18:49:59.652 D/vendor.qti.bluetooth@1.0-wake_lock( 1781): Acquire wakelock is acquired
04-28 18:49:59.652 I/vendor.qti.bluetooth@1.0-ibs_handler( 1781): ProcessIbsCmd: Writing IBS_WAKE_ACK
04-28 18:49:59.653 D/MI-SF   ( 1966): isSupportLowBrightnessFpsSwitch current_setting_fps: 120
04-28 18:49:59.653 D/MI-SF   ( 1966): isTpIdleScene ,mAverageFrameRate is 4, 1
04-28 18:49:59.653 D/MI-SF   ( 1966): modeGroup37489152 mIsSupportAutomodeForMaxFpsSetting is 1(1), getCurrentBrightness() = 1093(0), mIsKeepAutoMode 0 isAutoModeAllowed() 1
04-28 18:49:59.653 D/MI-SF   ( 1966): setTpIdleFps choose FPS:60, mode:37489152
04-28 18:49:59.655 I/SDM     ( 1810): HWDeviceDRM::SetupConcurrentWriteback: Tear down the Concurrent Writeback topology
04-28 18:49:59.655 V/bluetooth(28530): system/gd/hci/le_scanning_reassembler.cc:67 ProcessAdvertisingReport: Dropping repeated legacy advertising data
04-28 18:49:59.656 V/bluetooth(28530): system/gd/hci/le_scanning_reassembler.cc:90 ProcessAdvertisingReport: Ignoring advertising report when scan response is expected or current data is marked incomplete
04-28 18:49:59.672 I/SDM     ( 1810): NotifyCWBStatus: Notify the client about buffer (0xefaa9320) status 0 for display-0.
04-28 18:49:59.672 I/SDM     ( 1810): SDMConcurrentWriteBack::ProcessCWBStatus: CWB queue is empty. Display: 0
04-28 18:49:59.697 I/vendor.qti.bluetooth@1.0-ibs_handler( 1781): ProcessIbsCmd: Received IBS_SLEEP_IND: 0xFE
04-28 18:49:59.697 D/vendor.qti.bluetooth@1.0-ibs_handler( 1781): SerialClockVote: vote for UART CLK OFF
04-28 18:49:59.730 I/SDM     ( 1810): DisplayBase::CommitThread: Received Idle Timeout, panel: cmd, timeout: 69999 us
04-28 18:49:59.730 D/libsensor-parseRGB( 2925): CWB NotifyIdleStatus 1
04-28 18:49:59.734 D/MI-SF   ( 1966): setIdleFps choose FPS:60, mode:20709632 mode_group 24641792
04-28 18:49:59.734 D/DisplayModeController( 1966): setDesiredMode 4630946654109872275 {mode={fps=60.00 Hz, modePtr={id=5, vsyncRate=60.00 Hz, peakRefreshRate=60.00 Hz}}, emitEvent=false, force=false}
04-28 18:49:59.739 I/SDM     ( 1810): SDMDisplay::SetActiveConfigWithConstraints: display = 0, config: 5, WxH 1440x3200, fps 60@idle@60:1
04-28 18:49:59.740 W/SDM     ( 1810): HWDeviceDRM::GetSupportedBitClkRate: Requested rate not supported: 1286000000
04-28 18:49:59.740 I/SDM     ( 1810): HWDeviceDRM::UpdateMixerAttributes: Mixer WxH 1440x3200-1 for Peripheral
04-28 18:49:59.747 D/FPSMonitor( 1841): threadFuncFpsMonitor display 0, fps 1
04-28 18:49:59.747 D/libsensor-D2SNotifier( 2925): DisplayId 0 Displayinfo2SlpiNotifier to type 8 displayFrequency = 1
04-28 18:49:59.751 I/sensors ( 2925): qsh_qmi:41, qsh_qmi
04-28 18:49:59.756 I/sensors ( 2925): ~qsh_qmi:68, ~qsh_qmi
04-28 18:49:59.775 D/AlarmManager( 3839): mBroadcastRefCount -> 1
04-28 18:49:59.778 D/BatteryStatsManagerStub( 3839): notifyEvent for resId=128 used 0ms
04-28 18:49:59.781 I/whetstone.activity( 3839): processNotifyEvent1 resId = 128, bundle = Bundle[{startTime=806120057, sourcePkg=com.tencent.mobileqq, type=ELAPSED_WAKEUP, statsTag=*walarm*:com.tencent.mobileqq:MSF_172020315, creatorUid=10183, elapsedRealtime=806120053}]
04-28 18:49:59.781 I/EventMonitor( 3271): notifyEvent resId=128
04-28 18:49:59.781 D/AlarmManager( 3839): mBroadcastRefCount -> 0
04-28 18:49:59.781 D/AlarmManager( 3839): mPendingIntent -> PendingIntent{5c9f11f: PendingIntentRecord{b6d4c6c com.tencent.mobileqq broadcastIntent}}
04-28 18:49:59.838 I/SDM     ( 1810): DisplayBase::CommitThread: Received Idle Timeout, panel: cmd, timeout: 70000 us
04-28 18:49:59.838 D/libsensor-parseRGB( 2925): CWB NotifyIdleStatus 1
04-28 18:49:59.847 D/vendor.qti.bluetooth@1.0-wake_lock( 1781): Release wakelock is released
04-28 18:49:59.881 D/AudioPipeline(12133): SIM audio drawer entries emitted count=2 downloading=1 queued=0 holding=0 maxDownloadProgress=0.0
04-28 18:49:59.882 D/DownloadService(12133): Audio files state: downloading=1, queued=0, ready=1, queueSize=0
04-28 18:49:59.885 W/DownloadService(12133): Notification permission missing, skip foreground notification update
04-28 18:49:59.905 I/vendor.qti.hardware.display.composer-service( 1810): Sensor: notify citsensorservice to trigger cwb, misForced = 1
04-28 18:49:59.906 I/SDM     ( 1810): CWB config passed by cwb_client : tappoint 1  CWB_ROI : (699.000000 110.000000 940.000000 351.000000) for display-0
04-28 18:49:59.912 I/SDM     ( 1810): PartialUpdateSrcSplit::SetCwbRoiForNonPU: CWB ROI Rect(699.000000 110.000000 940.000000 351.000000)
04-28 18:49:59.915 E/HwcComposer( 1966): getLuts failed Status(-129, EX_TRANSACTION_FAILED): 'UNKNOWN_TRANSACTION: '
04-28 18:49:59.920 D/MI-SF   ( 1966): isSupportLowBrightnessFpsSwitch current_setting_fps: 120
04-28 18:49:59.920 D/MI-SF   ( 1966): isTpIdleScene ,mAverageFrameRate is 4, 1
04-28 18:49:59.920 D/MI-SF   ( 1966): modeGroup20709632 mIsSupportAutomodeForMaxFpsSetting is 1(1), getCurrentBrightness() = 1093(0), mIsKeepAutoMode 0 isAutoModeAllowed() 1
04-28 18:49:59.920 D/MI-SF   ( 1966): setTpIdleFps choose FPS:60, mode:37489152
04-28 18:49:59.920 D/DisplayModeController( 1966): setDesiredMode 4630946654109872275 {mode={fps=60.00 Hz, modePtr={id=7, vsyncRate=60.00 Hz, peakRefreshRate=60.00 Hz}}, emitEvent=true, force=false}
04-28 18:49:59.920 E/DisplayModeController( 1966): setDesiredMode : Idle status skip setActiveMode, isDdicIdleMode: 1
04-28 18:49:59.936 I/SDM     ( 1810): SDMDisplay::SetActiveConfigWithConstraints: display = 0, config: 7, WxH 1440x3200, fps 60@auto@60:10
04-28 18:49:59.937 W/SDM     ( 1810): HWDeviceDRM::GetSupportedBitClkRate: Requested rate not supported: 1286000000
04-28 18:49:59.937 I/SDM     ( 1810): HWDeviceDRM::UpdateMixerAttributes: Mixer WxH 1440x3200-1 for Peripheral
04-28 18:49:59.938 I/SDM     ( 1810): HWDeviceDRM::SetupConcurrentWriteback: Tear down the Concurrent Writeback topology
04-28 18:49:59.942 I/SDM     ( 1810): NotifyCWBStatus: Notify the client about buffer (0xefaa7bc0) status 0 for display-0.
04-28 18:49:59.942 I/SDM     ( 1810): SDMConcurrentWriteBack::ProcessCWBStatus: CWB queue is empty. Display: 0
04-28 18:49:59.943 D/FPSMonitor( 1841): threadFuncFpsMonitor display 0, fps 10
04-28 18:49:59.942 D/libsensor-D2SNotifier( 2925): DisplayId 0 Displayinfo2SlpiNotifier to type 8 displayFrequency = 10
04-28 18:49:59.949 I/sensors ( 2925): qsh_qmi:41, qsh_qmi
04-28 18:49:59.954 D/MI-SF   ( 1966): isSupportLowBrightnessFpsSwitch current_setting_fps: 120
04-28 18:49:59.954 D/MI-SF   ( 1966): isTpIdleScene ,mAverageFrameRate is 0, 1
04-28 18:49:59.954 D/MI-SF   ( 1966): modeGroup37489152 mIsSupportAutomodeForMaxFpsSetting is 1(1), getCurrentBrightness() = 1093(0), mIsKeepAutoMode 0 isAutoModeAllowed() 1
04-28 18:49:59.954 D/MI-SF   ( 1966): setTpIdleFps choose FPS:60, mode:37489152
04-28 18:49:59.958 I/sensors ( 2925): ~qsh_qmi:68, ~qsh_qmi
04-28 18:50:00.000 E/AlarmManager( 3839): not align this alarm: Alarm{25aa235 type 3 origWhen 806180279 whenElapsed 806180279 android}, reason=0
04-28 18:50:00.001 D/AlarmManager( 3839): mBroadcastRefCount -> 1
04-28 18:50:00.003 D/MiuiClockController( 5963): Listener updateTime
04-28 18:50:00.005 D/AlarmManager( 3839): mBroadcastRefCount -> 0
04-28 18:50:00.005 D/AlarmManager( 3839): mPendingIntent -> null
04-28 18:50:00.006 E/AnimationHelper( 5963): updateTime sToAod:false mHasNotification: true, mClockType: classic
04-28 18:50:00.006 D/MiuiClockController( 5963): Listener updateTime
04-28 18:50:00.029 I/SDM     ( 1810): DisplayBase::CommitThread: Received Idle Timeout, panel: cmd, timeout: 70000 us
04-28 18:50:00.030 D/libsensor-parseRGB( 2925): CWB NotifyIdleStatus 1
04-28 18:50:00.030 D/MI-SF   ( 1966): setIdleFps choose FPS:60, mode:20709632 mode_group 24641792
04-28 18:50:00.030 D/DisplayModeController( 1966): setDesiredMode 4630946654109872275 {mode={fps=60.00 Hz, modePtr={id=5, vsyncRate=60.00 Hz, peakRefreshRate=60.00 Hz}}, emitEvent=false, force=false}
04-28 18:50:00.036 D/NotificationHeaderExpandController( 5963): onExpansionChanged: progress =  0.0
04-28 18:50:00.036 I/SDM     ( 1810): SDMDisplay::SetActiveConfigWithConstraints: display = 0, config: 5, WxH 1440x3200, fps 60@idle@60:1
04-28 18:50:00.037 D/NotificationHeaderExpandController( 5963): onExpansionChanged: progress =  0.0
04-28 18:50:00.037 W/SDM     ( 1810): HWDeviceDRM::GetSupportedBitClkRate: Requested rate not supported: 1286000000
04-28 18:50:00.037 I/SDM     ( 1810): HWDeviceDRM::UpdateMixerAttributes: Mixer WxH 1440x3200-1 for Peripheral
04-28 18:50:00.043 D/FPSMonitor( 1841): threadFuncFpsMonitor display 0, fps 1
04-28 18:50:00.044 D/libsensor-D2SNotifier( 2925): DisplayId 0 Displayinfo2SlpiNotifier to type 8 displayFrequency = 1
04-28 18:50:00.049 I/sensors ( 2925): qsh_qmi:41, qsh_qmi
04-28 18:50:00.061 D/MI-SF   ( 1966): setIdleFps choose FPS:60, mode:20709632 mode_group 24641792
04-28 18:50:00.063 I/MiClstc ( 1810): DropLayers erase layer 6751
04-28 18:50:00.063 I/MiClstc ( 1810): DropLayers erase layer 6753
04-28 18:50:00.063 I/MiClstc ( 1810): DropLayers erase layer 6941
04-28 18:50:00.073 D/BluetoothGatt(12133): readRssi() - device: XX:XX:XX:XX:8F:96
04-28 18:50:00.074 D/BtGatt.GattService(28530): readRemoteRssi() - address=XX:XX:XX:XX:8F:96
04-28 18:50:00.074 D/bt_btif_gattc(28530): system/btif/src/btif_gatt_client.cc:644 btif_gattc_read_remote_rssi:
04-28 18:50:00.075 D/ble_sec (28530): system/stack/btm/btm_ble_sec.cc:539 BTM_ReadDevInfo: Determined device_type:BLE addr_type:public
04-28 18:50:00.075 D/bt_shim_hci(28530): system/main/shim/hci_layer.cc:233 transmit_command: Sending command READ_RSSI(0x1405)
04-28 18:50:00.075 D/vendor.qti.bluetooth@1.0-ibs_handler( 1781): SerialClockVote: vote for UART CLK ON
04-28 18:50:00.076 D/vendor.qti.bluetooth@1.0-wake_lock( 1781): Acquire wakelock is acquired
04-28 18:50:00.076 I/vendor.qti.bluetooth@1.0-ibs_handler( 1781): DeviceWakeUp: Writing IBS_WAKE_IND
04-28 18:50:00.077 I/vendor.qti.bluetooth@1.0-ibs_handler( 1781): ProcessIbsCmd: Received IBS_WAKE_ACK: 0xFC
04-28 18:50:00.077 I/vendor.qti.bluetooth@1.0-ibs_handler( 1781): ProcessIbsCmd: Signal wack_cond_
04-28 18:50:00.077 D/vendor.qti.bluetooth@1.0-ibs_handler( 1781): DeviceWakeUp: Unblocked from waiting for FC, pthread_cond_timedwait ret = 0
04-28 18:50:00.076 I/sensors ( 2925): ~qsh_qmi:68, ~qsh_qmi
04-28 18:50:00.078 I/vendor.qti.bluetooth@1.0-ibs_handler( 1781): ProcessIbsCmd: Received IBS_WAKE_IND: 0xFD
04-28 18:50:00.078 I/vendor.qti.bluetooth@1.0-ibs_handler( 1781): ProcessIbsCmd: Writing IBS_WAKE_ACK
04-28 18:50:00.080 D/bt_shim_hci(28530): system/main/shim/hci_layer.cc:183 OnTransmitPacketCommandComplete: Received cmd complete for READ_RSSI(0x1405)
04-28 18:50:00.080 D/btm_acl (28530): system/stack/acl/btm_acl.cc:1867 btm_read_rssi_complete: Read rrsi complete rssi:-46 hci status:HCI_SUCCESS
04-28 18:50:00.080 V/bt_btif_gattc(28530): system/btif/src/btif_gatt_client.cc:308 btm_read_rssi_cb: HAL bt_gatt_callbacks->client->read_remote_rssi_cb
04-28 18:50:00.081 D/BtGatt.GattService(28530): onReadRemoteRssi() - clientIf=79 address=XX:XX:XX:XX:8F:96, rssi=-46, status=0
04-28 18:50:00.120 I/vendor.qti.bluetooth@1.0-ibs_handler( 1781): ProcessIbsCmd: Received IBS_SLEEP_IND: 0xFE
04-28 18:50:00.138 I/SDM     ( 1810): DisplayBase::CommitThread: Received Idle Timeout, panel: cmd, timeout: 69999 us
04-28 18:50:00.138 D/libsensor-parseRGB( 2925): CWB NotifyIdleStatus 1
04-28 18:50:00.217 I/vendor.qti.hardware.display.composer-service( 1810): Sensor: notify citsensorservice to trigger cwb, misForced = 1
04-28 18:50:00.218 I/SDM     ( 1810): CWB config passed by cwb_client : tappoint 1  CWB_ROI : (699.000000 110.000000 940.000000 351.000000) for display-0
04-28 18:50:00.237 I/SDM     ( 1810): PartialUpdateSrcSplit::SetCwbRoiForNonPU: CWB ROI Rect(699.000000 110.000000 940.000000 351.000000)
04-28 18:50:00.241 E/HwcComposer( 1966): getLuts failed Status(-129, EX_TRANSACTION_FAILED): 'UNKNOWN_TRANSACTION: '
04-28 18:50:00.259 I/SDM     ( 1810): NotifyCWBStatus: Notify the client about buffer (0xefaa7380) status 0 for display-0.
04-28 18:50:00.259 I/SDM     ( 1810): SDMConcurrentWriteBack::ProcessCWBStatus: CWB queue is empty. Display: 0
04-28 18:50:00.259 D/AudioPipeline(12133): SIM audio drawer entries emitted count=2 downloading=1 queued=0 holding=0 maxDownloadProgress=0.0
04-28 18:50:00.259 D/DownloadService(12133): Audio files state: downloading=1, queued=0, ready=1, queueSize=0
04-28 18:50:00.261 W/DownloadService(12133): Notification permission missing, skip foreground notification update
04-28 18:50:00.292 D/MI-SF   ( 1966): isSupportLowBrightnessFpsSwitch current_setting_fps: 120
04-28 18:50:00.292 D/MI-SF   ( 1966): isTpIdleScene ,mAverageFrameRate is 4, 1
04-28 18:50:00.292 D/MI-SF   ( 1966): modeGroup20709632 mIsSupportAutomodeForMaxFpsSetting is 1(1), getCurrentBrightness() = 1093(0), mIsKeepAutoMode 0 isAutoModeAllowed() 1
04-28 18:50:00.292 D/MI-SF   ( 1966): setTpIdleFps choose FPS:60, mode:37489152
04-28 18:50:00.292 D/DisplayModeController( 1966): setDesiredMode 4630946654109872275 {mode={fps=60.00 Hz, modePtr={id=7, vsyncRate=60.00 Hz, peakRefreshRate=60.00 Hz}}, emitEvent=true, force=false}
