04-28 18:51:21.567 W/DownloadService(14426): Notification permission missing, skip foreground notification update
04-28 18:51:21.575 I/vendor.qti.hardware.display.composer-service( 1810): Sensor: notify citsensorservice to trigger cwb, misForced = 1
04-28 18:51:21.575 I/SDM     ( 1810): CWB config passed by cwb_client : tappoint 1  CWB_ROI : (699.000000 110.000000 940.000000 351.000000) for display-0
04-28 18:51:21.580 I/SDM     ( 1810): PartialUpdateSrcSplit::SetCwbRoiForNonPU: CWB ROI Rect(699.000000 110.000000 940.000000 351.000000)
04-28 18:51:21.601 I/SDM     ( 1810): NotifyCWBStatus: Notify the client about buffer (0xefaab8f0) status 0 for display-0.
04-28 18:51:21.601 I/SDM     ( 1810): SDMConcurrentWriteBack::ProcessCWBStatus: CWB queue is empty. Display: 0
04-28 18:51:21.608 D/RefreshRateSelector( 1966): Touch Boost
04-28 18:51:21.608 D/MI-SF   ( 1966): modeGroup41426432 mIsSupportAutomodeForMaxFpsSetting is 1(1), getCurrentBrightness() = 1366(0), mIsKeepAutoMode 0 isAutoModeAllowed() 1
04-28 18:51:21.608 D/RefreshRateSelector( 1966): fixedMode_group: 41426432, isFindModeGroup 1
04-28 18:51:21.608 D/RefreshRateSelector( 1966): find max refresh rate:120, mode Group:41426432
04-28 18:51:21.608 D/DisplayModeController( 1966): setDesiredMode 4630946654109872275 {mode={fps=120.00 Hz, modePtr={id=1, vsyncRate=120.00 Hz, peakRefreshRate=120.00 Hz}}, emitEvent=true, force=false}
04-28 18:51:21.608 E/DisplayModeController( 1966): setDesiredMode : Idle status skip setActiveMode, isDdicIdleMode: 1
04-28 18:51:21.618 I/SDM     ( 1810): SDMDisplay::SetActiveConfigWithConstraints: display = 0, config: 1, WxH 1440x3200, fps 120@auto@120:30
04-28 18:51:21.619 W/SDM     ( 1810): HWDeviceDRM::GetSupportedBitClkRate: Requested rate not supported: 1286000000
04-28 18:51:21.619 I/SDM     ( 1810): HWDeviceDRM::UpdateMixerAttributes: Mixer WxH 1440x3200-1 for Peripheral
04-28 18:51:21.620 I/SDM     ( 1810): HWDeviceDRM::SetupConcurrentWriteback: Tear down the Concurrent Writeback topology
04-28 18:51:21.623 D/FPSMonitor( 1841): threadFuncFpsMonitor display 0, fps 30
04-28 18:51:21.632 D/libsensor-D2SNotifier( 2925): DisplayId 0 Displayinfo2SlpiNotifier to type 8 displayFrequency = 30
04-28 18:51:21.634 D/RefreshRateSelector( 1966): Touch Boost
04-28 18:51:21.634 D/MI-SF   ( 1966): modeGroup41426432 mIsSupportAutomodeForMaxFpsSetting is 1(1), getCurrentBrightness() = 1366(0), mIsKeepAutoMode 0 isAutoModeAllowed() 1
04-28 18:51:21.634 D/RefreshRateSelector( 1966): fixedMode_group: 41426432, isFindModeGroup 1
04-28 18:51:21.634 D/RefreshRateSelector( 1966): find max refresh rate:120, mode Group:41426432
04-28 18:51:21.637 E/HwcComposer( 1966): getLuts failed Status(-129, EX_TRANSACTION_FAILED): 'UNKNOWN_TRANSACTION: '
04-28 18:51:21.643 D/VRI[Toast]( 5963): vri.reportDrawFinished 0 0 Rect(120, 2484 - 1320, 2765)
04-28 18:51:21.644 D/HWUI    ( 5963): [HWUI] Flag vulkan_enhance_pipeline_cache enabled
04-28 18:51:21.644 D/HWUI    ( 5963): [HWUI] EnhanceVkPipelineCache is enabled
04-28 18:51:21.644 D/HWUI    ( 5963): [HWUI] Flag ddre enabled
04-28 18:51:21.645 I/Choreographer( 5963): Skipped 62 frames!  The application may be doing too much work on its main thread.
04-28 18:51:21.646 W/LayerDrawable( 5963): Failed to obtain smooth corners because the drawable of the children in the layerstate is null
04-28 18:51:21.646 D/HWUI    ( 5963): DDRE Debug DrawPath: smoothCornerEnabled = true
04-28 18:51:21.647 D/AurogonBandwidthController( 3839): skinTemperature:49.539
04-28 18:51:21.651 I/sensors ( 2925): qsh_qmi:41, qsh_qmi
04-28 18:51:21.660 D/MiuiRefreshRatePolicy( 3839): reset
04-28 18:51:21.660 E/DisplayModeDirectorImpl( 3839): Invalid displayId: 138, only 0 and 1 are supported
04-28 18:51:21.660 D/MiuiRefreshRatePolicy( 3839): reset
04-28 18:51:21.660 E/DisplayModeDirectorImpl( 3839): Invalid displayId: 120, only 0 and 1 are supported
04-28 18:51:21.660 D/MiuiRefreshRatePolicy( 3839): reset
04-28 18:51:21.660 E/DisplayModeDirectorImpl( 3839): Invalid displayId: 76, only 0 and 1 are supported
04-28 18:51:21.660 D/MiuiRefreshRatePolicy( 3839): reset
04-28 18:51:21.660 E/DisplayModeDirectorImpl( 3839): Invalid displayId: 68, only 0 and 1 are supported
04-28 18:51:21.660 D/MiuiRefreshRatePolicy( 3839): reset
04-28 18:51:21.660 E/DisplayModeDirectorImpl( 3839): Invalid displayId: 64, only 0 and 1 are supported
04-28 18:51:21.660 D/MiuiRefreshRatePolicy( 3839): reset
04-28 18:51:21.660 E/DisplayModeDirectorImpl( 3839): Invalid displayId: 56, only 0 and 1 are supported
04-28 18:51:21.660 D/MiuiRefreshRatePolicy( 3839): reset
04-28 18:51:21.660 E/DisplayModeDirectorImpl( 3839): Invalid displayId: 42, only 0 and 1 are supported
04-28 18:51:21.660 D/MiuiRefreshRatePolicy( 3839): reset
04-28 18:51:21.661 E/DisplayModeDirectorImpl( 3839): Invalid displayId: 34, only 0 and 1 are supported
04-28 18:51:21.661 D/MiuiRefreshRatePolicy( 3839): reset
04-28 18:51:21.661 E/DisplayModeDirectorImpl( 3839): Invalid displayId: 24, only 0 and 1 are supported
04-28 18:51:21.661 D/MiuiRefreshRatePolicy( 3839): reset
04-28 18:51:21.661 E/DisplayModeDirectorImpl( 3839): Invalid displayId: 6, only 0 and 1 are supported
04-28 18:51:21.661 D/DisplayContentStubImpl( 3839): onNewImeFrame: isImeVisible = false, imeFrame = Rect(0, 0 - 0, 0)
04-28 18:51:21.661 W/InsetsSource( 3839): Has no intersection or mTmpFrame.height(), return Insets.NONE mTmpFrame.height() =0 hasIntersection =false
04-28 18:51:21.661 W/InsetsSource( 3839): Has no intersection or mTmpFrame.height(), return Insets.NONE mTmpFrame.height() =0 hasIntersection =false
04-28 18:51:21.661 D/BarFollowAnimation( 3839): pairAppearanceRegionAndWin win=Window{13eaf2f u0 com.smartsales.prism/com.smartsales.prism.MainActivity} 0
04-28 18:51:21.662 D/BarFollowAnimation( 3839): isAppTaskBarOnTop win:Window{13eaf2f u0 com.smartsales.prism/com.smartsales.prism.MainActivity} (mCurrentTopTask:Task{4746c18 #28143 type=standard A=10433:com.smartsales.prism} : true); (mAssociatedTask:Task{4746c18 #28143 type=standard A=10433:com.smartsales.prism} : true); (mHomeTask:Task{39ded46 #1 type=home} : false); mReparentToOriginParent:false mLastAppBarVisible:true mLastHomeBarVisible:false
04-28 18:51:21.662 D/MiuiRefreshRatePolicy( 3839): reset
04-28 18:51:21.663 I/PowerManagerServiceImpl( 3839): Acquire wakelock: SCREEN_BRIGHT_WAKE_LOCK           'WindowManager/displayId:0' ON_AFTER_RELEASE (uid=1000 pid=3839 pkg=android ws=WorkSource{1000 com.android.systemui})
04-28 18:51:21.664 W/InsetsSource( 3839): Has no intersection or mTmpFrame.height(), return Insets.NONE mTmpFrame.height() =0 hasIntersection =false
04-28 18:51:21.664 W/InsetsSource( 3839): Has no intersection or mTmpFrame.height(), return Insets.NONE mTmpFrame.height() =0 hasIntersection =false
04-28 18:51:21.666 I/sensors ( 2925): ~qsh_qmi:68, ~qsh_qmi
04-28 18:51:21.667 I/WindowManager( 3839): wms.showSurfaceRobustly mWin:Window{63b4de0 u0 Toast} in Surface(name=Toast#34945)/@0x1932555
04-28 18:51:21.671 W/BpBinder( 1966): Large outgoing transaction of 122272 bytes, interface descriptor android.gui.IWindowInfosListener, code 1 was sent
04-28 18:51:21.674 D/RefreshRateSelector( 1966): Touch Boost
04-28 18:51:21.674 D/MI-SF   ( 1966): modeGroup41426432 mIsSupportAutomodeForMaxFpsSetting is 1(1), getCurrentBrightness() = 1366(0), mIsKeepAutoMode 0 isAutoModeAllowed() 1
04-28 18:51:21.674 D/RefreshRateSelector( 1966): fixedMode_group: 41426432, isFindModeGroup 1
04-28 18:51:21.674 D/RefreshRateSelector( 1966): find max refresh rate:120, mode Group:41426432
04-28 18:51:21.677 I/MiClstc ( 1810): StageLayers No adding layer_name[FramebufferSurface], layer_id 1
04-28 18:51:21.677 I/MiClstc ( 1810): RetrieveConfig Unknown layer 1, skip
04-28 18:51:21.692 W/BpBinder( 1966): Large outgoing transaction of 122272 bytes, interface descriptor android.gui.IWindowInfosListener, code 1 was sent
04-28 18:51:21.701 I/libsensor-boledalgo( 2925): dbv:1524,lux:205.1,cct:4935.4,hsv:2.6, CWB R:7.3,G:5.3,B:29.2 Event C:4309.0,R:2187.7,G:1717.4,B:860.9 Cali C:0.0,R:0.0,G:0.0,B:0.0
04-28 18:51:21.706 D/AidlBufferPool(26992): bufferpool2 0xb400007bee8efd78 : 66(624597 size) total buffers - 1(1246 size) used buffers - 12911/68641 (recycle/alloc) - 56716/68640 (fetch/transfer)
04-28 18:51:21.708 I/libsensor-boledalgo( 2925): dbv:1524,lux:204.3,cct:5227.9,hsv:2.6, CWB R:7.3,G:5.3,B:29.2 Event C:4310.5,R:2198.9,G:1759.8,B:901.6 Cali C:0.0,R:0.0,G:0.0,B:0.0
04-28 18:51:21.709 D/MI-SF   ( 1966): isSupportLowBrightnessFpsSwitch current_setting_fps: 120
04-28 18:51:21.709 D/MI-SF   ( 1966): isTpIdleScene ,mAverageFrameRate is 4, 1
04-28 18:51:21.709 D/MI-SF   ( 1966): modeGroup41426432 mIsSupportAutomodeForMaxFpsSetting is 1(1), getCurrentBrightness() = 1366(0), mIsKeepAutoMode 0 isAutoModeAllowed() 1
04-28 18:51:21.709 D/MI-SF   ( 1966): setTpIdleFps choose FPS:60, mode:37489152
04-28 18:51:21.709 D/DisplayModeController( 1966): setDesiredMode 4630946654109872275 {mode={fps=60.00 Hz, modePtr={id=7, vsyncRate=60.00 Hz, peakRefreshRate=60.00 Hz}}, emitEvent=true, force=false}
04-28 18:51:21.712 I/SDM     ( 1810): SDMDisplay::SetActiveConfigWithConstraints: display = 0, config: 7, WxH 1440x3200, fps 60@auto@60:10
04-28 18:51:21.713 W/SDM     ( 1810): HWDeviceDRM::GetSupportedBitClkRate: Requested rate not supported: 1286000000
04-28 18:51:21.713 I/SDM     ( 1810): HWDeviceDRM::UpdateMixerAttributes: Mixer WxH 1440x3200-1 for Peripheral
04-28 18:51:21.717 D/FPSMonitor( 1841): threadFuncFpsMonitor display 0, fps 10
04-28 18:51:21.717 D/libsensor-D2SNotifier( 2925): DisplayId 0 Displayinfo2SlpiNotifier to type 8 displayFrequency = 10
04-28 18:51:21.720 D/MI-SF   ( 1966): isSupportLowBrightnessFpsSwitch current_setting_fps: 120
04-28 18:51:21.720 D/MI-SF   ( 1966): isTpIdleScene ,mAverageFrameRate is 4, 1
04-28 18:51:21.720 D/MI-SF   ( 1966): modeGroup37489152 mIsSupportAutomodeForMaxFpsSetting is 1(1), getCurrentBrightness() = 1366(0), mIsKeepAutoMode 0 isAutoModeAllowed() 1
04-28 18:51:21.720 D/MI-SF   ( 1966): setTpIdleFps choose FPS:60, mode:37489152
04-28 18:51:21.720 W/ActivityManagerServiceImpl( 3839): Sending non-protected broadcast com.modemenhance.ACTION_MODEMWIFI_RSSI_POLL from system 5894:com.android.phone/1001 pkg com.android.phone. Callers=
04-28 18:51:21.720 I/DisplayDeviceRepository( 3839): Display device changed render timings: "内置屏幕", renderFrameRate=60.000004, presentationDeadlineNanos=16666666, appVsyncOffsetNanos=1000000, frameRateOverrides=[]
04-28 18:51:21.722 I/WifiService( 3839): getConnectionInfo uid=1001
04-28 18:51:21.723 V/WifiService( 3839): Clearing REDACT_FOR_LOCAL_MAC_ADDRESS for com.android.phone(uid=1001)
04-28 18:51:21.723 V/WifiService( 3839): Clearing REDACT_FOR_NETWORK_SETTINGS for com.android.phone(uid=1001)
04-28 18:51:21.723 V/WifiService( 3839): Clearing REDACT_FOR_ACCESS_FINE_LOCATION for com.android.phone(uid=1001)
04-28 18:51:21.724 D/SlaveWifiManager( 5894): getWifiSlaveConnectionInfo
04-28 18:51:21.724 D/AudioFlingerImpl( 1930): setGameParameters keyvalue: screen_state=on
04-28 18:51:21.724 D/DeviceHalAidl( 1930): [default] setParameters: parameters: "screen_state=on"
04-28 18:51:21.724 D/PAL: API( 1794): pal_set_param: 1497: Enter: param id 8 (PAL_PARAM_ID_SCREEN_STATE)
04-28 18:51:21.724 D/PAL: ResourceManager( 1794): setParameter: 11845: Enter param id: 8 (PAL_PARAM_ID_SCREEN_STATE)
04-28 18:51:21.724 I/PAL: ResourceManager( 1794): setParameter: 11872: Screen State:1
04-28 18:51:21.724 D/PAL: ResourceManager( 1794): setParameter: 13545: Exit status: 0
04-28 18:51:21.724 D/PAL: API( 1794): pal_set_param: 1514: Exit, status 0
04-28 18:51:21.725 D/DeviceHalAidl( 1930): [usb] setParameters: parameters: "screen_state=on"
04-28 18:51:21.725 D/AHAL_Module( 1794): updateScreenState: usb: 1
04-28 18:51:21.725 D/DeviceHalAidl( 1930): [r_submix] setParameters: parameters: "screen_state=on"
04-28 18:51:21.725 D/AHAL_Module( 1794): updateScreenState: r_submix: 1
04-28 18:51:21.725 D/DeviceHalAidl( 1930): [bluetooth] setParameters: parameters: "screen_state=on"
04-28 18:51:21.725 D/AHAL_Module( 1794): updateScreenState: bluetooth: 1
04-28 18:51:21.726 D/WindowManager( 3839): DeferredDisplayUpdater: partially applying DisplayInfo(1440 x 3200) immediately
04-28 18:51:21.726 W/DisplayContentStubImpl( 3839):  displayMetricsChanged=false physicalDisplayChanged=false displayId=0 newUniqueId=local:4630946654109872275 currentUnique=local:4630946654109872275
04-28 18:51:21.726 D/DisplayContentStubImpl( 3839): Display{#0 state=ON size=1440x3200 ROTATION_0} isActivityEmbeddingSplitEnable false
04-28 18:51:21.726 D/MiuiGxzwAnimView( 5963): onDisplayChanged: oldState = 2, newState = 2
04-28 18:51:21.726 W/InsetsSource( 3839): Has no intersection or mTmpFrame.height(), return Insets.NONE mTmpFrame.height() =0 hasIntersection =false
04-28 18:51:21.726 W/InsetsSource( 3839): Has no intersection or mTmpFrame.height(), return Insets.NONE mTmpFrame.height() =0 hasIntersection =false
04-28 18:51:21.727 D/MiuiRefreshRatePolicy( 3839): reset
04-28 18:51:21.727 E/DisplayModeDirectorImpl( 3839): Invalid displayId: 138, only 0 and 1 are supported
04-28 18:51:21.727 D/MiuiRefreshRatePolicy( 3839): reset
04-28 18:51:21.727 E/DisplayModeDirectorImpl( 3839): Invalid displayId: 120, only 0 and 1 are supported
04-28 18:51:21.727 D/MiuiRefreshRatePolicy( 3839): reset
04-28 18:51:21.727 E/DisplayModeDirectorImpl( 3839): Invalid displayId: 76, only 0 and 1 are supported
04-28 18:51:21.727 D/MiuiRefreshRatePolicy( 3839): reset
04-28 18:51:21.727 E/DisplayModeDirectorImpl( 3839): Invalid displayId: 68, only 0 and 1 are supported
04-28 18:51:21.727 D/MiuiRefreshRatePolicy( 3839): reset
04-28 18:51:21.727 E/DisplayModeDirectorImpl( 3839): Invalid displayId: 64, only 0 and 1 are supported
04-28 18:51:21.727 D/MiuiRefreshRatePolicy( 3839): reset
04-28 18:51:21.727 E/DisplayModeDirectorImpl( 3839): Invalid displayId: 56, only 0 and 1 are supported
04-28 18:51:21.727 D/MiuiRefreshRatePolicy( 3839): reset
04-28 18:51:21.727 E/DisplayModeDirectorImpl( 3839): Invalid displayId: 42, only 0 and 1 are supported
04-28 18:51:21.727 D/MiuiRefreshRatePolicy( 3839): reset
04-28 18:51:21.727 E/DisplayModeDirectorImpl( 3839): Invalid displayId: 34, only 0 and 1 are supported
04-28 18:51:21.727 D/MiuiRefreshRatePolicy( 3839): reset
04-28 18:51:21.727 E/DisplayModeDirectorImpl( 3839): Invalid displayId: 24, only 0 and 1 are supported
04-28 18:51:21.727 D/MiuiRefreshRatePolicy( 3839): reset
04-28 18:51:21.727 E/DisplayModeDirectorImpl( 3839): Invalid displayId: 6, only 0 and 1 are supported
04-28 18:51:21.727 W/InsetsSource( 3839): Has no intersection or mTmpFrame.height(), return Insets.NONE mTmpFrame.height() =0 hasIntersection =false
04-28 18:51:21.727 W/InsetsSource( 3839): Has no intersection or mTmpFrame.height(), return Insets.NONE mTmpFrame.height() =0 hasIntersection =false
04-28 18:51:21.727 D/BarFollowAnimation( 3839): pairAppearanceRegionAndWin win=Window{13eaf2f u0 com.smartsales.prism/com.smartsales.prism.MainActivity} 0
04-28 18:51:21.727 D/BarFollowAnimation( 3839): isAppTaskBarOnTop win:Window{13eaf2f u0 com.smartsales.prism/com.smartsales.prism.MainActivity} (mCurrentTopTask:Task{4746c18 #28143 type=standard A=10433:com.smartsales.prism} : true); (mAssociatedTask:Task{4746c18 #28143 type=standard A=10433:com.smartsales.prism} : true); (mHomeTask:Task{39ded46 #1 type=home} : false); mReparentToOriginParent:false mLastAppBarVisible:true mLastHomeBarVisible:false
04-28 18:51:21.728 D/MiuiRefreshRatePolicy( 3839): reset
04-28 18:51:21.728 V/AutoDensityController( 5963): on display changed 0 context dpi:586 origin dpi:600 target dpi:586
04-28 18:51:21.728 D/ControlCenterWindowViewController( 5963): on display changed 0
04-28 18:51:21.728 I/sensors ( 2925): qsh_qmi:41, qsh_qmi
04-28 18:51:21.728 V/AODAutoDensityController( 5963): on display changed 0 context dpi:586 origin dpi:600 target dpi:586
04-28 18:51:21.728 W/InsetsSource( 3839): Has no intersection or mTmpFrame.height(), return Insets.NONE mTmpFrame.height() =0 hasIntersection =false
04-28 18:51:21.728 W/InsetsSource( 3839): Has no intersection or mTmpFrame.height(), return Insets.NONE mTmpFrame.height() =0 hasIntersection =false
04-28 18:51:21.729 W/Launcher( 5261): onDisplayChanged: newRotation=0, mCurrentRotation=0
04-28 18:51:21.729 W/GestureStubView_Left( 5261): onDisplayChanged
04-28 18:51:21.729 W/GestureStubView_Left( 5261): adaptRotation   currentRotation=0   mRotation=0
04-28 18:51:21.729 W/GestureStubView_Right( 5261): onDisplayChanged
04-28 18:51:21.729 W/GestureStubView_Right( 5261): adaptRotation   currentRotation=0   mRotation=0
04-28 18:51:21.729 W/InsetsSource(31883): Has no intersection or mTmpFrame.height(), return Insets.NONE mTmpFrame.height() =0 hasIntersection =false
04-28 18:51:21.729 W/InsetsSource(31883): Has no intersection or mTmpFrame.height(), return Insets.NONE mTmpFrame.height() =0 hasIntersection =false
04-28 18:51:21.729 W/InsetsSource(31883): Has no intersection or mTmpFrame.height(), return Insets.NONE mTmpFrame.height() =0 hasIntersection =false
04-28 18:51:21.729 W/InsetsSource(31883): Has no intersection or mTmpFrame.height(), return Insets.NONE mTmpFrame.height() =0 hasIntersection =false
04-28 18:51:21.730 W/InsetsSource(31883): Has no intersection or mTmpFrame.height(), return Insets.NONE mTmpFrame.height() =0 hasIntersection =false
04-28 18:51:21.730 W/InsetsSource(31883): Has no intersection or mTmpFrame.height(), return Insets.NONE mTmpFrame.height() =0 hasIntersection =false
04-28 18:51:21.736 I/sensors ( 2925): ~qsh_qmi:68, ~qsh_qmi
04-28 18:51:21.737 W/ActivityTaskManager( 3839): MANAGE_ACTIVITY_STACKS is deprecated, please use alternative permission: MANAGE_ACTIVITY_TASKS
04-28 18:51:21.791 D/AudioPipeline(14426): SIM audio drawer entries emitted count=2 downloading=1 queued=0 holding=0 maxDownloadProgress=0.0
04-28 18:51:21.792 D/DownloadService(14426): Audio files state: downloading=1, queued=0, ready=1, queueSize=0
04-28 18:51:21.792 I/SDM     ( 1810): DisplayBase::CommitThread: Received Idle Timeout, panel: cmd, timeout: 70000 us
04-28 18:51:21.792 D/libsensor-parseRGB( 2925): CWB NotifyIdleStatus 1
04-28 18:51:21.793 W/DownloadService(14426): Notification permission missing, skip foreground notification update
04-28 18:51:21.812 D/JavaheapMonitor(31835): Java heap used=9M max=256M, proc: com.miui.personalassistant
04-28 18:51:21.812 V/JavaheapMonitor(31835): Check java heap usage finished! Next check delay: 300000
04-28 18:51:21.830 D/wpa_supplicant(25850): nl80211: Drv Event 81 (NL80211_CMD_TDLS_OPER) received for wlan0
04-28 18:51:21.830 D/wpa_supplicant(25850): nl80211: TDLS operation event
04-28 18:51:21.830 D/wpa_supplicant(25850): nl80211: TDLS discovery request for peer 1c:db:d4:9b:8f:94
04-28 18:51:21.830 D/wpa_supplicant(25850): wlan0: Event TDLS (7) received
04-28 18:51:21.831 D/wpa_supplicant(25850): nl80211: Drv Event 81 (NL80211_CMD_TDLS_OPER) received for wlan0
04-28 18:51:21.831 D/wpa_supplicant(25850): nl80211: TDLS operation event
04-28 18:51:21.831 D/wpa_supplicant(25850): nl80211: TDLS discovery request for peer b4:5f:84:de:d4:d0
04-28 18:51:21.831 D/wpa_supplicant(25850): wlan0: Event TDLS (7) received
04-28 18:51:21.832 D/wpa_supplicant(25850): nl80211: Drv Event 81 (NL80211_CMD_TDLS_OPER) received for wlan0
04-28 18:51:21.832 D/wpa_supplicant(25850): nl80211: TDLS operation event
04-28 18:51:21.832 D/wpa_supplicant(25850): nl80211: TDLS discovery request for peer 14:c1:9f:d7:e3:f4
04-28 18:51:21.832 D/wpa_supplicant(25850): wlan0: Event TDLS (7) received
04-28 18:51:21.839 I/vendor.qti.hardware.display.composer-service( 1810): Sensor: notify citsensorservice to trigger cwb, misForced = 0
04-28 18:51:21.839 I/SDM     ( 1810): CWB config passed by cwb_client : tappoint 1  CWB_ROI : (699.000000 110.000000 940.000000 351.000000) for display-0
04-28 18:51:21.855 E/HwcComposer( 1966): getLuts failed Status(-129, EX_TRANSACTION_FAILED): 'UNKNOWN_TRANSACTION: '
04-28 18:51:21.907 D/AurogonImmobulusMode( 3839):  update wallpaper pacakge name status mLockWallPaperPackageName =  mLockWallPaperUid = -1 mDeskWallPaperPackageName = com.miui.miwallpaper mDeskWallPaperUid = 10187
04-28 18:51:21.907 D/PolicyMaker( 3839): uid =10161 pkg=com.miui.micloudsync reason=systemblack
04-28 18:51:21.909 I/SDM     ( 1810): DisplayBase::CommitThread: Received Idle Timeout, panel: cmd, timeout: 70000 us
04-28 18:51:21.910 D/libsensor-parseRGB( 2925): CWB NotifyIdleStatus 1
04-28 18:51:21.913 I/libsensor-boledalgo( 2925): dbv:1524,lux:206.1,cct:4905.7,hsv:2.6, CWB R:7.3,G:5.3,B:29.2 Event C:4303.5,R:2176.3,G:1720.0,B:855.1 Cali C:0.0,R:0.0,G:0.0,B:0.0
04-28 18:51:21.915 I/vendor.qti.bluetooth@1.0-ibs_handler( 1781): ProcessIbsCmd: Received IBS_WAKE_IND: 0xFD
04-28 18:51:21.915 D/vendor.qti.bluetooth@1.0-ibs_handler( 1781): SerialClockVote: vote for UART CLK ON
04-28 18:51:21.915 D/vendor.qti.bluetooth@1.0-wake_lock( 1781): Acquire wakelock is acquired
04-28 18:51:21.915 I/vendor.qti.bluetooth@1.0-ibs_handler( 1781): ProcessIbsCmd: Writing IBS_WAKE_ACK
04-28 18:51:21.916 V/bluetooth(28530): system/gd/hci/le_scanning_reassembler.cc:67 ProcessAdvertisingReport: Dropping repeated legacy advertising data
04-28 18:51:21.916 V/bluetooth(28530): system/gd/hci/le_scanning_reassembler.cc:90 ProcessAdvertisingReport: Ignoring advertising report when scan response is expected or current data is marked incomplete
04-28 18:51:21.916 V/bluetooth(28530): system/gd/hci/le_scanning_reassembler.cc:101 ProcessAdvertisingReport: Full advertising report has been reassembled
04-28 18:51:21.916 V/bluetooth(28530): system/gd/hci/le_scanning_decrypter.cc:148 ContainsEncryptedData: enc_adv_data_map is empty
04-28 18:51:21.916 V/bt_btm_ble(28530): system/stack/btm/btm_ble_gap.cc:2166 btm_ble_process_adv_addr: bda=xx:xx:xx:xx:3e:e2
04-28 18:51:21.916 V/bt_btm_ble(28530): system/stack/btm/btm_ble_gap.cc:2154 btm_ble_update_inq_result: Random address, treat device as LE only
04-28 18:51:21.916 D/bt_btm_ble(28530): system/stack/btm/btm_ble_gap.cc:1961 btm_ble_is_discoverable: btm_ble_is_discoverable flag=0x2
04-28 18:51:21.918 V/ScanController(28530): onScanResult() - eventType=0x1b, addressType=1, address=XX:XX:XX:XX:3E:E2, primaryPhy=1, secondaryPhy=0, advertisingSid=0xff, txPower=127, rssi=-60, periodicAdvInt=0x0, originalAddress=78:52:20:B3:3E:E2
04-28 18:51:21.918 V/ScanController(28530): Skipping client: permission=true matches=false
04-28 18:51:21.918 V/ScanController(28530): Skipping client: permission=true matches=false
04-28 18:51:21.919 V/ScanController(28530): Skipping client: permission=true matches=false
04-28 18:51:21.919 D/DeviceNickName_Plugin( 6731): data type: SUPPORT_REDMI_KERBOARD_FAST, []
04-28 18:51:21.919 E/MiuiFastConnectService_Plugin( 6731): check adv data not fast connect
04-28 18:51:21.921 I/SDM     ( 1810): PartialUpdateSrcSplit::SetCwbRoiForNonPU: CWB ROI Rect(699.000000 110.000000 940.000000 351.000000)
04-28 18:51:21.927 D/MiuiNetworkPolicy( 3839): updateLimit mLimitEnabled=true,enabled=false,mNetworkPriorityMode=2,mThermalForceMode=3
04-28 18:51:21.928 D/MiuiNetworkPolicy( 3839): mode =  NETWORK_PRIORITY_MODE_FAST, set BackGroundLimitRate = 8000000
04-28 18:51:21.936 D/MI-SF   ( 1966): setIdleFps choose FPS:60, mode:20709632 mode_group 24641792
04-28 18:51:21.936 D/DisplayModeController( 1966): setDesiredMode 4630946654109872275 {mode={fps=60.00 Hz, modePtr={id=5, vsyncRate=60.00 Hz, peakRefreshRate=60.00 Hz}}, emitEvent=false, force=false}
04-28 18:51:21.942 I/SDM     ( 1810): NotifyCWBStatus: Notify the client about buffer (0xefaab6e0) status 0 for display-0.
04-28 18:51:21.942 I/SDM     ( 1810): SDMConcurrentWriteBack::ProcessCWBStatus: CWB queue is empty. Display: 0
04-28 18:51:21.953 I/SDM     ( 1810): SDMDisplay::SetActiveConfigWithConstraints: display = 0, config: 5, WxH 1440x3200, fps 60@idle@60:1
04-28 18:51:21.954 W/SDM     ( 1810): HWDeviceDRM::GetSupportedBitClkRate: Requested rate not supported: 1286000000
04-28 18:51:21.954 I/SDM     ( 1810): HWDeviceDRM::UpdateMixerAttributes: Mixer WxH 1440x3200-1 for Peripheral
04-28 18:51:21.955 I/SDM     ( 1810): HWDeviceDRM::SetupConcurrentWriteback: Tear down the Concurrent Writeback topology
04-28 18:51:21.959 D/FPSMonitor( 1841): threadFuncFpsMonitor display 0, fps 1
04-28 18:51:21.959 D/libsensor-D2SNotifier( 2925): DisplayId 0 Displayinfo2SlpiNotifier to type 8 displayFrequency = 1
04-28 18:51:21.959 I/vendor.qti.bluetooth@1.0-ibs_handler( 1781): ProcessIbsCmd: Received IBS_SLEEP_IND: 0xFE
04-28 18:51:21.959 D/vendor.qti.bluetooth@1.0-ibs_handler( 1781): SerialClockVote: vote for UART CLK OFF
04-28 18:51:21.963 I/sensors ( 2925): qsh_qmi:41, qsh_qmi
04-28 18:51:21.974 I/sensors ( 2925): ~qsh_qmi:68, ~qsh_qmi
04-28 18:51:22.006 D/AudioPipeline(14426): SIM audio drawer entries emitted count=2 downloading=1 queued=0 holding=0 maxDownloadProgress=0.0
04-28 18:51:22.006 D/DownloadService(14426): Audio files state: downloading=1, queued=0, ready=1, queueSize=0
04-28 18:51:22.008 W/DownloadService(14426): Notification permission missing, skip foreground notification update
04-28 18:51:22.047 I/SDM     ( 1810): DisplayBase::CommitThread: Received Idle Timeout, panel: cmd, timeout: 69999 us
04-28 18:51:22.051 D/MI-SF   ( 1966): isSupportLowBrightnessFpsSwitch current_setting_fps: 120
04-28 18:51:22.051 D/MI-SF   ( 1966): isTpIdleScene ,mAverageFrameRate is 4, 1
04-28 18:51:22.051 D/MI-SF   ( 1966): modeGroup20709632 mIsSupportAutomodeForMaxFpsSetting is 1(1), getCurrentBrightness() = 1366(0), mIsKeepAutoMode 0 isAutoModeAllowed() 1
04-28 18:51:22.051 D/MI-SF   ( 1966): setTpIdleFps choose FPS:60, mode:37489152
04-28 18:51:22.051 D/libsensor-parseRGB( 2925): CWB NotifyIdleStatus 1
04-28 18:51:22.051 D/DisplayModeController( 1966): setDesiredMode 4630946654109872275 {mode={fps=60.00 Hz, modePtr={id=7, vsyncRate=60.00 Hz, peakRefreshRate=60.00 Hz}}, emitEvent=true, force=false}
04-28 18:51:22.051 E/DisplayModeController( 1966): setDesiredMode : Idle status skip setActiveMode, isDdicIdleMode: 1
04-28 18:51:22.051 W/RenderInspector(14426): DequeueBuffer time out on com.smartsales.prism/com.smartsales.prism.MainActivity, count=1, avg=17 ms, max=17 ms.
04-28 18:51:22.054 D/MI-SF   ( 1966): isSupportLowBrightnessFpsSwitch current_setting_fps: 120
04-28 18:51:22.054 D/MI-SF   ( 1966): isTpIdleScene ,mAverageFrameRate is 4, 1
04-28 18:51:22.054 D/MI-SF   ( 1966): modeGroup20709632 mIsSupportAutomodeForMaxFpsSetting is 1(1), getCurrentBrightness() = 1366(0), mIsKeepAutoMode 0 isAutoModeAllowed() 1
04-28 18:51:22.054 D/MI-SF   ( 1966): setTpIdleFps choose FPS:60, mode:37489152
04-28 18:51:22.054 I/SDM     ( 1810): SDMDisplay::SetActiveConfigWithConstraints: display = 0, config: 7, WxH 1440x3200, fps 60@auto@60:10
04-28 18:51:22.055 W/SDM     ( 1810): HWDeviceDRM::GetSupportedBitClkRate: Requested rate not supported: 1286000000
04-28 18:51:22.055 I/SDM     ( 1810): HWDeviceDRM::UpdateMixerAttributes: Mixer WxH 1440x3200-1 for Peripheral
04-28 18:51:22.058 I/vendor.qti.hardware.display.composer-service( 1810): Sensor: notify citsensorservice to trigger cwb, misForced = 0
04-28 18:51:22.059 I/SDM     ( 1810): CWB config passed by cwb_client : tappoint 1  CWB_ROI : (699.000000 110.000000 940.000000 351.000000) for display-0
04-28 18:51:22.062 D/FPSMonitor( 1841): threadFuncFpsMonitor display 0, fps 10
04-28 18:51:22.064 D/libsensor-D2SNotifier( 2925): DisplayId 0 Displayinfo2SlpiNotifier to type 8 displayFrequency = 10
04-28 18:51:22.067 I/sensors ( 2925): qsh_qmi:41, qsh_qmi
04-28 18:51:22.070 E/HwcComposer( 1966): getLuts failed Status(-129, EX_TRANSACTION_FAILED): 'UNKNOWN_TRANSACTION: '
04-28 18:51:22.078 D/MI-SF   ( 1966): isSupportLowBrightnessFpsSwitch current_setting_fps: 120
04-28 18:51:22.078 D/MI-SF   ( 1966): isTpIdleScene ,mAverageFrameRate is 4, 1
04-28 18:51:22.078 D/MI-SF   ( 1966): modeGroup37489152 mIsSupportAutomodeForMaxFpsSetting is 1(1), getCurrentBrightness() = 1366(0), mIsKeepAutoMode 0 isAutoModeAllowed() 1
04-28 18:51:22.078 D/MI-SF   ( 1966): setTpIdleFps choose FPS:60, mode:37489152
04-28 18:51:22.079 I/SDM     ( 1810): PartialUpdateSrcSplit::SetCwbRoiForNonPU: CWB ROI Rect(699.000000 110.000000 940.000000 351.000000)
04-28 18:51:22.086 I/sensors ( 2925): ~qsh_qmi:68, ~qsh_qmi
04-28 18:51:22.100 D/vendor.xiaomi.hardware.mimd2-service( 1622): psi 10 is triggered, settimer.
04-28 18:51:22.101 D/vendor.xiaomi.hardware.mimd2-service( 1622): psi partial stall call back reclaimed -1 delay tasks
04-28 18:51:22.108 I/SDM     ( 1810): NotifyCWBStatus: Notify the client about buffer (0xefaaa2f0) status 0 for display-0.
04-28 18:51:22.108 I/SDM     ( 1810): SDMConcurrentWriteBack::ProcessCWBStatus: CWB queue is empty. Display: 0
04-28 18:51:22.110 D/vendor.qti.bluetooth@1.0-wake_lock( 1781): Release wakelock is released
04-28 18:51:22.155 I/SDM     ( 1810): DisplayBase::CommitThread: Received Idle Timeout, panel: cmd, timeout: 70000 us
04-28 18:51:22.155 D/libsensor-parseRGB( 2925): CWB NotifyIdleStatus 1
04-28 18:51:22.161 D/MI-SF   ( 1966): setIdleFps choose FPS:60, mode:20709632 mode_group 24641792
04-28 18:51:22.162 D/DisplayModeController( 1966): setDesiredMode 4630946654109872275 {mode={fps=60.00 Hz, modePtr={id=5, vsyncRate=60.00 Hz, peakRefreshRate=60.00 Hz}}, emitEvent=false, force=false}
04-28 18:51:22.168 I/id.thememanager(24854): This is non sticky GC, maxfree is 33554432 minfree is 8388608
04-28 18:51:22.170 I/SDM     ( 1810): SDMDisplay::SetActiveConfigWithConstraints: display = 0, config: 5, WxH 1440x3200, fps 60@idle@60:1
04-28 18:51:22.170 W/SDM     ( 1810): HWDeviceDRM::GetSupportedBitClkRate: Requested rate not supported: 1286000000
04-28 18:51:22.170 I/SDM     ( 1810): HWDeviceDRM::UpdateMixerAttributes: Mixer WxH 1440x3200-1 for Peripheral
04-28 18:51:22.171 I/SDM     ( 1810): HWDeviceDRM::SetupConcurrentWriteback: Tear down the Concurrent Writeback topology
04-28 18:51:22.179 D/FPSMonitor( 1841): threadFuncFpsMonitor display 0, fps 1
04-28 18:51:22.179 D/libsensor-D2SNotifier( 2925): DisplayId 0 Displayinfo2SlpiNotifier to type 8 displayFrequency = 1
04-28 18:51:22.182 I/sensors ( 2925): qsh_qmi:41, qsh_qmi
04-28 18:51:22.188 I/sensors ( 2925): ~qsh_qmi:68, ~qsh_qmi
04-28 18:51:22.205 W/System  (24854): A resource failed to call close.
04-28 18:51:22.206 D/JavaheapMonitor(24854): Java heap used=4M max=512M, proc: com.android.thememanager
04-28 18:51:22.206 V/JavaheapMonitor(24854): Check java heap usage finished! Next check delay: 300000
04-28 18:51:22.212 D/AudioPipeline(14426): SIM audio drawer entries emitted count=2 downloading=1 queued=0 holding=0 maxDownloadProgress=0.0
04-28 18:51:22.212 D/DownloadService(14426): Audio files state: downloading=1, queued=0, ready=1, queueSize=0
04-28 18:51:22.220 W/DownloadService(14426): Notification permission missing, skip foreground notification update
04-28 18:51:22.239 D/ActionExecute( 3839): delayFreeze true reason= new process uid=6110
04-28 18:51:22.243 D/MI-SF   ( 1966): isSupportLowBrightnessFpsSwitch current_setting_fps: 120
04-28 18:51:22.243 D/MI-SF   ( 1966): isTpIdleScene ,mAverageFrameRate is 4, 1
04-28 18:51:22.243 D/MI-SF   ( 1966): modeGroup20709632 mIsSupportAutomodeForMaxFpsSetting is 1(1), getCurrentBrightness() = 1366(0), mIsKeepAutoMode 0 isAutoModeAllowed() 1
04-28 18:51:22.243 D/MI-SF   ( 1966): setTpIdleFps choose FPS:60, mode:37489152
04-28 18:51:22.243 D/DisplayModeController( 1966): setDesiredMode 4630946654109872275 {mode={fps=60.00 Hz, modePtr={id=7, vsyncRate=60.00 Hz, peakRefreshRate=60.00 Hz}}, emitEvent=true, force=false}
04-28 18:51:22.243 E/DisplayModeController( 1966): setDesiredMode : Idle status skip setActiveMode, isDdicIdleMode: 1
04-28 18:51:22.253 I/SDM     ( 1810): SDMDisplay::SetActiveConfigWithConstraints: display = 0, config: 7, WxH 1440x3200, fps 60@auto@60:10
04-28 18:51:22.254 W/SDM     ( 1810): HWDeviceDRM::GetSupportedBitClkRate: Requested rate not supported: 1286000000
04-28 18:51:22.254 I/SDM     ( 1810): HWDeviceDRM::UpdateMixerAttributes: Mixer WxH 1440x3200-1 for Peripheral
04-28 18:51:22.260 D/libsensor-D2SNotifier( 2925): DisplayId 0 Displayinfo2SlpiNotifier to type 8 displayFrequency = 10
04-28 18:51:22.261 D/FPSMonitor( 1841): threadFuncFpsMonitor display 0, fps 10
04-28 18:51:22.266 I/sensors ( 2925): qsh_qmi:41, qsh_qmi
04-28 18:51:22.269 D/MI-SF   ( 1966): isSupportLowBrightnessFpsSwitch current_setting_fps: 120
04-28 18:51:22.269 D/MI-SF   ( 1966): isTpIdleScene ,mAverageFrameRate is 4, 1
04-28 18:51:22.269 D/MI-SF   ( 1966): modeGroup37489152 mIsSupportAutomodeForMaxFpsSetting is 1(1), getCurrentBrightness() = 1366(0), mIsKeepAutoMode 0 isAutoModeAllowed() 1
04-28 18:51:22.269 D/MI-SF   ( 1966): setTpIdleFps choose FPS:60, mode:37489152
04-28 18:51:22.271 I/vendor.qti.hardware.display.composer-service( 1810): Sensor: notify citsensorservice to trigger cwb, misForced = 0
04-28 18:51:22.273 I/SDM     ( 1810): CWB config passed by cwb_client : tappoint 1  CWB_ROI : (699.000000 110.000000 940.000000 351.000000) for display-0
04-28 18:51:22.273 E/HwcComposer( 1966): getLuts failed Status(-129, EX_TRANSACTION_FAILED): 'UNKNOWN_TRANSACTION: '
04-28 18:51:22.286 I/sensors ( 2925): ~qsh_qmi:68, ~qsh_qmi
04-28 18:51:22.296 D/BluetoothGatt(14426): readRssi() - device: XX:XX:XX:XX:8F:96
04-28 18:51:22.297 D/BtGatt.GattService(28530): readRemoteRssi() - address=XX:XX:XX:XX:8F:96
04-28 18:51:22.297 D/bt_btif_gattc(28530): system/btif/src/btif_gatt_client.cc:644 btif_gattc_read_remote_rssi:
04-28 18:51:22.298 D/ble_sec (28530): system/stack/btm/btm_ble_sec.cc:539 BTM_ReadDevInfo: Determined device_type:BLE addr_type:public
04-28 18:51:22.298 D/bt_shim_hci(28530): system/main/shim/hci_layer.cc:233 transmit_command: Sending command READ_RSSI(0x1405)
04-28 18:51:22.298 D/vendor.qti.bluetooth@1.0-ibs_handler( 1781): SerialClockVote: vote for UART CLK ON
04-28 18:51:22.299 D/vendor.qti.bluetooth@1.0-wake_lock( 1781): Acquire wakelock is acquired
04-28 18:51:22.299 I/vendor.qti.bluetooth@1.0-ibs_handler( 1781): DeviceWakeUp: Writing IBS_WAKE_IND
04-28 18:51:22.302 I/vendor.qti.bluetooth@1.0-ibs_handler( 1781): ProcessIbsCmd: Received IBS_WAKE_ACK: 0xFC
04-28 18:51:22.302 I/vendor.qti.bluetooth@1.0-ibs_handler( 1781): ProcessIbsCmd: Signal wack_cond_
04-28 18:51:22.302 D/vendor.qti.bluetooth@1.0-ibs_handler( 1781): DeviceWakeUp: Unblocked from waiting for FC, pthread_cond_timedwait ret = 0
04-28 18:51:22.304 I/vendor.qti.bluetooth@1.0-ibs_handler( 1781): ProcessIbsCmd: Received IBS_WAKE_IND: 0xFD
04-28 18:51:22.304 I/vendor.qti.bluetooth@1.0-ibs_handler( 1781): ProcessIbsCmd: Writing IBS_WAKE_ACK
04-28 18:51:22.307 D/bt_shim_hci(28530): system/main/shim/hci_layer.cc:183 OnTransmitPacketCommandComplete: Received cmd complete for READ_RSSI(0x1405)
04-28 18:51:22.307 D/btm_acl (28530): system/stack/acl/btm_acl.cc:1867 btm_read_rssi_complete: Read rrsi complete rssi:-50 hci status:HCI_SUCCESS
04-28 18:51:22.307 V/bt_btif_gattc(28530): system/btif/src/btif_gatt_client.cc:308 btm_read_rssi_cb: HAL bt_gatt_callbacks->client->read_remote_rssi_cb
04-28 18:51:22.307 D/BtGatt.GattService(28530): onReadRemoteRssi() - clientIf=80 address=XX:XX:XX:XX:8F:96, rssi=-50, status=0
04-28 18:51:22.342 I/SDM     ( 1810): DisplayBase::CommitThread: Received Idle Timeout, panel: cmd, timeout: 70000 us
04-28 18:51:22.342 D/libsensor-parseRGB( 2925): CWB NotifyIdleStatus 1
04-28 18:51:22.346 I/vendor.qti.bluetooth@1.0-ibs_handler( 1781): ProcessIbsCmd: Received IBS_SLEEP_IND: 0xFE
04-28 18:51:22.353 I/SDM     ( 1810): PartialUpdateSrcSplit::SetCwbRoiForNonPU: CWB ROI Rect(699.000000 110.000000 940.000000 351.000000)
04-28 18:51:22.356 D/MI-SF   ( 1966): setIdleFps choose FPS:60, mode:20709632 mode_group 24641792
04-28 18:51:22.356 D/DisplayModeController( 1966): setDesiredMode 4630946654109872275 {mode={fps=60.00 Hz, modePtr={id=5, vsyncRate=60.00 Hz, peakRefreshRate=60.00 Hz}}, emitEvent=false, force=false}
04-28 18:51:22.369 I/SDM     ( 1810): SDMDisplay::SetActiveConfigWithConstraints: display = 0, config: 5, WxH 1440x3200, fps 60@idle@60:1
04-28 18:51:22.370 W/SDM     ( 1810): HWDeviceDRM::GetSupportedBitClkRate: Requested rate not supported: 1286000000
04-28 18:51:22.370 I/SDM     ( 1810): HWDeviceDRM::UpdateMixerAttributes: Mixer WxH 1440x3200-1 for Peripheral
04-28 18:51:22.371 I/SDM     ( 1810): HWDeviceDRM::SetupConcurrentWriteback: Tear down the Concurrent Writeback topology
04-28 18:51:22.376 I/SDM     ( 1810): NotifyCWBStatus: Notify the client about buffer (0xefaa6510) status 0 for display-0.
04-28 18:51:22.376 I/SDM     ( 1810): SDMConcurrentWriteBack::ProcessCWBStatus: CWB queue is empty. Display: 0
04-28 18:51:22.377 D/FPSMonitor( 1841): threadFuncFpsMonitor display 0, fps 1
04-28 18:51:22.377 D/libsensor-D2SNotifier( 2925): DisplayId 0 Displayinfo2SlpiNotifier to type 8 displayFrequency = 1
04-28 18:51:22.381 I/sensors ( 2925): qsh_qmi:41, qsh_qmi
04-28 18:51:22.390 I/sensors ( 2925): ~qsh_qmi:68, ~qsh_qmi
04-28 18:51:22.462 I/SDM     ( 1810): DisplayBase::CommitThread: Received Idle Timeout, panel: cmd, timeout: 70000 us
04-28 18:51:22.463 D/libsensor-parseRGB( 2925): CWB NotifyIdleStatus 1
04-28 18:51:22.489 D/AudioPipeline(14426): SIM audio drawer entries emitted count=2 downloading=1 queued=0 holding=0 maxDownloadProgress=0.0
04-28 18:51:22.490 D/DownloadService(14426): Audio files state: downloading=1, queued=0, ready=1, queueSize=0
04-28 18:51:22.491 W/DownloadService(14426): Notification permission missing, skip foreground notification update
04-28 18:51:22.529 D/MI-SF   ( 1966): isSupportLowBrightnessFpsSwitch current_setting_fps: 120
04-28 18:51:22.529 D/MI-SF   ( 1966): isTpIdleScene ,mAverageFrameRate is 8, 1
04-28 18:51:22.529 D/MI-SF   ( 1966): modeGroup20709632 mIsSupportAutomodeForMaxFpsSetting is 1(1), getCurrentBrightness() = 1366(0), mIsKeepAutoMode 0 isAutoModeAllowed() 1
04-28 18:51:22.529 D/MI-SF   ( 1966): setTpIdleFps choose FPS:60, mode:37489152
04-28 18:51:22.529 D/DisplayModeController( 1966): setDesiredMode 4630946654109872275 {mode={fps=60.00 Hz, modePtr={id=7, vsyncRate=60.00 Hz, peakRefreshRate=60.00 Hz}}, emitEvent=true, force=false}
04-28 18:51:22.529 E/DisplayModeController( 1966): setDesiredMode : Idle status skip setActiveMode, isDdicIdleMode: 1
04-28 18:51:22.536 I/SDM     ( 1810): SDMDisplay::SetActiveConfigWithConstraints: display = 0, config: 7, WxH 1440x3200, fps 60@auto@60:10
04-28 18:51:22.537 W/SDM     ( 1810): HWDeviceDRM::GetSupportedBitClkRate: Requested rate not supported: 1286000000
04-28 18:51:22.537 I/SDM     ( 1810): HWDeviceDRM::UpdateMixerAttributes: Mixer WxH 1440x3200-1 for Peripheral
04-28 18:51:22.538 I/vendor.qti.hardware.display.composer-service( 1810): Sensor: notify citsensorservice to trigger cwb, misForced = 1
04-28 18:51:22.538 I/SDM     ( 1810): CWB config passed by cwb_client : tappoint 1  CWB_ROI : (699.000000 110.000000 940.000000 351.000000) for display-0
04-28 18:51:22.543 D/FPSMonitor( 1841): threadFuncFpsMonitor display 0, fps 10
04-28 18:51:22.543 D/libsensor-D2SNotifier( 2925): DisplayId 0 Displayinfo2SlpiNotifier to type 8 displayFrequency = 10
04-28 18:51:22.549 I/sensors ( 2925): qsh_qmi:41, qsh_qmi
04-28 18:51:22.552 I/vendor.qti.bluetooth@1.0-ibs_handler( 1781): DeviceSleep: TX Awake, Sending SLEEP_IND
04-28 18:51:22.553 D/vendor.qti.bluetooth@1.0-ibs_handler( 1781): SerialClockVote: vote for UART CLK OFF
04-28 18:51:22.553 I/sensors ( 2925): ~qsh_qmi:68, ~qsh_qmi
04-28 18:51:22.555 E/HwcComposer( 1966): getLuts failed Status(-129, EX_TRANSACTION_FAILED): 'UNKNOWN_TRANSACTION: '
04-28 18:51:22.561 D/MI-SF   ( 1966): isSupportLowBrightnessFpsSwitch current_setting_fps: 120
04-28 18:51:22.561 D/MI-SF   ( 1966): isTpIdleScene ,mAverageFrameRate is 0, 1
04-28 18:51:22.561 D/MI-SF   ( 1966): modeGroup37489152 mIsSupportAutomodeForMaxFpsSetting is 1(1), getCurrentBrightness() = 1366(0), mIsKeepAutoMode 0 isAutoModeAllowed() 1
04-28 18:51:22.561 D/MI-SF   ( 1966): setTpIdleFps choose FPS:60, mode:37489152
04-28 18:51:22.562 I/SDM     ( 1810): PartialUpdateSrcSplit::SetCwbRoiForNonPU: CWB ROI Rect(699.000000 110.000000 940.000000 351.000000)
04-28 18:51:22.591 I/SDM     ( 1810): NotifyCWBStatus: Notify the client about buffer (0xefaa70c0) status 0 for display-0.
04-28 18:51:22.596 I/SDM     ( 1810): SDMConcurrentWriteBack::ProcessCWBStatus: CWB queue is empty. Display: 0
04-28 18:51:22.637 I/SDM     ( 1810): DisplayBase::CommitThread: Received Idle Timeout, panel: cmd, timeout: 70000 us
04-28 18:51:22.637 D/libsensor-parseRGB( 2925): CWB NotifyIdleStatus 1
04-28 18:51:22.639 D/MI-SF   ( 1966): setIdleFps choose FPS:60, mode:20709632 mode_group 24641792
04-28 18:51:22.640 D/DisplayModeController( 1966): setDesiredMode 4630946654109872275 {mode={fps=60.00 Hz, modePtr={id=5, vsyncRate=60.00 Hz, peakRefreshRate=60.00 Hz}}, emitEvent=false, force=false}
04-28 18:51:22.644 I/SDM     ( 1810): SDMDisplay::SetActiveConfigWithConstraints: display = 0, config: 5, WxH 1440x3200, fps 60@idle@60:1
04-28 18:51:22.645 W/SDM     ( 1810): HWDeviceDRM::GetSupportedBitClkRate: Requested rate not supported: 1286000000
04-28 18:51:22.645 I/SDM     ( 1810): HWDeviceDRM::UpdateMixerAttributes: Mixer WxH 1440x3200-1 for Peripheral
04-28 18:51:22.646 I/SDM     ( 1810): HWDeviceDRM::SetupConcurrentWriteback: Tear down the Concurrent Writeback topology
04-28 18:51:22.654 I/NetworkAccelerateSwitchService( 3839): EVENT_RSSI_POLL. mRssiPoll=true
04-28 18:51:22.654 I/WifiService( 3839): getConnectionInfo uid=1000
04-28 18:51:22.654 V/WifiService( 3839): Clearing REDACT_FOR_LOCAL_MAC_ADDRESS for android(uid=1000)
04-28 18:51:22.654 V/WifiService( 3839): Clearing REDACT_FOR_NETWORK_SETTINGS for android(uid=1000)
04-28 18:51:22.654 V/WifiService( 3839): Clearing REDACT_FOR_ACCESS_FINE_LOCATION for android(uid=1000)
04-28 18:51:22.655 I/WifiService( 3839): getVerboseLoggingLevel uid=1000
04-28 18:51:22.655 I/NetworkAccelerateSwitchService( 3839): ================= checkWifiRssiAndLinkSpeed START ================
04-28 18:51:22.655 I/NetworkAccelerateSwitchService( 3839): checkWifiRssiAndLinkSpeed mMinRssiFastFadeDifference:9 mMedRssiFastFadeDifference:13 mMaxRssiFastFadeDifference:15
04-28 18:51:22.655 I/NetworkAccelerateSwitchService( 3839): checkWifiRssiAndLinkSpeed txBandwidthCapMbps:300
04-28 18:51:22.655 I/NetworkAccelerateSwitchService( 3839): checkWifiRssiAndLinkSpeed rxBandwidthCapMbps:300
04-28 18:51:22.655 I/NetworkAccelerateSwitchService( 3839): checkWifiRssiAndLinkSpeed mcsidx:-1
04-28 18:51:22.655 I/NetworkAccelerateSwitchService( 3839): checkWifiRssiAndLinkSpeed rssi difference:-1
04-28 18:51:22.655 I/NetworkAccelerateSwitchService( 3839): checkWifiRssiAndLinkSpeed txBandwidthCapMbps proportions:1.0
04-28 18:51:22.655 I/NetworkAccelerateSwitchService( 3839): checkWifiRssiAndLinkSpeed rxBandwidthCapMbps proportions:1.0
04-28 18:51:22.655 I/NetworkAccelerateSwitchService( 3839): checkWifiRssiAndLinkSpeed mcsidx difference:0
04-28 18:51:22.655 I/NetworkAccelerateSwitchService( 3839): checkWifiRssiAndLinkSpeed FastFadeWeakNetThresholdAdjustment:0
04-28 18:51:22.655 I/NetworkAccelerateSwitchService( 3839): ================= checkWifiRssiAndLinkSpeed END ================
04-28 18:51:22.655 I/NetworkAccelerateSwitchService( 3839): checkWifiRssiAndLinkSpeed rssi:35
04-28 18:51:22.655 I/NetworkAccelerateSwitchService( 3839): checkWifiRssiAndLinkSpeed mWifiFastFade:false mWifiFastFadeAdjustThreshold:false
04-28 18:51:22.655 I/NetworkAccelerateSwitchService( 3839): getAverageWifiRssi:34
04-28 18:51:22.655 D/NetworkAccelerateSwitchService( 3839): checkIntervalModeChange mMovementState:false mIntervalMode:0 mIsBadLinkLayerQoE:false mBadLinkLayerQoETimes = 0
04-28 18:51:22.656 D/FPSMonitor( 1841): threadFuncFpsMonitor display 0, fps 1
04-28 18:51:22.656 D/libsensor-D2SNotifier( 2925): DisplayId 0 Displayinfo2SlpiNotifier to type 8 displayFrequency = 1
04-28 18:51:22.661 I/sensors ( 2925): qsh_qmi:41, qsh_qmi
04-28 18:51:22.665 I/sensors ( 2925): ~qsh_qmi:68, ~qsh_qmi
04-28 18:51:22.672 D/MI-SF   ( 1966): isSupportLowBrightnessFpsSwitch current_setting_fps: 120
04-28 18:51:22.672 D/MI-SF   ( 1966): isTpIdleScene ,mAverageFrameRate is 0, 1
04-28 18:51:22.672 D/MI-SF   ( 1966): modeGroup20709632 mIsSupportAutomodeForMaxFpsSetting is 1(1), getCurrentBrightness() = 1366(0), mIsKeepAutoMode 0 isAutoModeAllowed() 1
04-28 18:51:22.672 D/MI-SF   ( 1966): setTpIdleFps choose FPS:60, mode:37489152
04-28 18:51:22.672 D/DisplayModeController( 1966): setDesiredMode 4630946654109872275 {mode={fps=60.00 Hz, modePtr={id=7, vsyncRate=60.00 Hz, peakRefreshRate=60.00 Hz}}, emitEvent=true, force=false}
04-28 18:51:22.672 E/DisplayModeController( 1966): setDesiredMode : Idle status skip setActiveMode, isDdicIdleMode: 1
04-28 18:51:22.672 W/LayerDrawable( 5963): Failed to obtain smooth corners because the drawable of the children in the layerstate is null
04-28 18:51:22.690 D/MiuiWifiCommonBase( 3839): band: 0, compensate: 0
04-28 18:51:22.690 D/WifiClientModeImpl[719075603:wlan0]( 3839): updateLinkLayerStatsRssiSpeedFrequencyCapabilities rssi=-34 TxLinkspeed=300 freq=2462 RxLinkSpeed=300
04-28 18:51:22.690 I/WifiService( 3839): getConnectionInfo uid=1000
04-28 18:51:22.690 V/WifiService( 3839): Clearing REDACT_FOR_LOCAL_MAC_ADDRESS for android(uid=1000)
04-28 18:51:22.690 V/WifiService( 3839): Clearing REDACT_FOR_NETWORK_SETTINGS for android(uid=1000)
04-28 18:51:22.690 V/WifiService( 3839): Clearing REDACT_FOR_ACCESS_FINE_LOCATION for android(uid=1000)
04-28 18:51:22.692 W/HWComposer( 1966): Ignoring duplicate VSYNC event from HWC for display 4630946654109872275 (t=663191835993000)
04-28 18:51:22.692 D/WifiDataStall( 3839): tx tput in kbps: 125812
04-28 18:51:22.692 D/WifiDataStall( 3839): rx tput in kbps: 206250
04-28 18:51:22.692 V/WifiConfigManager( 3839): Updating scan detail cache freq=2462 BSSID=74:39:89:2a:67:26 RSSI=-34 for "MstRobot"WPA_PSK
04-28 18:51:22.692 D/WifiChannelUtilization( 3839):  freq: 2462 onTime: 17671810 busyTime: 10698637 onTimeDiff: 2774 busyTimeDiff: 1517 utilization: 139 utilization t0: -88
04-28 18:51:22.693 D/WifiDataStall( 3839):  ccaLevel = 80
04-28 18:51:22.693 D/WifiDataStall( 3839): L2 txTputKbps: 136125, rxTputKbps: 206250, L3 txTputKbps: 12, rxTputKbps: 712, TxTrafficHigh: true, RxTrafficHigh: true, Throughput Sufficient: true
04-28 18:51:22.693 D/WifiThroughputPredictor( 3839):  utilization (LLS) 80 isBluetoothConnected: false final utilization: 80
04-28 18:51:22.693 D/WifiThroughputPredictor( 3839):  BW: 1 RSSI: -34 Nss: 2 Mode: 4 symDur: 3600 snrDb 43 bitPerTone: 5000 rate: 300 throughput: 205
04-28 18:51:22.693 D/WifiThroughputPredictor( 3839):  utilization (LLS) 80 isBluetoothConnected: false final utilization: 80
04-28 18:51:22.693 D/WifiThroughputPredictor( 3839):  BW: 1 RSSI: -34 Nss: 2 Mode: 4 symDur: 3600 snrDb 43 bitPerTone: 5000 rate: 300 throughput: 205
04-28 18:51:22.693 I/WifiService( 3839): getVerboseLoggingLevel uid=1000
04-28 18:51:22.693 D/WifiScoreCard( 3839): BSSID update SIGNAL_POLL ID: 404527809 SSID: "MstRobot", BSSID: 74:39:89:2a:67:26, MAC: fa:2c:a2:da:d1:aa, IP: /192.168.0.106, Security type: 2, Supplicant state: COMPLETED, Wi-Fi standard: 11n, RSSI: -34, Link speed: 300Mbps, Tx Link speed: 300Mbps, Max Supported Tx Link speed: 300Mbps, Rx Link speed: 300Mbps, Max Supported Rx Link speed: 300Mbps, Frequency: 2462MHz, Net ID: 6, Metered hint: false, score: 60, isUsable: true, CarrierMerged: false, SubscriptionId: -1, IsPrimary: 1, Trusted: true, Restricted: false, Ephemeral: false, OEM paid: false, OEM private: false, OSU AP: false, FQDN: <none>, Provider friendly name: <none>, Requesting package name: <none>"MstRobot"wpa2-pskMLO Information: , Is TID-To-Link negotiation supported by the AP: false, AP MLD Address: <none>, AP MLO Link Id: <none>, AP MLO Affiliated links: <none>, Vendor Data: <none>
04-28 18:51:22.693 D/WifiScoreCard( 3839): txRate: 47 txSpeed: 300
04-28 18:51:22.693 D/WifiScoreCard( 3839): network update SIGNAL_POLL "MstRobot" ID: 608343939 RSSI -34 txSpeed 300
04-28 18:51:22.693 D/MiuiNM  ( 3839): rssi: -34, txPer: 34, rxPer: 0, ccaBr: 54, bcnLr: 13, tcpFr: 43, bcnRx: 26, txGood:23.36, txRetry:12.10, txBad:0.00
04-28 18:51:22.694 D/WifiClientModeImpl[719075603:wlan0]( 3839):  ClientModeImpl$L2ConnectedState screen=on 24 0 "MstRobot" 74:39:89:2a:67:26 rssi=-34 f=2462 sc= 60, mSwithInWeakNet: true [updated score = 60,  failpercent=43 { out=69 in=126 lost=3 inretrans=3 total retrans=0 tmo=21 inflight=3}] link=300 tx=30.6, 16.1, 0.0 rx=58.0 bcn=308054 [on:2773 tx:76 rx:85 period:3007] from screen [on:2933400 period:8954043] score=60
04-28 18:51:22.695 W/LayerDrawable( 5963): Failed to obtain smooth corners because the drawable of the children in the layerstate is null
04-28 18:51:22.695 D/AmlWifiScoreReportInjector( 3839): onWifiUsabilityStats: channelUtilization=139 seqNum = 160437 bssidChanged = 0 isQcomPlatform = true
04-28 18:51:22.697 I/SDM     ( 1810): SDMDisplay::SetActiveConfigWithConstraints: display = 0, config: 7, WxH 1440x3200, fps 60@auto@60:10
04-28 18:51:22.697 D/AudioPipeline(14426): SIM audio drawer entries emitted count=2 downloading=1 queued=0 holding=0 maxDownloadProgress=0.0
04-28 18:51:22.697 D/DownloadService(14426): Audio files state: downloading=1, queued=0, ready=1, queueSize=0
04-28 18:51:22.698 W/SDM     ( 1810): HWDeviceDRM::GetSupportedBitClkRate: Requested rate not supported: 1286000000
04-28 18:51:22.698 I/SDM     ( 1810): HWDeviceDRM::UpdateMixerAttributes: Mixer WxH 1440x3200-1 for Peripheral
04-28 18:51:22.699 W/DownloadService(14426): Notification permission missing, skip foreground notification update
04-28 18:51:22.699 I/MiClstc ( 1810): DropLayers erase layer 6948
04-28 18:51:22.699 I/MiClstc ( 1810): DropLayers erase layer 6951
04-28 18:51:22.699 I/MiClstc ( 1810): DropLayers erase layer 6952
04-28 18:51:22.700 D/RenderEngine( 1966): drawLayersInternal layername:Toast#34945 regionblurRadius:375 blurInput:1440x3200 blurRect:1200x281
