04-28 18:50:00.292 E/DisplayModeController( 1966): setDesiredMode : Idle status skip setActiveMode, isDdicIdleMode: 1
04-28 18:50:00.302 I/SDM     ( 1810): SDMDisplay::SetActiveConfigWithConstraints: display = 0, config: 7, WxH 1440x3200, fps 60@auto@60:10
04-28 18:50:00.303 W/SDM     ( 1810): HWDeviceDRM::GetSupportedBitClkRate: Requested rate not supported: 1286000000
04-28 18:50:00.303 I/SDM     ( 1810): HWDeviceDRM::UpdateMixerAttributes: Mixer WxH 1440x3200-1 for Peripheral
04-28 18:50:00.304 I/SDM     ( 1810): HWDeviceDRM::SetupConcurrentWriteback: Tear down the Concurrent Writeback topology
04-28 18:50:00.311 D/FPSMonitor( 1841): threadFuncFpsMonitor display 0, fps 10
04-28 18:50:00.313 D/libsensor-D2SNotifier( 2925): DisplayId 0 Displayinfo2SlpiNotifier to type 8 displayFrequency = 10
04-28 18:50:00.321 D/MI-SF   ( 1966): isSupportLowBrightnessFpsSwitch current_setting_fps: 120
04-28 18:50:00.321 D/MI-SF   ( 1966): isTpIdleScene ,mAverageFrameRate is 4, 1
04-28 18:50:00.321 D/MI-SF   ( 1966): modeGroup37489152 mIsSupportAutomodeForMaxFpsSetting is 1(1), getCurrentBrightness() = 1093(0), mIsKeepAutoMode 0 isAutoModeAllowed() 1
04-28 18:50:00.321 D/MI-SF   ( 1966): setTpIdleFps choose FPS:60, mode:37489152
04-28 18:50:00.321 I/sensors ( 2925): qsh_qmi:41, qsh_qmi
04-28 18:50:00.327 I/vendor.qti.bluetooth@1.0-ibs_handler( 1781): DeviceSleep: TX Awake, Sending SLEEP_IND
04-28 18:50:00.327 D/vendor.qti.bluetooth@1.0-ibs_handler( 1781): SerialClockVote: vote for UART CLK OFF
04-28 18:50:00.329 I/sensors ( 2925): ~qsh_qmi:68, ~qsh_qmi
04-28 18:50:00.393 I/SDM     ( 1810): DisplayBase::CommitThread: Received Idle Timeout, panel: cmd, timeout: 70000 us
04-28 18:50:00.393 D/libsensor-parseRGB( 2925): CWB NotifyIdleStatus 1
04-28 18:50:00.404 D/MI-SF   ( 1966): setIdleFps choose FPS:60, mode:20709632 mode_group 24641792
04-28 18:50:00.405 D/DisplayModeController( 1966): setDesiredMode 4630946654109872275 {mode={fps=60.00 Hz, modePtr={id=5, vsyncRate=60.00 Hz, peakRefreshRate=60.00 Hz}}, emitEvent=false, force=false}
04-28 18:50:00.411 D/JavaheapMonitor(32464): Java heap used=6M max=256M, proc: com.xiaomi.xmsf
04-28 18:50:00.411 V/JavaheapMonitor(32464): Check java heap usage finished! Next check delay: 300000
04-28 18:50:00.419 I/SDM     ( 1810): SDMDisplay::SetActiveConfigWithConstraints: display = 0, config: 5, WxH 1440x3200, fps 60@idle@60:1
04-28 18:50:00.420 W/SDM     ( 1810): HWDeviceDRM::GetSupportedBitClkRate: Requested rate not supported: 1286000000
04-28 18:50:00.420 I/SDM     ( 1810): HWDeviceDRM::UpdateMixerAttributes: Mixer WxH 1440x3200-1 for Peripheral
04-28 18:50:00.425 D/FPSMonitor( 1841): threadFuncFpsMonitor display 0, fps 1
04-28 18:50:00.426 D/libsensor-D2SNotifier( 2925): DisplayId 0 Displayinfo2SlpiNotifier to type 8 displayFrequency = 1
04-28 18:50:00.446 I/sensors ( 2925): qsh_qmi:41, qsh_qmi
04-28 18:50:00.452 I/sensors ( 2925): ~qsh_qmi:68, ~qsh_qmi
04-28 18:50:00.466 D/AudioPipeline(12133): SIM audio drawer entries emitted count=2 downloading=1 queued=0 holding=0 maxDownloadProgress=0.0
04-28 18:50:00.466 D/DownloadService(12133): Audio files state: downloading=1, queued=0, ready=1, queueSize=0
04-28 18:50:00.468 W/DownloadService(12133): Notification permission missing, skip foreground notification update
04-28 18:50:00.477 D/vendor.qti.bluetooth@1.0-wake_lock( 1781): Release wakelock is released
04-28 18:50:00.492 D/MI-SF   ( 1966): isSupportLowBrightnessFpsSwitch current_setting_fps: 120
04-28 18:50:00.492 D/MI-SF   ( 1966): isTpIdleScene ,mAverageFrameRate is 4, 1
04-28 18:50:00.492 D/MI-SF   ( 1966): modeGroup20709632 mIsSupportAutomodeForMaxFpsSetting is 1(1), getCurrentBrightness() = 1093(0), mIsKeepAutoMode 0 isAutoModeAllowed() 1
04-28 18:50:00.492 D/MI-SF   ( 1966): setTpIdleFps choose FPS:60, mode:37489152
04-28 18:50:00.492 D/DisplayModeController( 1966): setDesiredMode 4630946654109872275 {mode={fps=60.00 Hz, modePtr={id=7, vsyncRate=60.00 Hz, peakRefreshRate=60.00 Hz}}, emitEvent=true, force=false}
04-28 18:50:00.492 E/DisplayModeController( 1966): setDesiredMode : Idle status skip setActiveMode, isDdicIdleMode: 1
04-28 18:50:00.496 D/QLM-Service( 8670): check_headroom_zone: Timer EVT, Temp: 62155
04-28 18:50:00.503 I/SDM     ( 1810): SDMDisplay::SetActiveConfigWithConstraints: display = 0, config: 7, WxH 1440x3200, fps 60@auto@60:10
04-28 18:50:00.504 W/SDM     ( 1810): HWDeviceDRM::GetSupportedBitClkRate: Requested rate not supported: 1286000000
04-28 18:50:00.504 I/SDM     ( 1810): HWDeviceDRM::UpdateMixerAttributes: Mixer WxH 1440x3200-1 for Peripheral
04-28 18:50:00.506 I/vendor.qti.hardware.display.composer-service( 1810): Sensor: notify citsensorservice to trigger cwb, misForced = 0
04-28 18:50:00.507 I/SDM     ( 1810): CWB config passed by cwb_client : tappoint 1  CWB_ROI : (699.000000 110.000000 940.000000 351.000000) for display-0
04-28 18:50:00.512 D/FPSMonitor( 1841): threadFuncFpsMonitor display 0, fps 10
04-28 18:50:00.513 D/libsensor-D2SNotifier( 2925): DisplayId 0 Displayinfo2SlpiNotifier to type 8 displayFrequency = 10
04-28 18:50:00.523 I/sensors ( 2925): qsh_qmi:41, qsh_qmi
04-28 18:50:00.523 D/MI-SF   ( 1966): isSupportLowBrightnessFpsSwitch current_setting_fps: 120
04-28 18:50:00.523 D/MI-SF   ( 1966): isTpIdleScene ,mAverageFrameRate is 4, 1
04-28 18:50:00.523 D/MI-SF   ( 1966): modeGroup37489152 mIsSupportAutomodeForMaxFpsSetting is 1(1), getCurrentBrightness() = 1093(0), mIsKeepAutoMode 0 isAutoModeAllowed() 1
04-28 18:50:00.523 D/MI-SF   ( 1966): setTpIdleFps choose FPS:60, mode:37489152
04-28 18:50:00.524 I/SDM     ( 1810): PartialUpdateSrcSplit::SetCwbRoiForNonPU: CWB ROI Rect(699.000000 110.000000 940.000000 351.000000)
04-28 18:50:00.526 E/HwcComposer( 1966): getLuts failed Status(-129, EX_TRANSACTION_FAILED): 'UNKNOWN_TRANSACTION: '
04-28 18:50:00.540 I/SDM     ( 1810): NotifyCWBStatus: Notify the client about buffer (0xefaab6e0) status 0 for display-0.
04-28 18:50:00.541 I/SDM     ( 1810): SDMConcurrentWriteBack::ProcessCWBStatus: CWB queue is empty. Display: 0
04-28 18:50:00.541 I/sensors ( 2925): ~qsh_qmi:68, ~qsh_qmi
04-28 18:50:00.556 D/JavaheapMonitor(14149): Java heap used=11M max=256M, proc: com.miui.analytics
04-28 18:50:00.556 V/JavaheapMonitor(14149): Check java heap usage finished! Next check delay: 300000
04-28 18:50:00.560 D/JavaheapMonitor(31883): Java heap used=28M max=256M, proc: com.android.quicksearchbox
04-28 18:50:00.560 V/JavaheapMonitor(31883): Check java heap usage finished! Next check delay: 300000
04-28 18:50:00.596 I/SDM     ( 1810): DisplayBase::CommitThread: Received Idle Timeout, panel: cmd, timeout: 70000 us
04-28 18:50:00.596 D/libsensor-parseRGB( 2925): CWB NotifyIdleStatus 1
04-28 18:50:00.602 D/MI-SF   ( 1966): setIdleFps choose FPS:60, mode:20709632 mode_group 24641792
04-28 18:50:00.602 D/DisplayModeController( 1966): setDesiredMode 4630946654109872275 {mode={fps=60.00 Hz, modePtr={id=5, vsyncRate=60.00 Hz, peakRefreshRate=60.00 Hz}}, emitEvent=false, force=false}
04-28 18:50:00.618 I/SDM     ( 1810): SDMDisplay::SetActiveConfigWithConstraints: display = 0, config: 5, WxH 1440x3200, fps 60@idle@60:1
04-28 18:50:00.619 W/SDM     ( 1810): HWDeviceDRM::GetSupportedBitClkRate: Requested rate not supported: 1286000000
04-28 18:50:00.619 I/SDM     ( 1810): HWDeviceDRM::UpdateMixerAttributes: Mixer WxH 1440x3200-1 for Peripheral
04-28 18:50:00.620 I/SDM     ( 1810): HWDeviceDRM::SetupConcurrentWriteback: Tear down the Concurrent Writeback topology
04-28 18:50:00.624 D/FPSMonitor( 1841): threadFuncFpsMonitor display 0, fps 1
04-28 18:50:00.624 D/libsensor-D2SNotifier( 2925): DisplayId 0 Displayinfo2SlpiNotifier to type 8 displayFrequency = 1
04-28 18:50:00.630 I/sensors ( 2925): qsh_qmi:41, qsh_qmi
04-28 18:50:00.648 I/sensors ( 2925): ~qsh_qmi:68, ~qsh_qmi
04-28 18:50:00.648 I/libsensor-boledalgo( 2925): dbv:1231,lux:206.7,cct:4858.3,hsv:2.5, CWB R:7.3,G:5.3,B:28.9 Event C:4314.5,R:2197.5,G:1725.2,B:851.5 Cali C:0.0,R:0.0,G:0.0,B:0.0
04-28 18:50:00.707 I/SDM     ( 1810): DisplayBase::CommitThread: Received Idle Timeout, panel: cmd, timeout: 70000 us
04-28 18:50:00.707 D/libsensor-parseRGB( 2925): CWB NotifyIdleStatus 1
04-28 18:50:00.758 D/HANGTASK( 3839): IOCTL_HANG_MON_Kick IOCTL,cmd= 2147774474, lParam=120.
04-28 18:50:00.787 I/vendor.qti.hardware.display.composer-service( 1810): Sensor: notify citsensorservice to trigger cwb, misForced = 1
04-28 18:50:00.788 I/SDM     ( 1810): CWB config passed by cwb_client : tappoint 1  CWB_ROI : (699.000000 110.000000 940.000000 351.000000) for display-0
04-28 18:50:00.802 I/SDM     ( 1810): PartialUpdateSrcSplit::SetCwbRoiForNonPU: CWB ROI Rect(699.000000 110.000000 940.000000 351.000000)
04-28 18:50:00.805 E/HwcComposer( 1966): getLuts failed Status(-129, EX_TRANSACTION_FAILED): 'UNKNOWN_TRANSACTION: '
04-28 18:50:00.828 I/SDM     ( 1810): NotifyCWBStatus: Notify the client about buffer (0xefaaa0e0) status 0 for display-0.
04-28 18:50:00.828 I/SDM     ( 1810): SDMConcurrentWriteBack::ProcessCWBStatus: CWB queue is empty. Display: 0
04-28 18:50:00.859 I/libsensor-boledalgo( 2925): dbv:1231,lux:206.4,cct:4918.1,hsv:2.5, CWB R:7.3,G:5.3,B:28.9 Event C:4320.0,R:2198.2,G:1729.7,B:860.9 Cali C:0.0,R:0.0,G:0.0,B:0.0
04-28 18:50:00.860 I/libsensor-boledalgo( 2925): dbv:1231,lux:206.8,cct:4998.7,hsv:2.5, CWB R:7.3,G:5.3,B:28.9 Event C:4324.7,R:2208.9,G:1751.8,B:873.7 Cali C:0.0,R:0.0,G:0.0,B:0.0
04-28 18:50:00.874 I/SDM     ( 1810): DisplayBase::CommitThread: Received Idle Timeout, panel: cmd, timeout: 70000 us
04-28 18:50:00.875 D/libsensor-parseRGB( 2925): CWB NotifyIdleStatus 1
04-28 18:50:00.925 I/sensors-hal( 1789): handle_sns_client_event:76, healthy_use_of_mobile_event: ts=806121203631757, -1.000000, -1.000000, -1.000000, -1.000000, 1.000000, 0.000000, 0.000000, 0.000000, 0.000000, 0.000000, 0.000000, 0.000000, 0.000000, 0.000000, 0.000000, 0.000000
04-28 18:50:00.932 D/MST_VisualSensorManager(15759): onSensorChanged:-1.0, -1.0, -1.0, -1.0, 1.0, 0.0, 0.0, 0.0, 0.0, 0.0, 0.0, 0.0, 0.0, 0.0, 0.0, 0.0 at 806121203631757
04-28 18:50:00.987 D/AudioPipeline(12133): SIM audio drawer entries emitted count=2 downloading=1 queued=0 holding=0 maxDownloadProgress=0.0
04-28 18:50:00.987 D/DownloadService(12133): Audio files state: downloading=1, queued=0, ready=1, queueSize=0
04-28 18:50:00.990 W/DownloadService(12133): Notification permission missing, skip foreground notification update
04-28 18:50:00.993 D/MiuiWifiCommonBase( 3839): band: 0, compensate: 0
04-28 18:50:00.993 D/WifiClientModeImpl[719075603:wlan0]( 3839): updateLinkLayerStatsRssiSpeedFrequencyCapabilities rssi=-34 TxLinkspeed=300 freq=2462 RxLinkSpeed=300
04-28 18:50:00.993 I/WifiService( 3839): getConnectionInfo uid=1000
04-28 18:50:00.993 V/WifiService( 3839): Clearing REDACT_FOR_LOCAL_MAC_ADDRESS for android(uid=1000)
04-28 18:50:00.993 V/WifiService( 3839): Clearing REDACT_FOR_NETWORK_SETTINGS for android(uid=1000)
04-28 18:50:00.993 V/WifiService( 3839): Clearing REDACT_FOR_ACCESS_FINE_LOCATION for android(uid=1000)
04-28 18:50:00.995 D/WifiDataStall( 3839): tx tput in kbps: 154687
04-28 18:50:00.995 D/WifiDataStall( 3839): rx tput in kbps: 206250
04-28 18:50:00.995 V/WifiConfigManager( 3839): Updating scan detail cache freq=2462 BSSID=74:39:89:2a:67:26 RSSI=-34 for "MstRobot"WPA_PSK
04-28 18:50:00.995 D/WifiChannelUtilization( 3839):  freq: 2462 onTime: 17606356 busyTime: 10661530 onTimeDiff: 2678 busyTimeDiff: 1444 utilization: 137 utilization t0: -89
04-28 18:50:00.997 D/WifiDataStall( 3839):  ccaLevel = 80
04-28 18:50:00.997 D/WifiDataStall( 3839): L2 txTputKbps: 150562, rxTputKbps: 206250, L3 txTputKbps: 8, rxTputKbps: 530, TxTrafficHigh: true, RxTrafficHigh: true, Throughput Sufficient: true
04-28 18:50:00.997 D/WifiThroughputPredictor( 3839):  utilization (LLS) 80 isBluetoothConnected: false final utilization: 80
04-28 18:50:00.997 D/WifiThroughputPredictor( 3839):  BW: 1 RSSI: -34 Nss: 2 Mode: 4 symDur: 3600 snrDb 43 bitPerTone: 5000 rate: 300 throughput: 205
04-28 18:50:00.997 D/WifiThroughputPredictor( 3839):  utilization (LLS) 80 isBluetoothConnected: false final utilization: 80
04-28 18:50:00.997 D/WifiThroughputPredictor( 3839):  BW: 1 RSSI: -34 Nss: 2 Mode: 4 symDur: 3600 snrDb 43 bitPerTone: 5000 rate: 300 throughput: 205
04-28 18:50:00.997 D/MiuiNM  ( 3839): rssi: -34, txPer: 27, rxPer: 0, ccaBr: 53, bcnLr: 30, tcpFr: 10, bcnRx: 21, txGood:24.09, txRetry:9.42, txBad:0.00
04-28 18:50:00.997 D/WifiScoreCard( 3839): BSSID update SIGNAL_POLL ID: 404527809 SSID: "MstRobot", BSSID: 74:39:89:2a:67:26, MAC: fa:2c:a2:da:d1:aa, IP: /192.168.0.106, Security type: 2, Supplicant state: COMPLETED, Wi-Fi standard: 11n, RSSI: -34, Link speed: 300Mbps, Tx Link speed: 300Mbps, Max Supported Tx Link speed: 300Mbps, Rx Link speed: 300Mbps, Max Supported Rx Link speed: 300Mbps, Frequency: 2462MHz, Net ID: 6, Metered hint: false, score: 60, isUsable: true, CarrierMerged: false, SubscriptionId: -1, IsPrimary: 1, Trusted: true, Restricted: false, Ephemeral: false, OEM paid: false, OEM private: false, OSU AP: false, FQDN: <none>, Provider friendly name: <none>, Requesting package name: <none>"MstRobot"wpa2-pskMLO Information: , Is TID-To-Link negotiation supported by the AP: false, AP MLD Address: <none>, AP MLO Link Id: <none>, AP MLO Affiliated links: <none>, Vendor Data: <none>
04-28 18:50:00.997 D/WifiScoreCard( 3839): txRate: 37 txSpeed: 300
04-28 18:50:00.997 D/WifiScoreCard( 3839): network update SIGNAL_POLL "MstRobot" ID: 608343939 RSSI -34 txSpeed 300
04-28 18:50:00.998 D/WifiClientModeImpl[719075603:wlan0]( 3839):  ClientModeImpl$L2ConnectedState screen=on 24 0 "MstRobot" 74:39:89:2a:67:26 rssi=-34 f=2462 sc= 60, mSwithInWeakNet: true [updated score = 60,  failpercent=10 { out=76 in=144 lost=1 inretrans=1 total retrans=2 tmo=5 inflight=1}] link=300 tx=26.0, 9.9, 0.0 rx=45.4 bcn=307422 [on:2678 tx:47 rx:87 period:3014] from screen [on:2867947 period:8872347] score=60
04-28 18:50:00.998 I/WifiService( 3839): getVerboseLoggingLevel uid=1000
04-28 18:50:00.998 D/AmlWifiScoreReportInjector( 3839): probabilityOfFailedTx = 0.27665919089258295
04-28 18:50:00.998 D/AmlWifiScoreReportInjector( 3839): mSwitchBackWifiThresholdAdjustment = 0
04-28 18:50:01.000 E/PhoneAdapter( 5894): get ntnphones failed, exception: java.lang.IllegalStateException: not support satellite!
04-28 18:50:01.003 I/WifiService( 3839): getScanResults uid=1000
04-28 18:50:01.004 D/AmlWifiScoreReportInjector( 3839): getMaxRssiInWaeknet weaknetRssi = -72
04-28 18:50:01.008 I/WifiService( 3839): getVerboseLoggingLevel uid=1000
04-28 18:50:01.009 D/AmlWifiScoreReportInjector( 3839): onWifiUsabilityStats: channelUtilization=137 seqNum = 160410 bssidChanged = 0 isQcomPlatform = true
04-28 18:50:01.025 D/MI-SF   ( 1966): isSupportLowBrightnessFpsSwitch current_setting_fps: 120
04-28 18:50:01.025 D/MI-SF   ( 1966): isTpIdleScene ,mAverageFrameRate is 0, 1
04-28 18:50:01.025 D/MI-SF   ( 1966): modeGroup20709632 mIsSupportAutomodeForMaxFpsSetting is 1(1), getCurrentBrightness() = 1093(0), mIsKeepAutoMode 0 isAutoModeAllowed() 1
04-28 18:50:01.026 D/MI-SF   ( 1966): setTpIdleFps choose FPS:60, mode:37489152
04-28 18:50:01.026 D/DisplayModeController( 1966): setDesiredMode 4630946654109872275 {mode={fps=60.00 Hz, modePtr={id=7, vsyncRate=60.00 Hz, peakRefreshRate=60.00 Hz}}, emitEvent=true, force=false}
04-28 18:50:01.026 E/DisplayModeController( 1966): setDesiredMode : Idle status skip setActiveMode, isDdicIdleMode: 1
04-28 18:50:01.030 D/wpa_supplicant(25850): nl80211: Drv Event 81 (NL80211_CMD_TDLS_OPER) received for wlan0
04-28 18:50:01.030 D/wpa_supplicant(25850): nl80211: TDLS operation event
04-28 18:50:01.030 D/wpa_supplicant(25850): nl80211: TDLS discovery request for peer 1c:db:d4:9b:8f:94
04-28 18:50:01.030 D/wpa_supplicant(25850): wlan0: Event TDLS (7) received
04-28 18:50:01.030 D/wpa_supplicant(25850): nl80211: Drv Event 81 (NL80211_CMD_TDLS_OPER) received for wlan0
04-28 18:50:01.030 D/wpa_supplicant(25850): nl80211: TDLS operation event
04-28 18:50:01.030 D/wpa_supplicant(25850): nl80211: TDLS discovery request for peer b4:5f:84:de:d4:d0
04-28 18:50:01.030 D/wpa_supplicant(25850): wlan0: Event TDLS (7) received
04-28 18:50:01.030 D/wpa_supplicant(25850): nl80211: Drv Event 81 (NL80211_CMD_TDLS_OPER) received for wlan0
04-28 18:50:01.030 D/wpa_supplicant(25850): nl80211: TDLS operation event
04-28 18:50:01.030 D/wpa_supplicant(25850): nl80211: TDLS discovery request for peer 14:c1:9f:d7:e3:f4
04-28 18:50:01.030 D/wpa_supplicant(25850): wlan0: Event TDLS (7) received
04-28 18:50:01.035 I/SDM     ( 1810): SDMDisplay::SetActiveConfigWithConstraints: display = 0, config: 7, WxH 1440x3200, fps 60@auto@60:10
04-28 18:50:01.036 W/SDM     ( 1810): HWDeviceDRM::GetSupportedBitClkRate: Requested rate not supported: 1286000000
04-28 18:50:01.036 I/SDM     ( 1810): HWDeviceDRM::UpdateMixerAttributes: Mixer WxH 1440x3200-1 for Peripheral
04-28 18:50:01.037 I/SDM     ( 1810): HWDeviceDRM::SetupConcurrentWriteback: Tear down the Concurrent Writeback topology
04-28 18:50:01.038 I/vendor.qti.hardware.display.composer-service( 1810): Sensor: notify citsensorservice to trigger cwb, misForced = 0
04-28 18:50:01.040 I/SDM     ( 1810): CWB config passed by cwb_client : tappoint 1  CWB_ROI : (699.000000 110.000000 940.000000 351.000000) for display-0
04-28 18:50:01.042 D/FPSMonitor( 1841): threadFuncFpsMonitor display 0, fps 10
04-28 18:50:01.043 D/libsensor-D2SNotifier( 2925): DisplayId 0 Displayinfo2SlpiNotifier to type 8 displayFrequency = 10
04-28 18:50:01.044 D/JavaheapMonitor( 3870): Java heap used=3M max=256M, proc: com.xiaomi.xmsf:persistent
04-28 18:50:01.044 V/JavaheapMonitor( 3870): Check java heap usage finished! Next check delay: 300000
04-28 18:50:01.055 D/MI-SF   ( 1966): isSupportLowBrightnessFpsSwitch current_setting_fps: 120
04-28 18:50:01.055 D/MI-SF   ( 1966): isTpIdleScene ,mAverageFrameRate is 0, 1
04-28 18:50:01.055 D/MI-SF   ( 1966): modeGroup37489152 mIsSupportAutomodeForMaxFpsSetting is 1(1), getCurrentBrightness() = 1093(0), mIsKeepAutoMode 0 isAutoModeAllowed() 1
04-28 18:50:01.055 D/MI-SF   ( 1966): setTpIdleFps choose FPS:60, mode:37489152
04-28 18:50:01.057 I/sensors ( 2925): qsh_qmi:41, qsh_qmi
04-28 18:50:01.058 E/HwcComposer( 1966): getLuts failed Status(-129, EX_TRANSACTION_FAILED): 'UNKNOWN_TRANSACTION: '
04-28 18:50:01.073 I/libsensor-boledalgo( 2925): dbv:1231,lux:206.0,cct:4889.4,hsv:2.5, CWB R:7.3,G:5.3,B:28.9 Event C:4328.3,R:2203.5,G:1719.5,B:858.6 Cali C:0.0,R:0.0,G:0.0,B:0.0
04-28 18:50:01.075 I/sensors ( 2925): ~qsh_qmi:68, ~qsh_qmi
04-28 18:50:01.127 I/SDM     ( 1810): DisplayBase::CommitThread: Received Idle Timeout, panel: cmd, timeout: 70000 us
04-28 18:50:01.127 D/libsensor-parseRGB( 2925): CWB NotifyIdleStatus 1
04-28 18:50:01.136 I/SDM     ( 1810): PartialUpdateSrcSplit::SetCwbRoiForNonPU: CWB ROI Rect(699.000000 110.000000 940.000000 351.000000)
04-28 18:50:01.138 D/MI-SF   ( 1966): setIdleFps choose FPS:60, mode:20709632 mode_group 24641792
04-28 18:50:01.138 D/DisplayModeController( 1966): setDesiredMode 4630946654109872275 {mode={fps=60.00 Hz, modePtr={id=5, vsyncRate=60.00 Hz, peakRefreshRate=60.00 Hz}}, emitEvent=false, force=false}
04-28 18:50:01.151 I/SDM     ( 1810): SDMDisplay::SetActiveConfigWithConstraints: display = 0, config: 5, WxH 1440x3200, fps 60@idle@60:1
04-28 18:50:01.152 W/SDM     ( 1810): HWDeviceDRM::GetSupportedBitClkRate: Requested rate not supported: 1286000000
04-28 18:50:01.152 I/SDM     ( 1810): HWDeviceDRM::UpdateMixerAttributes: Mixer WxH 1440x3200-1 for Peripheral
04-28 18:50:01.153 I/SDM     ( 1810): HWDeviceDRM::SetupConcurrentWriteback: Tear down the Concurrent Writeback topology
04-28 18:50:01.156 I/SDM     ( 1810): NotifyCWBStatus: Notify the client about buffer (0xefaa5f90) status 0 for display-0.
04-28 18:50:01.157 I/SDM     ( 1810): SDMConcurrentWriteBack::ProcessCWBStatus: CWB queue is empty. Display: 0
04-28 18:50:01.159 D/FPSMonitor( 1841): threadFuncFpsMonitor display 0, fps 1
04-28 18:50:01.159 D/libsensor-D2SNotifier( 2925): DisplayId 0 Displayinfo2SlpiNotifier to type 8 displayFrequency = 1
04-28 18:50:01.164 I/sensors ( 2925): qsh_qmi:41, qsh_qmi
04-28 18:50:01.176 I/sensors ( 2925): ~qsh_qmi:68, ~qsh_qmi
04-28 18:50:01.186 D/AudioPipeline(12133): SIM audio drawer entries emitted count=2 downloading=1 queued=0 holding=0 maxDownloadProgress=0.0
04-28 18:50:01.186 D/DownloadService(12133): Audio files state: downloading=1, queued=0, ready=1, queueSize=0
04-28 18:50:01.189 W/DownloadService(12133): Notification permission missing, skip foreground notification update
04-28 18:50:01.222 D/MI-SF   ( 1966): isSupportLowBrightnessFpsSwitch current_setting_fps: 120
04-28 18:50:01.222 D/MI-SF   ( 1966): isTpIdleScene ,mAverageFrameRate is 4, 1
04-28 18:50:01.222 D/MI-SF   ( 1966): modeGroup20709632 mIsSupportAutomodeForMaxFpsSetting is 1(1), getCurrentBrightness() = 1093(0), mIsKeepAutoMode 0 isAutoModeAllowed() 1
04-28 18:50:01.222 D/MI-SF   ( 1966): setTpIdleFps choose FPS:60, mode:37489152
04-28 18:50:01.222 D/DisplayModeController( 1966): setDesiredMode 4630946654109872275 {mode={fps=60.00 Hz, modePtr={id=7, vsyncRate=60.00 Hz, peakRefreshRate=60.00 Hz}}, emitEvent=true, force=false}
04-28 18:50:01.222 E/DisplayModeController( 1966): setDesiredMode : Idle status skip setActiveMode, isDdicIdleMode: 1
04-28 18:50:01.234 I/SDM     ( 1810): SDMDisplay::SetActiveConfigWithConstraints: display = 0, config: 7, WxH 1440x3200, fps 60@auto@60:10
04-28 18:50:01.235 W/SDM     ( 1810): HWDeviceDRM::GetSupportedBitClkRate: Requested rate not supported: 1286000000
04-28 18:50:01.235 I/SDM     ( 1810): HWDeviceDRM::UpdateMixerAttributes: Mixer WxH 1440x3200-1 for Peripheral
04-28 18:50:01.242 D/FPSMonitor( 1841): threadFuncFpsMonitor display 0, fps 10
04-28 18:50:01.241 D/libsensor-D2SNotifier( 2925): DisplayId 0 Displayinfo2SlpiNotifier to type 8 displayFrequency = 10
04-28 18:50:01.249 I/sensors ( 2925): qsh_qmi:41, qsh_qmi
04-28 18:50:01.251 D/MI-SF   ( 1966): isSupportLowBrightnessFpsSwitch current_setting_fps: 120
04-28 18:50:01.251 D/MI-SF   ( 1966): isTpIdleScene ,mAverageFrameRate is 4, 1
04-28 18:50:01.251 D/MI-SF   ( 1966): modeGroup37489152 mIsSupportAutomodeForMaxFpsSetting is 1(1), getCurrentBrightness() = 1093(0), mIsKeepAutoMode 0 isAutoModeAllowed() 1
04-28 18:50:01.251 D/MI-SF   ( 1966): setTpIdleFps choose FPS:60, mode:37489152
04-28 18:50:01.253 I/vendor.qti.hardware.display.composer-service( 1810): Sensor: notify citsensorservice to trigger cwb, misForced = 0
04-28 18:50:01.254 I/SDM     ( 1810): CWB config passed by cwb_client : tappoint 1  CWB_ROI : (699.000000 110.000000 940.000000 351.000000) for display-0
04-28 18:50:01.257 I/sensors ( 2925): ~qsh_qmi:68, ~qsh_qmi
04-28 18:50:01.304 D/JavaheapMonitor(31509): Java heap used=4M max=256M, proc: com.android.nfc
04-28 18:50:01.311 I/adbd    ( 3027): in ShellService: export ANDROID_LOG_TAGS="''"; exec logcat '-d' '-v' 'time'
04-28 18:50:01.323 I/SDM     ( 1810): DisplayBase::CommitThread: Received Idle Timeout, panel: cmd, timeout: 70000 us
04-28 18:50:01.323 D/libsensor-parseRGB( 2925): CWB NotifyIdleStatus 1
04-28 18:50:01.332 D/MI-SF   ( 1966): setIdleFps choose FPS:60, mode:20709632 mode_group 24641792
04-28 18:50:01.332 D/DisplayModeController( 1966): setDesiredMode 4630946654109872275 {mode={fps=60.00 Hz, modePtr={id=5, vsyncRate=60.00 Hz, peakRefreshRate=60.00 Hz}}, emitEvent=false, force=false}
04-28 18:50:01.333 D/MI-SF   ( 1966): setIdleFps choose FPS:60, mode:20709632 mode_group 24641792
04-28 18:50:01.334 I/SDM     ( 1810): SDMDisplay::SetActiveConfigWithConstraints: display = 0, config: 5, WxH 1440x3200, fps 60@idle@60:1
04-28 18:50:01.334 W/SDM     ( 1810): HWDeviceDRM::GetSupportedBitClkRate: Requested rate not supported: 1286000000
04-28 18:50:01.334 I/SDM     ( 1810): HWDeviceDRM::UpdateMixerAttributes: Mixer WxH 1440x3200-1 for Peripheral
04-28 18:50:01.335 I/SDM     ( 1810): PartialUpdateSrcSplit::SetCwbRoiForNonPU: CWB ROI Rect(699.000000 110.000000 940.000000 351.000000)
04-28 18:50:01.337 E/HwcComposer( 1966): getLuts failed Status(-129, EX_TRANSACTION_FAILED): 'UNKNOWN_TRANSACTION: '
04-28 18:50:01.341 D/FPSMonitor( 1841): threadFuncFpsMonitor display 0, fps 1
04-28 18:50:01.341 D/libsensor-D2SNotifier( 2925): DisplayId 0 Displayinfo2SlpiNotifier to type 8 displayFrequency = 1
04-28 18:50:01.347 I/sensors ( 2925): qsh_qmi:41, qsh_qmi
04-28 18:50:01.350 I/sensors ( 2925): ~qsh_qmi:68, ~qsh_qmi
04-28 18:50:01.352 I/SDM     ( 1810): HWDeviceDRM::SetupConcurrentWriteback: Tear down the Concurrent Writeback topology
04-28 18:50:01.356 I/SDM     ( 1810): NotifyCWBStatus: Notify the client about buffer (0xefaa2680) status 0 for display-0.
04-28 18:50:01.356 I/SDM     ( 1810): SDMConcurrentWriteBack::ProcessCWBStatus: CWB queue is empty. Display: 0
