--------- beginning of main
04-28 18:49:50.903 I/sensors ( 2925): ~qsh_qmi:68, ~qsh_qmi
04-28 18:49:50.930 D/JavaheapMonitor( 5261): Java heap used=42M max=512M, proc: com.miui.home
04-28 18:49:50.930 V/JavaheapMonitor( 5261): Check java heap usage finished! Next check delay: 300000
04-28 18:49:50.936 I/SDM     ( 1810): DisplayBase::CommitThread: Received Idle Timeout, panel: cmd, timeout: 70000 us
04-28 18:49:50.936 D/libsensor-parseRGB( 2925): CWB NotifyIdleStatus 1
04-28 18:49:50.948 D/wpa_supplicant(25850): nl80211: Drv Event 81 (NL80211_CMD_TDLS_OPER) received for wlan0
04-28 18:49:50.948 D/wpa_supplicant(25850): nl80211: TDLS operation event
04-28 18:49:50.948 D/wpa_supplicant(25850): nl80211: TDLS discovery request for peer 1c:db:d4:9b:8f:94
04-28 18:49:50.948 D/wpa_supplicant(25850): wlan0: Event TDLS (7) received
04-28 18:49:50.953 D/wpa_supplicant(25850): nl80211: Drv Event 81 (NL80211_CMD_TDLS_OPER) received for wlan0
04-28 18:49:50.953 D/wpa_supplicant(25850): nl80211: TDLS operation event
04-28 18:49:50.953 D/wpa_supplicant(25850): nl80211: TDLS discovery request for peer b4:5f:84:de:d4:d0
04-28 18:49:50.953 D/wpa_supplicant(25850): wlan0: Event TDLS (7) received
04-28 18:49:50.953 D/wpa_supplicant(25850): nl80211: Drv Event 81 (NL80211_CMD_TDLS_OPER) received for wlan0
04-28 18:49:50.953 D/wpa_supplicant(25850): nl80211: TDLS operation event
04-28 18:49:50.953 D/wpa_supplicant(25850): nl80211: TDLS discovery request for peer 14:c1:9f:d7:e3:f4
04-28 18:49:50.953 D/wpa_supplicant(25850): wlan0: Event TDLS (7) received
04-28 18:49:50.953 D/MI-SF   ( 1966): setIdleFps choose FPS:60, mode:20709632 mode_group 24641792
04-28 18:49:50.954 D/DisplayModeController( 1966): setDesiredMode 4630946654109872275 {mode={fps=60.00 Hz, modePtr={id=5, vsyncRate=60.00 Hz, peakRefreshRate=60.00 Hz}}, emitEvent=false, force=false}
04-28 18:49:50.962 I/SDM     ( 1810): SDMDisplay::SetActiveConfigWithConstraints: display = 0, config: 5, WxH 1440x3200, fps 60@idle@60:1
04-28 18:49:50.963 W/SDM     ( 1810): HWDeviceDRM::GetSupportedBitClkRate: Requested rate not supported: 1286000000
04-28 18:49:50.963 I/SDM     ( 1810): HWDeviceDRM::UpdateMixerAttributes: Mixer WxH 1440x3200-1 for Peripheral
04-28 18:49:50.964 I/SDM     ( 1810): HWDeviceDRM::SetupConcurrentWriteback: Tear down the Concurrent Writeback topology
04-28 18:49:50.967 D/BluetoothGatt(12133): readRssi() - device: XX:XX:XX:XX:8F:96
04-28 18:49:50.968 D/BtGatt.GattService(28530): readRemoteRssi() - address=XX:XX:XX:XX:8F:96
04-28 18:49:50.969 D/bt_btif_gattc(28530): system/btif/src/btif_gatt_client.cc:644 btif_gattc_read_remote_rssi:
04-28 18:49:50.969 D/FPSMonitor( 1841): threadFuncFpsMonitor display 0, fps 1
04-28 18:49:50.970 D/libsensor-D2SNotifier( 2925): DisplayId 0 Displayinfo2SlpiNotifier to type 8 displayFrequency = 1
04-28 18:49:50.974 D/ble_sec (28530): system/stack/btm/btm_ble_sec.cc:539 BTM_ReadDevInfo: Determined device_type:BLE addr_type:public
04-28 18:49:50.974 D/bt_shim_hci(28530): system/main/shim/hci_layer.cc:233 transmit_command: Sending command READ_RSSI(0x1405)
04-28 18:49:50.975 D/vendor.qti.bluetooth@1.0-ibs_handler( 1781): SerialClockVote: vote for UART CLK ON
04-28 18:49:50.976 D/vendor.qti.bluetooth@1.0-wake_lock( 1781): Acquire wakelock is acquired
04-28 18:49:50.976 I/vendor.qti.bluetooth@1.0-ibs_handler( 1781): DeviceWakeUp: Writing IBS_WAKE_IND
04-28 18:49:50.982 I/sensors ( 2925): qsh_qmi:41, qsh_qmi
04-28 18:49:50.984 I/vendor.qti.bluetooth@1.0-ibs_handler( 1781): ProcessIbsCmd: Received IBS_WAKE_ACK: 0xFC
04-28 18:49:50.984 I/vendor.qti.bluetooth@1.0-ibs_handler( 1781): ProcessIbsCmd: Signal wack_cond_
04-28 18:49:50.984 D/vendor.qti.bluetooth@1.0-ibs_handler( 1781): DeviceWakeUp: Unblocked from waiting for FC, pthread_cond_timedwait ret = 0
04-28 18:49:50.987 I/vendor.qti.bluetooth@1.0-ibs_handler( 1781): ProcessIbsCmd: Received IBS_WAKE_IND: 0xFD
04-28 18:49:50.987 I/vendor.qti.bluetooth@1.0-ibs_handler( 1781): ProcessIbsCmd: Writing IBS_WAKE_ACK
04-28 18:49:50.987 D/bt_shim_hci(28530): system/main/shim/hci_layer.cc:183 OnTransmitPacketCommandComplete: Received cmd complete for READ_RSSI(0x1405)
04-28 18:49:50.987 D/btm_acl (28530): system/stack/acl/btm_acl.cc:1867 btm_read_rssi_complete: Read rrsi complete rssi:-46 hci status:HCI_SUCCESS
04-28 18:49:50.987 V/bt_btif_gattc(28530): system/btif/src/btif_gatt_client.cc:308 btm_read_rssi_cb: HAL bt_gatt_callbacks->client->read_remote_rssi_cb
04-28 18:49:50.988 D/BtGatt.GattService(28530): onReadRemoteRssi() - clientIf=79 address=XX:XX:XX:XX:8F:96, rssi=-46, status=0
04-28 18:49:50.996 I/sensors ( 2925): ~qsh_qmi:68, ~qsh_qmi
04-28 18:49:51.029 I/adbd    ( 3027): in ShellService: input tap 910 2560
04-28 18:49:51.031 I/vendor.qti.bluetooth@1.0-ibs_handler( 1781): ProcessIbsCmd: Received IBS_SLEEP_IND: 0xFE
04-28 18:49:51.047 D/AudioPipeline(12133): SIM audio drawer entries emitted count=2 downloading=1 queued=0 holding=0 maxDownloadProgress=0.0
04-28 18:49:51.047 D/DownloadService(12133): Audio files state: downloading=1, queued=0, ready=1, queueSize=0
04-28 18:49:51.049 W/DownloadService(12133): Notification permission missing, skip foreground notification update
04-28 18:49:51.049 I/SDM     ( 1810): DisplayBase::CommitThread: Received Idle Timeout, panel: cmd, timeout: 70000 us
04-28 18:49:51.050 D/libsensor-parseRGB( 2925): CWB NotifyIdleStatus 1
--------- beginning of system
04-28 18:49:51.080 W/MIUIInput( 3839): Input motion event injection from package: null action ACTION_DOWN
04-28 18:49:51.081 I/MIUIInput( 3839): [MotionEvent] publisher action=0x0, deviceId=-1, 663100224, channel 'e686fc7 com.smartsales.prism/com.smartsales.prism.MainActivity'
04-28 18:49:51.081 I/MIUIInput( 3839): [MotionEvent] publisher action=0x0, deviceId=-1, 663100224, channel '[Gesture Monitor] onehanded-touch'
04-28 18:49:51.081 I/MIUIInput( 3839): [MotionEvent] publisher action=0x0, deviceId=-1, 663100224, channel '[Gesture Monitor] WMShell'
04-28 18:49:51.081 I/MIUIInput( 3839): [MotionEvent] publisher action=0x0, deviceId=-1, 663100224, channel '[Gesture Monitor] miui-gesture'
04-28 18:49:51.082 D/SchedBoost( 3839): handleSceneBoost type: 17, active :true
04-28 18:49:51.082 I/ProcessManager( 3839): getRenderThreadTidByPid, caller=3839
04-28 18:49:51.082 D/MI-SF   ( 1966): setIdleFps choose FPS:60, mode:20709632 mode_group 24641792
04-28 18:49:51.082 D/RefreshRateSelector( 1966): Touch Boost
04-28 18:49:51.082 D/MI-SF   ( 1966): modeGroup41426432 mIsSupportAutomodeForMaxFpsSetting is 1(1), getCurrentBrightness() = 1093(0), mIsKeepAutoMode 0 isAutoModeAllowed() 1
04-28 18:49:51.082 D/RefreshRateSelector( 1966): fixedMode_group: 41426432, isFindModeGroup 1
04-28 18:49:51.082 D/RefreshRateSelector( 1966): find max refresh rate:120, mode Group:41426432
04-28 18:49:51.082 D/DisplayModeController( 1966): setDesiredMode 4630946654109872275 {mode={fps=120.00 Hz, modePtr={id=1, vsyncRate=120.00 Hz, peakRefreshRate=120.00 Hz}}, emitEvent=true, force=false}
04-28 18:49:51.082 E/DisplayModeController( 1966): setDesiredMode : Idle status skip setActiveMode, isDdicIdleMode: 1
04-28 18:49:51.082 D/SchedBoostThread( 3839): thread tid=12133, priority is set to 1
04-28 18:49:51.084 I/MiuiSplitInputMethodImpl( 3839): Skip onPointerDownOutsideFocusLocked
04-28 18:49:51.084 D/SchedBoostThread( 3839): thread tid=21069, priority is set to 1
04-28 18:49:51.084 I/MiuiSplitInputMethodImpl( 3839): Skip onPointerDownOutsideFocusLocked
04-28 18:49:51.084 I/MiuiSplitInputMethodImpl( 3839): Skip onPointerDownOutsideFocusLocked
04-28 18:49:51.084 I/MiuiSplitInputMethodImpl( 3839): Skip onPointerDownOutsideFocusLocked
04-28 18:49:51.089 I/SidebarCoverView(14048): onTouch : 4
04-28 18:49:51.090 D/OneHandedTutorialHandler( 5963): resetDraggingState: false
04-28 18:49:51.090 D/MiuiFreeformModeGestureHandler( 5963): start handle MotionEvents:(910.0,2560.0)
04-28 18:49:51.090 D/MiuiFreeformModeGestureHandler( 5963): handleMotionEvents mActiveMiuiFreeformTask null x: 910.0 y: 2560.0 current miuiFreeformModeTaskInfo:
04-28 18:49:51.090 D/MultiTaskingTaskRepository( 5963): getTopFullscreenTaskInfo: taskId=28142 windowingMode=1 isVisible=true isTopActivityTransparent=false
04-28 18:49:51.090 D/MiuiDecorationRootViewHost( 5963): isTouchedInTopCaption: taskId = 28142, tempViewHost = null
04-28 18:49:51.090 D/MiuiDecorationDot( 5963): isTouchedInTopCaption: taskId = 28142, mMulWinSwitchVIewHost is not ready for layout
04-28 18:49:51.090 D/MulWinSwitchEventHandler( 5963): dispatchToFullOrSplitDecorationDot: touchedTaskId=-1
04-28 18:49:51.090 D/MulWinSwitchEventHandler( 5963): handleReceivedMotionEvent: mTouchedBottomTaskId=-1
04-28 18:49:51.091 D/EventBus( 1255): No subscribers registered for event class com.xiaomi.xms.event.msg.SystemTouchMsg
04-28 18:49:51.091 D/EventBus( 1255): No subscribers registered for event class xc.h
04-28 18:49:51.095 I/MIUIInput(12133): [MotionEvent] ViewRootImpl windowName 'com.smartsales.prism/com.smartsales.prism.MainActivity', { action=ACTION_DOWN, id[0]=0, pointerCount=1, eventTime=663100224, downTime=663100224, phoneEventTime=1777373391080 } moveCount:0
04-28 18:49:51.095 D/VRI[MainActivity](12133): getMiuiFreeformStackInfo mTmpFrames.miuiFreeFormStackInfo: null
04-28 18:49:51.100 I/SDM     ( 1810): SDMDisplay::SetActiveConfigWithConstraints: display = 0, config: 1, WxH 1440x3200, fps 120@auto@120:30
04-28 18:49:51.101 W/SDM     ( 1810): HWDeviceDRM::GetSupportedBitClkRate: Requested rate not supported: 1286000000
04-28 18:49:51.101 I/SDM     ( 1810): HWDeviceDRM::UpdateMixerAttributes: Mixer WxH 1440x3200-1 for Peripheral
04-28 18:49:51.106 I/vendor.qti.hardware.display.composer-service( 1810): Sensor: notify citsensorservice to trigger cwb, misForced = 0
04-28 18:49:51.107 I/SDM     ( 1810): CWB config passed by cwb_client : tappoint 1  CWB_ROI : (699.000000 110.000000 940.000000 351.000000) for display-0
04-28 18:49:51.109 D/libsensor-D2SNotifier( 2925): DisplayId 0 Displayinfo2SlpiNotifier to type 8 displayFrequency = 30
04-28 18:49:51.109 D/FPSMonitor( 1841): threadFuncFpsMonitor display 0, fps 30
04-28 18:49:51.115 W/MIUIInput( 3839): Input motion event injection from package: null action ACTION_UP
04-28 18:49:51.115 I/MIUIInput( 3839): [MotionEvent] publisher action=0x1, deviceId=-1, 663100224, channel 'e686fc7 com.smartsales.prism/com.smartsales.prism.MainActivity'
04-28 18:49:51.115 I/MIUIInput( 3839): [MotionEvent] publisher action=0x1, deviceId=-1, 663100224, channel '[Gesture Monitor] onehanded-touch'
04-28 18:49:51.115 I/MIUIInput( 3839): [MotionEvent] publisher action=0x1, deviceId=-1, 663100224, channel '[Gesture Monitor] WMShell'
04-28 18:49:51.115 I/MIUIInput( 3839): [MotionEvent] publisher action=0x1, deviceId=-1, 663100224, channel '[Gesture Monitor] miui-gesture'
04-28 18:49:51.116 I/MIUIInput(12133): [MotionEvent] ViewRootImpl windowName 'com.smartsales.prism/com.smartsales.prism.MainActivity', { action=ACTION_UP, id[0]=0, pointerCount=1, eventTime=663100224, downTime=663100224, phoneEventTime=1777373391080 } moveCount:0
04-28 18:49:51.117 D/RefreshRateSelector( 1966): Touch Boost
04-28 18:49:51.117 D/MI-SF   ( 1966): modeGroup41426432 mIsSupportAutomodeForMaxFpsSetting is 1(1), getCurrentBrightness() = 1093(0), mIsKeepAutoMode 0 isAutoModeAllowed() 1
04-28 18:49:51.117 D/RefreshRateSelector( 1966): fixedMode_group: 41426432, isFindModeGroup 1
04-28 18:49:51.117 D/RefreshRateSelector( 1966): find max refresh rate:120, mode Group:41426432
04-28 18:49:51.116 D/DisplayPolicyStubImpl( 3839): boost for touch up begin
04-28 18:49:51.118 I/SDM     ( 1810): PartialUpdateSrcSplit::SetCwbRoiForNonPU: CWB ROI Rect(699.000000 110.000000 940.000000 351.000000)
04-28 18:49:51.119 I/DisplayDeviceRepository( 3839): Display device changed render timings: "内置屏幕", renderFrameRate=120.00001, presentationDeadlineNanos=11333333, appVsyncOffsetNanos=1000000, frameRateOverrides=[]
04-28 18:49:51.119 I/DisplayPolicyStubImpl( 3839): boost for touch up, package:com.smartsales.prism
04-28 18:49:51.120 E/HwcComposer( 1966): getLuts failed Status(-129, EX_TRANSACTION_FAILED): 'UNKNOWN_TRANSACTION: '
04-28 18:49:51.120 D/AurogonBandwidthController( 3839): skinTemperature:49.927
04-28 18:49:51.121 D/WindowManager( 3839): DeferredDisplayUpdater: partially applying DisplayInfo(1440 x 3200) immediately
04-28 18:49:51.121 W/DisplayContentStubImpl( 3839):  displayMetricsChanged=false physicalDisplayChanged=false displayId=0 newUniqueId=local:4630946654109872275 currentUnique=local:4630946654109872275
04-28 18:49:51.121 D/DisplayContentStubImpl( 3839): Display{#0 state=ON size=1440x3200 ROTATION_0} isActivityEmbeddingSplitEnable false
04-28 18:49:51.122 W/InsetsSource( 3839): Has no intersection or mTmpFrame.height(), return Insets.NONE mTmpFrame.height() =0 hasIntersection =false
04-28 18:49:51.122 W/InsetsSource( 3839): Has no intersection or mTmpFrame.height(), return Insets.NONE mTmpFrame.height() =0 hasIntersection =false
04-28 18:49:51.122 D/MiuiRefreshRatePolicy( 3839): reset
04-28 18:49:51.122 E/DisplayModeDirectorImpl( 3839): Invalid displayId: 138, only 0 and 1 are supported
04-28 18:49:51.122 D/MiuiRefreshRatePolicy( 3839): reset
04-28 18:49:51.122 E/DisplayModeDirectorImpl( 3839): Invalid displayId: 120, only 0 and 1 are supported
04-28 18:49:51.122 D/MiuiRefreshRatePolicy( 3839): reset
04-28 18:49:51.122 E/DisplayModeDirectorImpl( 3839): Invalid displayId: 76, only 0 and 1 are supported
04-28 18:49:51.122 D/MiuiRefreshRatePolicy( 3839): reset
04-28 18:49:51.122 E/DisplayModeDirectorImpl( 3839): Invalid displayId: 68, only 0 and 1 are supported
04-28 18:49:51.122 D/MiuiRefreshRatePolicy( 3839): reset
04-28 18:49:51.122 E/DisplayModeDirectorImpl( 3839): Invalid displayId: 64, only 0 and 1 are supported
04-28 18:49:51.122 D/MiuiRefreshRatePolicy( 3839): reset
04-28 18:49:51.122 E/DisplayModeDirectorImpl( 3839): Invalid displayId: 56, only 0 and 1 are supported
04-28 18:49:51.122 D/MiuiRefreshRatePolicy( 3839): reset
04-28 18:49:51.122 E/DisplayModeDirectorImpl( 3839): Invalid displayId: 42, only 0 and 1 are supported
04-28 18:49:51.122 D/MiuiRefreshRatePolicy( 3839): reset
04-28 18:49:51.122 E/DisplayModeDirectorImpl( 3839): Invalid displayId: 34, only 0 and 1 are supported
04-28 18:49:51.122 D/MiuiRefreshRatePolicy( 3839): reset
04-28 18:49:51.122 E/DisplayModeDirectorImpl( 3839): Invalid displayId: 24, only 0 and 1 are supported
04-28 18:49:51.122 D/MiuiRefreshRatePolicy( 3839): reset
04-28 18:49:51.122 E/DisplayModeDirectorImpl( 3839): Invalid displayId: 6, only 0 and 1 are supported
04-28 18:49:51.122 W/InsetsSource( 3839): Has no intersection or mTmpFrame.height(), return Insets.NONE mTmpFrame.height() =0 hasIntersection =false
04-28 18:49:51.123 W/InsetsSource( 3839): Has no intersection or mTmpFrame.height(), return Insets.NONE mTmpFrame.height() =0 hasIntersection =false
04-28 18:49:51.123 D/BarFollowAnimation( 3839): pairAppearanceRegionAndWin win=Window{e686fc7 u0 com.smartsales.prism/com.smartsales.prism.MainActivity} 0
04-28 18:49:51.123 D/BarFollowAnimation( 3839): isAppTaskBarOnTop win:Window{e686fc7 u0 com.smartsales.prism/com.smartsales.prism.MainActivity} (mCurrentTopTask:Task{534de26 #28142 type=standard A=10433:com.smartsales.prism} : true); (mAssociatedTask:Task{534de26 #28142 type=standard A=10433:com.smartsales.prism} : true); (mHomeTask:Task{39ded46 #1 type=home} : false); mReparentToOriginParent:false mLastAppBarVisible:true mLastHomeBarVisible:false
04-28 18:49:51.123 D/MiuiRefreshRatePolicy( 3839): reset
04-28 18:49:51.123 D/SimSchedulerViewModel(12133): transcript_ingress source=scheduler_debug_button length=18 text=晚上8点的开会取消了，得去机场接人。
04-28 18:49:51.124 D/SimSchedulerIngress(12133): route_preflight length=18 displayedDateIso=2026-04-28 mightReschedule=false shortlistSize=0 transcript=晚上8点的开会取消了，得去机场接人。
04-28 18:49:51.124 W/InsetsSource( 3839): Has no intersection or mTmpFrame.height(), return Insets.NONE mTmpFrame.height() =0 hasIntersection =false
04-28 18:49:51.124 W/InsetsSource( 3839): Has no intersection or mTmpFrame.height(), return Insets.NONE mTmpFrame.height() =0 hasIntersection =false
04-28 18:49:51.124 D/SimSchedulerIngress(12133): route_decision intent=DELETE_UNSUPPORTED shape=UNSUPPORTED owner=REJECT terminal=false reason=delete unsupported
04-28 18:49:51.124 W/SimSchedulerIngress(12133): ui_failure branch=reject intent=DELETE_UNSUPPORTED owner=REJECT displayed=SIM 当前不支持语音删除，请在面板手动操作
04-28 18:49:51.129 D/AudioFlingerImpl( 1930): setGameParameters keyvalue: screen_state=on
04-28 18:49:51.129 D/DeviceHalAidl( 1930): [default] setParameters: parameters: "screen_state=on"
04-28 18:49:51.129 D/PAL: API( 1794): pal_set_param: 1497: Enter: param id 8 (PAL_PARAM_ID_SCREEN_STATE)
04-28 18:49:51.130 D/PAL: ResourceManager( 1794): setParameter: 11845: Enter param id: 8 (PAL_PARAM_ID_SCREEN_STATE)
04-28 18:49:51.130 I/PAL: ResourceManager( 1794): setParameter: 11872: Screen State:1
04-28 18:49:51.130 D/PAL: ResourceManager( 1794): setParameter: 13545: Exit status: 0
04-28 18:49:51.130 D/PAL: API( 1794): pal_set_param: 1514: Exit, status 0
04-28 18:49:51.130 D/DeviceHalAidl( 1930): [usb] setParameters: parameters: "screen_state=on"
04-28 18:49:51.130 D/AHAL_Module( 1794): updateScreenState: usb: 1
04-28 18:49:51.130 D/DeviceHalAidl( 1930): [r_submix] setParameters: parameters: "screen_state=on"
04-28 18:49:51.130 D/AHAL_Module( 1794): updateScreenState: r_submix: 1
04-28 18:49:51.130 D/DeviceHalAidl( 1930): [bluetooth] setParameters: parameters: "screen_state=on"
04-28 18:49:51.130 D/AHAL_Module( 1794): updateScreenState: bluetooth: 1
04-28 18:49:51.131 W/InsetsSource(31883): Has no intersection or mTmpFrame.height(), return Insets.NONE mTmpFrame.height() =0 hasIntersection =false
04-28 18:49:51.131 W/GestureStubView_Left( 5261): onDisplayChanged
04-28 18:49:51.131 W/GestureStubView_Left( 5261): adaptRotation   currentRotation=0   mRotation=0
04-28 18:49:51.131 W/GestureStubView_Right( 5261): onDisplayChanged
04-28 18:49:51.131 W/GestureStubView_Right( 5261): adaptRotation   currentRotation=0   mRotation=0
04-28 18:49:51.131 W/InsetsSource(31883): Has no intersection or mTmpFrame.height(), return Insets.NONE mTmpFrame.height() =0 hasIntersection =false
04-28 18:49:51.131 W/InsetsSource(31883): Has no intersection or mTmpFrame.height(), return Insets.NONE mTmpFrame.height() =0 hasIntersection =false
04-28 18:49:51.131 W/InsetsSource(31883): Has no intersection or mTmpFrame.height(), return Insets.NONE mTmpFrame.height() =0 hasIntersection =false
04-28 18:49:51.131 W/InsetsSource(31883): Has no intersection or mTmpFrame.height(), return Insets.NONE mTmpFrame.height() =0 hasIntersection =false
04-28 18:49:51.131 W/InsetsSource(31883): Has no intersection or mTmpFrame.height(), return Insets.NONE mTmpFrame.height() =0 hasIntersection =false
04-28 18:49:51.131 W/Launcher( 5261): onDisplayChanged: newRotation=0, mCurrentRotation=0
04-28 18:49:51.131 V/AutoDensityController( 5963): on display changed 0 context dpi:586 origin dpi:600 target dpi:586
04-28 18:49:51.131 D/ControlCenterWindowViewController( 5963): on display changed 0
04-28 18:49:51.131 V/AODAutoDensityController( 5963): on display changed 0 context dpi:586 origin dpi:600 target dpi:586
04-28 18:49:51.132 D/MiuiGxzwAnimView( 5963): onDisplayChanged: oldState = 2, newState = 2
04-28 18:49:51.133 I/sensors ( 2925): qsh_qmi:41, qsh_qmi
04-28 18:49:51.136 I/sensors ( 2925): ~qsh_qmi:68, ~qsh_qmi
04-28 18:49:51.137 D/EventBus( 1255): No subscribers registered for event class com.xiaomi.xms.event.msg.SystemTouchMsg
04-28 18:49:51.137 D/EventBus( 1255): No subscribers registered for event class xc.h
04-28 18:49:51.141 I/SDM     ( 1810): NotifyCWBStatus: Notify the client about buffer (0xefaa8770) status 0 for display-0.
04-28 18:49:51.141 I/SDM     ( 1810): SDMConcurrentWriteBack::ProcessCWBStatus: CWB queue is empty. Display: 0
04-28 18:49:51.163 I/SKIA    (12133): CreateGraphicsPipeline pipeline cache hit. elpased time: 0.62 ms.
04-28 18:49:51.173 I/SDM     ( 1810): HWDeviceDRM::SetupConcurrentWriteback: Tear down the Concurrent Writeback topology
04-28 18:49:51.187 W/BpBinder( 1966): Large outgoing transaction of 117236 bytes, interface descriptor android.gui.IWindowInfosListener, code 1 was sent
04-28 18:49:51.211 D/RefreshRateSelector( 1966): Touch Boost
04-28 18:49:51.211 D/MI-SF   ( 1966): modeGroup41426432 mIsSupportAutomodeForMaxFpsSetting is 1(1), getCurrentBrightness() = 1093(0), mIsKeepAutoMode 0 isAutoModeAllowed() 1
04-28 18:49:51.211 D/RefreshRateSelector( 1966): fixedMode_group: 41426432, isFindModeGroup 1
04-28 18:49:51.211 D/RefreshRateSelector( 1966): find max refresh rate:120, mode Group:41426432
04-28 18:49:51.234 I/vendor.qti.bluetooth@1.0-ibs_handler( 1781): DeviceSleep: TX Awake, Sending SLEEP_IND
04-28 18:49:51.234 D/vendor.qti.bluetooth@1.0-ibs_handler( 1781): SerialClockVote: vote for UART CLK OFF
04-28 18:49:51.244 W/BpBinder( 1966): Large outgoing transaction of 117236 bytes, interface descriptor android.gui.IWindowInfosListener, code 1 was sent
04-28 18:49:51.267 D/AudioPipeline(12133): SIM audio drawer entries emitted count=2 downloading=1 queued=0 holding=0 maxDownloadProgress=0.0
04-28 18:49:51.267 D/DownloadService(12133): Audio files state: downloading=1, queued=0, ready=1, queueSize=0
04-28 18:49:51.269 W/DownloadService(12133): Notification permission missing, skip foreground notification update
04-28 18:49:51.271 I/libsensor-boledalgo( 2925): dbv:1231,lux:206.9,cct:4875.8,hsv:2.5, CWB R:7.3,G:5.3,B:28.9 Event C:4322.1,R:2182.2,G:1719.9,B:854.3 Cali C:0.0,R:0.0,G:0.0,B:0.0
04-28 18:49:51.309 I/od.sogou.xiaomi(  686): This is non sticky GC, maxfree is 33554432 minfree is 8388608
04-28 18:49:51.314 I/vendor.qti.hardware.display.composer-service( 1810): Sensor: notify citsensorservice to trigger cwb, misForced = 0
04-28 18:49:51.315 I/SDM     ( 1810): CWB config passed by cwb_client : tappoint 1  CWB_ROI : (699.000000 110.000000 940.000000 351.000000) for display-0
04-28 18:49:51.341 I/SDM     ( 1810): HWDeviceDRM::SetupConcurrentWriteback: Tear down the Concurrent Writeback topology
04-28 18:49:51.349 I/SDM     ( 1810): NotifyCWBStatus: Notify the client about buffer (0xefaa5f90) status 0 for display-0.
04-28 18:49:51.349 I/SDM     ( 1810): SDMConcurrentWriteBack::ProcessCWBStatus: CWB queue is empty. Display: 0
04-28 18:49:51.353 E/HwcComposer( 1966): getLuts failed Status(-129, EX_TRANSACTION_FAILED): 'UNKNOWN_TRANSACTION: '
04-28 18:49:51.356 D/JavaheapMonitor(15942): Java heap used=2M max=256M, proc: com.xiaomi.misettings:widgetProvider
04-28 18:49:51.357 V/JavaheapMonitor(15942): Check java heap usage finished! Next check delay: 300000
04-28 18:49:51.385 D/vendor.qti.bluetooth@1.0-wake_lock( 1781): Release wakelock is released
04-28 18:49:51.442 D/AurogonBandwidthController( 3839): skinTemperature:49.792
04-28 18:49:51.442 D/AurogonBandwidthController( 3839): skinTemperature:49.792
04-28 18:49:51.484 I/libsensor-boledalgo( 2925): dbv:1231,lux:205.1,cct:4943.9,hsv:2.5, CWB R:7.3,G:5.3,B:28.9 Event C:4309.9,R:2197.5,G:1722.9,B:862.8 Cali C:0.0,R:0.0,G:0.0,B:0.0
04-28 18:49:51.517 I/vendor.qti.hardware.display.composer-service( 1810): Sensor: notify citsensorservice to trigger cwb, misForced = 0
04-28 18:49:51.517 I/SDM     ( 1810): CWB config passed by cwb_client : tappoint 1  CWB_ROI : (699.000000 110.000000 940.000000 351.000000) for display-0
04-28 18:49:51.540 I/SDM     ( 1810): NotifyCWBStatus: Notify the client about buffer (0xefaa8770) status 0 for display-0.
04-28 18:49:51.540 I/SDM     ( 1810): SDMConcurrentWriteBack::ProcessCWBStatus: CWB queue is empty. Display: 0
04-28 18:49:51.542 I/SDM     ( 1810): HWDeviceDRM::SetupConcurrentWriteback: Tear down the Concurrent Writeback topology
04-28 18:49:51.568 D/AurogonBandwidthController( 3839): skinTemperature:49.792
04-28 18:49:51.594 E/HwcComposer( 1966): getLuts failed Status(-129, EX_TRANSACTION_FAILED): 'UNKNOWN_TRANSACTION: '
04-28 18:49:51.620 E/ANDR-PERF( 1813): ExtendedPerfBoost: trigger_rearm_timer() 179: setthermalbreak req empty boostparam=boost:0
04-28 18:49:51.620 D/AurogonBandwidthController( 3839): skinTemperature:49.792
04-28 18:49:51.639 I/SDM     ( 1810): HWDeviceDRM::SetupConcurrentWriteback: Tear down the Concurrent Writeback topology
04-28 18:49:51.644 W/ActivityTaskManager( 3839): MANAGE_ACTIVITY_STACKS is deprecated, please use alternative permission: MANAGE_ACTIVITY_TASKS
04-28 18:49:51.653 I/SDM     ( 1810): DemuraTnCaptureIntfImpl::ProcessCapturePanelData: Screen capture status = 0
04-28 18:49:51.716 D/JavaheapMonitor(32343): Java heap used=28M max=256M, proc: com.miui.securitycenter.remote
04-28 18:49:51.716 V/JavaheapMonitor(32343): Check java heap usage finished! Next check delay: 300000
04-28 18:49:51.733 I/vendor.qti.hardware.display.composer-service( 1810): Sensor: notify citsensorservice to trigger cwb, misForced = 0
04-28 18:49:51.734 I/SDM     ( 1810): CWB config passed by cwb_client : tappoint 1  CWB_ROI : (699.000000 110.000000 940.000000 351.000000) for display-0
04-28 18:49:51.748 I/SDM     ( 1810): HWDeviceDRM::SetupConcurrentWriteback: Tear down the Concurrent Writeback topology
04-28 18:49:51.749 I/SDM     ( 1810): NotifyCWBStatus: Notify the client about buffer (0xefaa5f90) status 0 for display-0.
04-28 18:49:51.749 I/SDM     ( 1810): SDMConcurrentWriteBack::ProcessCWBStatus: CWB queue is empty. Display: 0
04-28 18:49:51.750 D/HWUI    ( 5963): TAG_DDRE, CanvasContext::setDdreActivities:
04-28 18:49:51.750 I/ViewRootImpl( 5963): Toast use first frame acceleration
04-28 18:49:51.755 D/MiuiMirrorInputMethodImpl( 3839): InsetsControlTarget invalid!:Window{e686fc7 u0 com.smartsales.prism/com.smartsales.prism.MainActivity}
04-28 18:49:51.756 W/InsetsSource( 5963): Has no intersection or mTmpFrame.height(), return Insets.NONE mTmpFrame.height() =0 hasIntersection =false
04-28 18:49:51.756 W/InsetsSource( 5963): Has no intersection or mTmpFrame.height(), return Insets.NONE mTmpFrame.height() =0 hasIntersection =false
04-28 18:49:51.757 I/Choreographer( 5963): first vsync insert message into MessageQueue Head
04-28 18:49:51.758 W/InsetsSource( 5963): Has no intersection or mTmpFrame.height(), return Insets.NONE mTmpFrame.height() =0 hasIntersection =false
04-28 18:49:51.758 W/InsetsSource( 5963): Has no intersection or mTmpFrame.height(), return Insets.NONE mTmpFrame.height() =0 hasIntersection =false
04-28 18:49:51.758 W/InsetsSource( 5963): Has no intersection or mTmpFrame.height(), return Insets.NONE mTmpFrame.height() =0 hasIntersection =false
04-28 18:49:51.758 W/InsetsSource( 5963): Has no intersection or mTmpFrame.height(), return Insets.NONE mTmpFrame.height() =0 hasIntersection =false
04-28 18:49:51.758 W/InsetsSource( 5963): Has no intersection or mTmpFrame.height(), return Insets.NONE mTmpFrame.height() =0 hasIntersection =false
04-28 18:49:51.758 W/InsetsSource( 5963): Has no intersection or mTmpFrame.height(), return Insets.NONE mTmpFrame.height() =0 hasIntersection =false
04-28 18:49:51.758 W/InsetsSource( 5963): Has no intersection or mTmpFrame.height(), return Insets.NONE mTmpFrame.height() =0 hasIntersection =false
04-28 18:49:51.758 W/InsetsSource( 5963): Has no intersection or mTmpFrame.height(), return Insets.NONE mTmpFrame.height() =0 hasIntersection =false
04-28 18:49:51.758 W/InsetsSource( 5963): Has no intersection or mTmpFrame.height(), return Insets.NONE mTmpFrame.height() =0 hasIntersection =false
04-28 18:49:51.758 W/InsetsSource( 5963): Has no intersection or mTmpFrame.height(), return Insets.NONE mTmpFrame.height() =0 hasIntersection =false
04-28 18:49:51.758 W/InsetsSource( 5963): Has no intersection or mTmpFrame.height(), return Insets.NONE mTmpFrame.height() =60 hasIntersection =false
04-28 18:49:51.758 W/InsetsSource( 5963): Has no intersection or mTmpFrame.height(), return Insets.NONE mTmpFrame.height() =60 hasIntersection =false
04-28 18:49:51.758 W/InsetsSource( 5963): Has no intersection or mTmpFrame.height(), return Insets.NONE mTmpFrame.height() =0 hasIntersection =false
04-28 18:49:51.758 W/InsetsSource( 5963): Has no intersection or mTmpFrame.height(), return Insets.NONE mTmpFrame.height() =0 hasIntersection =false
04-28 18:49:51.758 W/InsetsSource( 5963): Has no intersection or mTmpFrame.height(), return Insets.NONE mTmpFrame.height() =169 hasIntersection =false
04-28 18:49:51.758 W/InsetsSource( 5963): Has no intersection or mTmpFrame.height(), return Insets.NONE mTmpFrame.height() =169 hasIntersection =false
04-28 18:49:51.758 W/InsetsSource( 5963): Has no intersection or mTmpFrame.height(), return Insets.NONE mTmpFrame.height() =0 hasIntersection =false
04-28 18:49:51.758 W/InsetsSource( 5963): Has no intersection or mTmpFrame.height(), return Insets.NONE mTmpFrame.height() =0 hasIntersection =false
04-28 18:49:51.758 W/InsetsSource( 5963): Has no intersection or mTmpFrame.height(), return Insets.NONE mTmpFrame.height() =169 hasIntersection =false
04-28 18:49:51.758 W/InsetsSource( 5963): Has no intersection or mTmpFrame.height(), return Insets.NONE mTmpFrame.height() =169 hasIntersection =false
04-28 18:49:51.758 W/InsetsSource( 5963): Has no intersection or mTmpFrame.height(), return Insets.NONE mTmpFrame.height() =0 hasIntersection =false
04-28 18:49:51.758 W/InsetsSource( 5963): Has no intersection or mTmpFrame.height(), return Insets.NONE mTmpFrame.height() =60 hasIntersection =false
04-28 18:49:51.758 W/InsetsSource( 5963): Has no intersection or mTmpFrame.height(), return Insets.NONE mTmpFrame.height() =169 hasIntersection =false
04-28 18:49:51.758 W/InsetsSource( 5963): Has no intersection or mTmpFrame.height(), return Insets.NONE mTmpFrame.height() =169 hasIntersection =false
04-28 18:49:51.761 D/MiuiRefreshRatePolicy( 3839): reset
04-28 18:49:51.761 E/DisplayModeDirectorImpl( 3839): Invalid displayId: 138, only 0 and 1 are supported
04-28 18:49:51.761 D/MiuiRefreshRatePolicy( 3839): reset
04-28 18:49:51.761 E/DisplayModeDirectorImpl( 3839): Invalid displayId: 120, only 0 and 1 are supported
04-28 18:49:51.761 D/MiuiRefreshRatePolicy( 3839): reset
04-28 18:49:51.761 E/DisplayModeDirectorImpl( 3839): Invalid displayId: 76, only 0 and 1 are supported
04-28 18:49:51.761 D/MiuiRefreshRatePolicy( 3839): reset
04-28 18:49:51.761 E/DisplayModeDirectorImpl( 3839): Invalid displayId: 68, only 0 and 1 are supported
04-28 18:49:51.761 D/MiuiRefreshRatePolicy( 3839): reset
04-28 18:49:51.761 E/DisplayModeDirectorImpl( 3839): Invalid displayId: 64, only 0 and 1 are supported
04-28 18:49:51.761 D/MiuiRefreshRatePolicy( 3839): reset
04-28 18:49:51.761 E/DisplayModeDirectorImpl( 3839): Invalid displayId: 56, only 0 and 1 are supported
04-28 18:49:51.761 D/MiuiRefreshRatePolicy( 3839): reset
04-28 18:49:51.761 E/DisplayModeDirectorImpl( 3839): Invalid displayId: 42, only 0 and 1 are supported
04-28 18:49:51.761 D/MiuiRefreshRatePolicy( 3839): reset
04-28 18:49:51.761 E/DisplayModeDirectorImpl( 3839): Invalid displayId: 34, only 0 and 1 are supported
04-28 18:49:51.761 D/MiuiRefreshRatePolicy( 3839): reset
04-28 18:49:51.761 E/DisplayModeDirectorImpl( 3839): Invalid displayId: 24, only 0 and 1 are supported
04-28 18:49:51.761 D/MiuiRefreshRatePolicy( 3839): reset
04-28 18:49:51.761 E/DisplayModeDirectorImpl( 3839): Invalid displayId: 6, only 0 and 1 are supported
04-28 18:49:51.762 D/DisplayContentStubImpl( 3839): onNewImeFrame: isImeVisible = false, imeFrame = Rect(0, 0 - 0, 0)
04-28 18:49:51.762 W/InsetsSource( 3839): Has no intersection or mTmpFrame.height(), return Insets.NONE mTmpFrame.height() =0 hasIntersection =false
04-28 18:49:51.762 W/InsetsSource( 3839): Has no intersection or mTmpFrame.height(), return Insets.NONE mTmpFrame.height() =0 hasIntersection =false
04-28 18:49:51.762 D/BarFollowAnimation( 3839): pairAppearanceRegionAndWin win=Window{e686fc7 u0 com.smartsales.prism/com.smartsales.prism.MainActivity} 0
04-28 18:49:51.762 D/BarFollowAnimation( 3839): isAppTaskBarOnTop win:Window{e686fc7 u0 com.smartsales.prism/com.smartsales.prism.MainActivity} (mCurrentTopTask:Task{534de26 #28142 type=standard A=10433:com.smartsales.prism} : true); (mAssociatedTask:Task{534de26 #28142 type=standard A=10433:com.smartsales.prism} : true); (mHomeTask:Task{39ded46 #1 type=home} : false); mReparentToOriginParent:false mLastAppBarVisible:true mLastHomeBarVisible:false
04-28 18:49:51.762 D/MiuiRefreshRatePolicy( 3839): reset
04-28 18:49:51.763 W/InsetsSource( 3839): Has no intersection or mTmpFrame.height(), return Insets.NONE mTmpFrame.height() =0 hasIntersection =false
04-28 18:49:51.763 W/InsetsSource( 3839): Has no intersection or mTmpFrame.height(), return Insets.NONE mTmpFrame.height() =0 hasIntersection =false
04-28 18:49:51.764 W/InsetsSource( 5963): Has no intersection or mTmpFrame.height(), return Insets.NONE mTmpFrame.height() =0 hasIntersection =false
04-28 18:49:51.764 W/InsetsSource( 5963): Has no intersection or mTmpFrame.height(), return Insets.NONE mTmpFrame.height() =0 hasIntersection =false
04-28 18:49:51.764 W/InsetsSource( 5963): Has no intersection or mTmpFrame.height(), return Insets.NONE mTmpFrame.height() =0 hasIntersection =false
04-28 18:49:51.764 W/InsetsSource( 5963): Has no intersection or mTmpFrame.height(), return Insets.NONE mTmpFrame.height() =0 hasIntersection =false
04-28 18:49:51.764 W/InsetsSource( 5963): Has no intersection or mTmpFrame.height(), return Insets.NONE mTmpFrame.height() =0 hasIntersection =false
04-28 18:49:51.764 W/InsetsSource( 5963): Has no intersection or mTmpFrame.height(), return Insets.NONE mTmpFrame.height() =60 hasIntersection =false
04-28 18:49:51.764 W/InsetsSource( 5963): Has no intersection or mTmpFrame.height(), return Insets.NONE mTmpFrame.height() =0 hasIntersection =false
04-28 18:49:51.764 W/InsetsSource( 5963): Has no intersection or mTmpFrame.height(), return Insets.NONE mTmpFrame.height() =169 hasIntersection =false
04-28 18:49:51.764 W/InsetsSource( 5963): Has no intersection or mTmpFrame.height(), return Insets.NONE mTmpFrame.height() =0 hasIntersection =false
04-28 18:49:51.764 W/InsetsSource( 5963): Has no intersection or mTmpFrame.height(), return Insets.NONE mTmpFrame.height() =169 hasIntersection =false
04-28 18:49:51.767 W/InsetsSource( 5963): Has no intersection or mTmpFrame.height(), return Insets.NONE mTmpFrame.height() =0 hasIntersection =false
04-28 18:49:51.767 W/InsetsSource( 5963): Has no intersection or mTmpFrame.height(), return Insets.NONE mTmpFrame.height() =0 hasIntersection =false
04-28 18:49:51.767 W/InsetsSource( 5963): Has no intersection or mTmpFrame.height(), return Insets.NONE mTmpFrame.height() =0 hasIntersection =false
04-28 18:49:51.767 W/InsetsSource( 5963): Has no intersection or mTmpFrame.height(), return Insets.NONE mTmpFrame.height() =0 hasIntersection =false
04-28 18:49:51.767 W/InsetsSource( 5963): Has no intersection or mTmpFrame.height(), return Insets.NONE mTmpFrame.height() =0 hasIntersection =false
04-28 18:49:51.767 W/InsetsSource( 5963): Has no intersection or mTmpFrame.height(), return Insets.NONE mTmpFrame.height() =0 hasIntersection =false
04-28 18:49:51.767 W/InsetsSource( 5963): Has no intersection or mTmpFrame.height(), return Insets.NONE mTmpFrame.height() =0 hasIntersection =false
04-28 18:49:51.767 W/InsetsSource( 5963): Has no intersection or mTmpFrame.height(), return Insets.NONE mTmpFrame.height() =0 hasIntersection =false
04-28 18:49:51.767 W/InsetsSource( 5963): Has no intersection or mTmpFrame.height(), return Insets.NONE mTmpFrame.height() =0 hasIntersection =false
04-28 18:49:51.767 W/InsetsSource( 5963): Has no intersection or mTmpFrame.height(), return Insets.NONE mTmpFrame.height() =0 hasIntersection =false
04-28 18:49:51.767 W/InsetsSource( 5963): Has no intersection or mTmpFrame.height(), return Insets.NONE mTmpFrame.height() =60 hasIntersection =false
04-28 18:49:51.767 W/InsetsSource( 5963): Has no intersection or mTmpFrame.height(), return Insets.NONE mTmpFrame.height() =60 hasIntersection =false
04-28 18:49:51.767 W/InsetsSource( 5963): Has no intersection or mTmpFrame.height(), return Insets.NONE mTmpFrame.height() =0 hasIntersection =false
04-28 18:49:51.767 W/InsetsSource( 5963): Has no intersection or mTmpFrame.height(), return Insets.NONE mTmpFrame.height() =0 hasIntersection =false
04-28 18:49:51.767 W/InsetsSource( 5963): Has no intersection or mTmpFrame.height(), return Insets.NONE mTmpFrame.height() =45 hasIntersection =false
04-28 18:49:51.767 W/InsetsSource( 5963): Has no intersection or mTmpFrame.height(), return Insets.NONE mTmpFrame.height() =45 hasIntersection =false
04-28 18:49:51.767 W/InsetsSource( 5963): Has no intersection or mTmpFrame.height(), return Insets.NONE mTmpFrame.height() =169 hasIntersection =false
04-28 18:49:51.767 W/InsetsSource( 5963): Has no intersection or mTmpFrame.height(), return Insets.NONE mTmpFrame.height() =169 hasIntersection =false
04-28 18:49:51.767 W/InsetsSource( 5963): Has no intersection or mTmpFrame.height(), return Insets.NONE mTmpFrame.height() =0 hasIntersection =false
04-28 18:49:51.767 W/InsetsSource( 5963): Has no intersection or mTmpFrame.height(), return Insets.NONE mTmpFrame.height() =0 hasIntersection =false
04-28 18:49:51.767 W/InsetsSource( 5963): Has no intersection or mTmpFrame.height(), return Insets.NONE mTmpFrame.height() =45 hasIntersection =false
04-28 18:49:51.767 W/InsetsSource( 5963): Has no intersection or mTmpFrame.height(), return Insets.NONE mTmpFrame.height() =45 hasIntersection =false
04-28 18:49:51.767 W/InsetsSource( 5963): Has no intersection or mTmpFrame.height(), return Insets.NONE mTmpFrame.height() =169 hasIntersection =false
04-28 18:49:51.767 W/InsetsSource( 5963): Has no intersection or mTmpFrame.height(), return Insets.NONE mTmpFrame.height() =169 hasIntersection =false
04-28 18:49:51.767 W/InsetsSource( 5963): Has no intersection or mTmpFrame.height(), return Insets.NONE mTmpFrame.height() =0 hasIntersection =false
04-28 18:49:51.767 W/InsetsSource( 5963): Has no intersection or mTmpFrame.height(), return Insets.NONE mTmpFrame.height() =60 hasIntersection =false
04-28 18:49:51.767 W/InsetsSource( 5963): Has no intersection or mTmpFrame.height(), return Insets.NONE mTmpFrame.height() =169 hasIntersection =false
04-28 18:49:51.767 W/InsetsSource( 5963): Has no intersection or mTmpFrame.height(), return Insets.NONE mTmpFrame.height() =169 hasIntersection =false
04-28 18:49:51.768 D/View    ( 5963): setBackgroundBlur blurRadius=375
04-28 18:49:51.768 D/VRI[Toast]( 5963): vri.Setup new sync=wmsSync-VRI[Toast]#32
04-28 18:49:51.769 W/LayerDrawable( 5963): Failed to obtain smooth corners because the drawable of the children in the layerstate is null
04-28 18:49:51.780 W/BpBinder( 1966): Large outgoing transaction of 117236 bytes, interface descriptor android.gui.IWindowInfosListener, code 1 was sent
04-28 18:49:51.799 W/BpBinder( 1966): Large outgoing transaction of 122272 bytes, interface descriptor android.gui.IWindowInfosListener, code 1 was sent
04-28 18:49:51.840 D/MiuiNetworkPolicy( 3839): updateLimit mLimitEnabled=true,enabled=false,mNetworkPriorityMode=2,mThermalForceMode=3
04-28 18:49:51.841 E/HwcComposer( 1966): getLuts failed Status(-129, EX_TRANSACTION_FAILED): 'UNKNOWN_TRANSACTION: '
04-28 18:49:51.851 D/MiuiNetworkPolicy( 3839): mode =  NETWORK_PRIORITY_MODE_FAST, set BackGroundLimitRate = 8000000
04-28 18:49:51.904 D/JavaheapMonitor(15493): Java heap used=5M max=256M, proc: com.miui.systemAdSolution
04-28 18:49:51.904 V/JavaheapMonitor(15493): Check java heap usage finished! Next check delay: 300000
04-28 18:49:51.922 W/RenderInspector(12133): DequeueBuffer time out on com.smartsales.prism/com.smartsales.prism.MainActivity, count=6, avg=15 ms, max=19 ms.
04-28 18:49:51.938 I/vendor.qti.hardware.display.composer-service( 1810): Sensor: notify citsensorservice to trigger cwb, misForced = 0
04-28 18:49:51.939 I/SDM     ( 1810): CWB config passed by cwb_client : tappoint 1  CWB_ROI : (699.000000 110.000000 940.000000 351.000000) for display-0
04-28 18:49:51.947 D/MiuiWifiCommonBase( 3839): band: 0, compensate: 0
04-28 18:49:51.948 D/WifiClientModeImpl[719075603:wlan0]( 3839): updateLinkLayerStatsRssiSpeedFrequencyCapabilities rssi=-33 TxLinkspeed=300 freq=2462 RxLinkSpeed=300
04-28 18:49:51.948 I/WifiService( 3839): getConnectionInfo uid=1000
04-28 18:49:51.949 V/WifiService( 3839): Clearing REDACT_FOR_LOCAL_MAC_ADDRESS for android(uid=1000)
04-28 18:49:51.949 V/WifiService( 3839): Clearing REDACT_FOR_NETWORK_SETTINGS for android(uid=1000)
04-28 18:49:51.949 V/WifiService( 3839): Clearing REDACT_FOR_ACCESS_FINE_LOCATION for android(uid=1000)
04-28 18:49:51.951 D/WifiDataStall( 3839): tx tput in kbps: 156750
04-28 18:49:51.951 D/WifiDataStall( 3839): rx tput in kbps: 206250
04-28 18:49:51.951 V/WifiConfigManager( 3839): Updating scan detail cache freq=2462 BSSID=74:39:89:2a:67:26 RSSI=-33 for "MstRobot"WPA_PSK
04-28 18:49:51.951 D/WifiChannelUtilization( 3839):  freq: 2462 onTime: 17598900 busyTime: 10657461 onTimeDiff: 1241 busyTimeDiff: 698 utilization: 143 utilization t0: -89
04-28 18:49:51.956 D/WifiDataStall( 3839):  ccaLevel = 80
04-28 18:49:51.956 D/WifiDataStall( 3839): L2 txTputKbps: 132000, rxTputKbps: 206250, L3 txTputKbps: 3, rxTputKbps: 155, TxTrafficHigh: true, RxTrafficHigh: true, Throughput Sufficient: true
04-28 18:49:51.956 D/WifiThroughputPredictor( 3839):  utilization (LLS) 80 isBluetoothConnected: false final utilization: 80
04-28 18:49:51.956 D/WifiThroughputPredictor( 3839):  BW: 1 RSSI: -33 Nss: 2 Mode: 4 symDur: 3600 snrDb 44 bitPerTone: 5000 rate: 300 throughput: 205
04-28 18:49:51.956 D/WifiThroughputPredictor( 3839):  utilization (LLS) 80 isBluetoothConnected: false final utilization: 80
04-28 18:49:51.956 D/WifiThroughputPredictor( 3839):  BW: 1 RSSI: -33 Nss: 2 Mode: 4 symDur: 3600 snrDb 44 bitPerTone: 5000 rate: 300 throughput: 205
04-28 18:49:51.957 D/WifiScoreCard( 3839): BSSID update SIGNAL_POLL ID: 404527809 SSID: "MstRobot", BSSID: 74:39:89:2a:67:26, MAC: fa:2c:a2:da:d1:aa, IP: /192.168.0.106, Security type: 2, Supplicant state: COMPLETED, Wi-Fi standard: 11n, RSSI: -33, Link speed: 300Mbps, Tx Link speed: 300Mbps, Max Supported Tx Link speed: 300Mbps, Rx Link speed: 300Mbps, Max Supported Rx Link speed: 300Mbps, Frequency: 2462MHz, Net ID: 6, Metered hint: false, score: 60, isUsable: true, CarrierMerged: false, SubscriptionId: -1, IsPrimary: 1, Trusted: true, Restricted: false, Ephemeral: false, OEM paid: false, OEM private: false, OSU AP: false, FQDN: <none>, Provider friendly name: <none>, Requesting package name: <none>"MstRobot"wpa2-pskMLO Information: , Is TID-To-Link negotiation supported by the AP: false, AP MLD Address: <none>, AP MLO Link Id: <none>, AP MLO Affiliated links: <none>, Vendor Data: <none>
04-28 18:49:51.957 D/WifiScoreCard( 3839): txRate: 22 txSpeed: 300
04-28 18:49:51.957 D/WifiScoreCard( 3839): network update SIGNAL_POLL "MstRobot" ID: 608343939 RSSI -33 txSpeed 300
04-28 18:49:51.957 D/MiuiNM  ( 3839): rssi: -33, txPer: 36, rxPer: 0, ccaBr: 56, bcnLr: 23, tcpFr: 22, bcnRx: 23, txGood:21.40, txRetry:8.09, txBad:0.00
04-28 18:49:51.957 D/WifiClientModeImpl[719075603:wlan0]( 3839):  ClientModeImpl$L2ConnectedState screen=on 24 0 "MstRobot" 74:39:89:2a:67:26 rssi=-33 f=2462 sc= 60, mSwithInWeakNet: true [updated score = 60,  failpercent=22 { out=50 in=96 lost=1 inretrans=1 total retrans=0 tmo=8 inflight=1}] link=300 tx=14.5, 6.7, 0.0 rx=22.9 bcn=307354 [on:1241 tx:29 rx:37 period:3026] from screen [on:2860491 period:8863306] score=60
04-28 18:49:51.958 I/WifiService( 3839): getVerboseLoggingLevel uid=1000
04-28 18:49:51.958 D/AmlWifiScoreReportInjector( 3839): probabilityOfFailedTx = 0.31660910614808757
04-28 18:49:51.958 D/AmlWifiScoreReportInjector( 3839): mSwitchBackWifiThresholdAdjustment = 0
04-28 18:49:51.963 E/PhoneAdapter( 5894): get ntnphones failed, exception: java.lang.IllegalStateException: not support satellite!
04-28 18:49:51.966 I/WifiService( 3839): getScanResults uid=1000
04-28 18:49:51.968 I/SDM     ( 1810): HWDeviceDRM::SetupConcurrentWriteback: Tear down the Concurrent Writeback topology
04-28 18:49:51.969 D/AmlWifiScoreReportInjector( 3839): getMaxRssiInWaeknet weaknetRssi = -72
04-28 18:49:51.971 I/WifiService( 3839): getVerboseLoggingLevel uid=1000
04-28 18:49:51.972 D/AmlWifiScoreReportInjector( 3839): onWifiUsabilityStats: channelUtilization=143 seqNum = 160407 bssidChanged = 0 isQcomPlatform = true
04-28 18:49:51.973 I/SDM     ( 1810): NotifyCWBStatus: Notify the client about buffer (0xefaa8770) status 0 for display-0.
04-28 18:49:51.973 I/SDM     ( 1810): SDMConcurrentWriteBack::ProcessCWBStatus: CWB queue is empty. Display: 0
04-28 18:49:52.032 D/JavaheapMonitor(14704): Java heap used=9M max=256M, proc: com.android.settings
04-28 18:49:52.032 V/JavaheapMonitor(14704): Check java heap usage finished! Next check delay: 300000
04-28 18:49:52.070 E/HwcComposer( 1966): getLuts failed Status(-129, EX_TRANSACTION_FAILED): 'UNKNOWN_TRANSACTION: '
04-28 18:49:52.082 D/SchedBoostThread( 3839): thread tid=12133, priority is set to -10
04-28 18:49:52.083 D/SchedBoostThread( 3839): thread tid=21069, priority is set to -10
04-28 18:49:52.126 I/SDM     ( 1810): DisplayBase::CommitThread: Received Idle Timeout, panel: cmd, timeout: 70000 us
04-28 18:49:52.126 D/libsensor-parseRGB( 2925): CWB NotifyIdleStatus 1
04-28 18:49:52.147 D/MI-SF   ( 1966): setIdleFps choose FPS:60, mode:20709632 mode_group 24641792
04-28 18:49:52.147 D/DisplayModeController( 1966): setDesiredMode 4630946654109872275 {mode={fps=60.00 Hz, modePtr={id=5, vsyncRate=60.00 Hz, peakRefreshRate=60.00 Hz}}, emitEvent=false, force=false}
04-28 18:49:52.150 I/SDM     ( 1810): SDMDisplay::SetActiveConfigWithConstraints: display = 0, config: 5, WxH 1440x3200, fps 60@idle@60:1
04-28 18:49:52.151 W/SDM     ( 1810): HWDeviceDRM::GetSupportedBitClkRate: Requested rate not supported: 1286000000
04-28 18:49:52.151 I/SDM     ( 1810): HWDeviceDRM::UpdateMixerAttributes: Mixer WxH 1440x3200-1 for Peripheral
04-28 18:49:52.152 I/vendor.qti.hardware.display.composer-service( 1810): Sensor: notify citsensorservice to trigger cwb, misForced = 0
04-28 18:49:52.153 I/SDM     ( 1810): CWB config passed by cwb_client : tappoint 1  CWB_ROI : (699.000000 110.000000 940.000000 351.000000) for display-0
04-28 18:49:52.157 D/FPSMonitor( 1841): threadFuncFpsMonitor display 0, fps 1
04-28 18:49:52.157 D/libsensor-D2SNotifier( 2925): DisplayId 0 Displayinfo2SlpiNotifier to type 8 displayFrequency = 1
04-28 18:49:52.160 I/SDM     ( 1810): PartialUpdateSrcSplit::SetCwbRoiForNonPU: CWB ROI Rect(699.000000 110.000000 940.000000 351.000000)
04-28 18:49:52.163 I/sensors ( 2925): qsh_qmi:41, qsh_qmi
04-28 18:49:52.175 I/sensors ( 2925): ~qsh_qmi:68, ~qsh_qmi
04-28 18:49:52.182 D/HWUI    ( 5963): DDRE Debug DrawPath: smoothCornerEnabled = true
04-28 18:49:52.182 D/HWUI    ( 5963): DDRE Debug DrawPath: smoothCornerEnabled = true
04-28 18:49:52.189 I/SDM     ( 1810): NotifyCWBStatus: Notify the client about buffer (0xefaaa0e0) status 0 for display-0.
04-28 18:49:52.189 I/SDM     ( 1810): SDMConcurrentWriteBack::ProcessCWBStatus: CWB queue is empty. Display: 0
04-28 18:49:52.235 I/SDM     ( 1810): DisplayBase::CommitThread: Received Idle Timeout, panel: cmd, timeout: 70000 us
04-28 18:49:52.236 D/libsensor-parseRGB( 2925): CWB NotifyIdleStatus 1
04-28 18:49:52.288 D/RefreshRateSelector( 1966): Touch Boost
04-28 18:49:52.288 D/VRI[Toast]( 5963): vri.reportDrawFinished 0 0 Rect(120, 2484 - 1320, 2765)
04-28 18:49:52.288 D/MI-SF   ( 1966): modeGroup41426432 mIsSupportAutomodeForMaxFpsSetting is 1(1), getCurrentBrightness() = 1093(0), mIsKeepAutoMode 0 isAutoModeAllowed() 1
04-28 18:49:52.288 D/RefreshRateSelector( 1966): fixedMode_group: 41426432, isFindModeGroup 1
04-28 18:49:52.288 D/RefreshRateSelector( 1966): find max refresh rate:120, mode Group:41426432
04-28 18:49:52.288 D/DisplayModeController( 1966): setDesiredMode 4630946654109872275 {mode={fps=120.00 Hz, modePtr={id=1, vsyncRate=120.00 Hz, peakRefreshRate=120.00 Hz}}, emitEvent=true, force=false}
04-28 18:49:52.288 E/DisplayModeController( 1966): setDesiredMode : Idle status skip setActiveMode, isDdicIdleMode: 1
04-28 18:49:52.289 D/Tile.MiuiCellularTile( 5963): data usage callback {0=DataUsage(simSlot=0, trafficType=1, trafficValue=119.7, trafficUnit=3, billType=0, billValue=94.55), 1=DataUsage(simSlot=1, trafficType=-1, trafficValue=119.7, trafficUnit=3, billType=-1, billValue=94.55)}
04-28 18:49:52.289 D/Tile.MiuiCellularTile( 5963): data usage callback {0=DataUsage(simSlot=0, trafficType=1, trafficValue=119.7, trafficUnit=3, billType=0, billValue=94.55), 1=DataUsage(simSlot=1, trafficType=-1, trafficValue=119.7, trafficUnit=3, billType=-1, billValue=94.55)}
04-28 18:49:52.289 D/Tile.MiuiCellularTile( 5963): data usage callback {0=DataUsage(simSlot=0, trafficType=1, trafficValue=119.7, trafficUnit=3, billType=0, billValue=94.55), 1=DataUsage(simSlot=1, trafficType=-1, trafficValue=119.7, trafficUnit=3, billType=-1, billValue=94.55)}
04-28 18:49:52.290 D/MiuiRefreshRatePolicy( 3839): reset
04-28 18:49:52.290 E/DisplayModeDirectorImpl( 3839): Invalid displayId: 138, only 0 and 1 are supported
04-28 18:49:52.290 D/MiuiRefreshRatePolicy( 3839): reset
04-28 18:49:52.290 E/DisplayModeDirectorImpl( 3839): Invalid displayId: 120, only 0 and 1 are supported
04-28 18:49:52.290 D/MiuiRefreshRatePolicy( 3839): reset
04-28 18:49:52.290 E/DisplayModeDirectorImpl( 3839): Invalid displayId: 76, only 0 and 1 are supported
04-28 18:49:52.290 D/MiuiRefreshRatePolicy( 3839): reset
04-28 18:49:52.290 E/DisplayModeDirectorImpl( 3839): Invalid displayId: 68, only 0 and 1 are supported
04-28 18:49:52.290 D/MiuiRefreshRatePolicy( 3839): reset
04-28 18:49:52.290 E/DisplayModeDirectorImpl( 3839): Invalid displayId: 64, only 0 and 1 are supported
04-28 18:49:52.290 D/MiuiRefreshRatePolicy( 3839): reset
04-28 18:49:52.290 E/DisplayModeDirectorImpl( 3839): Invalid displayId: 56, only 0 and 1 are supported
