04-28 19:00:12.553 W/GestureStubView_Left( 5261): onDisplayChanged
04-28 19:00:12.553 W/GestureStubView_Left( 5261): adaptRotation   currentRotation=0   mRotation=0
04-28 19:00:12.553 W/GestureStubView_Right( 5261): onDisplayChanged
04-28 19:00:12.553 W/GestureStubView_Right( 5261): adaptRotation   currentRotation=0   mRotation=0
04-28 19:00:12.554 W/Launcher( 5261): onDisplayChanged: newRotation=0, mCurrentRotation=0
04-28 19:00:12.554 D/WindowManager( 3839): DeferredDisplayUpdater: partially applying DisplayInfo(1440 x 3200) immediately
04-28 19:00:12.554 W/DisplayContentStubImpl( 3839):  displayMetricsChanged=false physicalDisplayChanged=false displayId=0 newUniqueId=local:4630946654109872275 currentUnique=local:4630946654109872275
04-28 19:00:12.554 D/DisplayContentStubImpl( 3839): Display{#0 state=ON size=1440x3200 ROTATION_0} isActivityEmbeddingSplitEnable false
04-28 19:00:12.555 W/InsetsSource( 3839): Has no intersection or mTmpFrame.height(), return Insets.NONE mTmpFrame.height() =0 hasIntersection =false
04-28 19:00:12.555 W/InsetsSource( 3839): Has no intersection or mTmpFrame.height(), return Insets.NONE mTmpFrame.height() =0 hasIntersection =false
04-28 19:00:12.555 D/MiuiRefreshRatePolicy( 3839): reset
04-28 19:00:12.555 E/DisplayModeDirectorImpl( 3839): Invalid displayId: 138, only 0 and 1 are supported
04-28 19:00:12.555 D/MiuiRefreshRatePolicy( 3839): reset
04-28 19:00:12.555 E/DisplayModeDirectorImpl( 3839): Invalid displayId: 120, only 0 and 1 are supported
04-28 19:00:12.555 D/MiuiRefreshRatePolicy( 3839): reset
04-28 19:00:12.555 E/DisplayModeDirectorImpl( 3839): Invalid displayId: 76, only 0 and 1 are supported
04-28 19:00:12.555 D/MiuiRefreshRatePolicy( 3839): reset
04-28 19:00:12.555 E/DisplayModeDirectorImpl( 3839): Invalid displayId: 68, only 0 and 1 are supported
04-28 19:00:12.555 D/MiuiRefreshRatePolicy( 3839): reset
04-28 19:00:12.555 E/DisplayModeDirectorImpl( 3839): Invalid displayId: 64, only 0 and 1 are supported
04-28 19:00:12.555 D/MiuiRefreshRatePolicy( 3839): reset
04-28 19:00:12.555 E/DisplayModeDirectorImpl( 3839): Invalid displayId: 56, only 0 and 1 are supported
04-28 19:00:12.555 D/MiuiRefreshRatePolicy( 3839): reset
04-28 19:00:12.555 E/DisplayModeDirectorImpl( 3839): Invalid displayId: 42, only 0 and 1 are supported
04-28 19:00:12.555 D/MiuiRefreshRatePolicy( 3839): reset
04-28 19:00:12.555 E/DisplayModeDirectorImpl( 3839): Invalid displayId: 34, only 0 and 1 are supported
04-28 19:00:12.555 D/MiuiRefreshRatePolicy( 3839): reset
04-28 19:00:12.555 E/DisplayModeDirectorImpl( 3839): Invalid displayId: 24, only 0 and 1 are supported
04-28 19:00:12.555 D/MiuiRefreshRatePolicy( 3839): reset
04-28 19:00:12.555 E/DisplayModeDirectorImpl( 3839): Invalid displayId: 6, only 0 and 1 are supported
04-28 19:00:12.555 W/InsetsSource( 3839): Has no intersection or mTmpFrame.height(), return Insets.NONE mTmpFrame.height() =0 hasIntersection =false
04-28 19:00:12.555 W/InsetsSource( 3839): Has no intersection or mTmpFrame.height(), return Insets.NONE mTmpFrame.height() =0 hasIntersection =false
04-28 19:00:12.555 D/BarFollowAnimation( 3839): pairAppearanceRegionAndWin win=Window{7dea979 u0 com.smartsales.prism/com.smartsales.prism.MainActivity} 0
04-28 19:00:12.556 D/BarFollowAnimation( 3839): isAppTaskBarOnTop win:Window{7dea979 u0 com.smartsales.prism/com.smartsales.prism.MainActivity} (mCurrentTopTask:Task{fb5f9b7 #28146 type=standard A=10433:com.smartsales.prism} : true); (mAssociatedTask:Task{fb5f9b7 #28146 type=standard A=10433:com.smartsales.prism} : true); (mHomeTask:Task{39ded46 #1 type=home} : false); mReparentToOriginParent:false mLastAppBarVisible:true mLastHomeBarVisible:false
04-28 19:00:12.556 D/MiuiRefreshRatePolicy( 3839): reset
04-28 19:00:12.556 D/MiuiGxzwAnimView( 5963): onDisplayChanged: oldState = 2, newState = 2
04-28 19:00:12.556 W/InsetsSource( 3839): Has no intersection or mTmpFrame.height(), return Insets.NONE mTmpFrame.height() =0 hasIntersection =false
04-28 19:00:12.556 W/InsetsSource( 3839): Has no intersection or mTmpFrame.height(), return Insets.NONE mTmpFrame.height() =0 hasIntersection =false
04-28 19:00:12.557 I/vendor.qti.hardware.display.composer-service( 1810): Sensor: notify citsensorservice to trigger cwb, misForced = 0
04-28 19:00:12.557 I/SDM     ( 1810): CWB config passed by cwb_client : tappoint 1  CWB_ROI : (699.000000 110.000000 940.000000 351.000000) for display-0
04-28 19:00:12.558 D/AudioFlingerImpl( 1930): setGameParameters keyvalue: screen_state=on
04-28 19:00:12.558 D/DeviceHalAidl( 1930): [default] setParameters: parameters: "screen_state=on"
04-28 19:00:12.558 D/PAL: API( 1794): pal_set_param: 1497: Enter: param id 8 (PAL_PARAM_ID_SCREEN_STATE)
04-28 19:00:12.558 D/PAL: ResourceManager( 1794): setParameter: 11845: Enter param id: 8 (PAL_PARAM_ID_SCREEN_STATE)
04-28 19:00:12.558 I/PAL: ResourceManager( 1794): setParameter: 11872: Screen State:1
04-28 19:00:12.558 D/PAL: ResourceManager( 1794): setParameter: 13545: Exit status: 0
04-28 19:00:12.558 D/PAL: API( 1794): pal_set_param: 1514: Exit, status 0
04-28 19:00:12.558 D/DeviceHalAidl( 1930): [usb] setParameters: parameters: "screen_state=on"
04-28 19:00:12.558 D/AHAL_Module( 1794): updateScreenState: usb: 1
04-28 19:00:12.558 D/DeviceHalAidl( 1930): [r_submix] setParameters: parameters: "screen_state=on"
04-28 19:00:12.559 D/AHAL_Module( 1794): updateScreenState: r_submix: 1
04-28 19:00:12.559 D/DeviceHalAidl( 1930): [bluetooth] setParameters: parameters: "screen_state=on"
04-28 19:00:12.559 D/AHAL_Module( 1794): updateScreenState: bluetooth: 1
04-28 19:00:12.560 I/sensors ( 2925): ~qsh_qmi:68, ~qsh_qmi
04-28 19:00:12.563 W/InsetsSource(31883): Has no intersection or mTmpFrame.height(), return Insets.NONE mTmpFrame.height() =0 hasIntersection =false
04-28 19:00:12.563 W/InsetsSource(31883): Has no intersection or mTmpFrame.height(), return Insets.NONE mTmpFrame.height() =0 hasIntersection =false
04-28 19:00:12.563 W/InsetsSource(31883): Has no intersection or mTmpFrame.height(), return Insets.NONE mTmpFrame.height() =0 hasIntersection =false
04-28 19:00:12.563 W/InsetsSource(31883): Has no intersection or mTmpFrame.height(), return Insets.NONE mTmpFrame.height() =0 hasIntersection =false
04-28 19:00:12.563 W/InsetsSource(31883): Has no intersection or mTmpFrame.height(), return Insets.NONE mTmpFrame.height() =0 hasIntersection =false
04-28 19:00:12.564 W/InsetsSource(31883): Has no intersection or mTmpFrame.height(), return Insets.NONE mTmpFrame.height() =0 hasIntersection =false
04-28 19:00:12.565 I/MediaCodec(30120): [mId: 3] [video-debug-enc] state 6 mFlags 2336 Stats 5002ms:Client:com.android.shell,Component:c2.android.vp8.encoder,Qin:0,DQin:0/0,Render:0,encode:78,DQout:78/78
04-28 19:00:12.568 W/BpBinder( 1966): Large outgoing transaction of 117192 bytes, interface descriptor android.gui.IWindowInfosListener, code 1 was sent
04-28 19:00:12.592 D/JavaheapMonitor( 5672): Java heap used=8M max=512M, proc: com.miui.notes
04-28 19:00:12.592 V/JavaheapMonitor( 5672): Check java heap usage finished! Next check delay: 300000
04-28 19:00:12.625 I/SDM     ( 1810): DisplayBase::CommitThread: Received Idle Timeout, panel: cmd, timeout: 70000 us
04-28 19:00:12.626 D/libsensor-parseRGB( 2925): CWB NotifyIdleStatus 1
04-28 19:00:12.635 I/SDM     ( 1810): PartialUpdateSrcSplit::SetCwbRoiForNonPU: CWB ROI Rect(699.000000 110.000000 940.000000 351.000000)
04-28 19:00:12.651 I/SDM     ( 1810): NotifyCWBStatus: Notify the client about buffer (0xefaa6930) status 0 for display-0.
04-28 19:00:12.652 I/SDM     ( 1810): SDMConcurrentWriteBack::ProcessCWBStatus: CWB queue is empty. Display: 0
04-28 19:00:12.670 D/MI-SF   ( 1966): setIdleFps choose FPS:60, mode:20709632 mode_group 24641792
04-28 19:00:12.670 D/DisplayModeController( 1966): setDesiredMode 4630946654109872275 {mode={fps=60.00 Hz, modePtr={id=5, vsyncRate=60.00 Hz, peakRefreshRate=60.00 Hz}}, emitEvent=false, force=false}
04-28 19:00:12.676 I/SDM     ( 1810): SDMDisplay::SetActiveConfigWithConstraints: display = 0, config: 5, WxH 1440x3200, fps 60@idle@60:1
04-28 19:00:12.677 W/SDM     ( 1810): HWDeviceDRM::GetSupportedBitClkRate: Requested rate not supported: 1286000000
04-28 19:00:12.677 I/SDM     ( 1810): HWDeviceDRM::UpdateMixerAttributes: Mixer WxH 1440x3200-1 for Peripheral
04-28 19:00:12.677 I/SDM     ( 1810): HWDeviceDRM::SetupConcurrentWriteback: Tear down the Concurrent Writeback topology
04-28 19:00:12.681 E/HwcComposer( 1966): getLuts failed Status(-129, EX_TRANSACTION_FAILED): 'UNKNOWN_TRANSACTION: '
04-28 19:00:12.680 D/FPSMonitor( 1841): threadFuncFpsMonitor display 0, fps 1
04-28 19:00:12.683 D/libsensor-D2SNotifier( 2925): DisplayId 0 Displayinfo2SlpiNotifier to type 8 displayFrequency = 1
04-28 19:00:12.696 I/sensors ( 2925): qsh_qmi:41, qsh_qmi
04-28 19:00:12.698 I/sensors ( 2925): ~qsh_qmi:68, ~qsh_qmi
04-28 19:00:12.756 I/SDM     ( 1810): DisplayBase::CommitThread: Received Idle Timeout, panel: cmd, timeout: 70000 us
04-28 19:00:12.756 D/libsensor-parseRGB( 2925): CWB NotifyIdleStatus 1
04-28 19:00:12.797 D/HWUI    ( 5963): TAG_DDRE, CanvasContext::setDdreActivities:
04-28 19:00:12.797 I/ViewRootImpl( 5963): Toast use first frame acceleration
04-28 19:00:12.799 D/RefreshRateSelector( 1966): Touch Boost
04-28 19:00:12.799 D/MI-SF   ( 1966): modeGroup41426432 mIsSupportAutomodeForMaxFpsSetting is 1(1), getCurrentBrightness() = 1366(0), mIsKeepAutoMode 0 isAutoModeAllowed() 1
04-28 19:00:12.799 D/RefreshRateSelector( 1966): fixedMode_group: 41426432, isFindModeGroup 1
04-28 19:00:12.799 D/RefreshRateSelector( 1966): find max refresh rate:120, mode Group:41426432
04-28 19:00:12.799 D/DisplayModeController( 1966): setDesiredMode 4630946654109872275 {mode={fps=120.00 Hz, modePtr={id=1, vsyncRate=120.00 Hz, peakRefreshRate=120.00 Hz}}, emitEvent=true, force=false}
04-28 19:00:12.799 E/DisplayModeController( 1966): setDesiredMode : Idle status skip setActiveMode, isDdicIdleMode: 1
04-28 19:00:12.800 W/InsetsSource( 5963): Has no intersection or mTmpFrame.height(), return Insets.NONE mTmpFrame.height() =0 hasIntersection =false
04-28 19:00:12.800 W/InsetsSource( 5963): Has no intersection or mTmpFrame.height(), return Insets.NONE mTmpFrame.height() =0 hasIntersection =false
04-28 19:00:12.802 W/InsetsSource( 5963): Has no intersection or mTmpFrame.height(), return Insets.NONE mTmpFrame.height() =0 hasIntersection =false
04-28 19:00:12.802 W/InsetsSource( 5963): Has no intersection or mTmpFrame.height(), return Insets.NONE mTmpFrame.height() =0 hasIntersection =false
04-28 19:00:12.802 W/InsetsSource( 5963): Has no intersection or mTmpFrame.height(), return Insets.NONE mTmpFrame.height() =0 hasIntersection =false
04-28 19:00:12.802 W/InsetsSource( 5963): Has no intersection or mTmpFrame.height(), return Insets.NONE mTmpFrame.height() =0 hasIntersection =false
04-28 19:00:12.802 W/InsetsSource( 5963): Has no intersection or mTmpFrame.height(), return Insets.NONE mTmpFrame.height() =0 hasIntersection =false
04-28 19:00:12.802 W/InsetsSource( 5963): Has no intersection or mTmpFrame.height(), return Insets.NONE mTmpFrame.height() =0 hasIntersection =false
04-28 19:00:12.802 W/InsetsSource( 5963): Has no intersection or mTmpFrame.height(), return Insets.NONE mTmpFrame.height() =0 hasIntersection =false
04-28 19:00:12.802 W/InsetsSource( 5963): Has no intersection or mTmpFrame.height(), return Insets.NONE mTmpFrame.height() =0 hasIntersection =false
04-28 19:00:12.802 W/InsetsSource( 5963): Has no intersection or mTmpFrame.height(), return Insets.NONE mTmpFrame.height() =0 hasIntersection =false
04-28 19:00:12.802 W/InsetsSource( 5963): Has no intersection or mTmpFrame.height(), return Insets.NONE mTmpFrame.height() =0 hasIntersection =false
04-28 19:00:12.802 W/InsetsSource( 5963): Has no intersection or mTmpFrame.height(), return Insets.NONE mTmpFrame.height() =60 hasIntersection =false
04-28 19:00:12.802 W/InsetsSource( 5963): Has no intersection or mTmpFrame.height(), return Insets.NONE mTmpFrame.height() =60 hasIntersection =false
04-28 19:00:12.802 W/InsetsSource( 5963): Has no intersection or mTmpFrame.height(), return Insets.NONE mTmpFrame.height() =0 hasIntersection =false
04-28 19:00:12.802 W/InsetsSource( 5963): Has no intersection or mTmpFrame.height(), return Insets.NONE mTmpFrame.height() =0 hasIntersection =false
04-28 19:00:12.802 W/InsetsSource( 5963): Has no intersection or mTmpFrame.height(), return Insets.NONE mTmpFrame.height() =169 hasIntersection =false
04-28 19:00:12.802 W/InsetsSource( 5963): Has no intersection or mTmpFrame.height(), return Insets.NONE mTmpFrame.height() =169 hasIntersection =false
04-28 19:00:12.802 W/InsetsSource( 5963): Has no intersection or mTmpFrame.height(), return Insets.NONE mTmpFrame.height() =0 hasIntersection =false
04-28 19:00:12.802 W/InsetsSource( 5963): Has no intersection or mTmpFrame.height(), return Insets.NONE mTmpFrame.height() =0 hasIntersection =false
04-28 19:00:12.802 W/InsetsSource( 5963): Has no intersection or mTmpFrame.height(), return Insets.NONE mTmpFrame.height() =169 hasIntersection =false
04-28 19:00:12.803 W/InsetsSource( 5963): Has no intersection or mTmpFrame.height(), return Insets.NONE mTmpFrame.height() =169 hasIntersection =false
04-28 19:00:12.803 W/InsetsSource( 5963): Has no intersection or mTmpFrame.height(), return Insets.NONE mTmpFrame.height() =0 hasIntersection =false
04-28 19:00:12.803 W/InsetsSource( 5963): Has no intersection or mTmpFrame.height(), return Insets.NONE mTmpFrame.height() =60 hasIntersection =false
04-28 19:00:12.803 W/InsetsSource( 5963): Has no intersection or mTmpFrame.height(), return Insets.NONE mTmpFrame.height() =169 hasIntersection =false
04-28 19:00:12.803 W/InsetsSource( 5963): Has no intersection or mTmpFrame.height(), return Insets.NONE mTmpFrame.height() =169 hasIntersection =false
04-28 19:00:12.804 D/MiuiRefreshRatePolicy( 3839): reset
04-28 19:00:12.804 E/DisplayModeDirectorImpl( 3839): Invalid displayId: 138, only 0 and 1 are supported
04-28 19:00:12.804 D/MiuiRefreshRatePolicy( 3839): reset
04-28 19:00:12.804 E/DisplayModeDirectorImpl( 3839): Invalid displayId: 120, only 0 and 1 are supported
04-28 19:00:12.804 D/MiuiRefreshRatePolicy( 3839): reset
04-28 19:00:12.804 E/DisplayModeDirectorImpl( 3839): Invalid displayId: 76, only 0 and 1 are supported
04-28 19:00:12.804 D/MiuiRefreshRatePolicy( 3839): reset
04-28 19:00:12.804 E/DisplayModeDirectorImpl( 3839): Invalid displayId: 68, only 0 and 1 are supported
04-28 19:00:12.804 D/MiuiRefreshRatePolicy( 3839): reset
04-28 19:00:12.804 E/DisplayModeDirectorImpl( 3839): Invalid displayId: 64, only 0 and 1 are supported
04-28 19:00:12.804 D/MiuiRefreshRatePolicy( 3839): reset
04-28 19:00:12.804 E/DisplayModeDirectorImpl( 3839): Invalid displayId: 56, only 0 and 1 are supported
04-28 19:00:12.804 D/MiuiRefreshRatePolicy( 3839): reset
04-28 19:00:12.804 E/DisplayModeDirectorImpl( 3839): Invalid displayId: 42, only 0 and 1 are supported
04-28 19:00:12.804 D/MiuiRefreshRatePolicy( 3839): reset
04-28 19:00:12.804 E/DisplayModeDirectorImpl( 3839): Invalid displayId: 34, only 0 and 1 are supported
04-28 19:00:12.804 D/MiuiRefreshRatePolicy( 3839): reset
04-28 19:00:12.804 E/DisplayModeDirectorImpl( 3839): Invalid displayId: 24, only 0 and 1 are supported
04-28 19:00:12.804 D/MiuiRefreshRatePolicy( 3839): reset
04-28 19:00:12.804 E/DisplayModeDirectorImpl( 3839): Invalid displayId: 6, only 0 and 1 are supported
04-28 19:00:12.805 D/DisplayContentStubImpl( 3839): onNewImeFrame: isImeVisible = false, imeFrame = Rect(0, 0 - 0, 0)
04-28 19:00:12.805 W/InsetsSource( 3839): Has no intersection or mTmpFrame.height(), return Insets.NONE mTmpFrame.height() =0 hasIntersection =false
04-28 19:00:12.805 W/InsetsSource( 3839): Has no intersection or mTmpFrame.height(), return Insets.NONE mTmpFrame.height() =0 hasIntersection =false
04-28 19:00:12.805 D/BarFollowAnimation( 3839): pairAppearanceRegionAndWin win=Window{7dea979 u0 com.smartsales.prism/com.smartsales.prism.MainActivity} 0
04-28 19:00:12.805 D/BarFollowAnimation( 3839): isAppTaskBarOnTop win:Window{7dea979 u0 com.smartsales.prism/com.smartsales.prism.MainActivity} (mCurrentTopTask:Task{fb5f9b7 #28146 type=standard A=10433:com.smartsales.prism} : true); (mAssociatedTask:Task{fb5f9b7 #28146 type=standard A=10433:com.smartsales.prism} : true); (mHomeTask:Task{39ded46 #1 type=home} : false); mReparentToOriginParent:false mLastAppBarVisible:true mLastHomeBarVisible:false
04-28 19:00:12.805 D/MiuiRefreshRatePolicy( 3839): reset
04-28 19:00:12.806 W/InsetsSource( 3839): Has no intersection or mTmpFrame.height(), return Insets.NONE mTmpFrame.height() =0 hasIntersection =false
04-28 19:00:12.806 W/InsetsSource( 3839): Has no intersection or mTmpFrame.height(), return Insets.NONE mTmpFrame.height() =0 hasIntersection =false
04-28 19:00:12.807 W/InsetsSource( 5963): Has no intersection or mTmpFrame.height(), return Insets.NONE mTmpFrame.height() =0 hasIntersection =false
04-28 19:00:12.807 W/InsetsSource( 5963): Has no intersection or mTmpFrame.height(), return Insets.NONE mTmpFrame.height() =0 hasIntersection =false
04-28 19:00:12.807 W/InsetsSource( 5963): Has no intersection or mTmpFrame.height(), return Insets.NONE mTmpFrame.height() =0 hasIntersection =false
04-28 19:00:12.807 W/InsetsSource( 5963): Has no intersection or mTmpFrame.height(), return Insets.NONE mTmpFrame.height() =0 hasIntersection =false
04-28 19:00:12.807 W/InsetsSource( 5963): Has no intersection or mTmpFrame.height(), return Insets.NONE mTmpFrame.height() =0 hasIntersection =false
04-28 19:00:12.807 W/InsetsSource( 5963): Has no intersection or mTmpFrame.height(), return Insets.NONE mTmpFrame.height() =60 hasIntersection =false
04-28 19:00:12.807 W/InsetsSource( 5963): Has no intersection or mTmpFrame.height(), return Insets.NONE mTmpFrame.height() =0 hasIntersection =false
04-28 19:00:12.807 W/InsetsSource( 5963): Has no intersection or mTmpFrame.height(), return Insets.NONE mTmpFrame.height() =169 hasIntersection =false
04-28 19:00:12.807 W/InsetsSource( 5963): Has no intersection or mTmpFrame.height(), return Insets.NONE mTmpFrame.height() =0 hasIntersection =false
04-28 19:00:12.807 W/InsetsSource( 5963): Has no intersection or mTmpFrame.height(), return Insets.NONE mTmpFrame.height() =169 hasIntersection =false
04-28 19:00:12.808 W/InsetsSource( 5963): Has no intersection or mTmpFrame.height(), return Insets.NONE mTmpFrame.height() =0 hasIntersection =false
04-28 19:00:12.808 W/InsetsSource( 5963): Has no intersection or mTmpFrame.height(), return Insets.NONE mTmpFrame.height() =0 hasIntersection =false
04-28 19:00:12.808 W/InsetsSource( 5963): Has no intersection or mTmpFrame.height(), return Insets.NONE mTmpFrame.height() =0 hasIntersection =false
04-28 19:00:12.808 W/InsetsSource( 5963): Has no intersection or mTmpFrame.height(), return Insets.NONE mTmpFrame.height() =0 hasIntersection =false
04-28 19:00:12.808 W/InsetsSource( 5963): Has no intersection or mTmpFrame.height(), return Insets.NONE mTmpFrame.height() =0 hasIntersection =false
04-28 19:00:12.808 W/InsetsSource( 5963): Has no intersection or mTmpFrame.height(), return Insets.NONE mTmpFrame.height() =0 hasIntersection =false
04-28 19:00:12.808 W/InsetsSource( 5963): Has no intersection or mTmpFrame.height(), return Insets.NONE mTmpFrame.height() =0 hasIntersection =false
04-28 19:00:12.808 W/InsetsSource( 5963): Has no intersection or mTmpFrame.height(), return Insets.NONE mTmpFrame.height() =0 hasIntersection =false
04-28 19:00:12.808 W/InsetsSource( 5963): Has no intersection or mTmpFrame.height(), return Insets.NONE mTmpFrame.height() =0 hasIntersection =false
04-28 19:00:12.808 W/InsetsSource( 5963): Has no intersection or mTmpFrame.height(), return Insets.NONE mTmpFrame.height() =0 hasIntersection =false
04-28 19:00:12.808 W/InsetsSource( 5963): Has no intersection or mTmpFrame.height(), return Insets.NONE mTmpFrame.height() =60 hasIntersection =false
04-28 19:00:12.808 W/InsetsSource( 5963): Has no intersection or mTmpFrame.height(), return Insets.NONE mTmpFrame.height() =60 hasIntersection =false
04-28 19:00:12.808 W/InsetsSource( 5963): Has no intersection or mTmpFrame.height(), return Insets.NONE mTmpFrame.height() =0 hasIntersection =false
04-28 19:00:12.808 W/InsetsSource( 5963): Has no intersection or mTmpFrame.height(), return Insets.NONE mTmpFrame.height() =0 hasIntersection =false
04-28 19:00:12.809 W/InsetsSource( 5963): Has no intersection or mTmpFrame.height(), return Insets.NONE mTmpFrame.height() =45 hasIntersection =false
04-28 19:00:12.809 W/InsetsSource( 5963): Has no intersection or mTmpFrame.height(), return Insets.NONE mTmpFrame.height() =45 hasIntersection =false
04-28 19:00:12.809 W/InsetsSource( 5963): Has no intersection or mTmpFrame.height(), return Insets.NONE mTmpFrame.height() =169 hasIntersection =false
04-28 19:00:12.809 W/InsetsSource( 5963): Has no intersection or mTmpFrame.height(), return Insets.NONE mTmpFrame.height() =169 hasIntersection =false
04-28 19:00:12.809 W/InsetsSource( 5963): Has no intersection or mTmpFrame.height(), return Insets.NONE mTmpFrame.height() =0 hasIntersection =false
04-28 19:00:12.809 W/InsetsSource( 5963): Has no intersection or mTmpFrame.height(), return Insets.NONE mTmpFrame.height() =0 hasIntersection =false
04-28 19:00:12.809 W/InsetsSource( 5963): Has no intersection or mTmpFrame.height(), return Insets.NONE mTmpFrame.height() =45 hasIntersection =false
04-28 19:00:12.809 W/InsetsSource( 5963): Has no intersection or mTmpFrame.height(), return Insets.NONE mTmpFrame.height() =45 hasIntersection =false
04-28 19:00:12.809 W/InsetsSource( 5963): Has no intersection or mTmpFrame.height(), return Insets.NONE mTmpFrame.height() =169 hasIntersection =false
04-28 19:00:12.809 W/InsetsSource( 5963): Has no intersection or mTmpFrame.height(), return Insets.NONE mTmpFrame.height() =169 hasIntersection =false
04-28 19:00:12.809 W/InsetsSource( 5963): Has no intersection or mTmpFrame.height(), return Insets.NONE mTmpFrame.height() =0 hasIntersection =false
04-28 19:00:12.809 W/InsetsSource( 5963): Has no intersection or mTmpFrame.height(), return Insets.NONE mTmpFrame.height() =60 hasIntersection =false
04-28 19:00:12.809 W/InsetsSource( 5963): Has no intersection or mTmpFrame.height(), return Insets.NONE mTmpFrame.height() =169 hasIntersection =false
04-28 19:00:12.809 W/InsetsSource( 5963): Has no intersection or mTmpFrame.height(), return Insets.NONE mTmpFrame.height() =169 hasIntersection =false
04-28 19:00:12.809 D/View    ( 5963): setBackgroundBlur blurRadius=375
04-28 19:00:12.810 D/VRI[Toast]( 5963): vri.Setup new sync=wmsSync-VRI[Toast]#46
04-28 19:00:12.810 W/LayerDrawable( 5963): Failed to obtain smooth corners because the drawable of the children in the layerstate is null
04-28 19:00:12.814 D/RefreshRateSelector( 1966): Touch Boost
04-28 19:00:12.814 D/MI-SF   ( 1966): modeGroup41426432 mIsSupportAutomodeForMaxFpsSetting is 1(1), getCurrentBrightness() = 1366(0), mIsKeepAutoMode 0 isAutoModeAllowed() 1
04-28 19:00:12.814 D/RefreshRateSelector( 1966): fixedMode_group: 41426432, isFindModeGroup 1
04-28 19:00:12.814 D/RefreshRateSelector( 1966): find max refresh rate:120, mode Group:41426432
04-28 19:00:12.814 I/SDM     ( 1810): SDMDisplay::SetActiveConfigWithConstraints: display = 0, config: 1, WxH 1440x3200, fps 120@auto@120:30
04-28 19:00:12.816 W/SDM     ( 1810): HWDeviceDRM::GetSupportedBitClkRate: Requested rate not supported: 1286000000
04-28 19:00:12.816 I/SDM     ( 1810): HWDeviceDRM::UpdateMixerAttributes: Mixer WxH 1440x3200-1 for Peripheral
04-28 19:00:12.818 I/vendor.qti.hardware.display.composer-service( 1810): Sensor: notify citsensorservice to trigger cwb, misForced = 0
04-28 19:00:12.818 I/SDM     ( 1810): CWB config passed by cwb_client : tappoint 1  CWB_ROI : (699.000000 110.000000 940.000000 351.000000) for display-0
04-28 19:00:12.821 D/libsensor-D2SNotifier( 2925): DisplayId 0 Displayinfo2SlpiNotifier to type 8 displayFrequency = 30
04-28 19:00:12.822 D/FPSMonitor( 1841): threadFuncFpsMonitor display 0, fps 30
04-28 19:00:12.827 I/sensors ( 2925): qsh_qmi:41, qsh_qmi
04-28 19:00:12.833 W/BpBinder( 1966): Large outgoing transaction of 117192 bytes, interface descriptor android.gui.IWindowInfosListener, code 1 was sent
04-28 19:00:12.840 I/SDM     ( 1810): PartialUpdateSrcSplit::SetCwbRoiForNonPU: CWB ROI Rect(699.000000 110.000000 940.000000 351.000000)
04-28 19:00:12.847 I/sensors ( 2925): ~qsh_qmi:68, ~qsh_qmi
04-28 19:00:12.854 W/BpBinder( 1966): Large outgoing transaction of 122228 bytes, interface descriptor android.gui.IWindowInfosListener, code 1 was sent
04-28 19:00:12.859 I/SDM     ( 1810): NotifyCWBStatus: Notify the client about buffer (0xefaab4d0) status 0 for display-0.
04-28 19:00:12.859 I/SDM     ( 1810): SDMConcurrentWriteBack::ProcessCWBStatus: CWB queue is empty. Display: 0
04-28 19:00:12.912 I/SDM     ( 1810): DisplayBase::CommitThread: Received Idle Timeout, panel: cmd, timeout: 70000 us
04-28 19:00:12.912 D/libsensor-parseRGB( 2925): CWB NotifyIdleStatus 1
04-28 19:00:12.924 D/MI-SF   ( 1966): setIdleFps choose FPS:60, mode:20709632 mode_group 24641792
04-28 19:00:12.924 D/DisplayModeController( 1966): setDesiredMode 4630946654109872275 {mode={fps=60.00 Hz, modePtr={id=5, vsyncRate=60.00 Hz, peakRefreshRate=60.00 Hz}}, emitEvent=false, force=false}
04-28 19:00:12.926 I/SDM     ( 1810): SDMDisplay::SetActiveConfigWithConstraints: display = 0, config: 5, WxH 1440x3200, fps 60@idle@60:1
04-28 19:00:12.927 W/SDM     ( 1810): HWDeviceDRM::GetSupportedBitClkRate: Requested rate not supported: 1286000000
04-28 19:00:12.927 I/SDM     ( 1810): HWDeviceDRM::UpdateMixerAttributes: Mixer WxH 1440x3200-1 for Peripheral
04-28 19:00:12.928 I/SDM     ( 1810): HWDeviceDRM::SetupConcurrentWriteback: Tear down the Concurrent Writeback topology
04-28 19:00:12.932 E/HwcComposer( 1966): getLuts failed Status(-129, EX_TRANSACTION_FAILED): 'UNKNOWN_TRANSACTION: '
04-28 19:00:12.935 I/sensors-hal( 1789): handle_sns_std_sensor_event:67, light_event: ts=806733214198925, lux: 209.4, powermode=1
04-28 19:00:12.935 D/SRE     ( 1841): sensorCallback mDisplayId = 0 dataCallback value=< 209.3750,   0.0000,   0.0000>, time=806733214198925, sensortype=5
04-28 19:00:12.935 D/IGCDither( 1841): sensorCallback mDisplayId = 0 dataCallback value=< 209.3750,   0.0000,   0.0000>, time=806733214198925, sensor=5
04-28 19:00:12.936 D/FPSMonitor( 1841): threadFuncFpsMonitor display 0, fps 1
04-28 19:00:12.936 D/libsensor-D2SNotifier( 2925): DisplayId 0 Displayinfo2SlpiNotifier to type 8 displayFrequency = 1
04-28 19:00:12.941 I/sensors ( 2925): qsh_qmi:41, qsh_qmi
04-28 19:00:12.943 I/sensors-hal( 1789): handle_sns_std_sensor_event:67, light_event: ts=806733214876790, lux: 209.4, powermode=1
04-28 19:00:12.943 D/SRE     ( 1841): sensorCallback mDisplayId = 0 dataCallback value=< 209.3750,   0.0000,   0.0000>, time=806733214876790, sensortype=5
04-28 19:00:12.943 D/IGCDither( 1841): sensorCallback mDisplayId = 0 dataCallback value=< 209.3750,   0.0000,   0.0000>, time=806733214876790, sensor=5
04-28 19:00:12.943 I/sensors ( 2925): ~qsh_qmi:68, ~qsh_qmi
04-28 19:00:12.955 I/sensors-hal( 1789): qsh_conn_event_cb:789, wakeup event[0] sensor:screen_down  Wakeup msg_id=1025, ts=15566897695171
04-28 19:00:13.014 I/SDM     ( 1810): DisplayBase::CommitThread: Received Idle Timeout, panel: cmd, timeout: 69999 us
04-28 19:00:13.014 D/libsensor-parseRGB( 2925): CWB NotifyIdleStatus 1
04-28 19:00:13.044 W/RenderInspector(24033): DequeueBuffer time out on com.smartsales.prism/com.smartsales.prism.MainActivity, count=9, avg=11 ms, max=19 ms.
04-28 19:00:13.045 D/RefreshRateSelector( 1966): Touch Boost
04-28 19:00:13.045 D/MI-SF   ( 1966): modeGroup41426432 mIsSupportAutomodeForMaxFpsSetting is 1(1), getCurrentBrightness() = 1366(0), mIsKeepAutoMode 0 isAutoModeAllowed() 1
04-28 19:00:13.045 D/RefreshRateSelector( 1966): fixedMode_group: 41426432, isFindModeGroup 1
04-28 19:00:13.045 D/RefreshRateSelector( 1966): find max refresh rate:120, mode Group:41426432
04-28 19:00:13.045 D/DisplayModeController( 1966): setDesiredMode 4630946654109872275 {mode={fps=120.00 Hz, modePtr={id=1, vsyncRate=120.00 Hz, peakRefreshRate=120.00 Hz}}, emitEvent=true, force=false}
04-28 19:00:13.045 E/DisplayModeController( 1966): setDesiredMode : Idle status skip setActiveMode, isDdicIdleMode: 1
04-28 19:00:13.045 D/PerfShielderService( 3839): com.smartsales.prism|com.smartsales.prism/com.smartsales.prism.MainActivity|108|663720667878371|52|2|3
04-28 19:00:13.046 W/MiuiPerfServiceClient(31485): interceptAndQueuing:24033|com.smartsales.prism|108|52|663720667878371|Slow handle animation|3
04-28 19:00:13.050 D/RefreshRateSelector( 1966): Touch Boost
04-28 19:00:13.050 D/MI-SF   ( 1966): modeGroup41426432 mIsSupportAutomodeForMaxFpsSetting is 1(1), getCurrentBrightness() = 1366(0), mIsKeepAutoMode 0 isAutoModeAllowed() 1
04-28 19:00:13.050 D/RefreshRateSelector( 1966): fixedMode_group: 41426432, isFindModeGroup 1
04-28 19:00:13.050 D/RefreshRateSelector( 1966): find max refresh rate:120, mode Group:41426432
04-28 19:00:13.050 I/SDM     ( 1810): SDMDisplay::SetActiveConfigWithConstraints: display = 0, config: 1, WxH 1440x3200, fps 120@auto@120:30
04-28 19:00:13.051 W/SDM     ( 1810): HWDeviceDRM::GetSupportedBitClkRate: Requested rate not supported: 1286000000
04-28 19:00:13.051 I/SDM     ( 1810): HWDeviceDRM::UpdateMixerAttributes: Mixer WxH 1440x3200-1 for Peripheral
04-28 19:00:13.053 I/vendor.qti.hardware.display.composer-service( 1810): Sensor: notify citsensorservice to trigger cwb, misForced = 0
04-28 19:00:13.053 I/SDM     ( 1810): CWB config passed by cwb_client : tappoint 1  CWB_ROI : (699.000000 110.000000 940.000000 351.000000) for display-0
04-28 19:00:13.057 D/FPSMonitor( 1841): threadFuncFpsMonitor display 0, fps 30
04-28 19:00:13.057 D/libsensor-D2SNotifier( 2925): DisplayId 0 Displayinfo2SlpiNotifier to type 8 displayFrequency = 30
04-28 19:00:13.060 W/HWComposer( 1966): Ignoring duplicate VSYNC event from HWC for display 4630946654109872275 (t=663722203873000)
04-28 19:00:13.067 I/sensors ( 2925): qsh_qmi:41, qsh_qmi
04-28 19:00:13.067 D/RefreshRateSelector( 1966): Touch Boost
04-28 19:00:13.067 D/MI-SF   ( 1966): modeGroup41426432 mIsSupportAutomodeForMaxFpsSetting is 1(1), getCurrentBrightness() = 1366(0), mIsKeepAutoMode 0 isAutoModeAllowed() 1
04-28 19:00:13.067 D/RefreshRateSelector( 1966): fixedMode_group: 41426432, isFindModeGroup 1
04-28 19:00:13.067 D/RefreshRateSelector( 1966): find max refresh rate:120, mode Group:41426432
04-28 19:00:13.068 I/SDM     ( 1810): PartialUpdateSrcSplit::SetCwbRoiForNonPU: CWB ROI Rect(699.000000 110.000000 940.000000 351.000000)
04-28 19:00:13.069 W/HWComposer( 1966): Ignoring duplicate VSYNC event from HWC for display 4630946654109872275 (t=663722212188000)
04-28 19:00:13.071 I/sensors-hal( 1789): qsh_conn_event_cb:789, wakeup event[0] sensor:screen_down  Wakeup msg_id=1025, ts=15566898528695
04-28 19:00:13.072 I/sensors-hal( 1789): qsh_conn_event_cb:789, wakeup event[1] sensor:screen_down  Wakeup msg_id=1025, ts=15566899362220
04-28 19:00:13.074 I/sensors ( 2925): ~qsh_qmi:68, ~qsh_qmi
04-28 19:00:13.076 W/HWComposer( 1966): Ignoring duplicate VSYNC event from HWC for display 4630946654109872275 (t=663722220503000)
04-28 19:00:13.084 I/SDM     ( 1810): NotifyCWBStatus: Notify the client about buffer (0xefaa8350) status 0 for display-0.
04-28 19:00:13.084 I/SDM     ( 1810): SDMConcurrentWriteBack::ProcessCWBStatus: CWB queue is empty. Display: 0
04-28 19:00:13.085 W/HWComposer( 1966): Ignoring duplicate VSYNC event from HWC for display 4630946654109872275 (t=663722228819000)
04-28 19:00:13.088 D/HWUI    ( 5963): DDRE Debug DrawPath: smoothCornerEnabled = true
04-28 19:00:13.088 D/HWUI    ( 5963): DDRE Debug DrawPath: smoothCornerEnabled = true
04-28 19:00:13.088 I/NetworkBoostStatusManager( 3839): handle: 107
04-28 19:00:13.090 E/PhoneAdapter( 5894): get ntnphones failed, exception: java.lang.IllegalStateException: not support satellite!
04-28 19:00:13.091 D/SLM-SRV-SLAService( 3839): isModemSingnalStrengthStatus = 0
04-28 19:00:13.093 W/HWComposer( 1966): Ignoring duplicate VSYNC event from HWC for display 4630946654109872275 (t=663722237134000)
04-28 19:00:13.101 W/HWComposer( 1966): Ignoring duplicate VSYNC event from HWC for display 4630946654109872275 (t=663722245449000)
04-28 19:00:13.110 W/HWComposer( 1966): Ignoring duplicate VSYNC event from HWC for display 4630946654109872275 (t=663722253764000)
04-28 19:00:13.120 D/VRI[Toast]( 5963): vri.reportDrawFinished 0 0 Rect(501, 2559 - 938, 2765)
04-28 19:00:13.122 D/MiuiRefreshRatePolicy( 3839): reset
04-28 19:00:13.122 E/DisplayModeDirectorImpl( 3839): Invalid displayId: 138, only 0 and 1 are supported
04-28 19:00:13.122 D/MiuiRefreshRatePolicy( 3839): reset
04-28 19:00:13.122 E/DisplayModeDirectorImpl( 3839): Invalid displayId: 120, only 0 and 1 are supported
04-28 19:00:13.122 D/MiuiRefreshRatePolicy( 3839): reset
04-28 19:00:13.122 E/DisplayModeDirectorImpl( 3839): Invalid displayId: 76, only 0 and 1 are supported
04-28 19:00:13.122 D/MiuiRefreshRatePolicy( 3839): reset
04-28 19:00:13.122 D/View    ( 5963): setBackgroundBlur blurRadius=375
04-28 19:00:13.122 E/DisplayModeDirectorImpl( 3839): Invalid displayId: 68, only 0 and 1 are supported
04-28 19:00:13.122 D/MiuiRefreshRatePolicy( 3839): reset
04-28 19:00:13.122 E/DisplayModeDirectorImpl( 3839): Invalid displayId: 64, only 0 and 1 are supported
04-28 19:00:13.122 D/MiuiRefreshRatePolicy( 3839): reset
04-28 19:00:13.122 E/DisplayModeDirectorImpl( 3839): Invalid displayId: 56, only 0 and 1 are supported
04-28 19:00:13.122 D/MiuiRefreshRatePolicy( 3839): reset
04-28 19:00:13.122 E/DisplayModeDirectorImpl( 3839): Invalid displayId: 42, only 0 and 1 are supported
04-28 19:00:13.122 D/MiuiRefreshRatePolicy( 3839): reset
04-28 19:00:13.122 E/DisplayModeDirectorImpl( 3839): Invalid displayId: 34, only 0 and 1 are supported
04-28 19:00:13.122 D/MiuiRefreshRatePolicy( 3839): reset
04-28 19:00:13.122 E/DisplayModeDirectorImpl( 3839): Invalid displayId: 24, only 0 and 1 are supported
04-28 19:00:13.122 D/MiuiRefreshRatePolicy( 3839): reset
04-28 19:00:13.122 E/DisplayModeDirectorImpl( 3839): Invalid displayId: 6, only 0 and 1 are supported
04-28 19:00:13.123 D/DisplayContentStubImpl( 3839): onNewImeFrame: isImeVisible = false, imeFrame = Rect(0, 0 - 0, 0)
04-28 19:00:13.123 W/InsetsSource( 3839): Has no intersection or mTmpFrame.height(), return Insets.NONE mTmpFrame.height() =0 hasIntersection =false
04-28 19:00:13.123 W/InsetsSource( 3839): Has no intersection or mTmpFrame.height(), return Insets.NONE mTmpFrame.height() =0 hasIntersection =false
04-28 19:00:13.123 D/BarFollowAnimation( 3839): pairAppearanceRegionAndWin win=Window{7dea979 u0 com.smartsales.prism/com.smartsales.prism.MainActivity} 0
04-28 19:00:13.123 W/LayerDrawable( 5963): Failed to obtain smooth corners because the drawable of the children in the layerstate is null
04-28 19:00:13.123 D/BarFollowAnimation( 3839): isAppTaskBarOnTop win:Window{7dea979 u0 com.smartsales.prism/com.smartsales.prism.MainActivity} (mCurrentTopTask:Task{fb5f9b7 #28146 type=standard A=10433:com.smartsales.prism} : true); (mAssociatedTask:Task{fb5f9b7 #28146 type=standard A=10433:com.smartsales.prism} : true); (mHomeTask:Task{39ded46 #1 type=home} : false); mReparentToOriginParent:false mLastAppBarVisible:true mLastHomeBarVisible:false
04-28 19:00:13.123 D/MiuiRefreshRatePolicy( 3839): reset
04-28 19:00:13.123 V/AutoDensityController( 5963): on display changed 0 context dpi:586 origin dpi:600 target dpi:586
04-28 19:00:13.123 D/ControlCenterWindowViewController( 5963): on display changed 0
04-28 19:00:13.123 V/AODAutoDensityController( 5963): on display changed 0 context dpi:586 origin dpi:600 target dpi:586
04-28 19:00:13.124 D/HWUI    ( 5963): [HWUI] Flag vulkan_enhance_pipeline_cache enabled
04-28 19:00:13.124 D/HWUI    ( 5963): [HWUI] EnhanceVkPipelineCache is enabled
04-28 19:00:13.124 D/HWUI    ( 5963): [HWUI] Flag ddre enabled
04-28 19:00:13.124 I/PowerManagerServiceImpl( 3839): Acquire wakelock: SCREEN_BRIGHT_WAKE_LOCK           'WindowManager/displayId:0' ON_AFTER_RELEASE (uid=1000 pid=3839 pkg=android ws=WorkSource{1000 com.android.systemui})
04-28 19:00:13.125 W/InsetsSource( 3839): Has no intersection or mTmpFrame.height(), return Insets.NONE mTmpFrame.height() =0 hasIntersection =false
04-28 19:00:13.125 W/InsetsSource( 3839): Has no intersection or mTmpFrame.height(), return Insets.NONE mTmpFrame.height() =0 hasIntersection =false
04-28 19:00:13.125 I/WindowManager( 3839): wms.showSurfaceRobustly mWin:Window{a1522f6 u0 Toast} in Surface(name=Toast#35119)/@0x53f1b93
04-28 19:00:13.128 I/Choreographer( 5963): first vsync insert message into MessageQueue Head
04-28 19:00:13.129 W/LayerDrawable( 5963): Failed to obtain smooth corners because the drawable of the children in the layerstate is null
04-28 19:00:13.130 I/SDM     ( 1810): HWDeviceDRM::SetupConcurrentWriteback: Tear down the Concurrent Writeback topology
04-28 19:00:13.137 W/LayerDrawable( 5963): Failed to obtain smooth corners because the drawable of the children in the layerstate is null
04-28 19:00:13.137 W/ActivityManagerServiceImpl( 3839): Sending non-protected broadcast com.modemenhance.ACTION_MODEMWIFI_RSSI_POLL from system 5894:com.android.phone/1001 pkg com.android.phone. Callers=
04-28 19:00:13.139 I/WifiService( 3839): getConnectionInfo uid=1001
04-28 19:00:13.139 V/WifiService( 3839): Clearing REDACT_FOR_LOCAL_MAC_ADDRESS for com.android.phone(uid=1001)
04-28 19:00:13.139 V/WifiService( 3839): Clearing REDACT_FOR_NETWORK_SETTINGS for com.android.phone(uid=1001)
04-28 19:00:13.139 V/WifiService( 3839): Clearing REDACT_FOR_ACCESS_FINE_LOCATION for com.android.phone(uid=1001)
04-28 19:00:13.140 D/SlaveWifiManager( 5894): getWifiSlaveConnectionInfo
04-28 19:00:13.144 W/BpBinder( 1966): Large outgoing transaction of 122228 bytes, interface descriptor android.gui.IWindowInfosListener, code 1 was sent
04-28 19:00:13.146 W/LayerDrawable( 5963): Failed to obtain smooth corners because the drawable of the children in the layerstate is null
04-28 19:00:13.147 D/RefreshRateSelector( 1966): Touch Boost
04-28 19:00:13.147 D/MI-SF   ( 1966): modeGroup41426432 mIsSupportAutomodeForMaxFpsSetting is 1(1), getCurrentBrightness() = 1366(0), mIsKeepAutoMode 0 isAutoModeAllowed() 1
04-28 19:00:13.147 D/RefreshRateSelector( 1966): fixedMode_group: 41426432, isFindModeGroup 1
04-28 19:00:13.147 D/RefreshRateSelector( 1966): find max refresh rate:120, mode Group:41426432
04-28 19:00:13.149 I/MiClstc ( 1810): StageLayers No adding layer_name[FramebufferSurface], layer_id 1
04-28 19:00:13.150 I/MiClstc ( 1810): RetrieveConfig Unknown layer 1, skip
04-28 19:00:13.154 W/LayerDrawable( 5963): Failed to obtain smooth corners because the drawable of the children in the layerstate is null
04-28 19:00:13.162 W/LayerDrawable( 5963): Failed to obtain smooth corners because the drawable of the children in the layerstate is null
04-28 19:00:13.167 W/BpBinder( 1966): Large outgoing transaction of 122228 bytes, interface descriptor android.gui.IWindowInfosListener, code 1 was sent
04-28 19:00:13.184 W/BpBinder( 1966): Large outgoing transaction of 122228 bytes, interface descriptor android.gui.IWindowInfosListener, code 1 was sent
04-28 19:00:13.188 I/MiClstc ( 1810): DropLayers erase layer 6976
04-28 19:00:13.188 I/MiClstc ( 1810): DropLayers erase layer 6977
04-28 19:00:13.188 I/MiClstc ( 1810): DropLayers erase layer 6980
04-28 19:00:13.189 W/LayerDrawable( 5963): Failed to obtain smooth corners because the drawable of the children in the layerstate is null
04-28 19:00:13.189 D/RenderEngine( 1966): drawLayersInternal layername:Toast#35119 regionblurRadius:375 blurInput:1440x3200 blurRect:437x206
04-28 19:00:13.190 D/RenderEngine( 1966): drawLayersInternal layername:Toast#35119 regionblurRadius:375 blurInput:432x960 blurRect:131x61
04-28 19:00:13.192 D/RenderEngine( 1966): drawLayersInternal layername:Toast#35119 regionblurRadius:375 blurInput:816x1814 blurRect:247x116
04-28 19:00:13.194 D/RenderEngine( 1966): drawLayersInternal layername:Toast#35119 regionblurRadius:375 blurInput:816x1814 blurRect:247x116
04-28 19:00:13.195 D/RenderEngine( 1966): drawLayersInternal layername:Toast#35119 regionblurRadius:375 blurInput:816x1814 blurRect:247x116
04-28 19:00:13.196 D/RenderEngine( 1966): drawLayersInternal layername:Toast#35119 regionblurRadius:375 blurInput:816x1814 blurRect:247x116
04-28 19:00:13.198 D/RenderEngine( 1966): drawLayersInternal layername:Toast#35119 regionblurRadius:375 blurInput:816x1814 blurRect:247x116
04-28 19:00:13.199 D/RenderEngine( 1966): drawLayersInternal layername:Toast#35119 regionblurRadius:375 blurInput:816x1814 blurRect:247x116
04-28 19:00:13.201 D/RenderEngine( 1966): drawLayersInternal layername:Toast#35119 regionblurRadius:375 blurInput:816x1814 blurRect:247x116
04-28 19:00:13.202 D/RenderEngine( 1966): drawLayersInternal layername:Toast#35119 regionblurRadius:375 blurInput:816x1814 blurRect:247x116
04-28 19:00:13.203 D/RenderEngine( 1966): drawLayersInternal layername:Toast#35119 regionblurRadius:375 blurInput:816x1814 blurRect:247x116
04-28 19:00:13.209 W/LayerDrawable( 5963): Failed to obtain smooth corners because the drawable of the children in the layerstate is null
04-28 19:00:13.211 D/RenderEngine( 1966): drawLayersInternal layername:Toast#35119 regionblurRadius:375 blurInput:1440x3200 blurRect:437x206
04-28 19:00:13.212 D/RenderEngine( 1966): drawLayersInternal layername:Toast#35119 regionblurRadius:375 blurInput:432x960 blurRect:131x61
04-28 19:00:13.214 D/RenderEngine( 1966): drawLayersInternal layername:Toast#35119 regionblurRadius:375 blurInput:816x1814 blurRect:247x116
04-28 19:00:13.216 D/RenderEngine( 1966): drawLayersInternal layername:Toast#35119 regionblurRadius:375 blurInput:816x1814 blurRect:247x116
04-28 19:00:13.217 D/RenderEngine( 1966): drawLayersInternal layername:Toast#35119 regionblurRadius:375 blurInput:816x1814 blurRect:247x116
04-28 19:00:13.218 D/RenderEngine( 1966): drawLayersInternal layername:Toast#35119 regionblurRadius:375 blurInput:816x1814 blurRect:247x116
04-28 19:00:13.219 D/RenderEngine( 1966): drawLayersInternal layername:Toast#35119 regionblurRadius:375 blurInput:816x1814 blurRect:247x116
04-28 19:00:13.221 D/RenderEngine( 1966): drawLayersInternal layername:Toast#35119 regionblurRadius:375 blurInput:816x1814 blurRect:247x116
04-28 19:00:13.223 D/RenderEngine( 1966): drawLayersInternal layername:Toast#35119 regionblurRadius:375 blurInput:816x1814 blurRect:247x116
04-28 19:00:13.224 D/RenderEngine( 1966): drawLayersInternal layername:Toast#35119 regionblurRadius:375 blurInput:816x1814 blurRect:247x116
04-28 19:00:13.225 D/RenderEngine( 1966): drawLayersInternal layername:Toast#35119 regionblurRadius:375 blurInput:816x1814 blurRect:247x116
04-28 19:00:13.229 W/BpBinder( 1966): Large outgoing transaction of 122228 bytes, interface descriptor android.gui.IWindowInfosListener, code 1 was sent
04-28 19:00:13.232 W/LayerDrawable( 5963): Failed to obtain smooth corners because the drawable of the children in the layerstate is null
04-28 19:00:13.233 D/RenderEngine( 1966): drawLayersInternal layername:Toast#35119 regionblurRadius:375 blurInput:1440x3200 blurRect:437x206
04-28 19:00:13.234 D/RenderEngine( 1966): drawLayersInternal layername:Toast#35119 regionblurRadius:375 blurInput:432x960 blurRect:131x61
04-28 19:00:13.236 D/RenderEngine( 1966): drawLayersInternal layername:Toast#35119 regionblurRadius:375 blurInput:816x1814 blurRect:247x116
04-28 19:00:13.238 D/RenderEngine( 1966): drawLayersInternal layername:Toast#35119 regionblurRadius:375 blurInput:816x1814 blurRect:247x116
04-28 19:00:13.239 D/RenderEngine( 1966): drawLayersInternal layername:Toast#35119 regionblurRadius:375 blurInput:816x1814 blurRect:247x116
04-28 19:00:13.240 D/RenderEngine( 1966): drawLayersInternal layername:Toast#35119 regionblurRadius:375 blurInput:816x1814 blurRect:247x116
04-28 19:00:13.241 D/RenderEngine( 1966): drawLayersInternal layername:Toast#35119 regionblurRadius:375 blurInput:816x1814 blurRect:247x116
04-28 19:00:13.243 D/RenderEngine( 1966): drawLayersInternal layername:Toast#35119 regionblurRadius:375 blurInput:816x1814 blurRect:247x116
04-28 19:00:13.244 D/RenderEngine( 1966): drawLayersInternal layername:Toast#35119 regionblurRadius:375 blurInput:816x1814 blurRect:247x116
04-28 19:00:13.246 D/RenderEngine( 1966): drawLayersInternal layername:Toast#35119 regionblurRadius:375 blurInput:816x1814 blurRect:247x116
04-28 19:00:13.248 D/RenderEngine( 1966): drawLayersInternal layername:Toast#35119 regionblurRadius:375 blurInput:816x1814 blurRect:247x116
04-28 19:00:13.251 W/BpBinder( 1966): Large outgoing transaction of 122228 bytes, interface descriptor android.gui.IWindowInfosListener, code 1 was sent
04-28 19:00:13.254 W/LayerDrawable( 5963): Failed to obtain smooth corners because the drawable of the children in the layerstate is null
04-28 19:00:13.255 I/vendor.qti.hardware.display.composer-service( 1810): Sensor: notify citsensorservice to trigger cwb, misForced = 0
04-28 19:00:13.256 D/RenderEngine( 1966): drawLayersInternal layername:Toast#35119 regionblurRadius:375 blurInput:1440x3200 blurRect:437x206
04-28 19:00:13.257 D/RenderEngine( 1966): drawLayersInternal layername:Toast#35119 regionblurRadius:375 blurInput:432x960 blurRect:131x61
04-28 19:00:13.258 I/SDM     ( 1810): CWB config passed by cwb_client : tappoint 1  CWB_ROI : (699.000000 110.000000 940.000000 351.000000) for display-0
04-28 19:00:13.259 D/RenderEngine( 1966): drawLayersInternal layername:Toast#35119 regionblurRadius:375 blurInput:816x1814 blurRect:247x116
04-28 19:00:13.260 D/RenderEngine( 1966): drawLayersInternal layername:Toast#35119 regionblurRadius:375 blurInput:816x1814 blurRect:247x116
04-28 19:00:13.262 D/RenderEngine( 1966): drawLayersInternal layername:Toast#35119 regionblurRadius:375 blurInput:816x1814 blurRect:247x116
04-28 19:00:13.263 D/RenderEngine( 1966): drawLayersInternal layername:Toast#35119 regionblurRadius:375 blurInput:816x1814 blurRect:247x116
04-28 19:00:13.264 D/RenderEngine( 1966): drawLayersInternal layername:Toast#35119 regionblurRadius:375 blurInput:816x1814 blurRect:247x116
04-28 19:00:13.266 D/RenderEngine( 1966): drawLayersInternal layername:Toast#35119 regionblurRadius:375 blurInput:816x1814 blurRect:247x116
04-28 19:00:13.267 D/RenderEngine( 1966): drawLayersInternal layername:Toast#35119 regionblurRadius:375 blurInput:816x1814 blurRect:247x116
04-28 19:00:13.268 D/RenderEngine( 1966): drawLayersInternal layername:Toast#35119 regionblurRadius:375 blurInput:816x1814 blurRect:247x116
04-28 19:00:13.270 D/RenderEngine( 1966): drawLayersInternal layername:Toast#35119 regionblurRadius:375 blurInput:816x1814 blurRect:247x116
04-28 19:00:13.271 I/vendor.qti.bluetooth@1.0-ibs_handler( 1781): ProcessIbsCmd: Received IBS_WAKE_IND: 0xFD
04-28 19:00:13.271 D/vendor.qti.bluetooth@1.0-ibs_handler( 1781): SerialClockVote: vote for UART CLK ON
04-28 19:00:13.271 D/vendor.qti.bluetooth@1.0-wake_lock( 1781): Acquire wakelock is acquired
04-28 19:00:13.271 I/vendor.qti.bluetooth@1.0-ibs_handler( 1781): ProcessIbsCmd: Writing IBS_WAKE_ACK
04-28 19:00:13.273 E/HwcComposer( 1966): getLuts failed Status(-129, EX_TRANSACTION_FAILED): 'UNKNOWN_TRANSACTION: '
04-28 19:00:13.273 W/BpBinder( 1966): Large outgoing transaction of 122228 bytes, interface descriptor android.gui.IWindowInfosListener, code 1 was sent
04-28 19:00:13.275 V/bluetooth(28530): system/gd/hci/le_scanning_reassembler.cc:67 ProcessAdvertisingReport: Dropping repeated legacy advertising data
04-28 19:00:13.275 V/bluetooth(28530): system/gd/hci/le_scanning_reassembler.cc:90 ProcessAdvertisingReport: Ignoring advertising report when scan response is expected or current data is marked incomplete
04-28 19:00:13.275 V/bluetooth(28530): system/gd/hci/le_scanning_reassembler.cc:101 ProcessAdvertisingReport: Full advertising report has been reassembled
04-28 19:00:13.275 V/bluetooth(28530): system/gd/hci/le_scanning_decrypter.cc:148 ContainsEncryptedData: enc_adv_data_map is empty
04-28 19:00:13.275 V/bt_btm_ble(28530): system/stack/btm/btm_ble_gap.cc:2166 btm_ble_process_adv_addr: bda=xx:xx:xx:xx:44:71
04-28 19:00:13.275 V/bt_btm_ble(28530): system/stack/btm/btm_ble_gap.cc:2154 btm_ble_update_inq_result: Random address, treat device as LE only
04-28 19:00:13.275 D/bt_btm_ble(28530): system/stack/btm/btm_ble_gap.cc:1961 btm_ble_is_discoverable: btm_ble_is_discoverable flag=0x26
04-28 19:00:13.276 V/ScanController(28530): onScanResult() - eventType=0x1b, addressType=1, address=XX:XX:XX:XX:44:71, primaryPhy=1, secondaryPhy=0, advertisingSid=0xff, txPower=127, rssi=-54, periodicAdvInt=0x0, originalAddress=64:ED:5B:91:44:71
04-28 19:00:13.276 V/ScanController(28530): Skipping client: permission=true matches=false
04-28 19:00:13.276 V/ScanController(28530): Skipping client: permission=true matches=false
04-28 19:00:13.277 W/LayerDrawable( 5963): Failed to obtain smooth corners because the drawable of the children in the layerstate is null
04-28 19:00:13.277 V/ScanController(28530): Skipping client: permission=true matches=false
04-28 19:00:13.281 D/RenderEngine( 1966): drawLayersInternal layername:Toast#35119 regionblurRadius:375 blurInput:1440x3200 blurRect:437x206
04-28 19:00:13.283 D/RenderEngine( 1966): drawLayersInternal layername:Toast#35119 regionblurRadius:375 blurInput:432x960 blurRect:131x61
04-28 19:00:13.285 D/RenderEngine( 1966): drawLayersInternal layername:Toast#35119 regionblurRadius:375 blurInput:816x1814 blurRect:247x116
04-28 19:00:13.286 D/RenderEngine( 1966): drawLayersInternal layername:Toast#35119 regionblurRadius:375 blurInput:816x1814 blurRect:247x116
04-28 19:00:13.287 D/RenderEngine( 1966): drawLayersInternal layername:Toast#35119 regionblurRadius:375 blurInput:816x1814 blurRect:247x116
