04-28 18:51:23.821 D/btm_acl (28530): system/stack/acl/btm_acl.cc:1867 btm_read_rssi_complete: Read rrsi complete rssi:-49 hci status:HCI_SUCCESS
04-28 18:51:23.821 V/bt_btif_gattc(28530): system/btif/src/btif_gatt_client.cc:308 btm_read_rssi_cb: HAL bt_gatt_callbacks->client->read_remote_rssi_cb
04-28 18:51:23.822 D/BtGatt.GattService(28530): onReadRemoteRssi() - clientIf=80 address=XX:XX:XX:XX:8F:96, rssi=-49, status=0
04-28 18:51:23.844 D/wpa_supplicant(25850): nl80211: Drv Event 81 (NL80211_CMD_TDLS_OPER) received for wlan0
04-28 18:51:23.844 D/wpa_supplicant(25850): nl80211: TDLS operation event
04-28 18:51:23.844 D/wpa_supplicant(25850): nl80211: TDLS discovery request for peer 1c:db:d4:9b:8f:94
04-28 18:51:23.844 D/wpa_supplicant(25850): wlan0: Event TDLS (7) received
04-28 18:51:23.844 D/wpa_supplicant(25850): nl80211: Drv Event 81 (NL80211_CMD_TDLS_OPER) received for wlan0
04-28 18:51:23.844 D/wpa_supplicant(25850): nl80211: TDLS operation event
04-28 18:51:23.844 D/wpa_supplicant(25850): nl80211: TDLS discovery request for peer b4:5f:84:de:d4:d0
04-28 18:51:23.844 D/wpa_supplicant(25850): wlan0: Event TDLS (7) received
04-28 18:51:23.844 D/wpa_supplicant(25850): nl80211: Drv Event 81 (NL80211_CMD_TDLS_OPER) received for wlan0
04-28 18:51:23.844 D/wpa_supplicant(25850): nl80211: TDLS operation event
04-28 18:51:23.844 D/wpa_supplicant(25850): nl80211: TDLS discovery request for peer 14:c1:9f:d7:e3:f4
04-28 18:51:23.844 D/wpa_supplicant(25850): wlan0: Event TDLS (7) received
04-28 18:51:23.856 I/SDM     ( 1810): DisplayBase::CommitThread: Received Idle Timeout, panel: cmd, timeout: 70000 us
04-28 18:51:23.857 D/libsensor-parseRGB( 2925): CWB NotifyIdleStatus 1
04-28 18:51:23.862 I/vendor.qti.bluetooth@1.0-ibs_handler( 1781): ProcessIbsCmd: Received IBS_SLEEP_IND: 0xFE
04-28 18:51:23.862 D/MI-SF   ( 1966): setIdleFps choose FPS:60, mode:20709632 mode_group 24641792
04-28 18:51:23.862 D/DisplayModeController( 1966): setDesiredMode 4630946654109872275 {mode={fps=60.00 Hz, modePtr={id=5, vsyncRate=60.00 Hz, peakRefreshRate=60.00 Hz}}, emitEvent=false, force=false}
04-28 18:51:23.864 I/SDM     ( 1810): SDMDisplay::SetActiveConfigWithConstraints: display = 0, config: 5, WxH 1440x3200, fps 60@idle@60:1
04-28 18:51:23.864 W/SDM     ( 1810): HWDeviceDRM::GetSupportedBitClkRate: Requested rate not supported: 1286000000
04-28 18:51:23.865 I/SDM     ( 1810): HWDeviceDRM::UpdateMixerAttributes: Mixer WxH 1440x3200-1 for Peripheral
04-28 18:51:23.865 I/SDM     ( 1810): PartialUpdateSrcSplit::SetCwbRoiForNonPU: CWB ROI Rect(699.000000 110.000000 940.000000 351.000000)
04-28 18:51:23.871 D/FPSMonitor( 1841): threadFuncFpsMonitor display 0, fps 1
04-28 18:51:23.871 D/libsensor-D2SNotifier( 2925): DisplayId 0 Displayinfo2SlpiNotifier to type 8 displayFrequency = 1
04-28 18:51:23.874 I/sensors ( 2925): qsh_qmi:41, qsh_qmi
04-28 18:51:23.876 I/sensors ( 2925): ~qsh_qmi:68, ~qsh_qmi
04-28 18:51:23.880 I/SDM     ( 1810): NotifyCWBStatus: Notify the client about buffer (0xefaa7dd0) status 0 for display-0.
04-28 18:51:23.880 I/SDM     ( 1810): SDMConcurrentWriteBack::ProcessCWBStatus: CWB queue is empty. Display: 0
04-28 18:51:23.885 I/SDM     ( 1810): HWDeviceDRM::SetupConcurrentWriteback: Tear down the Concurrent Writeback topology
04-28 18:51:23.926 D/AudioPipeline(14426): SIM audio drawer entries emitted count=2 downloading=1 queued=0 holding=0 maxDownloadProgress=0.0
04-28 18:51:23.927 D/DownloadService(14426): Audio files state: downloading=1, queued=0, ready=1, queueSize=0
04-28 18:51:23.928 W/DownloadService(14426): Notification permission missing, skip foreground notification update
04-28 18:51:23.955 I/SDM     ( 1810): DisplayBase::CommitThread: Received Idle Timeout, panel: cmd, timeout: 70000 us
04-28 18:51:23.956 D/libsensor-parseRGB( 2925): CWB NotifyIdleStatus 1
04-28 18:51:23.966 D/RefreshRateSelector( 1966): Touch Boost
04-28 18:51:23.966 D/MI-SF   ( 1966): modeGroup41426432 mIsSupportAutomodeForMaxFpsSetting is 1(1), getCurrentBrightness() = 1366(0), mIsKeepAutoMode 0 isAutoModeAllowed() 1
04-28 18:51:23.966 D/RefreshRateSelector( 1966): fixedMode_group: 41426432, isFindModeGroup 1
04-28 18:51:23.966 D/RefreshRateSelector( 1966): find max refresh rate:120, mode Group:41426432
04-28 18:51:23.966 D/DisplayModeController( 1966): setDesiredMode 4630946654109872275 {mode={fps=120.00 Hz, modePtr={id=1, vsyncRate=120.00 Hz, peakRefreshRate=120.00 Hz}}, emitEvent=true, force=false}
04-28 18:51:23.966 E/DisplayModeController( 1966): setDesiredMode : Idle status skip setActiveMode, isDdicIdleMode: 1
04-28 18:51:23.980 I/SDM     ( 1810): SDMDisplay::SetActiveConfigWithConstraints: display = 0, config: 1, WxH 1440x3200, fps 120@auto@120:30
04-28 18:51:23.981 W/SDM     ( 1810): HWDeviceDRM::GetSupportedBitClkRate: Requested rate not supported: 1286000000
04-28 18:51:23.981 I/SDM     ( 1810): HWDeviceDRM::UpdateMixerAttributes: Mixer WxH 1440x3200-1 for Peripheral
04-28 18:51:23.984 I/vendor.qti.hardware.display.composer-service( 1810): Sensor: notify citsensorservice to trigger cwb, misForced = 0
04-28 18:51:23.985 I/SDM     ( 1810): CWB config passed by cwb_client : tappoint 1  CWB_ROI : (699.000000 110.000000 940.000000 351.000000) for display-0
04-28 18:51:23.987 D/FPSMonitor( 1841): threadFuncFpsMonitor display 0, fps 30
04-28 18:51:23.987 D/libsensor-D2SNotifier( 2925): DisplayId 0 Displayinfo2SlpiNotifier to type 8 displayFrequency = 30
04-28 18:51:23.998 I/sensors ( 2925): qsh_qmi:41, qsh_qmi
04-28 18:51:24.000 D/RefreshRateSelector( 1966): Touch Boost
04-28 18:51:24.000 D/MI-SF   ( 1966): modeGroup41426432 mIsSupportAutomodeForMaxFpsSetting is 1(1), getCurrentBrightness() = 1366(0), mIsKeepAutoMode 0 isAutoModeAllowed() 1
04-28 18:51:24.000 D/RefreshRateSelector( 1966): fixedMode_group: 41426432, isFindModeGroup 1
04-28 18:51:24.000 D/RefreshRateSelector( 1966): find max refresh rate:120, mode Group:41426432
04-28 18:51:24.001 I/SDM     ( 1810): PartialUpdateSrcSplit::SetCwbRoiForNonPU: CWB ROI Rect(699.000000 110.000000 940.000000 351.000000)
04-28 18:51:24.003 E/HwcComposer( 1966): getLuts failed Status(-129, EX_TRANSACTION_FAILED): 'UNKNOWN_TRANSACTION: '
04-28 18:51:24.008 I/sensors ( 2925): ~qsh_qmi:68, ~qsh_qmi
04-28 18:51:24.013 I/SDM     ( 1810): NotifyCWBStatus: Notify the client about buffer (0xefaaa500) status 0 for display-0.
04-28 18:51:24.013 I/SDM     ( 1810): SDMConcurrentWriteBack::ProcessCWBStatus: CWB queue is empty. Display: 0
04-28 18:51:24.040 D/JavaheapMonitor(32343): Java heap used=16M max=256M, proc: com.miui.securitycenter.remote
04-28 18:51:24.040 V/JavaheapMonitor(32343): Check java heap usage finished! Next check delay: 300000
04-28 18:51:24.066 I/vendor.qti.bluetooth@1.0-ibs_handler( 1781): DeviceSleep: TX Awake, Sending SLEEP_IND
04-28 18:51:24.066 D/vendor.qti.bluetooth@1.0-ibs_handler( 1781): SerialClockVote: vote for UART CLK OFF
04-28 18:51:24.073 I/SDM     ( 1810): DisplayBase::CommitThread: Received Idle Timeout, panel: cmd, timeout: 70000 us
04-28 18:51:24.073 D/libsensor-parseRGB( 2925): CWB NotifyIdleStatus 1
04-28 18:51:24.076 D/MI-SF   ( 1966): setIdleFps choose FPS:60, mode:20709632 mode_group 24641792
04-28 18:51:24.076 D/DisplayModeController( 1966): setDesiredMode 4630946654109872275 {mode={fps=60.00 Hz, modePtr={id=5, vsyncRate=60.00 Hz, peakRefreshRate=60.00 Hz}}, emitEvent=false, force=false}
04-28 18:51:24.080 I/SDM     ( 1810): SDMDisplay::SetActiveConfigWithConstraints: display = 0, config: 5, WxH 1440x3200, fps 60@idle@60:1
04-28 18:51:24.081 W/SDM     ( 1810): HWDeviceDRM::GetSupportedBitClkRate: Requested rate not supported: 1286000000
04-28 18:51:24.081 I/SDM     ( 1810): HWDeviceDRM::UpdateMixerAttributes: Mixer WxH 1440x3200-1 for Peripheral
04-28 18:51:24.082 I/SDM     ( 1810): HWDeviceDRM::SetupConcurrentWriteback: Tear down the Concurrent Writeback topology
04-28 18:51:24.086 D/libsensor-D2SNotifier( 2925): DisplayId 0 Displayinfo2SlpiNotifier to type 8 displayFrequency = 1
04-28 18:51:24.087 D/FPSMonitor( 1841): threadFuncFpsMonitor display 0, fps 1
04-28 18:51:24.090 I/sensors ( 2925): qsh_qmi:41, qsh_qmi
04-28 18:51:24.092 I/sensors ( 2925): ~qsh_qmi:68, ~qsh_qmi
04-28 18:51:24.129 D/AudioPipeline(14426): SIM audio drawer entries emitted count=2 downloading=1 queued=0 holding=0 maxDownloadProgress=0.0
04-28 18:51:24.129 D/DownloadService(14426): Audio files state: downloading=1, queued=0, ready=1, queueSize=0
04-28 18:51:24.131 W/DownloadService(14426): Notification permission missing, skip foreground notification update
04-28 18:51:24.164 D/RefreshRateSelector( 1966): Touch Boost
04-28 18:51:24.164 D/MI-SF   ( 1966): modeGroup41426432 mIsSupportAutomodeForMaxFpsSetting is 1(1), getCurrentBrightness() = 1366(0), mIsKeepAutoMode 0 isAutoModeAllowed() 1
04-28 18:51:24.164 D/RefreshRateSelector( 1966): fixedMode_group: 41426432, isFindModeGroup 1
04-28 18:51:24.164 D/RefreshRateSelector( 1966): find max refresh rate:120, mode Group:41426432
04-28 18:51:24.164 D/DisplayModeController( 1966): setDesiredMode 4630946654109872275 {mode={fps=120.00 Hz, modePtr={id=1, vsyncRate=120.00 Hz, peakRefreshRate=120.00 Hz}}, emitEvent=true, force=false}
04-28 18:51:24.164 E/DisplayModeController( 1966): setDesiredMode : Idle status skip setActiveMode, isDdicIdleMode: 1
04-28 18:51:24.171 I/SDM     ( 1810): DisplayBase::CommitThread: Received Idle Timeout, panel: cmd, timeout: 70000 us
04-28 18:51:24.172 D/libsensor-parseRGB( 2925): CWB NotifyIdleStatus 1
04-28 18:51:24.180 I/SDM     ( 1810): SDMDisplay::SetActiveConfigWithConstraints: display = 0, config: 1, WxH 1440x3200, fps 120@auto@120:30
04-28 18:51:24.181 W/SDM     ( 1810): HWDeviceDRM::GetSupportedBitClkRate: Requested rate not supported: 1286000000
04-28 18:51:24.181 I/SDM     ( 1810): HWDeviceDRM::UpdateMixerAttributes: Mixer WxH 1440x3200-1 for Peripheral
04-28 18:51:24.186 D/libsensor-D2SNotifier( 2925): DisplayId 0 Displayinfo2SlpiNotifier to type 8 displayFrequency = 30
04-28 18:51:24.186 D/FPSMonitor( 1841): threadFuncFpsMonitor display 0, fps 30
04-28 18:51:24.190 D/JavaheapMonitor(32529): Java heap used=12M max=512M, proc: com.xiaomi.aicr:cognitionService
04-28 18:51:24.190 V/JavaheapMonitor(32529): Check java heap usage finished! Next check delay: 300000
04-28 18:51:24.194 I/sensors ( 2925): qsh_qmi:41, qsh_qmi
04-28 18:51:24.197 I/sensors ( 2925): ~qsh_qmi:68, ~qsh_qmi
04-28 18:51:24.199 D/RefreshRateSelector( 1966): Touch Boost
04-28 18:51:24.199 D/MI-SF   ( 1966): modeGroup41426432 mIsSupportAutomodeForMaxFpsSetting is 1(1), getCurrentBrightness() = 1366(0), mIsKeepAutoMode 0 isAutoModeAllowed() 1
04-28 18:51:24.199 D/RefreshRateSelector( 1966): fixedMode_group: 41426432, isFindModeGroup 1
04-28 18:51:24.199 D/RefreshRateSelector( 1966): find max refresh rate:120, mode Group:41426432
04-28 18:51:24.201 I/vendor.qti.hardware.display.composer-service( 1810): Sensor: notify citsensorservice to trigger cwb, misForced = 0
04-28 18:51:24.201 E/HwcComposer( 1966): getLuts failed Status(-129, EX_TRANSACTION_FAILED): 'UNKNOWN_TRANSACTION: '
04-28 18:51:24.202 I/SDM     ( 1810): CWB config passed by cwb_client : tappoint 1  CWB_ROI : (699.000000 110.000000 940.000000 351.000000) for display-0
04-28 18:51:24.216 D/vendor.qti.bluetooth@1.0-wake_lock( 1781): Release wakelock is released
04-28 18:51:24.271 I/SDM     ( 1810): DisplayBase::CommitThread: Received Idle Timeout, panel: cmd, timeout: 70000 us
04-28 18:51:24.271 D/libsensor-parseRGB( 2925): CWB NotifyIdleStatus 1
04-28 18:51:24.274 D/MI-SF   ( 1966): setIdleFps choose FPS:60, mode:20709632 mode_group 24641792
04-28 18:51:24.275 D/DisplayModeController( 1966): setDesiredMode 4630946654109872275 {mode={fps=60.00 Hz, modePtr={id=5, vsyncRate=60.00 Hz, peakRefreshRate=60.00 Hz}}, emitEvent=false, force=false}
04-28 18:51:24.279 I/SDM     ( 1810): SDMDisplay::SetActiveConfigWithConstraints: display = 0, config: 5, WxH 1440x3200, fps 60@idle@60:1
04-28 18:51:24.280 W/SDM     ( 1810): HWDeviceDRM::GetSupportedBitClkRate: Requested rate not supported: 1286000000
04-28 18:51:24.280 I/SDM     ( 1810): HWDeviceDRM::UpdateMixerAttributes: Mixer WxH 1440x3200-1 for Peripheral
04-28 18:51:24.281 I/SDM     ( 1810): PartialUpdateSrcSplit::SetCwbRoiForNonPU: CWB ROI Rect(699.000000 110.000000 940.000000 351.000000)
04-28 18:51:24.286 D/FPSMonitor( 1841): threadFuncFpsMonitor display 0, fps 1
04-28 18:51:24.286 D/libsensor-D2SNotifier( 2925): DisplayId 0 Displayinfo2SlpiNotifier to type 8 displayFrequency = 1
04-28 18:51:24.290 I/sensors ( 2925): qsh_qmi:41, qsh_qmi
04-28 18:51:24.296 I/SDM     ( 1810): NotifyCWBStatus: Notify the client about buffer (0xefaa72d0) status 0 for display-0.
04-28 18:51:24.296 I/SDM     ( 1810): SDMConcurrentWriteBack::ProcessCWBStatus: CWB queue is empty. Display: 0
04-28 18:51:24.297 I/sensors ( 2925): ~qsh_qmi:68, ~qsh_qmi
04-28 18:51:24.301 I/SDM     ( 1810): HWDeviceDRM::SetupConcurrentWriteback: Tear down the Concurrent Writeback topology
04-28 18:51:24.351 D/MI-SF   ( 1966): setIdleFps choose FPS:60, mode:20709632 mode_group 24641792
04-28 18:51:24.371 I/SDM     ( 1810): DisplayBase::CommitThread: Received Idle Timeout, panel: cmd, timeout: 70000 us
04-28 18:51:24.372 D/libsensor-parseRGB( 2925): CWB NotifyIdleStatus 1
04-28 18:51:24.372 I/vendor.qti.bluetooth@1.0-ibs_handler( 1781): ProcessIbsCmd: Received IBS_WAKE_IND: 0xFD
04-28 18:51:24.372 D/vendor.qti.bluetooth@1.0-ibs_handler( 1781): SerialClockVote: vote for UART CLK ON
04-28 18:51:24.372 D/vendor.qti.bluetooth@1.0-wake_lock( 1781): Acquire wakelock is acquired
04-28 18:51:24.372 I/vendor.qti.bluetooth@1.0-ibs_handler( 1781): ProcessIbsCmd: Writing IBS_WAKE_ACK
04-28 18:51:24.376 V/bluetooth(28530): system/gd/hci/le_scanning_reassembler.cc:67 ProcessAdvertisingReport: Dropping repeated legacy advertising data
04-28 18:51:24.376 V/bluetooth(28530): system/gd/hci/le_scanning_reassembler.cc:101 ProcessAdvertisingReport: Full advertising report has been reassembled
04-28 18:51:24.376 V/bluetooth(28530): system/gd/hci/le_scanning_decrypter.cc:148 ContainsEncryptedData: enc_adv_data_map is empty
04-28 18:51:24.376 V/bt_btm_ble(28530): system/stack/btm/btm_ble_gap.cc:2166 btm_ble_process_adv_addr: bda=xx:xx:xx:xx:89:71
04-28 18:51:24.376 V/bt_btm_ble(28530): system/stack/btm/btm_ble_gap.cc:2157 btm_ble_update_inq_result: NOT_BR/EDR support bit set, treat device as LE only
04-28 18:51:24.376 D/bt_btm_ble(28530): system/stack/btm/btm_ble_gap.cc:1961 btm_ble_is_discoverable: btm_ble_is_discoverable flag=0x6
04-28 18:51:24.376 V/ScanController(28530): onScanResult() - eventType=0x10, addressType=1, address=XX:XX:XX:XX:89:71, primaryPhy=1, secondaryPhy=0, advertisingSid=0xff, txPower=127, rssi=127, periodicAdvInt=0x0, originalAddress=05:49:35:9B:89:71
04-28 18:51:24.377 V/ScanController(28530): Skipping data matching denylist: ScanRecord [mAdvertiseFlags=6, mServiceUuids=null, mServiceSolicitationUuids=[], mManufacturerSpecificData={76=[2, 21, 38, -122, -13, -100, -70, -38, 70, 88, -123, 74, -90, 46, 126, 94, -117, -115, 0, 1, 0, 0, 11]}, mServiceData={}, mTxPowerLevel=-2147483648, mDeviceName=null, mTransportDiscoveryData=null]
04-28 18:51:24.377 I/ScanController(28530): Skipping client 1 for location deny list
04-28 18:51:24.377 V/ScanController(28530): Skipping client: permission=true matches=false
04-28 18:51:24.378 V/ScanController(28530): Skipping client: permission=true matches=false
04-28 18:51:24.416 I/vendor.qti.bluetooth@1.0-ibs_handler( 1781): ProcessIbsCmd: Received IBS_SLEEP_IND: 0xFE
04-28 18:51:24.416 D/vendor.qti.bluetooth@1.0-ibs_handler( 1781): SerialClockVote: vote for UART CLK OFF
04-28 18:51:24.424 D/AudioPipeline(14426): SIM audio drawer entries emitted count=2 downloading=1 queued=0 holding=0 maxDownloadProgress=0.0
04-28 18:51:24.424 D/DownloadService(14426): Audio files state: downloading=1, queued=0, ready=1, queueSize=0
04-28 18:51:24.426 W/DownloadService(14426): Notification permission missing, skip foreground notification update
04-28 18:51:24.441 D/IdProviderImpl(14149): getOAID from com.miui.analytics
04-28 18:51:24.456 D/MI-SF   ( 1966): isSupportLowBrightnessFpsSwitch current_setting_fps: 120
04-28 18:51:24.456 D/MI-SF   ( 1966): isTpIdleScene ,mAverageFrameRate is 4, 1
04-28 18:51:24.456 D/MI-SF   ( 1966): modeGroup20709632 mIsSupportAutomodeForMaxFpsSetting is 1(1), getCurrentBrightness() = 1366(0), mIsKeepAutoMode 0 isAutoModeAllowed() 1
04-28 18:51:24.456 D/MI-SF   ( 1966): setTpIdleFps choose FPS:60, mode:37489152
04-28 18:51:24.456 D/DisplayModeController( 1966): setDesiredMode 4630946654109872275 {mode={fps=60.00 Hz, modePtr={id=7, vsyncRate=60.00 Hz, peakRefreshRate=60.00 Hz}}, emitEvent=true, force=false}
04-28 18:51:24.456 E/DisplayModeController( 1966): setDesiredMode : Idle status skip setActiveMode, isDdicIdleMode: 1
04-28 18:51:24.458 I/SDM     ( 1810): SDMDisplay::SetActiveConfigWithConstraints: display = 0, config: 7, WxH 1440x3200, fps 60@auto@60:10
04-28 18:51:24.459 W/SDM     ( 1810): HWDeviceDRM::GetSupportedBitClkRate: Requested rate not supported: 1286000000
04-28 18:51:24.459 I/SDM     ( 1810): HWDeviceDRM::UpdateMixerAttributes: Mixer WxH 1440x3200-1 for Peripheral
04-28 18:51:24.459 I/vendor.qti.hardware.display.composer-service( 1810): Sensor: notify citsensorservice to trigger cwb, misForced = 1
04-28 18:51:24.461 I/SDM     ( 1810): CWB config passed by cwb_client : tappoint 1  CWB_ROI : (699.000000 110.000000 940.000000 351.000000) for display-0
04-28 18:51:24.465 D/libsensor-D2SNotifier( 2925): DisplayId 0 Displayinfo2SlpiNotifier to type 8 displayFrequency = 10
04-28 18:51:24.465 D/FPSMonitor( 1841): threadFuncFpsMonitor display 0, fps 10
04-28 18:51:24.472 E/HwcComposer( 1966): getLuts failed Status(-129, EX_TRANSACTION_FAILED): 'UNKNOWN_TRANSACTION: '
04-28 18:51:24.474 D/MI-SF   ( 1966): isSupportLowBrightnessFpsSwitch current_setting_fps: 120
04-28 18:51:24.474 D/MI-SF   ( 1966): isTpIdleScene ,mAverageFrameRate is 4, 1
04-28 18:51:24.474 D/MI-SF   ( 1966): modeGroup37489152 mIsSupportAutomodeForMaxFpsSetting is 1(1), getCurrentBrightness() = 1366(0), mIsKeepAutoMode 0 isAutoModeAllowed() 1
04-28 18:51:24.474 D/MI-SF   ( 1966): setTpIdleFps choose FPS:60, mode:37489152
04-28 18:51:24.475 I/DisplayDeviceRepository( 3839): Display device changed render timings: "内置屏幕", renderFrameRate=60.000004, presentationDeadlineNanos=16666666, appVsyncOffsetNanos=1000000, frameRateOverrides=[]
04-28 18:51:24.475 I/SDM     ( 1810): PartialUpdateSrcSplit::SetCwbRoiForNonPU: CWB ROI Rect(699.000000 110.000000 940.000000 351.000000)
04-28 18:51:24.478 D/WindowManager( 3839): DeferredDisplayUpdater: partially applying DisplayInfo(1440 x 3200) immediately
04-28 18:51:24.478 W/DisplayContentStubImpl( 3839):  displayMetricsChanged=false physicalDisplayChanged=false displayId=0 newUniqueId=local:4630946654109872275 currentUnique=local:4630946654109872275
04-28 18:51:24.478 D/DisplayContentStubImpl( 3839): Display{#0 state=ON size=1440x3200 ROTATION_0} isActivityEmbeddingSplitEnable false
04-28 18:51:24.478 W/InsetsSource( 3839): Has no intersection or mTmpFrame.height(), return Insets.NONE mTmpFrame.height() =0 hasIntersection =false
04-28 18:51:24.478 W/InsetsSource( 3839): Has no intersection or mTmpFrame.height(), return Insets.NONE mTmpFrame.height() =0 hasIntersection =false
04-28 18:51:24.479 D/MiuiRefreshRatePolicy( 3839): reset
04-28 18:51:24.479 E/DisplayModeDirectorImpl( 3839): Invalid displayId: 138, only 0 and 1 are supported
04-28 18:51:24.479 D/MiuiRefreshRatePolicy( 3839): reset
04-28 18:51:24.479 E/DisplayModeDirectorImpl( 3839): Invalid displayId: 120, only 0 and 1 are supported
04-28 18:51:24.479 D/MiuiRefreshRatePolicy( 3839): reset
04-28 18:51:24.479 E/DisplayModeDirectorImpl( 3839): Invalid displayId: 76, only 0 and 1 are supported
04-28 18:51:24.479 D/MiuiRefreshRatePolicy( 3839): reset
04-28 18:51:24.479 E/DisplayModeDirectorImpl( 3839): Invalid displayId: 68, only 0 and 1 are supported
04-28 18:51:24.479 D/MiuiRefreshRatePolicy( 3839): reset
04-28 18:51:24.479 E/DisplayModeDirectorImpl( 3839): Invalid displayId: 64, only 0 and 1 are supported
04-28 18:51:24.479 D/MiuiRefreshRatePolicy( 3839): reset
04-28 18:51:24.479 E/DisplayModeDirectorImpl( 3839): Invalid displayId: 56, only 0 and 1 are supported
04-28 18:51:24.479 D/MiuiRefreshRatePolicy( 3839): reset
04-28 18:51:24.479 E/DisplayModeDirectorImpl( 3839): Invalid displayId: 42, only 0 and 1 are supported
04-28 18:51:24.479 D/MiuiRefreshRatePolicy( 3839): reset
04-28 18:51:24.479 E/DisplayModeDirectorImpl( 3839): Invalid displayId: 34, only 0 and 1 are supported
04-28 18:51:24.479 D/MiuiRefreshRatePolicy( 3839): reset
04-28 18:51:24.479 E/DisplayModeDirectorImpl( 3839): Invalid displayId: 24, only 0 and 1 are supported
04-28 18:51:24.479 D/MiuiRefreshRatePolicy( 3839): reset
04-28 18:51:24.479 E/DisplayModeDirectorImpl( 3839): Invalid displayId: 6, only 0 and 1 are supported
04-28 18:51:24.479 D/AudioFlingerImpl( 1930): setGameParameters keyvalue: screen_state=on
04-28 18:51:24.479 W/InsetsSource( 3839): Has no intersection or mTmpFrame.height(), return Insets.NONE mTmpFrame.height() =0 hasIntersection =false
04-28 18:51:24.479 D/MiuiGxzwAnimView( 5963): onDisplayChanged: oldState = 2, newState = 2
04-28 18:51:24.479 W/InsetsSource( 3839): Has no intersection or mTmpFrame.height(), return Insets.NONE mTmpFrame.height() =0 hasIntersection =false
04-28 18:51:24.479 D/DeviceHalAidl( 1930): [default] setParameters: parameters: "screen_state=on"
04-28 18:51:24.479 D/BarFollowAnimation( 3839): pairAppearanceRegionAndWin win=Window{13eaf2f u0 com.smartsales.prism/com.smartsales.prism.MainActivity} 0
04-28 18:51:24.479 D/PAL: API( 1794): pal_set_param: 1497: Enter: param id 8 (PAL_PARAM_ID_SCREEN_STATE)
04-28 18:51:24.479 D/PAL: ResourceManager( 1794): setParameter: 11845: Enter param id: 8 (PAL_PARAM_ID_SCREEN_STATE)
04-28 18:51:24.479 I/PAL: ResourceManager( 1794): setParameter: 11872: Screen State:1
04-28 18:51:24.479 D/PAL: ResourceManager( 1794): setParameter: 13545: Exit status: 0
04-28 18:51:24.479 D/PAL: API( 1794): pal_set_param: 1514: Exit, status 0
04-28 18:51:24.479 D/BarFollowAnimation( 3839): isAppTaskBarOnTop win:Window{13eaf2f u0 com.smartsales.prism/com.smartsales.prism.MainActivity} (mCurrentTopTask:Task{4746c18 #28143 type=standard A=10433:com.smartsales.prism} : true); (mAssociatedTask:Task{4746c18 #28143 type=standard A=10433:com.smartsales.prism} : true); (mHomeTask:Task{39ded46 #1 type=home} : false); mReparentToOriginParent:false mLastAppBarVisible:true mLastHomeBarVisible:false
04-28 18:51:24.480 D/DeviceHalAidl( 1930): [usb] setParameters: parameters: "screen_state=on"
04-28 18:51:24.480 V/AutoDensityController( 5963): on display changed 0 context dpi:586 origin dpi:600 target dpi:586
04-28 18:51:24.480 D/AHAL_Module( 1794): updateScreenState: usb: 1
04-28 18:51:24.480 D/MiuiRefreshRatePolicy( 3839): reset
04-28 18:51:24.480 D/DeviceHalAidl( 1930): [r_submix] setParameters: parameters: "screen_state=on"
04-28 18:51:24.480 D/AHAL_Module( 1794): updateScreenState: r_submix: 1
04-28 18:51:24.480 D/DeviceHalAidl( 1930): [bluetooth] setParameters: parameters: "screen_state=on"
04-28 18:51:24.480 D/AHAL_Module( 1794): updateScreenState: bluetooth: 1
04-28 18:51:24.480 D/ControlCenterWindowViewController( 5963): on display changed 0
04-28 18:51:24.480 V/AODAutoDensityController( 5963): on display changed 0 context dpi:586 origin dpi:600 target dpi:586
04-28 18:51:24.480 W/InsetsSource( 3839): Has no intersection or mTmpFrame.height(), return Insets.NONE mTmpFrame.height() =0 hasIntersection =false
04-28 18:51:24.480 W/InsetsSource( 3839): Has no intersection or mTmpFrame.height(), return Insets.NONE mTmpFrame.height() =0 hasIntersection =false
04-28 18:51:24.484 W/GestureStubView_Left( 5261): onDisplayChanged
04-28 18:51:24.484 W/GestureStubView_Left( 5261): adaptRotation   currentRotation=0   mRotation=0
04-28 18:51:24.484 W/GestureStubView_Right( 5261): onDisplayChanged
04-28 18:51:24.484 W/GestureStubView_Right( 5261): adaptRotation   currentRotation=0   mRotation=0
04-28 18:51:24.484 W/Launcher( 5261): onDisplayChanged: newRotation=0, mCurrentRotation=0
04-28 18:51:24.489 W/InsetsSource(31883): Has no intersection or mTmpFrame.height(), return Insets.NONE mTmpFrame.height() =0 hasIntersection =false
04-28 18:51:24.489 W/InsetsSource(31883): Has no intersection or mTmpFrame.height(), return Insets.NONE mTmpFrame.height() =0 hasIntersection =false
04-28 18:51:24.489 W/InsetsSource(31883): Has no intersection or mTmpFrame.height(), return Insets.NONE mTmpFrame.height() =0 hasIntersection =false
04-28 18:51:24.489 W/InsetsSource(31883): Has no intersection or mTmpFrame.height(), return Insets.NONE mTmpFrame.height() =0 hasIntersection =false
04-28 18:51:24.489 W/InsetsSource(31883): Has no intersection or mTmpFrame.height(), return Insets.NONE mTmpFrame.height() =0 hasIntersection =false
04-28 18:51:24.489 W/InsetsSource(31883): Has no intersection or mTmpFrame.height(), return Insets.NONE mTmpFrame.height() =0 hasIntersection =false
04-28 18:51:24.496 I/SDM     ( 1810): NotifyCWBStatus: Notify the client about buffer (0xefaa8090) status 0 for display-0.
04-28 18:51:24.500 I/SDM     ( 1810): SDMConcurrentWriteBack::ProcessCWBStatus: CWB queue is empty. Display: 0
04-28 18:51:24.519 I/sensors ( 2925): qsh_qmi:41, qsh_qmi
04-28 18:51:24.525 I/sensors ( 2925): ~qsh_qmi:68, ~qsh_qmi
04-28 18:51:24.547 I/SDM     ( 1810): DisplayBase::CommitThread: Received Idle Timeout, panel: cmd, timeout: 70000 us
04-28 18:51:24.547 D/libsensor-parseRGB( 2925): CWB NotifyIdleStatus 1
04-28 18:51:24.566 D/vendor.qti.bluetooth@1.0-wake_lock( 1781): Release wakelock is released
04-28 18:51:24.593 I/MiuiNetworkPolicy( 3839): updateUidState uid = 10276, uidState = 19
04-28 18:51:24.600 D/MI-SF   ( 1966): setIdleFps choose FPS:60, mode:20709632 mode_group 24641792
04-28 18:51:24.600 D/DisplayModeController( 1966): setDesiredMode 4630946654109872275 {mode={fps=60.00 Hz, modePtr={id=5, vsyncRate=60.00 Hz, peakRefreshRate=60.00 Hz}}, emitEvent=false, force=false}
04-28 18:51:24.607 I/SDM     ( 1810): SDMDisplay::SetActiveConfigWithConstraints: display = 0, config: 5, WxH 1440x3200, fps 60@idle@60:1
04-28 18:51:24.608 W/SDM     ( 1810): HWDeviceDRM::GetSupportedBitClkRate: Requested rate not supported: 1286000000
04-28 18:51:24.608 I/SDM     ( 1810): HWDeviceDRM::UpdateMixerAttributes: Mixer WxH 1440x3200-1 for Peripheral
04-28 18:51:24.609 I/SDM     ( 1810): HWDeviceDRM::SetupConcurrentWriteback: Tear down the Concurrent Writeback topology
04-28 18:51:24.613 I/.quicksearchbox(31883): This is non sticky GC, maxfree is 33554432 minfree is 8388608
04-28 18:51:24.613 I/.quicksearchbox(31883): Explicit concurrent copying GC freed 11MB AllocSpace bytes, 38(6876KB) LOS objects, 46% free, 36MB/68MB, paused 593us,353us total 162.354ms
04-28 18:51:24.613 I/.quicksearchbox(31883): WaitForGcToComplete blocked Background on Explicit for 34.212ms
04-28 18:51:24.613 D/libsensor-D2SNotifier( 2925): DisplayId 0 Displayinfo2SlpiNotifier to type 8 displayFrequency = 1
04-28 18:51:24.615 D/FPSMonitor( 1841): threadFuncFpsMonitor display 0, fps 1
04-28 18:51:24.618 D/JavaheapMonitor(31883): Java heap used=37M max=256M, proc: com.android.quicksearchbox
04-28 18:51:24.620 V/JavaheapMonitor(31883): Check java heap usage finished! Next check delay: 300000
04-28 18:51:24.622 I/sensors ( 2925): qsh_qmi:41, qsh_qmi
04-28 18:51:24.626 D/AudioPipeline(14426): SIM audio drawer entries emitted count=2 downloading=1 queued=0 holding=0 maxDownloadProgress=0.0
04-28 18:51:24.627 D/DownloadService(14426): Audio files state: downloading=1, queued=0, ready=1, queueSize=0
04-28 18:51:24.629 W/DownloadService(14426): Notification permission missing, skip foreground notification update
04-28 18:51:24.630 I/sensors ( 2925): ~qsh_qmi:68, ~qsh_qmi
04-28 18:51:24.668 D/MI-SF   ( 1966): isSupportLowBrightnessFpsSwitch current_setting_fps: 120
04-28 18:51:24.668 D/MI-SF   ( 1966): isTpIdleScene ,mAverageFrameRate is 4, 1
04-28 18:51:24.668 D/MI-SF   ( 1966): modeGroup20709632 mIsSupportAutomodeForMaxFpsSetting is 1(1), getCurrentBrightness() = 1366(0), mIsKeepAutoMode 0 isAutoModeAllowed() 1
04-28 18:51:24.668 D/MI-SF   ( 1966): setTpIdleFps choose FPS:60, mode:37489152
04-28 18:51:24.668 D/DisplayModeController( 1966): setDesiredMode 4630946654109872275 {mode={fps=60.00 Hz, modePtr={id=7, vsyncRate=60.00 Hz, peakRefreshRate=60.00 Hz}}, emitEvent=true, force=false}
04-28 18:51:24.668 E/DisplayModeController( 1966): setDesiredMode : Idle status skip setActiveMode, isDdicIdleMode: 1
04-28 18:51:24.674 I/SDM     ( 1810): SDMDisplay::SetActiveConfigWithConstraints: display = 0, config: 7, WxH 1440x3200, fps 60@auto@60:10
04-28 18:51:24.675 W/SDM     ( 1810): HWDeviceDRM::GetSupportedBitClkRate: Requested rate not supported: 1286000000
04-28 18:51:24.675 I/SDM     ( 1810): HWDeviceDRM::UpdateMixerAttributes: Mixer WxH 1440x3200-1 for Peripheral
04-28 18:51:24.676 I/vendor.qti.hardware.display.composer-service( 1810): Sensor: notify citsensorservice to trigger cwb, misForced = 0
04-28 18:51:24.676 I/SDM     ( 1810): CWB config passed by cwb_client : tappoint 1  CWB_ROI : (699.000000 110.000000 940.000000 351.000000) for display-0
04-28 18:51:24.679 D/FPSMonitor( 1841): threadFuncFpsMonitor display 0, fps 10
04-28 18:51:24.679 D/libsensor-D2SNotifier( 2925): DisplayId 0 Displayinfo2SlpiNotifier to type 8 displayFrequency = 10
04-28 18:51:24.680 I/WM-WorkerWrapper(31883): Worker result SUCCESS for Work [ id=b22413e2-488e-4272-8fed-f55e3ce7cecd, tags={ com.android.quicksearchbox.settings.UpdateSettingsWorker } ]
04-28 18:51:24.690 D/MI-SF   ( 1966): isSupportLowBrightnessFpsSwitch current_setting_fps: 120
04-28 18:51:24.690 D/MI-SF   ( 1966): isTpIdleScene ,mAverageFrameRate is 4, 1
04-28 18:51:24.690 D/MI-SF   ( 1966): modeGroup37489152 mIsSupportAutomodeForMaxFpsSetting is 1(1), getCurrentBrightness() = 1366(0), mIsKeepAutoMode 0 isAutoModeAllowed() 1
04-28 18:51:24.690 D/MI-SF   ( 1966): setTpIdleFps choose FPS:60, mode:37489152
04-28 18:51:24.691 I/SDM     ( 1810): PartialUpdateSrcSplit::SetCwbRoiForNonPU: CWB ROI Rect(699.000000 110.000000 940.000000 351.000000)
04-28 18:51:24.698 D/PackageManager( 3839): set app component=ComponentInfo{com.android.quicksearchbox/androidx.work.impl.background.systemalarm.RescheduleReceiver} enabled state: 2 from com.android.quicksearchbox,uid=10135,pid=31883
04-28 18:51:24.698 E/HwcComposer( 1966): getLuts failed Status(-129, EX_TRANSACTION_FAILED): 'UNKNOWN_TRANSACTION: '
04-28 18:51:24.720 I/SDM     ( 1810): NotifyCWBStatus: Notify the client about buffer (0xefaa8770) status 0 for display-0.
04-28 18:51:24.720 I/SDM     ( 1810): SDMConcurrentWriteBack::ProcessCWBStatus: CWB queue is empty. Display: 0
04-28 18:51:24.728 I/.quicksearchbox(31883): This is non sticky GC, maxfree is 33554432 minfree is 8388608
04-28 18:51:24.729 I/.quicksearchbox(31883): Explicit concurrent copying GC freed 2972KB AllocSpace bytes, 30(4848KB) LOS objects, 50% free, 30MB/61MB, paused 75us,102us total 110.705ms
04-28 18:51:24.732 I/sensors ( 2925): qsh_qmi:41, qsh_qmi
04-28 18:51:24.736 I/sensors ( 2925): ~qsh_qmi:68, ~qsh_qmi
04-28 18:51:24.768 I/SDM     ( 1810): DisplayBase::CommitThread: Received Idle Timeout, panel: cmd, timeout: 70000 us
04-28 18:51:24.768 D/libsensor-parseRGB( 2925): CWB NotifyIdleStatus 1
04-28 18:51:24.778 D/MI-SF   ( 1966): setIdleFps choose FPS:60, mode:20709632 mode_group 24641792
04-28 18:51:24.778 D/DisplayModeController( 1966): setDesiredMode 4630946654109872275 {mode={fps=60.00 Hz, modePtr={id=5, vsyncRate=60.00 Hz, peakRefreshRate=60.00 Hz}}, emitEvent=false, force=false}
04-28 18:51:24.778 W/ActivityManagerServiceImpl( 3839): Sending non-protected broadcast com.modemenhance.ACTION_MODEMWIFI_RSSI_POLL from system 5894:com.android.phone/1001 pkg com.android.phone. Callers=
04-28 18:51:24.779 I/WifiService( 3839): getConnectionInfo uid=1001
04-28 18:51:24.779 V/WifiService( 3839): Clearing REDACT_FOR_LOCAL_MAC_ADDRESS for com.android.phone(uid=1001)
04-28 18:51:24.779 V/WifiService( 3839): Clearing REDACT_FOR_NETWORK_SETTINGS for com.android.phone(uid=1001)
04-28 18:51:24.779 V/WifiService( 3839): Clearing REDACT_FOR_ACCESS_FINE_LOCATION for com.android.phone(uid=1001)
04-28 18:51:24.779 D/SlaveWifiManager( 5894): getWifiSlaveConnectionInfo
04-28 18:51:24.783 I/SDM     ( 1810): SDMDisplay::SetActiveConfigWithConstraints: display = 0, config: 5, WxH 1440x3200, fps 60@idle@60:1
04-28 18:51:24.784 W/SDM     ( 1810): HWDeviceDRM::GetSupportedBitClkRate: Requested rate not supported: 1286000000
04-28 18:51:24.784 I/SDM     ( 1810): HWDeviceDRM::UpdateMixerAttributes: Mixer WxH 1440x3200-1 for Peripheral
04-28 18:51:24.785 I/SDM     ( 1810): HWDeviceDRM::SetupConcurrentWriteback: Tear down the Concurrent Writeback topology
04-28 18:51:24.791 D/FPSMonitor( 1841): threadFuncFpsMonitor display 0, fps 1
04-28 18:51:24.791 D/libsensor-D2SNotifier( 2925): DisplayId 0 Displayinfo2SlpiNotifier to type 8 displayFrequency = 1
04-28 18:51:24.821 I/.quicksearchbox(31883): This is non sticky GC, maxfree is 33554432 minfree is 8388608
04-28 18:51:24.821 I/.quicksearchbox(31883): Explicit concurrent copying GC freed 2113KB AllocSpace bytes, 14(1480KB) LOS objects, 50% free, 27MB/55MB, paused 58us,90us total 90.492ms
04-28 18:51:24.825 I/sensors ( 2925): qsh_qmi:41, qsh_qmi
04-28 18:51:24.827 I/sensors ( 2925): ~qsh_qmi:68, ~qsh_qmi
04-28 18:51:24.830 D/AudioPipeline(14426): SIM audio drawer entries emitted count=2 downloading=1 queued=0 holding=0 maxDownloadProgress=0.0
04-28 18:51:24.830 D/DownloadService(14426): Audio files state: downloading=1, queued=0, ready=1, queueSize=0
04-28 18:51:24.833 W/DownloadService(14426): Notification permission missing, skip foreground notification update
04-28 18:51:24.856 D/MI-SF   ( 1966): isSupportLowBrightnessFpsSwitch current_setting_fps: 120
04-28 18:51:24.857 D/MI-SF   ( 1966): isTpIdleScene ,mAverageFrameRate is 4, 1
04-28 18:51:24.857 D/MI-SF   ( 1966): modeGroup20709632 mIsSupportAutomodeForMaxFpsSetting is 1(1), getCurrentBrightness() = 1366(0), mIsKeepAutoMode 0 isAutoModeAllowed() 1
04-28 18:51:24.857 D/MI-SF   ( 1966): setTpIdleFps choose FPS:60, mode:37489152
04-28 18:51:24.857 D/DisplayModeController( 1966): setDesiredMode 4630946654109872275 {mode={fps=60.00 Hz, modePtr={id=7, vsyncRate=60.00 Hz, peakRefreshRate=60.00 Hz}}, emitEvent=true, force=false}
04-28 18:51:24.857 E/DisplayModeController( 1966): setDesiredMode : Idle status skip setActiveMode, isDdicIdleMode: 1
04-28 18:51:24.865 I/SDM     ( 1810): SDMDisplay::SetActiveConfigWithConstraints: display = 0, config: 7, WxH 1440x3200, fps 60@auto@60:10
04-28 18:51:24.866 W/SDM     ( 1810): HWDeviceDRM::GetSupportedBitClkRate: Requested rate not supported: 1286000000
04-28 18:51:24.866 I/SDM     ( 1810): HWDeviceDRM::UpdateMixerAttributes: Mixer WxH 1440x3200-1 for Peripheral
04-28 18:51:24.873 D/FPSMonitor( 1841): threadFuncFpsMonitor display 0, fps 10
04-28 18:51:24.874 D/libsensor-D2SNotifier( 2925): DisplayId 0 Displayinfo2SlpiNotifier to type 8 displayFrequency = 10
04-28 18:51:24.881 I/sensors ( 2925): qsh_qmi:41, qsh_qmi
04-28 18:51:24.882 I/libsensor-boledalgo( 2925): dbv:1524,lux:206.7,cct:4829.1,hsv:2.6, CWB R:7.3,G:5.3,B:29.2 Event C:4305.1,R:2174.7,G:1712.7,B:844.4 Cali C:0.0,R:0.0,G:0.0,B:0.0
04-28 18:51:24.883 D/MI-SF   ( 1966): isSupportLowBrightnessFpsSwitch current_setting_fps: 120
04-28 18:51:24.883 D/MI-SF   ( 1966): isTpIdleScene ,mAverageFrameRate is 4, 1
04-28 18:51:24.883 D/MI-SF   ( 1966): modeGroup37489152 mIsSupportAutomodeForMaxFpsSetting is 1(1), getCurrentBrightness() = 1366(0), mIsKeepAutoMode 0 isAutoModeAllowed() 1
04-28 18:51:24.883 D/MI-SF   ( 1966): setTpIdleFps choose FPS:60, mode:37489152
04-28 18:51:24.885 I/vendor.qti.hardware.display.composer-service( 1810): Sensor: notify citsensorservice to trigger cwb, misForced = 0
04-28 18:51:24.886 I/SDM     ( 1810): CWB config passed by cwb_client : tappoint 1  CWB_ROI : (699.000000 110.000000 940.000000 351.000000) for display-0
04-28 18:51:24.887 I/sensors ( 2925): ~qsh_qmi:68, ~qsh_qmi
04-28 18:51:24.919 W/NetworkStats( 3839): High-frequency openSessionForUsageStats detected (window 30ms):
04-28 18:51:24.919 W/NetworkStats( 3839):   pkg=android, count=30
04-28 18:51:24.955 I/SDM     ( 1810): DisplayBase::CommitThread: Received Idle Timeout, panel: cmd, timeout: 70000 us
04-28 18:51:24.955 D/libsensor-parseRGB( 2925): CWB NotifyIdleStatus 1
04-28 18:51:24.960 D/JavaheapMonitor(32464): Java heap used=7M max=256M, proc: com.xiaomi.xmsf
04-28 18:51:24.960 V/JavaheapMonitor(32464): Check java heap usage finished! Next check delay: 300000
04-28 18:51:24.966 I/SDM     ( 1810): PartialUpdateSrcSplit::SetCwbRoiForNonPU: CWB ROI Rect(699.000000 110.000000 940.000000 351.000000)
04-28 18:51:24.967 D/MI-SF   ( 1966): setIdleFps choose FPS:60, mode:20709632 mode_group 24641792
04-28 18:51:24.968 D/DisplayModeController( 1966): setDesiredMode 4630946654109872275 {mode={fps=60.00 Hz, modePtr={id=5, vsyncRate=60.00 Hz, peakRefreshRate=60.00 Hz}}, emitEvent=false, force=false}
04-28 18:51:24.968 E/HwcComposer( 1966): getLuts failed Status(-129, EX_TRANSACTION_FAILED): 'UNKNOWN_TRANSACTION: '
04-28 18:51:24.981 I/SDM     ( 1810): SDMDisplay::SetActiveConfigWithConstraints: display = 0, config: 5, WxH 1440x3200, fps 60@idle@60:1
04-28 18:51:24.982 W/SDM     ( 1810): HWDeviceDRM::GetSupportedBitClkRate: Requested rate not supported: 1286000000
04-28 18:51:24.982 I/SDM     ( 1810): HWDeviceDRM::UpdateMixerAttributes: Mixer WxH 1440x3200-1 for Peripheral
04-28 18:51:24.983 I/SDM     ( 1810): HWDeviceDRM::SetupConcurrentWriteback: Tear down the Concurrent Writeback topology
04-28 18:51:24.986 D/FPSMonitor( 1841): threadFuncFpsMonitor display 0, fps 1
04-28 18:51:24.987 I/SDM     ( 1810): NotifyCWBStatus: Notify the client about buffer (0xefaa30d0) status 0 for display-0.
04-28 18:51:24.987 I/SDM     ( 1810): SDMConcurrentWriteBack::ProcessCWBStatus: CWB queue is empty. Display: 0
04-28 18:51:24.987 D/libsensor-D2SNotifier( 2925): DisplayId 0 Displayinfo2SlpiNotifier to type 8 displayFrequency = 1
04-28 18:51:24.992 I/sensors ( 2925): qsh_qmi:41, qsh_qmi
04-28 18:51:24.995 I/sensors ( 2925): ~qsh_qmi:68, ~qsh_qmi
04-28 18:51:25.046 D/AudioPipeline(14426): SIM audio drawer entries emitted count=2 downloading=1 queued=0 holding=0 maxDownloadProgress=0.0
04-28 18:51:25.046 D/DownloadService(14426): Audio files state: downloading=1, queued=0, ready=1, queueSize=0
04-28 18:51:25.048 W/DownloadService(14426): Notification permission missing, skip foreground notification update
04-28 18:51:25.073 D/MI-SF   ( 1966): isSupportLowBrightnessFpsSwitch current_setting_fps: 120
04-28 18:51:25.073 D/MI-SF   ( 1966): isTpIdleScene ,mAverageFrameRate is 4, 1
04-28 18:51:25.073 D/MI-SF   ( 1966): modeGroup20709632 mIsSupportAutomodeForMaxFpsSetting is 1(1), getCurrentBrightness() = 1366(0), mIsKeepAutoMode 0 isAutoModeAllowed() 1
04-28 18:51:25.074 D/MI-SF   ( 1966): setTpIdleFps choose FPS:60, mode:37489152
04-28 18:51:25.074 D/DisplayModeController( 1966): setDesiredMode 4630946654109872275 {mode={fps=60.00 Hz, modePtr={id=7, vsyncRate=60.00 Hz, peakRefreshRate=60.00 Hz}}, emitEvent=true, force=false}
04-28 18:51:25.074 E/DisplayModeController( 1966): setDesiredMode : Idle status skip setActiveMode, isDdicIdleMode: 1
04-28 18:51:25.074 I/SDM     ( 1810): DisplayBase::CommitThread: Received Idle Timeout, panel: cmd, timeout: 70000 us
04-28 18:51:25.075 D/libsensor-parseRGB( 2925): CWB NotifyIdleStatus 1
04-28 18:51:25.081 I/SDM     ( 1810): SDMDisplay::SetActiveConfigWithConstraints: display = 0, config: 7, WxH 1440x3200, fps 60@auto@60:10
04-28 18:51:25.082 W/SDM     ( 1810): HWDeviceDRM::GetSupportedBitClkRate: Requested rate not supported: 1286000000
04-28 18:51:25.082 I/SDM     ( 1810): HWDeviceDRM::UpdateMixerAttributes: Mixer WxH 1440x3200-1 for Peripheral
04-28 18:51:25.087 D/FPSMonitor( 1841): threadFuncFpsMonitor display 0, fps 10
04-28 18:51:25.087 D/libsensor-D2SNotifier( 2925): DisplayId 0 Displayinfo2SlpiNotifier to type 8 displayFrequency = 10
04-28 18:51:25.093 I/libsensor-boledalgo( 2925): dbv:1524,lux:205.7,cct:4904.7,hsv:2.6, CWB R:7.3,G:5.3,B:29.2 Event C:4297.0,R:2178.5,G:1719.2,B:854.0 Cali C:0.0,R:0.0,G:0.0,B:0.0
04-28 18:51:25.094 D/JavaheapMonitor( 5714): Java heap used=8M max=256M, proc: com.st.android.nfc_extensions_16
04-28 18:51:25.094 V/JavaheapMonitor( 5714): Check java heap usage finished! Next check delay: 300000
04-28 18:51:25.099 D/MI-SF   ( 1966): isSupportLowBrightnessFpsSwitch current_setting_fps: 120
04-28 18:51:25.099 D/MI-SF   ( 1966): isTpIdleScene ,mAverageFrameRate is 4, 1
04-28 18:51:25.099 D/MI-SF   ( 1966): modeGroup37489152 mIsSupportAutomodeForMaxFpsSetting is 1(1), getCurrentBrightness() = 1366(0), mIsKeepAutoMode 0 isAutoModeAllowed() 1
04-28 18:51:25.099 D/MI-SF   ( 1966): setTpIdleFps choose FPS:60, mode:37489152
04-28 18:51:25.101 I/vendor.qti.hardware.display.composer-service( 1810): Sensor: notify citsensorservice to trigger cwb, misForced = 0
04-28 18:51:25.102 I/SDM     ( 1810): CWB config passed by cwb_client : tappoint 1  CWB_ROI : (699.000000 110.000000 940.000000 351.000000) for display-0
04-28 18:51:25.106 I/sensors ( 2925): qsh_qmi:41, qsh_qmi
04-28 18:51:25.109 I/sensors ( 2925): ~qsh_qmi:68, ~qsh_qmi
04-28 18:51:25.121 D/MiuiRefreshRatePolicy( 3839): reset
04-28 18:51:25.122 E/DisplayModeDirectorImpl( 3839): Invalid displayId: 138, only 0 and 1 are supported
04-28 18:51:25.122 D/MiuiRefreshRatePolicy( 3839): reset
04-28 18:51:25.122 E/DisplayModeDirectorImpl( 3839): Invalid displayId: 120, only 0 and 1 are supported
04-28 18:51:25.122 D/MiuiRefreshRatePolicy( 3839): reset
04-28 18:51:25.122 E/DisplayModeDirectorImpl( 3839): Invalid displayId: 76, only 0 and 1 are supported
04-28 18:51:25.122 D/MiuiRefreshRatePolicy( 3839): reset
04-28 18:51:25.122 E/DisplayModeDirectorImpl( 3839): Invalid displayId: 68, only 0 and 1 are supported
04-28 18:51:25.122 D/MiuiRefreshRatePolicy( 3839): reset
04-28 18:51:25.122 E/DisplayModeDirectorImpl( 3839): Invalid displayId: 64, only 0 and 1 are supported
04-28 18:51:25.122 D/MiuiRefreshRatePolicy( 3839): reset
04-28 18:51:25.122 E/DisplayModeDirectorImpl( 3839): Invalid displayId: 56, only 0 and 1 are supported
04-28 18:51:25.122 D/MiuiRefreshRatePolicy( 3839): reset
04-28 18:51:25.122 E/DisplayModeDirectorImpl( 3839): Invalid displayId: 42, only 0 and 1 are supported
04-28 18:51:25.122 D/MiuiRefreshRatePolicy( 3839): reset
04-28 18:51:25.122 E/DisplayModeDirectorImpl( 3839): Invalid displayId: 34, only 0 and 1 are supported
04-28 18:51:25.122 D/MiuiRefreshRatePolicy( 3839): reset
04-28 18:51:25.122 E/DisplayModeDirectorImpl( 3839): Invalid displayId: 24, only 0 and 1 are supported
04-28 18:51:25.122 D/MiuiRefreshRatePolicy( 3839): reset
04-28 18:51:25.122 E/DisplayModeDirectorImpl( 3839): Invalid displayId: 6, only 0 and 1 are supported
04-28 18:51:25.122 D/DisplayContentStubImpl( 3839): onNewImeFrame: isImeVisible = false, imeFrame = Rect(0, 0 - 0, 0)
04-28 18:51:25.122 W/InsetsSource( 3839): Has no intersection or mTmpFrame.height(), return Insets.NONE mTmpFrame.height() =0 hasIntersection =false
04-28 18:51:25.122 W/InsetsSource( 3839): Has no intersection or mTmpFrame.height(), return Insets.NONE mTmpFrame.height() =0 hasIntersection =false
04-28 18:51:25.122 D/BarFollowAnimation( 3839): pairAppearanceRegionAndWin win=Window{13eaf2f u0 com.smartsales.prism/com.smartsales.prism.MainActivity} 0
04-28 18:51:25.123 D/BarFollowAnimation( 3839): isAppTaskBarOnTop win:Window{13eaf2f u0 com.smartsales.prism/com.smartsales.prism.MainActivity} (mCurrentTopTask:Task{4746c18 #28143 type=standard A=10433:com.smartsales.prism} : true); (mAssociatedTask:Task{4746c18 #28143 type=standard A=10433:com.smartsales.prism} : true); (mHomeTask:Task{39ded46 #1 type=home} : false); mReparentToOriginParent:false mLastAppBarVisible:true mLastHomeBarVisible:false
04-28 18:51:25.123 D/MiuiRefreshRatePolicy( 3839): reset
04-28 18:51:25.123 W/InsetsSource( 3839): Has no intersection or mTmpFrame.height(), return Insets.NONE mTmpFrame.height() =0 hasIntersection =false
04-28 18:51:25.123 W/InsetsSource( 3839): Has no intersection or mTmpFrame.height(), return Insets.NONE mTmpFrame.height() =0 hasIntersection =false
04-28 18:51:25.153 D/JavaheapMonitor( 5894): Java heap used=36M max=256M, proc: com.android.phone
04-28 18:51:25.153 V/JavaheapMonitor( 5894): Check java heap usage finished! Next check delay: 300000
04-28 18:51:25.174 I/SDM     ( 1810): DisplayBase::CommitThread: Received Idle Timeout, panel: cmd, timeout: 70000 us
04-28 18:51:25.174 D/libsensor-parseRGB( 2925): CWB NotifyIdleStatus 1
04-28 18:51:25.190 I/SDM     ( 1810): PartialUpdateSrcSplit::SetCwbRoiForNonPU: CWB ROI Rect(699.000000 110.000000 940.000000 351.000000)
04-28 18:51:25.192 E/HwcComposer( 1966): getLuts failed Status(-129, EX_TRANSACTION_FAILED): 'UNKNOWN_TRANSACTION: '
04-28 18:51:25.216 I/SDM     ( 1810): NotifyCWBStatus: Notify the client about buffer (0xefaa0c60) status 0 for display-0.
04-28 18:51:25.216 I/SDM     ( 1810): SDMConcurrentWriteBack::ProcessCWBStatus: CWB queue is empty. Display: 0
04-28 18:51:25.249 D/MI-SF   ( 1966): setIdleFps choose FPS:60, mode:20709632 mode_group 24641792
04-28 18:51:25.249 D/DisplayModeController( 1966): setDesiredMode 4630946654109872275 {mode={fps=60.00 Hz, modePtr={id=5, vsyncRate=60.00 Hz, peakRefreshRate=60.00 Hz}}, emitEvent=false, force=false}
04-28 18:51:25.255 I/SDM     ( 1810): SDMDisplay::SetActiveConfigWithConstraints: display = 0, config: 5, WxH 1440x3200, fps 60@idle@60:1
04-28 18:51:25.256 W/SDM     ( 1810): HWDeviceDRM::GetSupportedBitClkRate: Requested rate not supported: 1286000000
04-28 18:51:25.256 I/SDM     ( 1810): HWDeviceDRM::UpdateMixerAttributes: Mixer WxH 1440x3200-1 for Peripheral
04-28 18:51:25.257 I/SDM     ( 1810): HWDeviceDRM::SetupConcurrentWriteback: Tear down the Concurrent Writeback topology
04-28 18:51:25.261 D/libsensor-D2SNotifier( 2925): DisplayId 0 Displayinfo2SlpiNotifier to type 8 displayFrequency = 1
04-28 18:51:25.261 D/FPSMonitor( 1841): threadFuncFpsMonitor display 0, fps 1
04-28 18:51:25.264 I/sensors ( 2925): qsh_qmi:41, qsh_qmi
04-28 18:51:25.266 I/sensors ( 2925): ~qsh_qmi:68, ~qsh_qmi
04-28 18:51:25.270 I/adbd    ( 3027): in ShellService: export ANDROID_LOG_TAGS="''"; exec logcat '-d' '-v' 'time'
