04-28 18:51:22.703 D/RenderEngine( 1966): drawLayersInternal layername:Toast#34945 regionblurRadius:375 blurInput:432x960 blurRect:360x84
04-28 18:51:22.704 D/vendor.qti.bluetooth@1.0-wake_lock( 1781): Release wakelock is released
04-28 18:51:22.705 D/RenderEngine( 1966): drawLayersInternal layername:Toast#34945 regionblurRadius:375 blurInput:816x1814 blurRect:680x159
04-28 18:51:22.707 D/RenderEngine( 1966): drawLayersInternal layername:Toast#34945 regionblurRadius:375 blurInput:816x1814 blurRect:680x159
04-28 18:51:22.707 D/FPSMonitor( 1841): threadFuncFpsMonitor display 0, fps 10
04-28 18:51:22.707 D/libsensor-D2SNotifier( 2925): DisplayId 0 Displayinfo2SlpiNotifier to type 8 displayFrequency = 10
04-28 18:51:22.708 W/HWComposer( 1966): Ignoring duplicate VSYNC event from HWC for display 4630946654109872275 (t=663191852629000)
04-28 18:51:22.709 D/RenderEngine( 1966): drawLayersInternal layername:Toast#34945 regionblurRadius:375 blurInput:816x1814 blurRect:680x159
04-28 18:51:22.710 D/RenderEngine( 1966): drawLayersInternal layername:Toast#34945 regionblurRadius:375 blurInput:816x1814 blurRect:680x159
04-28 18:51:22.711 D/RenderEngine( 1966): drawLayersInternal layername:Toast#34945 regionblurRadius:375 blurInput:816x1814 blurRect:680x159
04-28 18:51:22.713 D/RenderEngine( 1966): drawLayersInternal layername:Toast#34945 regionblurRadius:375 blurInput:816x1814 blurRect:680x159
04-28 18:51:22.715 D/RenderEngine( 1966): drawLayersInternal layername:Toast#34945 regionblurRadius:375 blurInput:816x1814 blurRect:680x159
04-28 18:51:22.717 D/RenderEngine( 1966): drawLayersInternal layername:Toast#34945 regionblurRadius:375 blurInput:816x1814 blurRect:680x159
04-28 18:51:22.717 I/WifiService( 3839): getVerboseLoggingLevel uid=1000
04-28 18:51:22.717 D/AmlWifiScoreReportInjector( 3839): probabilityOfFailedTx = 0.3459922795603371
04-28 18:51:22.717 D/AmlWifiScoreReportInjector( 3839): mSwitchBackWifiThresholdAdjustment = 0
04-28 18:51:22.718 W/LayerDrawable( 5963): Failed to obtain smooth corners because the drawable of the children in the layerstate is null
04-28 18:51:22.719 D/RenderEngine( 1966): drawLayersInternal layername:Toast#34945 regionblurRadius:375 blurInput:816x1814 blurRect:680x159
04-28 18:51:22.722 E/PhoneAdapter( 5894): get ntnphones failed, exception: java.lang.IllegalStateException: not support satellite!
04-28 18:51:22.724 W/BpBinder( 1966): Large outgoing transaction of 122272 bytes, interface descriptor android.gui.IWindowInfosListener, code 1 was sent
04-28 18:51:22.724 I/WifiService( 3839): getScanResults uid=1000
04-28 18:51:22.725 W/HWComposer( 1966): Ignoring duplicate VSYNC event from HWC for display 4630946654109872275 (t=663191869266000)
04-28 18:51:22.725 D/AmlWifiScoreReportInjector( 3839): getMaxRssiInWaeknet weaknetRssi = -72
04-28 18:51:22.725 D/MI-SF   ( 1966): isSupportLowBrightnessFpsSwitch current_setting_fps: 120
04-28 18:51:22.725 D/MI-SF   ( 1966): isTpIdleScene ,mAverageFrameRate is 0, 1
04-28 18:51:22.726 D/MI-SF   ( 1966): modeGroup37489152 mIsSupportAutomodeForMaxFpsSetting is 1(1), getCurrentBrightness() = 1366(0), mIsKeepAutoMode 0 isAutoModeAllowed() 1
04-28 18:51:22.726 D/MI-SF   ( 1966): setTpIdleFps choose FPS:60, mode:37489152
04-28 18:51:22.728 I/sensors ( 2925): qsh_qmi:41, qsh_qmi
04-28 18:51:22.729 D/RenderEngine( 1966): drawLayersInternal layername:Toast#34945 regionblurRadius:375 blurInput:1440x3200 blurRect:1200x281
04-28 18:51:22.730 D/RenderEngine( 1966): drawLayersInternal layername:Toast#34945 regionblurRadius:375 blurInput:432x960 blurRect:360x84
04-28 18:51:22.732 D/RenderEngine( 1966): drawLayersInternal layername:Toast#34945 regionblurRadius:375 blurInput:816x1814 blurRect:680x159
04-28 18:51:22.733 I/sensors ( 2925): ~qsh_qmi:68, ~qsh_qmi
04-28 18:51:22.733 W/LayerDrawable( 5963): Failed to obtain smooth corners because the drawable of the children in the layerstate is null
04-28 18:51:22.734 D/RenderEngine( 1966): drawLayersInternal layername:Toast#34945 regionblurRadius:375 blurInput:816x1814 blurRect:680x159
04-28 18:51:22.736 D/RenderEngine( 1966): drawLayersInternal layername:Toast#34945 regionblurRadius:375 blurInput:816x1814 blurRect:680x159
04-28 18:51:22.737 D/RenderEngine( 1966): drawLayersInternal layername:Toast#34945 regionblurRadius:375 blurInput:816x1814 blurRect:680x159
04-28 18:51:22.739 D/RenderEngine( 1966): drawLayersInternal layername:Toast#34945 regionblurRadius:375 blurInput:816x1814 blurRect:680x159
04-28 18:51:22.740 D/RenderEngine( 1966): drawLayersInternal layername:Toast#34945 regionblurRadius:375 blurInput:816x1814 blurRect:680x159
04-28 18:51:22.742 W/HWComposer( 1966): Ignoring duplicate VSYNC event from HWC for display 4630946654109872275 (t=663191885902000)
04-28 18:51:22.742 D/RenderEngine( 1966): drawLayersInternal layername:Toast#34945 regionblurRadius:375 blurInput:816x1814 blurRect:680x159
04-28 18:51:22.743 D/RenderEngine( 1966): drawLayersInternal layername:Toast#34945 regionblurRadius:375 blurInput:816x1814 blurRect:680x159
04-28 18:51:22.744 W/LayerDrawable( 5963): Failed to obtain smooth corners because the drawable of the children in the layerstate is null
04-28 18:51:22.752 D/RenderEngine( 1966): drawLayersInternal layername:Toast#34945 regionblurRadius:375 blurInput:816x1814 blurRect:680x159
04-28 18:51:22.756 W/BpBinder( 1966): Large outgoing transaction of 122272 bytes, interface descriptor android.gui.IWindowInfosListener, code 1 was sent
04-28 18:51:22.758 W/HWComposer( 1966): Ignoring duplicate VSYNC event from HWC for display 4630946654109872275 (t=663191902538000)
04-28 18:51:22.761 I/vendor.qti.hardware.display.composer-service( 1810): Sensor: notify citsensorservice to trigger cwb, misForced = 0
04-28 18:51:22.761 I/SDM     ( 1810): CWB config passed by cwb_client : tappoint 1  CWB_ROI : (699.000000 110.000000 940.000000 351.000000) for display-0
04-28 18:51:22.761 D/RenderEngine( 1966): drawLayersInternal layername:Toast#34945 regionblurRadius:375 blurInput:1440x3200 blurRect:1200x281
04-28 18:51:22.762 W/LayerDrawable( 5963): Failed to obtain smooth corners because the drawable of the children in the layerstate is null
04-28 18:51:22.762 D/RenderEngine( 1966): drawLayersInternal layername:Toast#34945 regionblurRadius:375 blurInput:432x960 blurRect:360x84
04-28 18:51:22.765 D/RenderEngine( 1966): drawLayersInternal layername:Toast#34945 regionblurRadius:375 blurInput:816x1814 blurRect:680x159
04-28 18:51:22.767 D/RenderEngine( 1966): drawLayersInternal layername:Toast#34945 regionblurRadius:375 blurInput:816x1814 blurRect:680x159
04-28 18:51:22.768 D/RenderEngine( 1966): drawLayersInternal layername:Toast#34945 regionblurRadius:375 blurInput:816x1814 blurRect:680x159
04-28 18:51:22.769 D/RenderEngine( 1966): drawLayersInternal layername:Toast#34945 regionblurRadius:375 blurInput:816x1814 blurRect:680x159
04-28 18:51:22.771 D/RenderEngine( 1966): drawLayersInternal layername:Toast#34945 regionblurRadius:375 blurInput:816x1814 blurRect:680x159
04-28 18:51:22.773 D/RenderEngine( 1966): drawLayersInternal layername:Toast#34945 regionblurRadius:375 blurInput:816x1814 blurRect:680x159
04-28 18:51:22.774 D/RenderEngine( 1966): drawLayersInternal layername:Toast#34945 regionblurRadius:375 blurInput:816x1814 blurRect:680x159
04-28 18:51:22.775 W/HWComposer( 1966): Ignoring duplicate VSYNC event from HWC for display 4630946654109872275 (t=663191919174000)
04-28 18:51:22.776 D/RenderEngine( 1966): drawLayersInternal layername:Toast#34945 regionblurRadius:375 blurInput:816x1814 blurRect:680x159
04-28 18:51:22.778 D/RenderEngine( 1966): drawLayersInternal layername:Toast#34945 regionblurRadius:375 blurInput:816x1814 blurRect:680x159
04-28 18:51:22.782 W/BpBinder( 1966): Large outgoing transaction of 122272 bytes, interface descriptor android.gui.IWindowInfosListener, code 1 was sent
04-28 18:51:22.786 I/SDM     ( 1810): PartialUpdateSrcSplit::SetCwbRoiForNonPU: CWB ROI Rect(699.000000 110.000000 940.000000 351.000000)
04-28 18:51:22.786 W/LayerDrawable( 5963): Failed to obtain smooth corners because the drawable of the children in the layerstate is null
04-28 18:51:22.787 D/RenderEngine( 1966): drawLayersInternal layername:Toast#34945 regionblurRadius:375 blurInput:1440x3200 blurRect:1200x281
04-28 18:51:22.789 D/RenderEngine( 1966): drawLayersInternal layername:Toast#34945 regionblurRadius:375 blurInput:432x960 blurRect:360x84
04-28 18:51:22.791 D/RenderEngine( 1966): drawLayersInternal layername:Toast#34945 regionblurRadius:375 blurInput:816x1814 blurRect:680x159
04-28 18:51:22.792 W/HWComposer( 1966): Ignoring duplicate VSYNC event from HWC for display 4630946654109872275 (t=663191935811000)
04-28 18:51:22.792 D/RenderEngine( 1966): drawLayersInternal layername:Toast#34945 regionblurRadius:375 blurInput:816x1814 blurRect:680x159
04-28 18:51:22.794 D/RenderEngine( 1966): drawLayersInternal layername:Toast#34945 regionblurRadius:375 blurInput:816x1814 blurRect:680x159
04-28 18:51:22.795 D/RenderEngine( 1966): drawLayersInternal layername:Toast#34945 regionblurRadius:375 blurInput:816x1814 blurRect:680x159
04-28 18:51:22.796 D/RenderEngine( 1966): drawLayersInternal layername:Toast#34945 regionblurRadius:375 blurInput:816x1814 blurRect:680x159
04-28 18:51:22.798 D/RenderEngine( 1966): drawLayersInternal layername:Toast#34945 regionblurRadius:375 blurInput:816x1814 blurRect:680x159
04-28 18:51:22.800 D/RenderEngine( 1966): drawLayersInternal layername:Toast#34945 regionblurRadius:375 blurInput:816x1814 blurRect:680x159
04-28 18:51:22.802 D/RenderEngine( 1966): drawLayersInternal layername:Toast#34945 regionblurRadius:375 blurInput:816x1814 blurRect:680x159
04-28 18:51:22.803 D/RenderEngine( 1966): drawLayersInternal layername:Toast#34945 regionblurRadius:375 blurInput:816x1814 blurRect:680x159
04-28 18:51:22.807 W/BpBinder( 1966): Large outgoing transaction of 122272 bytes, interface descriptor android.gui.IWindowInfosListener, code 1 was sent
04-28 18:51:22.809 W/HWComposer( 1966): Ignoring duplicate VSYNC event from HWC for display 4630946654109872275 (t=663191952447000)
04-28 18:51:22.810 D/MiuiInputManagerService( 3839): unregisterSrollToTopListener, windowId: 103556998
04-28 18:51:22.811 D/View    ( 5963): removeBackgroundBlurDrawable
04-28 18:51:22.812 I/SDM     ( 1810): HWDeviceDRM::SetupConcurrentWriteback: Tear down the Concurrent Writeback topology
04-28 18:51:22.813 D/RenderEngine( 1966): drawLayersInternal layername:Toast#34945 regionblurRadius:375 blurInput:1440x3200 blurRect:1200x281
04-28 18:51:22.814 D/RenderEngine( 1966): drawLayersInternal layername:Toast#34945 regionblurRadius:375 blurInput:432x960 blurRect:360x84
04-28 18:51:22.815 I/SDM     ( 1810): NotifyCWBStatus: Notify the client about buffer (0xefaa9270) status 0 for display-0.
04-28 18:51:22.815 I/SDM     ( 1810): SDMConcurrentWriteBack::ProcessCWBStatus: CWB queue is empty. Display: 0
04-28 18:51:22.816 D/RenderEngine( 1966): drawLayersInternal layername:Toast#34945 regionblurRadius:375 blurInput:816x1814 blurRect:680x159
04-28 18:51:22.818 D/RenderEngine( 1966): drawLayersInternal layername:Toast#34945 regionblurRadius:375 blurInput:816x1814 blurRect:680x159
04-28 18:51:22.819 D/RenderEngine( 1966): drawLayersInternal layername:Toast#34945 regionblurRadius:375 blurInput:816x1814 blurRect:680x159
04-28 18:51:22.821 D/RenderEngine( 1966): drawLayersInternal layername:Toast#34945 regionblurRadius:375 blurInput:816x1814 blurRect:680x159
04-28 18:51:22.822 D/RenderEngine( 1966): drawLayersInternal layername:Toast#34945 regionblurRadius:375 blurInput:816x1814 blurRect:680x159
04-28 18:51:22.824 D/RenderEngine( 1966): drawLayersInternal layername:Toast#34945 regionblurRadius:375 blurInput:816x1814 blurRect:680x159
04-28 18:51:22.825 W/HWComposer( 1966): Ignoring duplicate VSYNC event from HWC for display 4630946654109872275 (t=663191969083000)
04-28 18:51:22.826 D/RenderEngine( 1966): drawLayersInternal layername:Toast#34945 regionblurRadius:375 blurInput:816x1814 blurRect:680x159
04-28 18:51:22.827 D/RenderEngine( 1966): drawLayersInternal layername:Toast#34945 regionblurRadius:375 blurInput:816x1814 blurRect:680x159
04-28 18:51:22.829 D/RenderEngine( 1966): drawLayersInternal layername:Toast#34945 regionblurRadius:375 blurInput:816x1814 blurRect:680x159
04-28 18:51:22.833 W/BpBinder( 1966): Large outgoing transaction of 122272 bytes, interface descriptor android.gui.IWindowInfosListener, code 1 was sent
04-28 18:51:22.836 D/RenderEngine( 1966): drawLayersInternal layername:Toast#34945 regionblurRadius:375 blurInput:1440x3200 blurRect:1200x281
04-28 18:51:22.838 D/RenderEngine( 1966): drawLayersInternal layername:Toast#34945 regionblurRadius:375 blurInput:432x960 blurRect:360x84
04-28 18:51:22.839 D/RenderEngine( 1966): drawLayersInternal layername:Toast#34945 regionblurRadius:375 blurInput:816x1814 blurRect:680x159
04-28 18:51:22.841 D/RenderEngine( 1966): drawLayersInternal layername:Toast#34945 regionblurRadius:375 blurInput:816x1814 blurRect:680x159
04-28 18:51:22.842 W/HWComposer( 1966): Ignoring duplicate VSYNC event from HWC for display 4630946654109872275 (t=663191985719000)
04-28 18:51:22.842 D/RenderEngine( 1966): drawLayersInternal layername:Toast#34945 regionblurRadius:375 blurInput:816x1814 blurRect:680x159
04-28 18:51:22.843 D/RenderEngine( 1966): drawLayersInternal layername:Toast#34945 regionblurRadius:375 blurInput:816x1814 blurRect:680x159
04-28 18:51:22.845 D/RenderEngine( 1966): drawLayersInternal layername:Toast#34945 regionblurRadius:375 blurInput:816x1814 blurRect:680x159
04-28 18:51:22.847 D/RenderEngine( 1966): drawLayersInternal layername:Toast#34945 regionblurRadius:375 blurInput:816x1814 blurRect:680x159
04-28 18:51:22.847 D/BufferQueueProducer( 5963): [VRI[Toast]#1962(BLAST Consumer)1962](id:174b00000901,api:1,p:5963,c:5963) disconnect: api 1 (caller=5963)
04-28 18:51:22.848 W/ndroid.systemui( 5963): Binder 0xb4000075f0130180 destroyed after setInheritRt before being parceled.
04-28 18:51:22.848 D/RenderEngine( 1966): drawLayersInternal layername:Toast#34945 regionblurRadius:375 blurInput:816x1814 blurRect:680x159
04-28 18:51:22.849 D/MiuiRefreshRatePolicy( 3839): reset
04-28 18:51:22.849 E/DisplayModeDirectorImpl( 3839): Invalid displayId: 138, only 0 and 1 are supported
04-28 18:51:22.849 D/MiuiRefreshRatePolicy( 3839): reset
04-28 18:51:22.849 E/DisplayModeDirectorImpl( 3839): Invalid displayId: 120, only 0 and 1 are supported
04-28 18:51:22.849 D/MiuiRefreshRatePolicy( 3839): reset
04-28 18:51:22.849 E/DisplayModeDirectorImpl( 3839): Invalid displayId: 76, only 0 and 1 are supported
04-28 18:51:22.849 D/MiuiRefreshRatePolicy( 3839): reset
04-28 18:51:22.849 E/DisplayModeDirectorImpl( 3839): Invalid displayId: 68, only 0 and 1 are supported
04-28 18:51:22.849 D/MiuiRefreshRatePolicy( 3839): reset
04-28 18:51:22.849 E/DisplayModeDirectorImpl( 3839): Invalid displayId: 64, only 0 and 1 are supported
04-28 18:51:22.849 D/MiuiRefreshRatePolicy( 3839): reset
04-28 18:51:22.850 E/DisplayModeDirectorImpl( 3839): Invalid displayId: 56, only 0 and 1 are supported
04-28 18:51:22.850 D/RenderEngine( 1966): drawLayersInternal layername:Toast#34945 regionblurRadius:375 blurInput:816x1814 blurRect:680x159
04-28 18:51:22.850 D/MiuiRefreshRatePolicy( 3839): reset
04-28 18:51:22.850 E/DisplayModeDirectorImpl( 3839): Invalid displayId: 42, only 0 and 1 are supported
04-28 18:51:22.850 D/MiuiRefreshRatePolicy( 3839): reset
04-28 18:51:22.850 E/DisplayModeDirectorImpl( 3839): Invalid displayId: 34, only 0 and 1 are supported
04-28 18:51:22.850 D/MiuiRefreshRatePolicy( 3839): reset
04-28 18:51:22.850 E/DisplayModeDirectorImpl( 3839): Invalid displayId: 24, only 0 and 1 are supported
04-28 18:51:22.850 D/MiuiRefreshRatePolicy( 3839): reset
04-28 18:51:22.850 E/DisplayModeDirectorImpl( 3839): Invalid displayId: 6, only 0 and 1 are supported
04-28 18:51:22.850 D/DisplayContentStubImpl( 3839): onNewImeFrame: isImeVisible = false, imeFrame = Rect(0, 0 - 0, 0)
04-28 18:51:22.850 W/InsetsSource( 3839): Has no intersection or mTmpFrame.height(), return Insets.NONE mTmpFrame.height() =0 hasIntersection =false
04-28 18:51:22.850 W/InsetsSource( 3839): Has no intersection or mTmpFrame.height(), return Insets.NONE mTmpFrame.height() =0 hasIntersection =false
04-28 18:51:22.850 D/BarFollowAnimation( 3839): pairAppearanceRegionAndWin win=Window{13eaf2f u0 com.smartsales.prism/com.smartsales.prism.MainActivity} 0
04-28 18:51:22.850 D/BarFollowAnimation( 3839): isAppTaskBarOnTop win:Window{13eaf2f u0 com.smartsales.prism/com.smartsales.prism.MainActivity} (mCurrentTopTask:Task{4746c18 #28143 type=standard A=10433:com.smartsales.prism} : true); (mAssociatedTask:Task{4746c18 #28143 type=standard A=10433:com.smartsales.prism} : true); (mHomeTask:Task{39ded46 #1 type=home} : false); mReparentToOriginParent:false mLastAppBarVisible:true mLastHomeBarVisible:false
04-28 18:51:22.851 D/MiuiRefreshRatePolicy( 3839): reset
04-28 18:51:22.851 I/PowerManagerServiceImpl( 3839): Release wakelock: SCREEN_BRIGHT_WAKE_LOCK           'WindowManager/displayId:0' ON_AFTER_RELEASE DISABLED ACQ=-1s188ms (uid=1000 pid=3839 pkg=android ws=WorkSource{1000 com.android.systemui})
04-28 18:51:22.851 D/RenderEngine( 1966): drawLayersInternal layername:Toast#34945 regionblurRadius:375 blurInput:816x1814 blurRect:680x159
04-28 18:51:22.852 W/InsetsSource( 3839): Has no intersection or mTmpFrame.height(), return Insets.NONE mTmpFrame.height() =0 hasIntersection =false
04-28 18:51:22.852 W/InsetsSource( 3839): Has no intersection or mTmpFrame.height(), return Insets.NONE mTmpFrame.height() =0 hasIntersection =false
04-28 18:51:22.852 W/InsetsSource( 5963): Has no intersection or mTmpFrame.height(), return Insets.NONE mTmpFrame.height() =0 hasIntersection =false
04-28 18:51:22.852 W/InsetsSource( 5963): Has no intersection or mTmpFrame.height(), return Insets.NONE mTmpFrame.height() =0 hasIntersection =false
04-28 18:51:22.852 W/InsetsSource( 5963): Has no intersection or mTmpFrame.height(), return Insets.NONE mTmpFrame.height() =0 hasIntersection =false
04-28 18:51:22.852 W/InsetsSource( 5963): Has no intersection or mTmpFrame.height(), return Insets.NONE mTmpFrame.height() =0 hasIntersection =false
04-28 18:51:22.852 W/InsetsSource( 5963): Has no intersection or mTmpFrame.height(), return Insets.NONE mTmpFrame.height() =0 hasIntersection =false
04-28 18:51:22.852 W/InsetsSource( 5963): Has no intersection or mTmpFrame.height(), return Insets.NONE mTmpFrame.height() =60 hasIntersection =false
04-28 18:51:22.852 W/InsetsSource( 5963): Has no intersection or mTmpFrame.height(), return Insets.NONE mTmpFrame.height() =0 hasIntersection =false
04-28 18:51:22.852 W/InsetsSource( 5963): Has no intersection or mTmpFrame.height(), return Insets.NONE mTmpFrame.height() =45 hasIntersection =false
04-28 18:51:22.852 W/InsetsSource( 5963): Has no intersection or mTmpFrame.height(), return Insets.NONE mTmpFrame.height() =169 hasIntersection =false
04-28 18:51:22.852 W/InsetsSource( 5963): Has no intersection or mTmpFrame.height(), return Insets.NONE mTmpFrame.height() =0 hasIntersection =false
04-28 18:51:22.853 W/InsetsSource( 5963): Has no intersection or mTmpFrame.height(), return Insets.NONE mTmpFrame.height() =45 hasIntersection =false
04-28 18:51:22.853 W/InsetsSource( 5963): Has no intersection or mTmpFrame.height(), return Insets.NONE mTmpFrame.height() =169 hasIntersection =false
04-28 18:51:22.854 W/NotificationService( 3839): Toast already killed. pkg=com.smartsales.prism token=android.os.BinderProxy@2ddee2f
04-28 18:51:22.858 E/HwcComposer( 1966): getLuts failed Status(-129, EX_TRANSACTION_FAILED): 'UNKNOWN_TRANSACTION: '
04-28 18:51:22.859 D/RenderEngine( 1966): drawLayersInternal layername:Toast#34945 regionblurRadius:375 blurInput:1440x3200 blurRect:1200x281
04-28 18:51:22.860 D/RenderEngine( 1966): drawLayersInternal layername:Toast#34945 regionblurRadius:375 blurInput:432x960 blurRect:360x84
04-28 18:51:22.868 D/RenderEngine( 1966): drawLayersInternal layername:Toast#34945 regionblurRadius:375 blurInput:816x1814 blurRect:680x159
04-28 18:51:22.870 D/RenderEngine( 1966): drawLayersInternal layername:Toast#34945 regionblurRadius:375 blurInput:816x1814 blurRect:680x159
04-28 18:51:22.871 D/RenderEngine( 1966): drawLayersInternal layername:Toast#34945 regionblurRadius:375 blurInput:816x1814 blurRect:680x159
04-28 18:51:22.873 D/RenderEngine( 1966): drawLayersInternal layername:Toast#34945 regionblurRadius:375 blurInput:816x1814 blurRect:680x159
04-28 18:51:22.874 D/RenderEngine( 1966): drawLayersInternal layername:Toast#34945 regionblurRadius:375 blurInput:816x1814 blurRect:680x159
04-28 18:51:22.876 D/RenderEngine( 1966): drawLayersInternal layername:Toast#34945 regionblurRadius:375 blurInput:816x1814 blurRect:680x159
04-28 18:51:22.877 D/RenderEngine( 1966): drawLayersInternal layername:Toast#34945 regionblurRadius:375 blurInput:816x1814 blurRect:680x159
04-28 18:51:22.879 D/RenderEngine( 1966): drawLayersInternal layername:Toast#34945 regionblurRadius:375 blurInput:816x1814 blurRect:680x159
04-28 18:51:22.881 D/RenderEngine( 1966): drawLayersInternal layername:Toast#34945 regionblurRadius:375 blurInput:816x1814 blurRect:680x159
04-28 18:51:22.882 D/RefreshRateSelector( 1966): Touch Boost
04-28 18:51:22.882 D/MI-SF   ( 1966): modeGroup41426432 mIsSupportAutomodeForMaxFpsSetting is 1(1), getCurrentBrightness() = 1366(0), mIsKeepAutoMode 0 isAutoModeAllowed() 1
04-28 18:51:22.882 D/RefreshRateSelector( 1966): fixedMode_group: 41426432, isFindModeGroup 1
04-28 18:51:22.882 D/RefreshRateSelector( 1966): find max refresh rate:120, mode Group:41426432
04-28 18:51:22.883 D/DisplayModeController( 1966): setDesiredMode 4630946654109872275 {mode={fps=120.00 Hz, modePtr={id=1, vsyncRate=120.00 Hz, peakRefreshRate=120.00 Hz}}, emitEvent=true, force=false}
04-28 18:51:22.883 D/BufferQueueConsumer( 5963): [VRI[Toast]#1962(BLAST Consumer)1962](id:174b00000901,api:0,p:-1,c:5963) disconnect: caller 0
04-28 18:51:22.888 D/RefreshRateSelector( 1966): Touch Boost
04-28 18:51:22.888 D/MI-SF   ( 1966): modeGroup41426432 mIsSupportAutomodeForMaxFpsSetting is 1(1), getCurrentBrightness() = 1366(0), mIsKeepAutoMode 0 isAutoModeAllowed() 1
04-28 18:51:22.888 D/RefreshRateSelector( 1966): fixedMode_group: 41426432, isFindModeGroup 1
04-28 18:51:22.888 D/RefreshRateSelector( 1966): find max refresh rate:120, mode Group:41426432
04-28 18:51:22.888 I/SDM     ( 1810): SDMDisplay::SetActiveConfigWithConstraints: display = 0, config: 1, WxH 1440x3200, fps 120@auto@120:30
04-28 18:51:22.890 W/SDM     ( 1810): HWDeviceDRM::GetSupportedBitClkRate: Requested rate not supported: 1286000000
04-28 18:51:22.890 I/SDM     ( 1810): HWDeviceDRM::UpdateMixerAttributes: Mixer WxH 1440x3200-1 for Peripheral
04-28 18:51:22.891 I/MiClstc ( 1810): simplifyLayerName Unknown layer 1, skip
04-28 18:51:22.891 I/MiClstc ( 1810): DropLayers erase layer 1
04-28 18:51:22.895 D/FPSMonitor( 1841): threadFuncFpsMonitor display 0, fps 30
04-28 18:51:22.896 D/libsensor-D2SNotifier( 2925): DisplayId 0 Displayinfo2SlpiNotifier to type 8 displayFrequency = 30
04-28 18:51:22.905 W/BpBinder( 1966): Large outgoing transaction of 117236 bytes, interface descriptor android.gui.IWindowInfosListener, code 1 was sent
04-28 18:51:22.905 I/sensors ( 2925): qsh_qmi:41, qsh_qmi
04-28 18:51:22.908 I/DisplayDeviceRepository( 3839): Display device changed render timings: "内置屏幕", renderFrameRate=120.00001, presentationDeadlineNanos=11333333, appVsyncOffsetNanos=1000000, frameRateOverrides=[]
04-28 18:51:22.909 D/RefreshRateSelector( 1966): Touch Boost
04-28 18:51:22.909 D/MI-SF   ( 1966): modeGroup41426432 mIsSupportAutomodeForMaxFpsSetting is 1(1), getCurrentBrightness() = 1366(0), mIsKeepAutoMode 0 isAutoModeAllowed() 1
04-28 18:51:22.909 D/RefreshRateSelector( 1966): fixedMode_group: 41426432, isFindModeGroup 1
04-28 18:51:22.909 D/RefreshRateSelector( 1966): find max refresh rate:120, mode Group:41426432
04-28 18:51:22.910 D/AudioPipeline(14426): SIM audio drawer entries emitted count=2 downloading=1 queued=0 holding=0 maxDownloadProgress=0.0
04-28 18:51:22.910 D/DownloadService(14426): Audio files state: downloading=1, queued=0, ready=1, queueSize=0
04-28 18:51:22.912 W/DownloadService(14426): Notification permission missing, skip foreground notification update
04-28 18:51:22.916 D/WindowManager( 3839): DeferredDisplayUpdater: partially applying DisplayInfo(1440 x 3200) immediately
04-28 18:51:22.916 W/DisplayContentStubImpl( 3839):  displayMetricsChanged=false physicalDisplayChanged=false displayId=0 newUniqueId=local:4630946654109872275 currentUnique=local:4630946654109872275
04-28 18:51:22.916 D/DisplayContentStubImpl( 3839): Display{#0 state=ON size=1440x3200 ROTATION_0} isActivityEmbeddingSplitEnable false
04-28 18:51:22.917 W/InsetsSource( 3839): Has no intersection or mTmpFrame.height(), return Insets.NONE mTmpFrame.height() =0 hasIntersection =false
04-28 18:51:22.917 D/AudioFlingerImpl( 1930): setGameParameters keyvalue: screen_state=on
04-28 18:51:22.917 W/InsetsSource( 3839): Has no intersection or mTmpFrame.height(), return Insets.NONE mTmpFrame.height() =0 hasIntersection =false
04-28 18:51:22.917 D/DeviceHalAidl( 1930): [default] setParameters: parameters: "screen_state=on"
04-28 18:51:22.917 D/PAL: API( 1794): pal_set_param: 1497: Enter: param id 8 (PAL_PARAM_ID_SCREEN_STATE)
04-28 18:51:22.917 D/MiuiRefreshRatePolicy( 3839): reset
04-28 18:51:22.917 E/DisplayModeDirectorImpl( 3839): Invalid displayId: 138, only 0 and 1 are supported
04-28 18:51:22.917 D/MiuiRefreshRatePolicy( 3839): reset
04-28 18:51:22.917 E/DisplayModeDirectorImpl( 3839): Invalid displayId: 120, only 0 and 1 are supported
04-28 18:51:22.917 D/MiuiRefreshRatePolicy( 3839): reset
04-28 18:51:22.917 E/DisplayModeDirectorImpl( 3839): Invalid displayId: 76, only 0 and 1 are supported
04-28 18:51:22.917 D/MiuiRefreshRatePolicy( 3839): reset
04-28 18:51:22.917 E/DisplayModeDirectorImpl( 3839): Invalid displayId: 68, only 0 and 1 are supported
04-28 18:51:22.917 D/MiuiRefreshRatePolicy( 3839): reset
04-28 18:51:22.917 E/DisplayModeDirectorImpl( 3839): Invalid displayId: 64, only 0 and 1 are supported
04-28 18:51:22.917 D/MiuiRefreshRatePolicy( 3839): reset
04-28 18:51:22.917 E/DisplayModeDirectorImpl( 3839): Invalid displayId: 56, only 0 and 1 are supported
04-28 18:51:22.917 D/MiuiRefreshRatePolicy( 3839): reset
04-28 18:51:22.917 E/DisplayModeDirectorImpl( 3839): Invalid displayId: 42, only 0 and 1 are supported
04-28 18:51:22.917 D/MiuiRefreshRatePolicy( 3839): reset
04-28 18:51:22.917 E/DisplayModeDirectorImpl( 3839): Invalid displayId: 34, only 0 and 1 are supported
04-28 18:51:22.917 D/MiuiRefreshRatePolicy( 3839): reset
04-28 18:51:22.917 E/DisplayModeDirectorImpl( 3839): Invalid displayId: 24, only 0 and 1 are supported
04-28 18:51:22.917 D/PAL: ResourceManager( 1794): setParameter: 11845: Enter param id: 8 (PAL_PARAM_ID_SCREEN_STATE)
04-28 18:51:22.917 I/PAL: ResourceManager( 1794): setParameter: 11872: Screen State:1
04-28 18:51:22.917 D/PAL: ResourceManager( 1794): setParameter: 13545: Exit status: 0
04-28 18:51:22.917 D/PAL: API( 1794): pal_set_param: 1514: Exit, status 0
04-28 18:51:22.917 D/MiuiRefreshRatePolicy( 3839): reset
04-28 18:51:22.917 E/DisplayModeDirectorImpl( 3839): Invalid displayId: 6, only 0 and 1 are supported
04-28 18:51:22.918 W/InsetsSource( 3839): Has no intersection or mTmpFrame.height(), return Insets.NONE mTmpFrame.height() =0 hasIntersection =false
04-28 18:51:22.918 W/InsetsSource( 3839): Has no intersection or mTmpFrame.height(), return Insets.NONE mTmpFrame.height() =0 hasIntersection =false
04-28 18:51:22.918 D/BarFollowAnimation( 3839): pairAppearanceRegionAndWin win=Window{13eaf2f u0 com.smartsales.prism/com.smartsales.prism.MainActivity} 0
04-28 18:51:22.918 D/BarFollowAnimation( 3839): isAppTaskBarOnTop win:Window{13eaf2f u0 com.smartsales.prism/com.smartsales.prism.MainActivity} (mCurrentTopTask:Task{4746c18 #28143 type=standard A=10433:com.smartsales.prism} : true); (mAssociatedTask:Task{4746c18 #28143 type=standard A=10433:com.smartsales.prism} : true); (mHomeTask:Task{39ded46 #1 type=home} : false); mReparentToOriginParent:false mLastAppBarVisible:true mLastHomeBarVisible:false
04-28 18:51:22.918 D/MiuiRefreshRatePolicy( 3839): reset
04-28 18:51:22.918 D/MiuiGxzwAnimView( 5963): onDisplayChanged: oldState = 2, newState = 2
04-28 18:51:22.919 W/InsetsSource( 3839): Has no intersection or mTmpFrame.height(), return Insets.NONE mTmpFrame.height() =0 hasIntersection =false
04-28 18:51:22.919 W/InsetsSource( 3839): Has no intersection or mTmpFrame.height(), return Insets.NONE mTmpFrame.height() =0 hasIntersection =false
04-28 18:51:22.920 D/DeviceHalAidl( 1930): [usb] setParameters: parameters: "screen_state=on"
04-28 18:51:22.920 D/AHAL_Module( 1794): updateScreenState: usb: 1
04-28 18:51:22.920 D/DeviceHalAidl( 1930): [r_submix] setParameters: parameters: "screen_state=on"
04-28 18:51:22.920 D/AHAL_Module( 1794): updateScreenState: r_submix: 1
04-28 18:51:22.921 V/AutoDensityController( 5963): on display changed 0 context dpi:586 origin dpi:600 target dpi:586
04-28 18:51:22.921 D/DeviceHalAidl( 1930): [bluetooth] setParameters: parameters: "screen_state=on"
04-28 18:51:22.921 D/AHAL_Module( 1794): updateScreenState: bluetooth: 1
04-28 18:51:22.921 W/InsetsSource(31883): Has no intersection or mTmpFrame.height(), return Insets.NONE mTmpFrame.height() =0 hasIntersection =false
04-28 18:51:22.921 W/InsetsSource(31883): Has no intersection or mTmpFrame.height(), return Insets.NONE mTmpFrame.height() =0 hasIntersection =false
04-28 18:51:22.921 W/InsetsSource(31883): Has no intersection or mTmpFrame.height(), return Insets.NONE mTmpFrame.height() =0 hasIntersection =false
04-28 18:51:22.921 W/InsetsSource(31883): Has no intersection or mTmpFrame.height(), return Insets.NONE mTmpFrame.height() =0 hasIntersection =false
04-28 18:51:22.921 W/InsetsSource(31883): Has no intersection or mTmpFrame.height(), return Insets.NONE mTmpFrame.height() =0 hasIntersection =false
04-28 18:51:22.922 W/InsetsSource(31883): Has no intersection or mTmpFrame.height(), return Insets.NONE mTmpFrame.height() =0 hasIntersection =false
04-28 18:51:22.923 W/GestureStubView_Left( 5261): onDisplayChanged
04-28 18:51:22.923 W/Launcher( 5261): onDisplayChanged: newRotation=0, mCurrentRotation=0
04-28 18:51:22.923 W/GestureStubView_Left( 5261): adaptRotation   currentRotation=0   mRotation=0
04-28 18:51:22.923 W/GestureStubView_Right( 5261): onDisplayChanged
04-28 18:51:22.923 W/GestureStubView_Right( 5261): adaptRotation   currentRotation=0   mRotation=0
04-28 18:51:22.924 D/ControlCenterWindowViewController( 5963): on display changed 0
04-28 18:51:22.924 V/AODAutoDensityController( 5963): on display changed 0 context dpi:586 origin dpi:600 target dpi:586
04-28 18:51:22.925 W/BpBinder( 1966): Large outgoing transaction of 117236 bytes, interface descriptor android.gui.IWindowInfosListener, code 1 was sent
04-28 18:51:22.937 I/sensors ( 2925): ~qsh_qmi:68, ~qsh_qmi
04-28 18:51:23.021 I/SDM     ( 1810): DisplayBase::CommitThread: Received Idle Timeout, panel: cmd, timeout: 70000 us
04-28 18:51:23.021 D/libsensor-parseRGB( 2925): CWB NotifyIdleStatus 1
04-28 18:51:23.056 D/MI-SF   ( 1966): setIdleFps choose FPS:60, mode:20709632 mode_group 24641792
04-28 18:51:23.056 D/DisplayModeController( 1966): setDesiredMode 4630946654109872275 {mode={fps=60.00 Hz, modePtr={id=5, vsyncRate=60.00 Hz, peakRefreshRate=60.00 Hz}}, emitEvent=false, force=false}
04-28 18:51:23.060 I/SDM     ( 1810): SDMDisplay::SetActiveConfigWithConstraints: display = 0, config: 5, WxH 1440x3200, fps 60@idle@60:1
04-28 18:51:23.060 W/SDM     ( 1810): HWDeviceDRM::GetSupportedBitClkRate: Requested rate not supported: 1286000000
04-28 18:51:23.060 I/SDM     ( 1810): HWDeviceDRM::UpdateMixerAttributes: Mixer WxH 1440x3200-1 for Peripheral
04-28 18:51:23.063 I/vendor.qti.hardware.display.composer-service( 1810): Sensor: notify citsensorservice to trigger cwb, misForced = 0
04-28 18:51:23.063 E/HwcComposer( 1966): getLuts failed Status(-129, EX_TRANSACTION_FAILED): 'UNKNOWN_TRANSACTION: '
04-28 18:51:23.063 I/SDM     ( 1810): CWB config passed by cwb_client : tappoint 1  CWB_ROI : (699.000000 110.000000 940.000000 351.000000) for display-0
04-28 18:51:23.068 I/SDM     ( 1810): PartialUpdateSrcSplit::SetCwbRoiForNonPU: CWB ROI Rect(699.000000 110.000000 940.000000 351.000000)
04-28 18:51:23.069 D/libsensor-D2SNotifier( 2925): DisplayId 0 Displayinfo2SlpiNotifier to type 8 displayFrequency = 1
04-28 18:51:23.071 D/FPSMonitor( 1841): threadFuncFpsMonitor display 0, fps 1
04-28 18:51:23.080 I/sensors ( 2925): qsh_qmi:41, qsh_qmi
04-28 18:51:23.083 I/sensors ( 2925): ~qsh_qmi:68, ~qsh_qmi
04-28 18:51:23.098 I/SDM     ( 1810): NotifyCWBStatus: Notify the client about buffer (0xefaa8610) status 0 for display-0.
04-28 18:51:23.098 I/SDM     ( 1810): SDMConcurrentWriteBack::ProcessCWBStatus: CWB queue is empty. Display: 0
04-28 18:51:23.128 D/JavaheapMonitor(18033): Java heap used=7M max=256M, proc: com.android.vending
04-28 18:51:23.128 V/JavaheapMonitor(18033): Check java heap usage finished! Next check delay: 300000
04-28 18:51:23.145 I/SDM     ( 1810): DisplayBase::CommitThread: Received Idle Timeout, panel: cmd, timeout: 70000 us
04-28 18:51:23.145 D/libsensor-parseRGB( 2925): CWB NotifyIdleStatus 1
04-28 18:51:23.148 D/AudioPipeline(14426): SIM audio drawer entries emitted count=2 downloading=1 queued=0 holding=0 maxDownloadProgress=0.0
04-28 18:51:23.152 D/DownloadService(14426): Audio files state: downloading=1, queued=0, ready=1, queueSize=0
04-28 18:51:23.155 W/DownloadService(14426): Notification permission missing, skip foreground notification update
04-28 18:51:23.157 I/iui.mediaeditor(25851): This is non sticky GC, maxfree is 33554432 minfree is 8388608
04-28 18:51:23.186 D/RefreshRateSelector( 1966): Touch Boost
04-28 18:51:23.186 D/MI-SF   ( 1966): modeGroup41426432 mIsSupportAutomodeForMaxFpsSetting is 1(1), getCurrentBrightness() = 1366(0), mIsKeepAutoMode 0 isAutoModeAllowed() 1
04-28 18:51:23.186 D/RefreshRateSelector( 1966): fixedMode_group: 41426432, isFindModeGroup 1
04-28 18:51:23.186 D/RefreshRateSelector( 1966): find max refresh rate:120, mode Group:41426432
04-28 18:51:23.186 D/DisplayModeController( 1966): setDesiredMode 4630946654109872275 {mode={fps=120.00 Hz, modePtr={id=1, vsyncRate=120.00 Hz, peakRefreshRate=120.00 Hz}}, emitEvent=true, force=false}
04-28 18:51:23.186 E/DisplayModeController( 1966): setDesiredMode : Idle status skip setActiveMode, isDdicIdleMode: 1
04-28 18:51:23.188 D/JavaheapMonitor(25851): Java heap used=3M max=512M, proc: com.miui.mediaeditor
04-28 18:51:23.189 V/JavaheapMonitor(25851): Check java heap usage finished! Next check delay: 300000
04-28 18:51:23.198 I/SDM     ( 1810): SDMDisplay::SetActiveConfigWithConstraints: display = 0, config: 1, WxH 1440x3200, fps 120@auto@120:30
04-28 18:51:23.199 W/SDM     ( 1810): HWDeviceDRM::GetSupportedBitClkRate: Requested rate not supported: 1286000000
04-28 18:51:23.199 I/SDM     ( 1810): HWDeviceDRM::UpdateMixerAttributes: Mixer WxH 1440x3200-1 for Peripheral
04-28 18:51:23.200 I/SDM     ( 1810): HWDeviceDRM::SetupConcurrentWriteback: Tear down the Concurrent Writeback topology
04-28 18:51:23.206 D/libsensor-D2SNotifier( 2925): DisplayId 0 Displayinfo2SlpiNotifier to type 8 displayFrequency = 30
04-28 18:51:23.206 D/FPSMonitor( 1841): threadFuncFpsMonitor display 0, fps 30
04-28 18:51:23.213 I/sensors ( 2925): qsh_qmi:41, qsh_qmi
04-28 18:51:23.215 D/RefreshRateSelector( 1966): Touch Boost
04-28 18:51:23.215 D/MI-SF   ( 1966): modeGroup41426432 mIsSupportAutomodeForMaxFpsSetting is 1(1), getCurrentBrightness() = 1366(0), mIsKeepAutoMode 0 isAutoModeAllowed() 1
04-28 18:51:23.215 D/RefreshRateSelector( 1966): fixedMode_group: 41426432, isFindModeGroup 1
04-28 18:51:23.215 D/RefreshRateSelector( 1966): find max refresh rate:120, mode Group:41426432
04-28 18:51:23.222 I/sensors ( 2925): ~qsh_qmi:68, ~qsh_qmi
04-28 18:51:23.236 D/JavaheapMonitor( 5536): Java heap used=12M max=256M, proc: com.android.networkstack.process
04-28 18:51:23.236 V/JavaheapMonitor( 5536): Check java heap usage finished! Next check delay: 300000
04-28 18:51:23.288 I/SDM     ( 1810): DisplayBase::CommitThread: Received Idle Timeout, panel: cmd, timeout: 70000 us
04-28 18:51:23.288 D/libsensor-parseRGB( 2925): CWB NotifyIdleStatus 1
04-28 18:51:23.297 D/MI-SF   ( 1966): setIdleFps choose FPS:60, mode:20709632 mode_group 24641792
04-28 18:51:23.297 D/DisplayModeController( 1966): setDesiredMode 4630946654109872275 {mode={fps=60.00 Hz, modePtr={id=5, vsyncRate=60.00 Hz, peakRefreshRate=60.00 Hz}}, emitEvent=false, force=false}
04-28 18:51:23.302 I/SDM     ( 1810): SDMDisplay::SetActiveConfigWithConstraints: display = 0, config: 5, WxH 1440x3200, fps 60@idle@60:1
04-28 18:51:23.303 W/SDM     ( 1810): HWDeviceDRM::GetSupportedBitClkRate: Requested rate not supported: 1286000000
04-28 18:51:23.303 I/SDM     ( 1810): HWDeviceDRM::UpdateMixerAttributes: Mixer WxH 1440x3200-1 for Peripheral
04-28 18:51:23.305 I/vendor.qti.hardware.display.composer-service( 1810): Sensor: notify citsensorservice to trigger cwb, misForced = 0
04-28 18:51:23.306 I/SDM     ( 1810): CWB config passed by cwb_client : tappoint 1  CWB_ROI : (699.000000 110.000000 940.000000 351.000000) for display-0
04-28 18:51:23.310 I/SDM     ( 1810): PartialUpdateSrcSplit::SetCwbRoiForNonPU: CWB ROI Rect(699.000000 110.000000 940.000000 351.000000)
04-28 18:51:23.310 D/FPSMonitor( 1841): threadFuncFpsMonitor display 0, fps 1
04-28 18:51:23.311 D/libsensor-D2SNotifier( 2925): DisplayId 0 Displayinfo2SlpiNotifier to type 8 displayFrequency = 1
04-28 18:51:23.312 E/HwcComposer( 1966): getLuts failed Status(-129, EX_TRANSACTION_FAILED): 'UNKNOWN_TRANSACTION: '
04-28 18:51:23.317 I/sensors ( 2925): qsh_qmi:41, qsh_qmi
04-28 18:51:23.320 I/sensors ( 2925): ~qsh_qmi:68, ~qsh_qmi
04-28 18:51:23.338 D/JavaheapMonitor( 5261): Java heap used=29M max=512M, proc: com.miui.home
04-28 18:51:23.338 V/JavaheapMonitor( 5261): Check java heap usage finished! Next check delay: 300000
04-28 18:51:23.340 I/SDM     ( 1810): NotifyCWBStatus: Notify the client about buffer (0xefaaa9d0) status 0 for display-0.
04-28 18:51:23.340 I/SDM     ( 1810): SDMConcurrentWriteBack::ProcessCWBStatus: CWB queue is empty. Display: 0
04-28 18:51:23.345 I/MediaCodec(30120): [mId: 3] [video-debug-enc] state 6 mFlags 2336 Stats 5027ms:Client:com.android.shell,Component:c2.android.vp8.encoder,Qin:0,DQin:0/0,Render:0,encode:91,DQout:91/91
04-28 18:51:23.368 D/JavaheapMonitor(15795): Java heap used=10M max=256M, proc: com.xiaomi.misettings
04-28 18:51:23.368 V/JavaheapMonitor(15795): Check java heap usage finished! Next check delay: 300000
04-28 18:51:23.386 I/SDM     ( 1810): DisplayBase::CommitThread: Received Idle Timeout, panel: cmd, timeout: 70000 us
04-28 18:51:23.386 D/libsensor-parseRGB( 2925): CWB NotifyIdleStatus 1
04-28 18:51:23.411 D/AudioPipeline(14426): SIM audio drawer entries emitted count=2 downloading=1 queued=0 holding=0 maxDownloadProgress=0.0
04-28 18:51:23.411 D/DownloadService(14426): Audio files state: downloading=1, queued=0, ready=1, queueSize=0
04-28 18:51:23.413 W/DownloadService(14426): Notification permission missing, skip foreground notification update
04-28 18:51:23.421 D/JavaheapMonitor(27399): Java heap used=20M max=256M, proc: com.google.android.gms
04-28 18:51:23.421 V/JavaheapMonitor(27399): Check java heap usage finished! Next check delay: 300000
04-28 18:51:23.442 D/RefreshRateSelector( 1966): Touch Boost
04-28 18:51:23.442 D/MI-SF   ( 1966): modeGroup41426432 mIsSupportAutomodeForMaxFpsSetting is 1(1), getCurrentBrightness() = 1366(0), mIsKeepAutoMode 0 isAutoModeAllowed() 1
04-28 18:51:23.442 D/RefreshRateSelector( 1966): fixedMode_group: 41426432, isFindModeGroup 1
04-28 18:51:23.442 D/RefreshRateSelector( 1966): find max refresh rate:120, mode Group:41426432
04-28 18:51:23.442 D/DisplayModeController( 1966): setDesiredMode 4630946654109872275 {mode={fps=120.00 Hz, modePtr={id=1, vsyncRate=120.00 Hz, peakRefreshRate=120.00 Hz}}, emitEvent=true, force=false}
04-28 18:51:23.442 E/DisplayModeController( 1966): setDesiredMode : Idle status skip setActiveMode, isDdicIdleMode: 1
04-28 18:51:23.456 I/SDM     ( 1810): SDMDisplay::SetActiveConfigWithConstraints: display = 0, config: 1, WxH 1440x3200, fps 120@auto@120:30
04-28 18:51:23.457 W/SDM     ( 1810): HWDeviceDRM::GetSupportedBitClkRate: Requested rate not supported: 1286000000
04-28 18:51:23.457 I/SDM     ( 1810): HWDeviceDRM::UpdateMixerAttributes: Mixer WxH 1440x3200-1 for Peripheral
04-28 18:51:23.458 I/SDM     ( 1810): HWDeviceDRM::SetupConcurrentWriteback: Tear down the Concurrent Writeback topology
04-28 18:51:23.464 D/FPSMonitor( 1841): threadFuncFpsMonitor display 0, fps 30
04-28 18:51:23.464 D/libsensor-D2SNotifier( 2925): DisplayId 0 Displayinfo2SlpiNotifier to type 8 displayFrequency = 30
04-28 18:51:23.473 I/sensors ( 2925): qsh_qmi:41, qsh_qmi
04-28 18:51:23.477 D/RefreshRateSelector( 1966): Touch Boost
04-28 18:51:23.477 D/MI-SF   ( 1966): modeGroup41426432 mIsSupportAutomodeForMaxFpsSetting is 1(1), getCurrentBrightness() = 1366(0), mIsKeepAutoMode 0 isAutoModeAllowed() 1
04-28 18:51:23.477 D/RefreshRateSelector( 1966): fixedMode_group: 41426432, isFindModeGroup 1
04-28 18:51:23.477 D/RefreshRateSelector( 1966): find max refresh rate:120, mode Group:41426432
04-28 18:51:23.481 I/sensors ( 2925): ~qsh_qmi:68, ~qsh_qmi
04-28 18:51:23.496 D/JavaheapMonitor(14704): Java heap used=8M max=256M, proc: com.android.settings
04-28 18:51:23.496 V/JavaheapMonitor(14704): Check java heap usage finished! Next check delay: 300000
04-28 18:51:23.549 I/SDM     ( 1810): DisplayBase::CommitThread: Received Idle Timeout, panel: cmd, timeout: 70000 us
04-28 18:51:23.549 D/libsensor-parseRGB( 2925): CWB NotifyIdleStatus 1
04-28 18:51:23.554 D/MI-SF   ( 1966): setIdleFps choose FPS:60, mode:20709632 mode_group 24641792
04-28 18:51:23.554 D/DisplayModeController( 1966): setDesiredMode 4630946654109872275 {mode={fps=60.00 Hz, modePtr={id=5, vsyncRate=60.00 Hz, peakRefreshRate=60.00 Hz}}, emitEvent=false, force=false}
04-28 18:51:23.556 I/SDM     ( 1810): SDMDisplay::SetActiveConfigWithConstraints: display = 0, config: 5, WxH 1440x3200, fps 60@idle@60:1
04-28 18:51:23.557 W/SDM     ( 1810): HWDeviceDRM::GetSupportedBitClkRate: Requested rate not supported: 1286000000
04-28 18:51:23.557 I/SDM     ( 1810): HWDeviceDRM::UpdateMixerAttributes: Mixer WxH 1440x3200-1 for Peripheral
04-28 18:51:23.563 I/vendor.qti.hardware.display.composer-service( 1810): Sensor: notify citsensorservice to trigger cwb, misForced = 0
04-28 18:51:23.564 I/SDM     ( 1810): CWB config passed by cwb_client : tappoint 1  CWB_ROI : (699.000000 110.000000 940.000000 351.000000) for display-0
04-28 18:51:23.564 I/SDM     ( 1810): PartialUpdateSrcSplit::SetCwbRoiForNonPU: CWB ROI Rect(699.000000 110.000000 940.000000 351.000000)
04-28 18:51:23.566 E/HwcComposer( 1966): getLuts failed Status(-129, EX_TRANSACTION_FAILED): 'UNKNOWN_TRANSACTION: '
04-28 18:51:23.568 D/FPSMonitor( 1841): threadFuncFpsMonitor display 0, fps 1
04-28 18:51:23.568 D/libsensor-D2SNotifier( 2925): DisplayId 0 Displayinfo2SlpiNotifier to type 8 displayFrequency = 1
04-28 18:51:23.576 I/sensors ( 2925): qsh_qmi:41, qsh_qmi
04-28 18:51:23.578 I/sensors ( 2925): ~qsh_qmi:68, ~qsh_qmi
04-28 18:51:23.593 I/MiuiNetworkPolicy( 3839): updateUidState uid = 99141, uidState = 19
04-28 18:51:23.594 I/MiuiNetworkPolicy( 3839): updateUidState uid = 10169, uidState = 19
04-28 18:51:23.594 I/MiuiNetworkPolicy( 3839): updateUidState uid = 10131, uidState = 19
04-28 18:51:23.594 I/MiuiNetworkPolicy( 3839): updateUidState uid = 10129, uidState = 19
04-28 18:51:23.594 E/SSRU-RUS( 3839): Don't have packages for uid 99141
04-28 18:51:23.597 I/SDM     ( 1810): NotifyCWBStatus: Notify the client about buffer (0xefaa8fb0) status 0 for display-0.
04-28 18:51:23.597 I/SDM     ( 1810): SDMConcurrentWriteBack::ProcessCWBStatus: CWB queue is empty. Display: 0
04-28 18:51:23.644 I/SDM     ( 1810): DisplayBase::CommitThread: Received Idle Timeout, panel: cmd, timeout: 70000 us
04-28 18:51:23.644 D/libsensor-parseRGB( 2925): CWB NotifyIdleStatus 1
04-28 18:51:23.650 D/AurogonBandwidthController( 3839): skinTemperature:49.539
04-28 18:51:23.652 D/JavaheapMonitor( 3271): Java heap used=9M max=256M, proc: com.miui.powerkeeper
04-28 18:51:23.652 V/JavaheapMonitor( 3271): Check java heap usage finished! Next check delay: 300000
04-28 18:51:23.716 D/AudioPipeline(14426): SIM audio drawer entries emitted count=2 downloading=1 queued=0 holding=0 maxDownloadProgress=0.0
04-28 18:51:23.716 D/DownloadService(14426): Audio files state: downloading=1, queued=0, ready=1, queueSize=0
04-28 18:51:23.718 I/vendor.qti.hardware.display.composer-service( 1810): Sensor: notify citsensorservice to trigger cwb, misForced = 1
04-28 18:51:23.718 I/SDM     ( 1810): CWB config passed by cwb_client : tappoint 1  CWB_ROI : (699.000000 110.000000 940.000000 351.000000) for display-0
04-28 18:51:23.718 W/DownloadService(14426): Notification permission missing, skip foreground notification update
04-28 18:51:23.727 I/SDM     ( 1810): PartialUpdateSrcSplit::SetCwbRoiForNonPU: CWB ROI Rect(699.000000 110.000000 940.000000 351.000000)
04-28 18:51:23.747 I/SDM     ( 1810): NotifyCWBStatus: Notify the client about buffer (0xefaa8da0) status 0 for display-0.
04-28 18:51:23.748 I/SDM     ( 1810): SDMConcurrentWriteBack::ProcessCWBStatus: CWB queue is empty. Display: 0
04-28 18:51:23.751 D/RefreshRateSelector( 1966): Touch Boost
04-28 18:51:23.751 D/MI-SF   ( 1966): modeGroup41426432 mIsSupportAutomodeForMaxFpsSetting is 1(1), getCurrentBrightness() = 1366(0), mIsKeepAutoMode 0 isAutoModeAllowed() 1
04-28 18:51:23.751 D/RefreshRateSelector( 1966): fixedMode_group: 41426432, isFindModeGroup 1
04-28 18:51:23.751 D/RefreshRateSelector( 1966): find max refresh rate:120, mode Group:41426432
04-28 18:51:23.751 D/DisplayModeController( 1966): setDesiredMode 4630946654109872275 {mode={fps=120.00 Hz, modePtr={id=1, vsyncRate=120.00 Hz, peakRefreshRate=120.00 Hz}}, emitEvent=true, force=false}
04-28 18:51:23.751 E/DisplayModeController( 1966): setDesiredMode : Idle status skip setActiveMode, isDdicIdleMode: 1
04-28 18:51:23.764 D/RefreshRateSelector( 1966): Touch Boost
04-28 18:51:23.764 D/MI-SF   ( 1966): modeGroup41426432 mIsSupportAutomodeForMaxFpsSetting is 1(1), getCurrentBrightness() = 1366(0), mIsKeepAutoMode 0 isAutoModeAllowed() 1
04-28 18:51:23.764 D/RefreshRateSelector( 1966): fixedMode_group: 41426432, isFindModeGroup 1
04-28 18:51:23.764 D/RefreshRateSelector( 1966): find max refresh rate:120, mode Group:41426432
04-28 18:51:23.764 I/SDM     ( 1810): SDMDisplay::SetActiveConfigWithConstraints: display = 0, config: 1, WxH 1440x3200, fps 120@auto@120:30
04-28 18:51:23.765 W/SDM     ( 1810): HWDeviceDRM::GetSupportedBitClkRate: Requested rate not supported: 1286000000
04-28 18:51:23.765 I/SDM     ( 1810): HWDeviceDRM::UpdateMixerAttributes: Mixer WxH 1440x3200-1 for Peripheral
04-28 18:51:23.766 I/SDM     ( 1810): HWDeviceDRM::SetupConcurrentWriteback: Tear down the Concurrent Writeback topology
04-28 18:51:23.767 I/vendor.qti.hardware.display.composer-service( 1810): Sensor: notify citsensorservice to trigger cwb, misForced = 0
04-28 18:51:23.767 I/SDM     ( 1810): CWB config passed by cwb_client : tappoint 1  CWB_ROI : (699.000000 110.000000 940.000000 351.000000) for display-0
04-28 18:51:23.772 D/FPSMonitor( 1841): threadFuncFpsMonitor display 0, fps 30
04-28 18:51:23.772 D/libsensor-D2SNotifier( 2925): DisplayId 0 Displayinfo2SlpiNotifier to type 8 displayFrequency = 30
04-28 18:51:23.781 I/sensors ( 2925): qsh_qmi:41, qsh_qmi
04-28 18:51:23.784 D/RefreshRateSelector( 1966): Touch Boost
04-28 18:51:23.784 D/MI-SF   ( 1966): modeGroup41426432 mIsSupportAutomodeForMaxFpsSetting is 1(1), getCurrentBrightness() = 1366(0), mIsKeepAutoMode 0 isAutoModeAllowed() 1
04-28 18:51:23.784 D/RefreshRateSelector( 1966): fixedMode_group: 41426432, isFindModeGroup 1
04-28 18:51:23.784 D/RefreshRateSelector( 1966): find max refresh rate:120, mode Group:41426432
04-28 18:51:23.787 E/HwcComposer( 1966): getLuts failed Status(-129, EX_TRANSACTION_FAILED): 'UNKNOWN_TRANSACTION: '
04-28 18:51:23.788 I/sensors ( 2925): ~qsh_qmi:68, ~qsh_qmi
04-28 18:51:23.809 D/BluetoothGatt(14426): readRssi() - device: XX:XX:XX:XX:8F:96
04-28 18:51:23.810 D/BtGatt.GattService(28530): readRemoteRssi() - address=XX:XX:XX:XX:8F:96
04-28 18:51:23.810 D/bt_btif_gattc(28530): system/btif/src/btif_gatt_client.cc:644 btif_gattc_read_remote_rssi:
04-28 18:51:23.811 D/ble_sec (28530): system/stack/btm/btm_ble_sec.cc:539 BTM_ReadDevInfo: Determined device_type:BLE addr_type:public
04-28 18:51:23.811 D/bt_shim_hci(28530): system/main/shim/hci_layer.cc:233 transmit_command: Sending command READ_RSSI(0x1405)
04-28 18:51:23.811 D/vendor.qti.bluetooth@1.0-ibs_handler( 1781): SerialClockVote: vote for UART CLK ON
04-28 18:51:23.812 D/vendor.qti.bluetooth@1.0-wake_lock( 1781): Acquire wakelock is acquired
04-28 18:51:23.812 I/vendor.qti.bluetooth@1.0-ibs_handler( 1781): DeviceWakeUp: Writing IBS_WAKE_IND
04-28 18:51:23.816 I/vendor.qti.bluetooth@1.0-ibs_handler( 1781): ProcessIbsCmd: Received IBS_WAKE_ACK: 0xFC
04-28 18:51:23.816 I/vendor.qti.bluetooth@1.0-ibs_handler( 1781): ProcessIbsCmd: Signal wack_cond_
04-28 18:51:23.816 D/vendor.qti.bluetooth@1.0-ibs_handler( 1781): DeviceWakeUp: Unblocked from waiting for FC, pthread_cond_timedwait ret = 0
04-28 18:51:23.817 I/vendor.qti.bluetooth@1.0-ibs_handler( 1781): ProcessIbsCmd: Received IBS_WAKE_IND: 0xFD
04-28 18:51:23.817 I/vendor.qti.bluetooth@1.0-ibs_handler( 1781): ProcessIbsCmd: Writing IBS_WAKE_ACK
04-28 18:51:23.821 D/bt_shim_hci(28530): system/main/shim/hci_layer.cc:183 OnTransmitPacketCommandComplete: Received cmd complete for READ_RSSI(0x1405)
