04-28 19:00:13.289 D/RenderEngine( 1966): drawLayersInternal layername:Toast#35119 regionblurRadius:375 blurInput:816x1814 blurRect:247x116
04-28 19:00:13.290 D/RenderEngine( 1966): drawLayersInternal layername:Toast#35119 regionblurRadius:375 blurInput:816x1814 blurRect:247x116
04-28 19:00:13.291 D/RenderEngine( 1966): drawLayersInternal layername:Toast#35119 regionblurRadius:375 blurInput:816x1814 blurRect:247x116
04-28 19:00:13.293 D/RenderEngine( 1966): drawLayersInternal layername:Toast#35119 regionblurRadius:375 blurInput:816x1814 blurRect:247x116
04-28 19:00:13.294 D/RenderEngine( 1966): drawLayersInternal layername:Toast#35119 regionblurRadius:375 blurInput:816x1814 blurRect:247x116
04-28 19:00:13.295 D/RenderEngine( 1966): drawLayersInternal layername:Toast#35119 regionblurRadius:375 blurInput:816x1814 blurRect:247x116
04-28 19:00:13.299 W/BpBinder( 1966): Large outgoing transaction of 122228 bytes, interface descriptor android.gui.IWindowInfosListener, code 1 was sent
04-28 19:00:13.300 I/SDM     ( 1810): NotifyCWBStatus: Notify the client about buffer (0xefaa8350) status 0 for display-0.
04-28 19:00:13.301 I/SDM     ( 1810): SDMConcurrentWriteBack::ProcessCWBStatus: CWB queue is empty. Display: 0
04-28 19:00:13.302 W/LayerDrawable( 5963): Failed to obtain smooth corners because the drawable of the children in the layerstate is null
04-28 19:00:13.303 I/SDM     ( 1810): HWDeviceDRM::SetupConcurrentWriteback: Tear down the Concurrent Writeback topology
04-28 19:00:13.303 D/RenderEngine( 1966): drawLayersInternal layername:Toast#35119 regionblurRadius:375 blurInput:1440x3200 blurRect:437x206
04-28 19:00:13.305 D/RenderEngine( 1966): drawLayersInternal layername:Toast#35119 regionblurRadius:375 blurInput:432x960 blurRect:131x61
04-28 19:00:13.307 D/RenderEngine( 1966): drawLayersInternal layername:Toast#35119 regionblurRadius:375 blurInput:816x1814 blurRect:247x116
04-28 19:00:13.308 D/RenderEngine( 1966): drawLayersInternal layername:Toast#35119 regionblurRadius:375 blurInput:816x1814 blurRect:247x116
04-28 19:00:13.309 D/RenderEngine( 1966): drawLayersInternal layername:Toast#35119 regionblurRadius:375 blurInput:816x1814 blurRect:247x116
04-28 19:00:13.311 D/RenderEngine( 1966): drawLayersInternal layername:Toast#35119 regionblurRadius:375 blurInput:816x1814 blurRect:247x116
04-28 19:00:13.312 D/RenderEngine( 1966): drawLayersInternal layername:Toast#35119 regionblurRadius:375 blurInput:816x1814 blurRect:247x116
04-28 19:00:13.314 D/RenderEngine( 1966): drawLayersInternal layername:Toast#35119 regionblurRadius:375 blurInput:816x1814 blurRect:247x116
04-28 19:00:13.315 D/RenderEngine( 1966): drawLayersInternal layername:Toast#35119 regionblurRadius:375 blurInput:816x1814 blurRect:247x116
04-28 19:00:13.315 I/vendor.qti.bluetooth@1.0-ibs_handler( 1781): ProcessIbsCmd: Received IBS_SLEEP_IND: 0xFE
04-28 19:00:13.315 D/vendor.qti.bluetooth@1.0-ibs_handler( 1781): SerialClockVote: vote for UART CLK OFF
04-28 19:00:13.316 D/RenderEngine( 1966): drawLayersInternal layername:Toast#35119 regionblurRadius:375 blurInput:816x1814 blurRect:247x116
04-28 19:00:13.318 D/RenderEngine( 1966): drawLayersInternal layername:Toast#35119 regionblurRadius:375 blurInput:816x1814 blurRect:247x116
04-28 19:00:13.321 W/BpBinder( 1966): Large outgoing transaction of 122228 bytes, interface descriptor android.gui.IWindowInfosListener, code 1 was sent
04-28 19:00:13.326 D/RenderEngine( 1966): drawLayersInternal layername:Toast#35119 regionblurRadius:375 blurInput:1440x3200 blurRect:437x206
04-28 19:00:13.327 D/RenderEngine( 1966): drawLayersInternal layername:Toast#35119 regionblurRadius:375 blurInput:432x960 blurRect:131x61
04-28 19:00:13.328 W/LayerDrawable( 5963): Failed to obtain smooth corners because the drawable of the children in the layerstate is null
04-28 19:00:13.328 D/HWUI    ( 5963): DDRE Debug DrawPath: smoothCornerEnabled = true
04-28 19:00:13.329 D/RenderEngine( 1966): drawLayersInternal layername:Toast#35119 regionblurRadius:375 blurInput:816x1814 blurRect:247x116
04-28 19:00:13.330 D/RenderEngine( 1966): drawLayersInternal layername:Toast#35119 regionblurRadius:375 blurInput:816x1814 blurRect:247x116
04-28 19:00:13.332 D/RenderEngine( 1966): drawLayersInternal layername:Toast#35119 regionblurRadius:375 blurInput:816x1814 blurRect:247x116
04-28 19:00:13.333 D/RenderEngine( 1966): drawLayersInternal layername:Toast#35119 regionblurRadius:375 blurInput:816x1814 blurRect:247x116
04-28 19:00:13.335 D/RenderEngine( 1966): drawLayersInternal layername:Toast#35119 regionblurRadius:375 blurInput:816x1814 blurRect:247x116
04-28 19:00:13.338 D/RenderEngine( 1966): drawLayersInternal layername:Toast#35119 regionblurRadius:375 blurInput:816x1814 blurRect:247x116
04-28 19:00:13.339 D/RenderEngine( 1966): drawLayersInternal layername:Toast#35119 regionblurRadius:375 blurInput:816x1814 blurRect:247x116
04-28 19:00:13.340 D/RenderEngine( 1966): drawLayersInternal layername:Toast#35119 regionblurRadius:375 blurInput:816x1814 blurRect:247x116
04-28 19:00:13.342 D/RenderEngine( 1966): drawLayersInternal layername:Toast#35119 regionblurRadius:375 blurInput:816x1814 blurRect:247x116
04-28 19:00:13.346 W/BpBinder( 1966): Large outgoing transaction of 122228 bytes, interface descriptor android.gui.IWindowInfosListener, code 1 was sent
04-28 19:00:13.350 D/RenderEngine( 1966): drawLayersInternal layername:Toast#35119 regionblurRadius:375 blurInput:1440x3200 blurRect:437x206
04-28 19:00:13.351 D/RenderEngine( 1966): drawLayersInternal layername:Toast#35119 regionblurRadius:375 blurInput:432x960 blurRect:131x61
04-28 19:00:13.353 D/RenderEngine( 1966): drawLayersInternal layername:Toast#35119 regionblurRadius:375 blurInput:816x1814 blurRect:247x116
04-28 19:00:13.355 D/RenderEngine( 1966): drawLayersInternal layername:Toast#35119 regionblurRadius:375 blurInput:816x1814 blurRect:247x116
04-28 19:00:13.356 D/RenderEngine( 1966): drawLayersInternal layername:Toast#35119 regionblurRadius:375 blurInput:816x1814 blurRect:247x116
04-28 19:00:13.357 D/RenderEngine( 1966): drawLayersInternal layername:Toast#35119 regionblurRadius:375 blurInput:816x1814 blurRect:247x116
04-28 19:00:13.356 D/JavaheapMonitor( 5325): Java heap used=9M max=256M, proc: com.miui.miwallpaper
04-28 19:00:13.357 V/JavaheapMonitor( 5325): Check java heap usage finished! Next check delay: 300000
04-28 19:00:13.358 D/RenderEngine( 1966): drawLayersInternal layername:Toast#35119 regionblurRadius:375 blurInput:816x1814 blurRect:247x116
04-28 19:00:13.360 D/RenderEngine( 1966): drawLayersInternal layername:Toast#35119 regionblurRadius:375 blurInput:816x1814 blurRect:247x116
04-28 19:00:13.361 D/RenderEngine( 1966): drawLayersInternal layername:Toast#35119 regionblurRadius:375 blurInput:816x1814 blurRect:247x116
04-28 19:00:13.362 D/RenderEngine( 1966): drawLayersInternal layername:Toast#35119 regionblurRadius:375 blurInput:816x1814 blurRect:247x116
04-28 19:00:13.364 D/RenderEngine( 1966): drawLayersInternal layername:Toast#35119 regionblurRadius:375 blurInput:816x1814 blurRect:247x116
04-28 19:00:13.367 W/BpBinder( 1966): Large outgoing transaction of 122228 bytes, interface descriptor android.gui.IWindowInfosListener, code 1 was sent
04-28 19:00:13.371 D/RenderEngine( 1966): drawLayersInternal layername:Toast#35119 regionblurRadius:375 blurInput:1440x3200 blurRect:437x206
04-28 19:00:13.372 D/RenderEngine( 1966): drawLayersInternal layername:Toast#35119 regionblurRadius:375 blurInput:432x960 blurRect:131x61
04-28 19:00:13.374 D/RenderEngine( 1966): drawLayersInternal layername:Toast#35119 regionblurRadius:375 blurInput:816x1814 blurRect:247x116
04-28 19:00:13.376 D/RenderEngine( 1966): drawLayersInternal layername:Toast#35119 regionblurRadius:375 blurInput:816x1814 blurRect:247x116
04-28 19:00:13.377 D/RenderEngine( 1966): drawLayersInternal layername:Toast#35119 regionblurRadius:375 blurInput:816x1814 blurRect:247x116
04-28 19:00:13.378 D/RenderEngine( 1966): drawLayersInternal layername:Toast#35119 regionblurRadius:375 blurInput:816x1814 blurRect:247x116
04-28 19:00:13.379 D/RenderEngine( 1966): drawLayersInternal layername:Toast#35119 regionblurRadius:375 blurInput:816x1814 blurRect:247x116
04-28 19:00:13.381 D/RenderEngine( 1966): drawLayersInternal layername:Toast#35119 regionblurRadius:375 blurInput:816x1814 blurRect:247x116
04-28 19:00:13.382 D/RenderEngine( 1966): drawLayersInternal layername:Toast#35119 regionblurRadius:375 blurInput:816x1814 blurRect:247x116
04-28 19:00:13.383 D/RenderEngine( 1966): drawLayersInternal layername:Toast#35119 regionblurRadius:375 blurInput:816x1814 blurRect:247x116
04-28 19:00:13.385 D/RenderEngine( 1966): drawLayersInternal layername:Toast#35119 regionblurRadius:375 blurInput:816x1814 blurRect:247x116
04-28 19:00:13.391 D/RenderEngine( 1966): drawLayersInternal layername:Toast#35119 regionblurRadius:375 blurInput:1440x3200 blurRect:437x206
04-28 19:00:13.393 D/RenderEngine( 1966): drawLayersInternal layername:Toast#35119 regionblurRadius:375 blurInput:432x960 blurRect:131x61
04-28 19:00:13.394 D/RenderEngine( 1966): drawLayersInternal layername:Toast#35119 regionblurRadius:375 blurInput:816x1814 blurRect:247x116
04-28 19:00:13.396 D/RenderEngine( 1966): drawLayersInternal layername:Toast#35119 regionblurRadius:375 blurInput:816x1814 blurRect:247x116
04-28 19:00:13.397 D/RenderEngine( 1966): drawLayersInternal layername:Toast#35119 regionblurRadius:375 blurInput:816x1814 blurRect:247x116
04-28 19:00:13.399 D/RenderEngine( 1966): drawLayersInternal layername:Toast#35119 regionblurRadius:375 blurInput:816x1814 blurRect:247x116
04-28 19:00:13.400 D/RenderEngine( 1966): drawLayersInternal layername:Toast#35119 regionblurRadius:375 blurInput:816x1814 blurRect:247x116
04-28 19:00:13.402 D/RenderEngine( 1966): drawLayersInternal layername:Toast#35119 regionblurRadius:375 blurInput:816x1814 blurRect:247x116
04-28 19:00:13.403 D/RenderEngine( 1966): drawLayersInternal layername:Toast#35119 regionblurRadius:375 blurInput:816x1814 blurRect:247x116
04-28 19:00:13.405 D/RenderEngine( 1966): drawLayersInternal layername:Toast#35119 regionblurRadius:375 blurInput:816x1814 blurRect:247x116
04-28 19:00:13.406 D/RenderEngine( 1966): drawLayersInternal layername:Toast#35119 regionblurRadius:375 blurInput:816x1814 blurRect:247x116
04-28 19:00:13.408 D/JavaheapMonitor(31883): Java heap used=27M max=256M, proc: com.android.quicksearchbox
04-28 19:00:13.408 V/JavaheapMonitor(31883): Check java heap usage finished! Next check delay: 300000
04-28 19:00:13.413 D/RenderEngine( 1966): drawLayersInternal layername:Toast#35119 regionblurRadius:375 blurInput:1440x3200 blurRect:437x206
04-28 19:00:13.414 D/RenderEngine( 1966): drawLayersInternal layername:Toast#35119 regionblurRadius:375 blurInput:432x960 blurRect:131x61
04-28 19:00:13.416 D/RenderEngine( 1966): drawLayersInternal layername:Toast#35119 regionblurRadius:375 blurInput:816x1814 blurRect:247x116
04-28 19:00:13.417 D/RenderEngine( 1966): drawLayersInternal layername:Toast#35119 regionblurRadius:375 blurInput:816x1814 blurRect:247x116
04-28 19:00:13.419 D/RenderEngine( 1966): drawLayersInternal layername:Toast#35119 regionblurRadius:375 blurInput:816x1814 blurRect:247x116
04-28 19:00:13.420 D/RenderEngine( 1966): drawLayersInternal layername:Toast#35119 regionblurRadius:375 blurInput:816x1814 blurRect:247x116
04-28 19:00:13.421 D/RenderEngine( 1966): drawLayersInternal layername:Toast#35119 regionblurRadius:375 blurInput:816x1814 blurRect:247x116
04-28 19:00:13.422 D/RenderEngine( 1966): drawLayersInternal layername:Toast#35119 regionblurRadius:375 blurInput:816x1814 blurRect:247x116
04-28 19:00:13.424 D/RenderEngine( 1966): drawLayersInternal layername:Toast#35119 regionblurRadius:375 blurInput:816x1814 blurRect:247x116
04-28 19:00:13.425 D/RenderEngine( 1966): drawLayersInternal layername:Toast#35119 regionblurRadius:375 blurInput:816x1814 blurRect:247x116
04-28 19:00:13.427 D/RenderEngine( 1966): drawLayersInternal layername:Toast#35119 regionblurRadius:375 blurInput:816x1814 blurRect:247x116
04-28 19:00:13.441 D/vold    ( 1008): fixupSysfsFile:path=/sys/kernel/mm/damon/admin/kdamonds/0/contexts/0/targets/nr_targets,uid=0,gid=1000, mode=0660
04-28 19:00:13.441 W/vold    ( 1008): fixupSysfsFile - Chown ...
04-28 19:00:13.441 D/vold    ( 1008): /system/bin/chown
04-28 19:00:13.441 D/vold    ( 1008):     0:1000
04-28 19:00:13.441 D/vold    ( 1008):     /sys/kernel/mm/damon/admin/kdamonds/0/contexts/0/targets/nr_targets
04-28 19:00:13.456 W/vold    ( 1008): fixupSysfsFile - Chmod ...
04-28 19:00:13.456 D/vold    ( 1008): /system/bin/chmod
04-28 19:00:13.456 D/vold    ( 1008):     0660
04-28 19:00:13.456 D/vold    ( 1008):     /sys/kernel/mm/damon/admin/kdamonds/0/contexts/0/targets/nr_targets
04-28 19:00:13.468 D/vendor.qti.bluetooth@1.0-wake_lock( 1781): Release wakelock is released
04-28 19:00:13.474 D/vold    ( 1008): fixupSysfsFile:path=/sys/kernel/mm/damon/admin/kdamonds/0/contexts/0/targets/0/pid_target,uid=0,gid=1000, mode=0660
04-28 19:00:13.474 W/StorageManagerService( 3839): fixupSysfsFile - onFinished=0
04-28 19:00:13.474 W/vold    ( 1008): fixupSysfsFile - Chown ...
04-28 19:00:13.474 D/vold    ( 1008): /system/bin/chown
04-28 19:00:13.474 D/vold    ( 1008):     0:1000
04-28 19:00:13.474 D/vold    ( 1008):     /sys/kernel/mm/damon/admin/kdamonds/0/contexts/0/targets/0/pid_target
04-28 19:00:13.483 I/SDM     ( 1810): DisplayBase::CommitThread: Received Idle Timeout, panel: cmd, timeout: 70000 us
04-28 19:00:13.483 D/libsensor-parseRGB( 2925): CWB NotifyIdleStatus 1
04-28 19:00:13.488 D/JavaheapMonitor(  686): Java heap used=17M max=512M, proc: com.sohu.inputmethod.sogou.xiaomi
04-28 19:00:13.488 V/JavaheapMonitor(  686): Check java heap usage finished! Next check delay: 300000
04-28 19:00:13.492 W/vold    ( 1008): fixupSysfsFile - Chmod ...
04-28 19:00:13.492 D/vold    ( 1008): /system/bin/chmod
04-28 19:00:13.492 D/vold    ( 1008):     0660
04-28 19:00:13.492 D/vold    ( 1008):     /sys/kernel/mm/damon/admin/kdamonds/0/contexts/0/targets/0/pid_target
04-28 19:00:13.500 D/MI-SF   ( 1966): setIdleFps choose FPS:60, mode:20709632 mode_group 24641792
04-28 19:00:13.500 D/DisplayModeController( 1966): setDesiredMode 4630946654109872275 {mode={fps=60.00 Hz, modePtr={id=5, vsyncRate=60.00 Hz, peakRefreshRate=60.00 Hz}}, emitEvent=false, force=false}
04-28 19:00:13.502 I/SDM     ( 1810): SDMDisplay::SetActiveConfigWithConstraints: display = 0, config: 5, WxH 1440x3200, fps 60@idle@60:1
04-28 19:00:13.503 W/SDM     ( 1810): HWDeviceDRM::GetSupportedBitClkRate: Requested rate not supported: 1286000000
04-28 19:00:13.503 I/SDM     ( 1810): HWDeviceDRM::UpdateMixerAttributes: Mixer WxH 1440x3200-1 for Peripheral
04-28 19:00:13.505 D/RenderEngine( 1966): drawLayersInternal layername:Toast#35119 regionblurRadius:375 blurInput:1440x3200 blurRect:437x206
04-28 19:00:13.507 E/HwcComposer( 1966): getLuts failed Status(-129, EX_TRANSACTION_FAILED): 'UNKNOWN_TRANSACTION: '
04-28 19:00:13.508 I/vendor.qti.hardware.display.composer-service( 1810): Sensor: notify citsensorservice to trigger cwb, misForced = 0
04-28 19:00:13.508 I/SDM     ( 1810): CWB config passed by cwb_client : tappoint 1  CWB_ROI : (699.000000 110.000000 940.000000 351.000000) for display-0
04-28 19:00:13.509 D/FPSMonitor( 1841): threadFuncFpsMonitor display 0, fps 1
04-28 19:00:13.510 D/libsensor-D2SNotifier( 2925): DisplayId 0 Displayinfo2SlpiNotifier to type 8 displayFrequency = 1
04-28 19:00:13.511 I/SDM     ( 1810): PartialUpdateSrcSplit::SetCwbRoiForNonPU: CWB ROI Rect(699.000000 110.000000 940.000000 351.000000)
04-28 19:00:13.516 D/RenderEngine( 1966): drawLayersInternal layername:Toast#35119 regionblurRadius:375 blurInput:1440x3200 blurRect:437x206
04-28 19:00:13.516 W/StorageManagerService( 3839): fixupSysfsFile - onFinished=0
04-28 19:00:13.521 I/sensors ( 2925): qsh_qmi:41, qsh_qmi
04-28 19:00:13.523 I/sensors-hal( 1789): qsh_conn_event_cb:789, wakeup event[0] sensor:screen_down  Wakeup msg_id=1025, ts=15566900195745
04-28 19:00:13.523 I/sensors-hal( 1789): qsh_conn_event_cb:789, wakeup event[1] sensor:screen_down  Wakeup msg_id=1025, ts=15566901029270
04-28 19:00:13.523 I/sensors-hal( 1789): qsh_conn_event_cb:789, wakeup event[2] sensor:screen_down  Wakeup msg_id=1025, ts=15566901862795
04-28 19:00:13.523 I/sensors-hal( 1789): qsh_conn_event_cb:789, wakeup event[3] sensor:screen_down  Wakeup msg_id=1025, ts=15566902696320
04-28 19:00:13.523 I/sensors-hal( 1789): qsh_conn_event_cb:789, wakeup event[4] sensor:screen_down  Wakeup msg_id=1025, ts=15566903529845
04-28 19:00:13.523 I/sensors-hal( 1789): qsh_conn_event_cb:789, wakeup event[5] sensor:screen_down  Wakeup msg_id=1025, ts=15566904363369
04-28 19:00:13.523 I/sensors-hal( 1789): qsh_conn_event_cb:789, wakeup event[6] sensor:screen_down  Wakeup msg_id=1025, ts=15566905196894
04-28 19:00:13.523 I/sensors-hal( 1789): qsh_conn_event_cb:789, wakeup event[7] sensor:screen_down  Wakeup msg_id=1025, ts=15566906030419
04-28 19:00:13.526 I/sensors ( 2925): ~qsh_qmi:68, ~qsh_qmi
04-28 19:00:13.541 I/SDM     ( 1810): NotifyCWBStatus: Notify the client about buffer (0xefaab4d0) status 0 for display-0.
04-28 19:00:13.541 I/SDM     ( 1810): SDMConcurrentWriteBack::ProcessCWBStatus: CWB queue is empty. Display: 0
04-28 19:00:13.587 I/SDM     ( 1810): DisplayBase::CommitThread: Received Idle Timeout, panel: cmd, timeout: 70000 us
04-28 19:00:13.587 D/libsensor-parseRGB( 2925): CWB NotifyIdleStatus 1
04-28 19:00:13.663 I/vendor.qti.hardware.display.composer-service( 1810): Sensor: notify citsensorservice to trigger cwb, misForced = 1
04-28 19:00:13.663 I/SDM     ( 1810): CWB config passed by cwb_client : tappoint 1  CWB_ROI : (699.000000 110.000000 940.000000 351.000000) for display-0
04-28 19:00:13.669 I/SDM     ( 1810): PartialUpdateSrcSplit::SetCwbRoiForNonPU: CWB ROI Rect(699.000000 110.000000 940.000000 351.000000)
04-28 19:00:13.671 D/RenderEngine( 1966): drawLayersInternal layername:Toast#35119 regionblurRadius:375 blurInput:1440x3200 blurRect:437x206
04-28 19:00:13.677 I/libsensor-boledalgo( 2925): dbv:1524,lux:209.5,cct:4869.0,hsv:-1.0, CWB R:7.7,G:5.3,B:31.8 Event C:4361.9,R:2196.7,G:1739.0,B:860.9 Cali C:0.0,R:0.0,G:0.0,B:0.0
04-28 19:00:13.690 I/SDM     ( 1810): NotifyCWBStatus: Notify the client about buffer (0xefaa8350) status 0 for display-0.
04-28 19:00:13.691 I/SDM     ( 1810): SDMConcurrentWriteBack::ProcessCWBStatus: CWB queue is empty. Display: 0
04-28 19:00:13.741 I/SDM     ( 1810): DisplayBase::CommitThread: Received Idle Timeout, panel: cmd, timeout: 70000 us
04-28 19:00:13.741 D/libsensor-parseRGB( 2925): CWB NotifyIdleStatus 1
04-28 19:00:13.889 I/libsensor-boledalgo( 2925): dbv:1524,lux:207.6,cct:4921.0,hsv:-1.0, CWB R:7.7,G:5.3,B:31.8 Event C:4352.0,R:2211.1,G:1737.4,B:867.5 Cali C:0.0,R:0.0,G:0.0,B:0.0
04-28 19:00:13.890 I/libsensor-boledalgo( 2925): dbv:1524,lux:210.9,cct:4867.6,hsv:-1.0, CWB R:7.7,G:5.3,B:31.8 Event C:4372.8,R:2202.9,G:1754.4,B:862.8 Cali C:0.0,R:0.0,G:0.0,B:0.0
04-28 19:00:13.890 I/libsensor-boledalgo( 2925): dbv:1524,lux:208.9,cct:4958.3,hsv:-1.0, CWB R:7.7,G:5.3,B:31.8 Event C:4359.6,R:2203.3,G:1751.9,B:873.6 Cali C:0.0,R:0.0,G:0.0,B:0.0
04-28 19:00:13.890 I/libsensor-boledalgo( 2925): dbv:1524,lux:208.9,cct:4893.3,hsv:-1.0, CWB R:7.7,G:5.3,B:31.8 Event C:4359.1,R:2210.8,G:1744.8,B:864.7 Cali C:0.0,R:0.0,G:0.0,B:0.0
04-28 19:00:13.891 I/libsensor-boledalgo( 2925): dbv:1524,lux:207.8,cct:4946.4,hsv:-1.0, CWB R:7.7,G:5.3,B:31.8 Event C:4349.9,R:2194.9,G:1736.6,B:869.7 Cali C:0.0,R:0.0,G:0.0,B:0.0
04-28 19:00:13.891 I/libsensor-boledalgo( 2925): dbv:1524,lux:208.1,cct:5037.6,hsv:-1.0, CWB R:7.7,G:5.3,B:31.8 Event C:4343.6,R:2206.8,G:1763.9,B:882.2 Cali C:0.0,R:0.0,G:0.0,B:0.0
04-28 19:00:13.920 D/JavaheapMonitor( 3839): Java heap used=201M max=512M, proc: system_server
04-28 19:00:13.920 V/JavaheapMonitor( 3839): Check java heap usage finished! Next check delay: 180000
04-28 19:00:13.997 D/MI-SF   ( 1966): setIdleFps choose FPS:60, mode:20709632 mode_group 24641792
04-28 19:00:14.053 D/MiuiWifiCommonBase( 3839): band: 0, compensate: 0
04-28 19:00:14.053 D/WifiClientModeImpl[719075603:wlan0]( 3839): updateLinkLayerStatsRssiSpeedFrequencyCapabilities rssi=-26 TxLinkspeed=300 freq=2462 RxLinkSpeed=300
04-28 19:00:14.053 I/WifiService( 3839): getConnectionInfo uid=1000
04-28 19:00:14.053 V/WifiService( 3839): Clearing REDACT_FOR_LOCAL_MAC_ADDRESS for android(uid=1000)
04-28 19:00:14.053 V/WifiService( 3839): Clearing REDACT_FOR_NETWORK_SETTINGS for android(uid=1000)
04-28 19:00:14.053 V/WifiService( 3839): Clearing REDACT_FOR_ACCESS_FINE_LOCATION for android(uid=1000)
04-28 19:00:14.054 D/WifiDataStall( 3839): tx tput in kbps: 115500
04-28 19:00:14.054 D/WifiDataStall( 3839): rx tput in kbps: 206250
04-28 19:00:14.054 V/WifiConfigManager( 3839): Updating scan detail cache freq=2462 BSSID=74:39:89:2a:67:26 RSSI=-26 for "MstRobot"WPA_PSK
04-28 19:00:14.054 D/WifiChannelUtilization( 3839):  freq: 2462 onTime: 17939173 busyTime: 10856843 onTimeDiff: 550 busyTimeDiff: 341 utilization: 158 utilization t0: -85
04-28 19:00:14.055 D/WifiDataStall( 3839):  ccaLevel = 80
04-28 19:00:14.055 D/WifiDataStall( 3839): L2 txTputKbps: 115500, rxTputKbps: 206250, L3 txTputKbps: 0, rxTputKbps: 3, TxTrafficHigh: true, RxTrafficHigh: false, Throughput Sufficient: true
04-28 19:00:14.055 D/WifiThroughputPredictor( 3839):  utilization (LLS) 80 isBluetoothConnected: false final utilization: 80
04-28 19:00:14.055 D/WifiThroughputPredictor( 3839):  BW: 1 RSSI: -26 Nss: 2 Mode: 4 symDur: 3600 snrDb 51 bitPerTone: 5000 rate: 300 throughput: 205
04-28 19:00:14.055 D/WifiThroughputPredictor( 3839):  utilization (LLS) 80 isBluetoothConnected: false final utilization: 80
04-28 19:00:14.055 D/WifiThroughputPredictor( 3839):  BW: 1 RSSI: -26 Nss: 2 Mode: 4 symDur: 3600 snrDb 51 bitPerTone: 5000 rate: 300 throughput: 205
04-28 19:00:14.055 D/WifiScoreCard( 3839): BSSID update SIGNAL_POLL ID: 404527809 SSID: "MstRobot", BSSID: 74:39:89:2a:67:26, MAC: fa:2c:a2:da:d1:aa, IP: /192.168.0.106, Security type: 2, Supplicant state: COMPLETED, Wi-Fi standard: 11n, RSSI: -26, Link speed: 300Mbps, Tx Link speed: 300Mbps, Max Supported Tx Link speed: 300Mbps, Rx Link speed: 300Mbps, Max Supported Rx Link speed: 300Mbps, Frequency: 2462MHz, Net ID: 6, Metered hint: false, score: 60, isUsable: true, CarrierMerged: false, SubscriptionId: -1, IsPrimary: 1, Trusted: true, Restricted: false, Ephemeral: false, OEM paid: false, OEM private: false, OSU AP: false, FQDN: <none>, Provider friendly name: <none>, Requesting package name: <none>"MstRobot"wpa2-pskMLO Information: , Is TID-To-Link negotiation supported by the AP: false, AP MLD Address: <none>, AP MLO Link Id: <none>, AP MLO Affiliated links: <none>, Vendor Data: <none>
04-28 19:00:14.055 D/WifiScoreCard( 3839): txRate: 4 txSpeed: 300
04-28 19:00:14.055 D/WifiScoreCard( 3839): network update SIGNAL_POLL "MstRobot" ID: 608343939 RSSI -26 txSpeed 300
04-28 19:00:14.055 D/MiuiNM  ( 3839): rssi: -26, txPer: 5, rxPer: 5, ccaBr: 62, bcnLr: 3, tcpFr: 0, bcnRx: 29, txGood:3.31, txRetry:2.39, txBad:0.00
04-28 19:00:14.056 D/WifiClientModeImpl[719075603:wlan0]( 3839):  ClientModeImpl$L2ConnectedState screen=on 24 0 "MstRobot" 74:39:89:2a:67:26 rssi=-26 f=2462 sc= 60, mSwithInWeakNet: true [updated score = 60,  failpercent=0 { out=13 in=12 lost=0 inretrans=0 total retrans=0 tmo=0 inflight=0}] link=300 tx=2.2, 1.7, 0.0 rx=2.4 bcn=312516 [on:550 tx:4 rx:24 period:3013] from screen [on:3201237 period:9485405] score=60
04-28 19:00:14.056 I/WifiService( 3839): getVerboseLoggingLevel uid=1000
04-28 19:00:14.059 E/PhoneAdapter( 5894): get ntnphones failed, exception: java.lang.IllegalStateException: not support satellite!
04-28 19:00:14.061 I/WifiService( 3839): getScanResults uid=1000
04-28 19:00:14.061 D/AmlWifiScoreReportInjector( 3839): getMaxRssiInWaeknet weaknetRssi = -72
04-28 19:00:14.065 I/WifiService( 3839): getVerboseLoggingLevel uid=1000
04-28 19:00:14.065 D/AmlWifiScoreReportInjector( 3839): onWifiUsabilityStats: channelUtilization=158 seqNum = 160613 bssidChanged = 0 isQcomPlatform = true
04-28 19:00:14.076 D/JavaheapMonitor(31835): Java heap used=9M max=256M, proc: com.miui.personalassistant
04-28 19:00:14.076 V/JavaheapMonitor(31835): Check java heap usage finished! Next check delay: 300000
04-28 19:00:14.085 D/AurogonBandwidthController( 3839): skinTemperature:48.542
04-28 19:00:14.100 I/libsensor-boledalgo( 2925): dbv:1524,lux:209.2,cct:4922.6,hsv:-1.0, CWB R:7.7,G:5.3,B:31.8 Event C:4362.7,R:2196.7,G:1745.1,B:868.6 Cali C:0.0,R:0.0,G:0.0,B:0.0
04-28 19:00:14.102 I/libsensor-boledalgo( 2925): dbv:1524,lux:210.0,cct:4865.0,hsv:-1.0, CWB R:7.7,G:5.3,B:31.8 Event C:4362.8,R:2208.2,G:1749.6,B:861.1 Cali C:0.0,R:0.0,G:0.0,B:0.0
04-28 19:00:14.102 I/libsensor-boledalgo( 2925): dbv:1524,lux:208.2,cct:4946.0,hsv:-1.0, CWB R:7.7,G:5.3,B:31.8 Event C:4351.7,R:2208.7,G:1748.1,B:870.8 Cali C:0.0,R:0.0,G:0.0,B:0.0
04-28 19:00:14.102 I/libsensor-boledalgo( 2925): dbv:1524,lux:208.3,cct:4880.0,hsv:-1.0, CWB R:7.7,G:5.3,B:31.8 Event C:4353.3,R:2210.4,G:1737.9,B:861.9 Cali C:0.0,R:0.0,G:0.0,B:0.0
04-28 19:00:14.251 I/NetworkAccelerateSwitchService( 3839): EVENT_RSSI_POLL. mRssiPoll=true
04-28 19:00:14.251 I/WifiService( 3839): getConnectionInfo uid=1000
04-28 19:00:14.251 V/WifiService( 3839): Clearing REDACT_FOR_LOCAL_MAC_ADDRESS for android(uid=1000)
04-28 19:00:14.252 V/WifiService( 3839): Clearing REDACT_FOR_NETWORK_SETTINGS for android(uid=1000)
04-28 19:00:14.252 V/WifiService( 3839): Clearing REDACT_FOR_ACCESS_FINE_LOCATION for android(uid=1000)
04-28 19:00:14.252 I/WifiService( 3839): getVerboseLoggingLevel uid=1000
04-28 19:00:14.252 I/NetworkAccelerateSwitchService( 3839): ================= checkWifiRssiAndLinkSpeed START ================
04-28 19:00:14.252 I/NetworkAccelerateSwitchService( 3839): checkWifiRssiAndLinkSpeed mMinRssiFastFadeDifference:9 mMedRssiFastFadeDifference:13 mMaxRssiFastFadeDifference:15
04-28 19:00:14.252 I/NetworkAccelerateSwitchService( 3839): checkWifiRssiAndLinkSpeed txBandwidthCapMbps:300
04-28 19:00:14.252 I/NetworkAccelerateSwitchService( 3839): checkWifiRssiAndLinkSpeed rxBandwidthCapMbps:300
04-28 19:00:14.252 I/NetworkAccelerateSwitchService( 3839): checkWifiRssiAndLinkSpeed mcsidx:-1
04-28 19:00:14.252 I/NetworkAccelerateSwitchService( 3839): checkWifiRssiAndLinkSpeed rssi difference:0
04-28 19:00:14.252 I/NetworkAccelerateSwitchService( 3839): checkWifiRssiAndLinkSpeed txBandwidthCapMbps proportions:1.0
04-28 19:00:14.252 I/NetworkAccelerateSwitchService( 3839): checkWifiRssiAndLinkSpeed rxBandwidthCapMbps proportions:1.0
04-28 19:00:14.252 I/NetworkAccelerateSwitchService( 3839): checkWifiRssiAndLinkSpeed mcsidx difference:0
04-28 19:00:14.252 I/NetworkAccelerateSwitchService( 3839): checkWifiRssiAndLinkSpeed FastFadeWeakNetThresholdAdjustment:0
04-28 19:00:14.252 I/NetworkAccelerateSwitchService( 3839): ================= checkWifiRssiAndLinkSpeed END ================
04-28 19:00:14.252 I/NetworkAccelerateSwitchService( 3839): checkWifiRssiAndLinkSpeed rssi:26
04-28 19:00:14.252 I/NetworkAccelerateSwitchService( 3839): checkWifiRssiAndLinkSpeed mWifiFastFade:false mWifiFastFadeAdjustThreshold:false
04-28 19:00:14.252 I/NetworkAccelerateSwitchService( 3839): getAverageWifiRssi:25
04-28 19:00:14.252 D/NetworkAccelerateSwitchService( 3839): checkIntervalModeChange mMovementState:false mIntervalMode:0 mIsBadLinkLayerQoE:false mBadLinkLayerQoETimes = 0
04-28 19:00:14.312 I/libsensor-boledalgo( 2925): dbv:1524,lux:208.0,cct:4949.3,hsv:-1.0, CWB R:7.7,G:5.3,B:31.8 Event C:4350.9,R:2207.8,G:1745.5,B:871.1 Cali C:0.0,R:0.0,G:0.0,B:0.0
04-28 19:00:14.486 D/MiuiRefreshRatePolicy( 3839): reset
04-28 19:00:14.486 E/DisplayModeDirectorImpl( 3839): Invalid displayId: 138, only 0 and 1 are supported
04-28 19:00:14.486 D/MiuiRefreshRatePolicy( 3839): reset
04-28 19:00:14.486 E/DisplayModeDirectorImpl( 3839): Invalid displayId: 120, only 0 and 1 are supported
04-28 19:00:14.486 D/MiuiRefreshRatePolicy( 3839): reset
04-28 19:00:14.486 E/DisplayModeDirectorImpl( 3839): Invalid displayId: 76, only 0 and 1 are supported
04-28 19:00:14.486 D/MiuiRefreshRatePolicy( 3839): reset
04-28 19:00:14.486 E/DisplayModeDirectorImpl( 3839): Invalid displayId: 68, only 0 and 1 are supported
04-28 19:00:14.486 D/MiuiRefreshRatePolicy( 3839): reset
04-28 19:00:14.486 E/DisplayModeDirectorImpl( 3839): Invalid displayId: 64, only 0 and 1 are supported
04-28 19:00:14.486 D/MiuiRefreshRatePolicy( 3839): reset
04-28 19:00:14.486 E/DisplayModeDirectorImpl( 3839): Invalid displayId: 56, only 0 and 1 are supported
04-28 19:00:14.486 D/MiuiRefreshRatePolicy( 3839): reset
04-28 19:00:14.486 E/DisplayModeDirectorImpl( 3839): Invalid displayId: 42, only 0 and 1 are supported
04-28 19:00:14.486 D/MiuiRefreshRatePolicy( 3839): reset
04-28 19:00:14.486 E/DisplayModeDirectorImpl( 3839): Invalid displayId: 34, only 0 and 1 are supported
04-28 19:00:14.486 D/MiuiRefreshRatePolicy( 3839): reset
04-28 19:00:14.486 E/DisplayModeDirectorImpl( 3839): Invalid displayId: 24, only 0 and 1 are supported
04-28 19:00:14.486 D/MiuiRefreshRatePolicy( 3839): reset
04-28 19:00:14.486 E/DisplayModeDirectorImpl( 3839): Invalid displayId: 6, only 0 and 1 are supported
04-28 19:00:14.487 D/DisplayContentStubImpl( 3839): onNewImeFrame: isImeVisible = false, imeFrame = Rect(0, 0 - 0, 0)
04-28 19:00:14.487 W/InsetsSource( 3839): Has no intersection or mTmpFrame.height(), return Insets.NONE mTmpFrame.height() =0 hasIntersection =false
04-28 19:00:14.487 W/InsetsSource( 3839): Has no intersection or mTmpFrame.height(), return Insets.NONE mTmpFrame.height() =0 hasIntersection =false
04-28 19:00:14.487 D/BarFollowAnimation( 3839): pairAppearanceRegionAndWin win=Window{7dea979 u0 com.smartsales.prism/com.smartsales.prism.MainActivity} 0
04-28 19:00:14.487 D/BarFollowAnimation( 3839): isAppTaskBarOnTop win:Window{7dea979 u0 com.smartsales.prism/com.smartsales.prism.MainActivity} (mCurrentTopTask:Task{fb5f9b7 #28146 type=standard A=10433:com.smartsales.prism} : true); (mAssociatedTask:Task{fb5f9b7 #28146 type=standard A=10433:com.smartsales.prism} : true); (mHomeTask:Task{39ded46 #1 type=home} : false); mReparentToOriginParent:false mLastAppBarVisible:true mLastHomeBarVisible:false
04-28 19:00:14.487 D/MiuiRefreshRatePolicy( 3839): reset
04-28 19:00:14.488 W/InsetsSource( 3839): Has no intersection or mTmpFrame.height(), return Insets.NONE mTmpFrame.height() =0 hasIntersection =false
04-28 19:00:14.488 W/InsetsSource( 3839): Has no intersection or mTmpFrame.height(), return Insets.NONE mTmpFrame.height() =0 hasIntersection =false
04-28 19:00:14.500 D/MI-SF   ( 1966): isSupportLowBrightnessFpsSwitch current_setting_fps: 120
04-28 19:00:14.500 D/MI-SF   ( 1966): isTpIdleScene ,mAverageFrameRate is 0, 1
04-28 19:00:14.500 D/MI-SF   ( 1966): modeGroup20709632 mIsSupportAutomodeForMaxFpsSetting is 1(1), getCurrentBrightness() = 1366(0), mIsKeepAutoMode 0 isAutoModeAllowed() 1
04-28 19:00:14.500 D/MI-SF   ( 1966): setTpIdleFps choose FPS:60, mode:37489152
04-28 19:00:14.500 D/DisplayModeController( 1966): setDesiredMode 4630946654109872275 {mode={fps=60.00 Hz, modePtr={id=7, vsyncRate=60.00 Hz, peakRefreshRate=60.00 Hz}}, emitEvent=true, force=false}
04-28 19:00:14.500 E/DisplayModeController( 1966): setDesiredMode : Idle status skip setActiveMode, isDdicIdleMode: 1
04-28 19:00:14.503 D/MI-SF   ( 1966): isSupportLowBrightnessFpsSwitch current_setting_fps: 120
04-28 19:00:14.503 D/MI-SF   ( 1966): isTpIdleScene ,mAverageFrameRate is 0, 1
04-28 19:00:14.503 D/MI-SF   ( 1966): modeGroup20709632 mIsSupportAutomodeForMaxFpsSetting is 1(1), getCurrentBrightness() = 1366(0), mIsKeepAutoMode 0 isAutoModeAllowed() 1
04-28 19:00:14.503 D/MI-SF   ( 1966): setTpIdleFps choose FPS:60, mode:37489152
04-28 19:00:14.503 I/SDM     ( 1810): SDMDisplay::SetActiveConfigWithConstraints: display = 0, config: 7, WxH 1440x3200, fps 60@auto@60:10
04-28 19:00:14.504 W/SDM     ( 1810): HWDeviceDRM::GetSupportedBitClkRate: Requested rate not supported: 1286000000
04-28 19:00:14.504 I/SDM     ( 1810): HWDeviceDRM::UpdateMixerAttributes: Mixer WxH 1440x3200-1 for Peripheral
04-28 19:00:14.506 I/SDM     ( 1810): HWDeviceDRM::SetupConcurrentWriteback: Tear down the Concurrent Writeback topology
04-28 19:00:14.507 I/vendor.qti.hardware.display.composer-service( 1810): Sensor: notify citsensorservice to trigger cwb, misForced = 0
04-28 19:00:14.507 D/RenderEngine( 1966): drawLayersInternal layername:Toast#35119 regionblurRadius:375 blurInput:1440x3200 blurRect:437x206
04-28 19:00:14.507 I/SDM     ( 1810): CWB config passed by cwb_client : tappoint 1  CWB_ROI : (699.000000 110.000000 940.000000 351.000000) for display-0
04-28 19:00:14.509 E/HwcComposer( 1966): getLuts failed Status(-129, EX_TRANSACTION_FAILED): 'UNKNOWN_TRANSACTION: '
04-28 19:00:14.516 I/DisplayDeviceRepository( 3839): Display device changed render timings: "内置屏幕", renderFrameRate=60.000004, presentationDeadlineNanos=16666666, appVsyncOffsetNanos=1000000, frameRateOverrides=[]
04-28 19:00:14.517 D/MI-SF   ( 1966): isSupportLowBrightnessFpsSwitch current_setting_fps: 120
04-28 19:00:14.517 D/MI-SF   ( 1966): isTpIdleScene ,mAverageFrameRate is 0, 1
04-28 19:00:14.517 D/MI-SF   ( 1966): modeGroup37489152 mIsSupportAutomodeForMaxFpsSetting is 1(1), getCurrentBrightness() = 1366(0), mIsKeepAutoMode 0 isAutoModeAllowed() 1
04-28 19:00:14.517 D/MI-SF   ( 1966): setTpIdleFps choose FPS:60, mode:37489152
04-28 19:00:14.518 D/libsensor-D2SNotifier( 2925): DisplayId 0 Displayinfo2SlpiNotifier to type 8 displayFrequency = 10
04-28 19:00:14.518 D/WindowManager( 3839): DeferredDisplayUpdater: partially applying DisplayInfo(1440 x 3200) immediately
04-28 19:00:14.518 W/DisplayContentStubImpl( 3839):  displayMetricsChanged=false physicalDisplayChanged=false displayId=0 newUniqueId=local:4630946654109872275 currentUnique=local:4630946654109872275
04-28 19:00:14.518 D/DisplayContentStubImpl( 3839): Display{#0 state=ON size=1440x3200 ROTATION_0} isActivityEmbeddingSplitEnable false
04-28 19:00:14.518 D/RenderEngine( 1966): drawLayersInternal layername:Toast#35119 regionblurRadius:375 blurInput:1440x3200 blurRect:437x206
04-28 19:00:14.519 W/InsetsSource( 3839): Has no intersection or mTmpFrame.height(), return Insets.NONE mTmpFrame.height() =0 hasIntersection =false
04-28 19:00:14.519 W/InsetsSource( 3839): Has no intersection or mTmpFrame.height(), return Insets.NONE mTmpFrame.height() =0 hasIntersection =false
04-28 19:00:14.519 D/MiuiRefreshRatePolicy( 3839): reset
04-28 19:00:14.519 E/DisplayModeDirectorImpl( 3839): Invalid displayId: 138, only 0 and 1 are supported
04-28 19:00:14.519 D/MiuiRefreshRatePolicy( 3839): reset
04-28 19:00:14.519 E/DisplayModeDirectorImpl( 3839): Invalid displayId: 120, only 0 and 1 are supported
04-28 19:00:14.519 D/MiuiRefreshRatePolicy( 3839): reset
04-28 19:00:14.519 E/DisplayModeDirectorImpl( 3839): Invalid displayId: 76, only 0 and 1 are supported
04-28 19:00:14.519 D/MiuiRefreshRatePolicy( 3839): reset
04-28 19:00:14.519 E/DisplayModeDirectorImpl( 3839): Invalid displayId: 68, only 0 and 1 are supported
04-28 19:00:14.519 D/MiuiRefreshRatePolicy( 3839): reset
04-28 19:00:14.519 E/DisplayModeDirectorImpl( 3839): Invalid displayId: 64, only 0 and 1 are supported
04-28 19:00:14.519 D/MiuiRefreshRatePolicy( 3839): reset
04-28 19:00:14.519 E/DisplayModeDirectorImpl( 3839): Invalid displayId: 56, only 0 and 1 are supported
04-28 19:00:14.519 D/MiuiRefreshRatePolicy( 3839): reset
04-28 19:00:14.519 E/DisplayModeDirectorImpl( 3839): Invalid displayId: 42, only 0 and 1 are supported
04-28 19:00:14.519 D/MiuiRefreshRatePolicy( 3839): reset
04-28 19:00:14.519 E/DisplayModeDirectorImpl( 3839): Invalid displayId: 34, only 0 and 1 are supported
04-28 19:00:14.519 D/MiuiRefreshRatePolicy( 3839): reset
04-28 19:00:14.519 E/DisplayModeDirectorImpl( 3839): Invalid displayId: 24, only 0 and 1 are supported
04-28 19:00:14.519 D/MiuiRefreshRatePolicy( 3839): reset
04-28 19:00:14.519 E/DisplayModeDirectorImpl( 3839): Invalid displayId: 6, only 0 and 1 are supported
04-28 19:00:14.519 D/FPSMonitor( 1841): threadFuncFpsMonitor display 0, fps 10
04-28 19:00:14.519 W/InsetsSource( 3839): Has no intersection or mTmpFrame.height(), return Insets.NONE mTmpFrame.height() =0 hasIntersection =false
04-28 19:00:14.519 W/InsetsSource( 3839): Has no intersection or mTmpFrame.height(), return Insets.NONE mTmpFrame.height() =0 hasIntersection =false
04-28 19:00:14.519 D/BarFollowAnimation( 3839): pairAppearanceRegionAndWin win=Window{7dea979 u0 com.smartsales.prism/com.smartsales.prism.MainActivity} 0
04-28 19:00:14.520 D/BarFollowAnimation( 3839): isAppTaskBarOnTop win:Window{7dea979 u0 com.smartsales.prism/com.smartsales.prism.MainActivity} (mCurrentTopTask:Task{fb5f9b7 #28146 type=standard A=10433:com.smartsales.prism} : true); (mAssociatedTask:Task{fb5f9b7 #28146 type=standard A=10433:com.smartsales.prism} : true); (mHomeTask:Task{39ded46 #1 type=home} : false); mReparentToOriginParent:false mLastAppBarVisible:true mLastHomeBarVisible:false
04-28 19:00:14.520 D/MiuiRefreshRatePolicy( 3839): reset
04-28 19:00:14.520 D/AudioFlingerImpl( 1930): setGameParameters keyvalue: screen_state=on
04-28 19:00:14.520 D/DeviceHalAidl( 1930): [default] setParameters: parameters: "screen_state=on"
04-28 19:00:14.520 W/InsetsSource( 3839): Has no intersection or mTmpFrame.height(), return Insets.NONE mTmpFrame.height() =0 hasIntersection =false
04-28 19:00:14.520 W/InsetsSource( 3839): Has no intersection or mTmpFrame.height(), return Insets.NONE mTmpFrame.height() =0 hasIntersection =false
04-28 19:00:14.521 D/PAL: API( 1794): pal_set_param: 1497: Enter: param id 8 (PAL_PARAM_ID_SCREEN_STATE)
04-28 19:00:14.521 D/PAL: ResourceManager( 1794): setParameter: 11845: Enter param id: 8 (PAL_PARAM_ID_SCREEN_STATE)
04-28 19:00:14.521 I/PAL: ResourceManager( 1794): setParameter: 11872: Screen State:1
04-28 19:00:14.521 D/PAL: ResourceManager( 1794): setParameter: 13545: Exit status: 0
04-28 19:00:14.521 D/PAL: API( 1794): pal_set_param: 1514: Exit, status 0
04-28 19:00:14.524 W/GestureStubView_Left( 5261): onDisplayChanged
04-28 19:00:14.524 W/GestureStubView_Left( 5261): adaptRotation   currentRotation=0   mRotation=0
04-28 19:00:14.524 W/GestureStubView_Right( 5261): onDisplayChanged
04-28 19:00:14.524 W/GestureStubView_Right( 5261): adaptRotation   currentRotation=0   mRotation=0
04-28 19:00:14.524 V/AutoDensityController( 5963): on display changed 0 context dpi:586 origin dpi:600 target dpi:586
04-28 19:00:14.524 D/ControlCenterWindowViewController( 5963): on display changed 0
04-28 19:00:14.524 V/AODAutoDensityController( 5963): on display changed 0 context dpi:586 origin dpi:600 target dpi:586
04-28 19:00:14.525 D/DeviceHalAidl( 1930): [usb] setParameters: parameters: "screen_state=on"
04-28 19:00:14.525 D/AHAL_Module( 1794): updateScreenState: usb: 1
04-28 19:00:14.525 D/DeviceHalAidl( 1930): [r_submix] setParameters: parameters: "screen_state=on"
04-28 19:00:14.525 D/AHAL_Module( 1794): updateScreenState: r_submix: 1
04-28 19:00:14.525 W/Launcher( 5261): onDisplayChanged: newRotation=0, mCurrentRotation=0
04-28 19:00:14.525 D/DeviceHalAidl( 1930): [bluetooth] setParameters: parameters: "screen_state=on"
04-28 19:00:14.525 D/AHAL_Module( 1794): updateScreenState: bluetooth: 1
04-28 19:00:14.527 D/MiuiGxzwAnimView( 5963): onDisplayChanged: oldState = 2, newState = 2
04-28 19:00:14.529 I/sensors ( 2925): qsh_qmi:41, qsh_qmi
04-28 19:00:14.530 W/InsetsSource(31883): Has no intersection or mTmpFrame.height(), return Insets.NONE mTmpFrame.height() =0 hasIntersection =false
04-28 19:00:14.530 W/InsetsSource(31883): Has no intersection or mTmpFrame.height(), return Insets.NONE mTmpFrame.height() =0 hasIntersection =false
04-28 19:00:14.530 W/InsetsSource(31883): Has no intersection or mTmpFrame.height(), return Insets.NONE mTmpFrame.height() =0 hasIntersection =false
04-28 19:00:14.530 W/InsetsSource(31883): Has no intersection or mTmpFrame.height(), return Insets.NONE mTmpFrame.height() =0 hasIntersection =false
04-28 19:00:14.530 W/InsetsSource(31883): Has no intersection or mTmpFrame.height(), return Insets.NONE mTmpFrame.height() =0 hasIntersection =false
04-28 19:00:14.530 W/InsetsSource(31883): Has no intersection or mTmpFrame.height(), return Insets.NONE mTmpFrame.height() =0 hasIntersection =false
04-28 19:00:14.531 I/sensors ( 2925): ~qsh_qmi:68, ~qsh_qmi
04-28 19:00:14.536 D/JavaheapMonitor(32741): Java heap used=9M max=256M, proc: com.lbe.security.miui
04-28 19:00:14.536 V/JavaheapMonitor(32741): Check java heap usage finished! Next check delay: 300000
04-28 19:00:14.540 D/wpa_supplicant(25850): nl80211: Drv Event 81 (NL80211_CMD_TDLS_OPER) received for wlan0
04-28 19:00:14.540 D/wpa_supplicant(25850): nl80211: TDLS operation event
04-28 19:00:14.540 D/wpa_supplicant(25850): nl80211: TDLS discovery request for peer 1c:db:d4:9b:8f:94
04-28 19:00:14.540 D/wpa_supplicant(25850): wlan0: Event TDLS (7) received
04-28 19:00:14.541 D/wpa_supplicant(25850): nl80211: Drv Event 81 (NL80211_CMD_TDLS_OPER) received for wlan0
04-28 19:00:14.541 D/wpa_supplicant(25850): nl80211: TDLS operation event
04-28 19:00:14.541 D/wpa_supplicant(25850): nl80211: TDLS discovery request for peer b4:5f:84:de:d4:d0
04-28 19:00:14.541 D/wpa_supplicant(25850): wlan0: Event TDLS (7) received
04-28 19:00:14.541 D/wpa_supplicant(25850): nl80211: Drv Event 81 (NL80211_CMD_TDLS_OPER) received for wlan0
04-28 19:00:14.541 D/wpa_supplicant(25850): nl80211: TDLS operation event
04-28 19:00:14.541 D/wpa_supplicant(25850): nl80211: TDLS discovery request for peer 14:c1:9f:d7:e3:f4
04-28 19:00:14.541 D/wpa_supplicant(25850): wlan0: Event TDLS (7) received
04-28 19:00:14.597 D/NetworkManagement( 3839): wlan0 <====> 1
04-28 19:00:14.597 I/MiuiNetworkPolicy( 3839): label wlan0, uid -1, active false, tsNanos 806734875402138
04-28 19:00:14.610 I/SDM     ( 1810): DisplayBase::CommitThread: Received Idle Timeout, panel: cmd, timeout: 70000 us
04-28 19:00:14.610 D/libsensor-parseRGB( 2925): CWB NotifyIdleStatus 1
04-28 19:00:14.616 D/MI-SF   ( 1966): isSupportLowBrightnessFpsSwitch current_setting_fps: 120
04-28 19:00:14.616 D/MI-SF   ( 1966): isTpIdleScene ,mAverageFrameRate is 0, 1
04-28 19:00:14.616 D/MI-SF   ( 1966): modeGroup37489152 mIsSupportAutomodeForMaxFpsSetting is 1(1), getCurrentBrightness() = 1366(0), mIsKeepAutoMode 0 isAutoModeAllowed() 1
04-28 19:00:14.616 D/MI-SF   ( 1966): setTpIdleFps choose FPS:60, mode:37489152
04-28 19:00:14.617 I/SDM     ( 1810): PartialUpdateSrcSplit::SetCwbRoiForNonPU: CWB ROI Rect(699.000000 110.000000 940.000000 351.000000)
04-28 19:00:14.619 D/RenderEngine( 1966): drawLayersInternal layername:Toast#35119 regionblurRadius:375 blurInput:1440x3200 blurRect:437x206
04-28 19:00:14.643 D/MI-SF   ( 1966): setIdleFps choose FPS:60, mode:20709632 mode_group 24641792
04-28 19:00:14.643 D/DisplayModeController( 1966): setDesiredMode 4630946654109872275 {mode={fps=60.00 Hz, modePtr={id=5, vsyncRate=60.00 Hz, peakRefreshRate=60.00 Hz}}, emitEvent=false, force=false}
04-28 19:00:14.647 I/SDM     ( 1810): NotifyCWBStatus: Notify the client about buffer (0xefaa9270) status 0 for display-0.
04-28 19:00:14.647 I/SDM     ( 1810): SDMConcurrentWriteBack::ProcessCWBStatus: CWB queue is empty. Display: 0
04-28 19:00:14.658 I/SDM     ( 1810): SDMDisplay::SetActiveConfigWithConstraints: display = 0, config: 5, WxH 1440x3200, fps 60@idle@60:1
04-28 19:00:14.658 W/SDM     ( 1810): HWDeviceDRM::GetSupportedBitClkRate: Requested rate not supported: 1286000000
04-28 19:00:14.658 I/SDM     ( 1810): HWDeviceDRM::UpdateMixerAttributes: Mixer WxH 1440x3200-1 for Peripheral
04-28 19:00:14.659 I/SDM     ( 1810): HWDeviceDRM::SetupConcurrentWriteback: Tear down the Concurrent Writeback topology
04-28 19:00:14.660 D/RenderEngine( 1966): drawLayersInternal layername:Toast#35119 regionblurRadius:375 blurInput:1440x3200 blurRect:437x206
04-28 19:00:14.664 D/FPSMonitor( 1841): threadFuncFpsMonitor display 0, fps 1
04-28 19:00:14.664 D/libsensor-D2SNotifier( 2925): DisplayId 0 Displayinfo2SlpiNotifier to type 8 displayFrequency = 1
04-28 19:00:14.667 I/sensors ( 2925): qsh_qmi:41, qsh_qmi
04-28 19:00:14.676 D/RenderEngine( 1966): drawLayersInternal layername:Toast#35119 regionblurRadius:375 blurInput:1440x3200 blurRect:437x206
04-28 19:00:14.683 I/sensors ( 2925): ~qsh_qmi:68, ~qsh_qmi
04-28 19:00:14.742 I/vendor.qti.hardware.display.composer-service( 1810): Sensor: notify citsensorservice to trigger cwb, misForced = 0
04-28 19:00:14.742 D/RenderEngine( 1966): drawLayersInternal layername:Toast#35119 regionblurRadius:375 blurInput:1440x3200 blurRect:437x206
04-28 19:00:14.742 I/SDM     ( 1810): CWB config passed by cwb_client : tappoint 1  CWB_ROI : (699.000000 110.000000 940.000000 351.000000) for display-0
04-28 19:00:14.744 E/HwcComposer( 1966): getLuts failed Status(-129, EX_TRANSACTION_FAILED): 'UNKNOWN_TRANSACTION: '
04-28 19:00:14.763 I/SDM     ( 1810): DemuraTnCaptureIntfImpl::ProcessCapturePanelData: Screen capture status = 0
04-28 19:00:14.812 I/SDM     ( 1810): DisplayBase::CommitThread: Received Idle Timeout, panel: cmd, timeout: 69999 us
04-28 19:00:14.813 D/libsensor-parseRGB( 2925): CWB NotifyIdleStatus 1
04-28 19:00:14.826 I/SDM     ( 1810): PartialUpdateSrcSplit::SetCwbRoiForNonPU: CWB ROI Rect(699.000000 110.000000 940.000000 351.000000)
04-28 19:00:14.827 D/RenderEngine( 1966): drawLayersInternal layername:Toast#35119 regionblurRadius:375 blurInput:1440x3200 blurRect:437x206
04-28 19:00:14.846 I/SDM     ( 1810): NotifyCWBStatus: Notify the client about buffer (0xefaaa2f0) status 0 for display-0.
04-28 19:00:14.846 I/SDM     ( 1810): SDMConcurrentWriteBack::ProcessCWBStatus: CWB queue is empty. Display: 0
04-28 19:00:14.864 D/JavaheapMonitor(27585): Java heap used=13M max=256M, proc: com.google.android.gms.persistent
04-28 19:00:14.864 V/JavaheapMonitor(27585): Check java heap usage finished! Next check delay: 300000
04-28 19:00:14.897 I/SDM     ( 1810): DisplayBase::CommitThread: Received Idle Timeout, panel: cmd, timeout: 70000 us
04-28 19:00:14.898 D/libsensor-parseRGB( 2925): CWB NotifyIdleStatus 1
04-28 19:00:14.909 D/MI-SF   ( 1966): isSupportLowBrightnessFpsSwitch current_setting_fps: 120
04-28 19:00:14.909 D/MI-SF   ( 1966): isTpIdleScene ,mAverageFrameRate is 0, 1
04-28 19:00:14.909 D/MI-SF   ( 1966): modeGroup20709632 mIsSupportAutomodeForMaxFpsSetting is 1(1), getCurrentBrightness() = 1366(0), mIsKeepAutoMode 0 isAutoModeAllowed() 1
04-28 19:00:14.909 W/LayerDrawable( 5963): Failed to obtain smooth corners because the drawable of the children in the layerstate is null
04-28 19:00:14.909 D/MI-SF   ( 1966): setTpIdleFps choose FPS:60, mode:37489152
04-28 19:00:14.909 D/DisplayModeController( 1966): setDesiredMode 4630946654109872275 {mode={fps=60.00 Hz, modePtr={id=7, vsyncRate=60.00 Hz, peakRefreshRate=60.00 Hz}}, emitEvent=true, force=false}
04-28 19:00:14.909 E/DisplayModeController( 1966): setDesiredMode : Idle status skip setActiveMode, isDdicIdleMode: 1
04-28 19:00:14.924 W/LayerDrawable( 5963): Failed to obtain smooth corners because the drawable of the children in the layerstate is null
04-28 19:00:14.927 D/MI-SF   ( 1966): isSupportLowBrightnessFpsSwitch current_setting_fps: 120
04-28 19:00:14.927 D/MI-SF   ( 1966): isTpIdleScene ,mAverageFrameRate is 0, 1
04-28 19:00:14.927 D/MI-SF   ( 1966): modeGroup20709632 mIsSupportAutomodeForMaxFpsSetting is 1(1), getCurrentBrightness() = 1366(0), mIsKeepAutoMode 0 isAutoModeAllowed() 1
04-28 19:00:14.927 D/MI-SF   ( 1966): setTpIdleFps choose FPS:60, mode:37489152
04-28 19:00:14.927 I/SDM     ( 1810): SDMDisplay::SetActiveConfigWithConstraints: display = 0, config: 7, WxH 1440x3200, fps 60@auto@60:10
04-28 19:00:14.929 W/SDM     ( 1810): HWDeviceDRM::GetSupportedBitClkRate: Requested rate not supported: 1286000000
04-28 19:00:14.929 I/SDM     ( 1810): HWDeviceDRM::UpdateMixerAttributes: Mixer WxH 1440x3200-1 for Peripheral
04-28 19:00:14.930 I/SDM     ( 1810): HWDeviceDRM::SetupConcurrentWriteback: Tear down the Concurrent Writeback topology
04-28 19:00:14.930 D/RenderEngine( 1966): drawLayersInternal layername:Toast#35119 regionblurRadius:375 blurInput:1440x3200 blurRect:437x206
04-28 19:00:14.932 D/RenderEngine( 1966): drawLayersInternal layername:Toast#35119 regionblurRadius:375 blurInput:432x960 blurRect:131x61
04-28 19:00:14.934 D/RenderEngine( 1966): drawLayersInternal layername:Toast#35119 regionblurRadius:375 blurInput:816x1814 blurRect:247x116
04-28 19:00:14.935 D/libsensor-D2SNotifier( 2925): DisplayId 0 Displayinfo2SlpiNotifier to type 8 displayFrequency = 10
04-28 19:00:14.936 D/FPSMonitor( 1841): threadFuncFpsMonitor display 0, fps 10
04-28 19:00:14.936 D/RenderEngine( 1966): drawLayersInternal layername:Toast#35119 regionblurRadius:375 blurInput:816x1814 blurRect:247x116
04-28 19:00:14.938 D/RenderEngine( 1966): drawLayersInternal layername:Toast#35119 regionblurRadius:375 blurInput:816x1814 blurRect:247x116
04-28 19:00:14.940 D/RenderEngine( 1966): drawLayersInternal layername:Toast#35119 regionblurRadius:375 blurInput:816x1814 blurRect:247x116
04-28 19:00:14.941 I/sensors ( 2925): qsh_qmi:41, qsh_qmi
04-28 19:00:14.941 D/RenderEngine( 1966): drawLayersInternal layername:Toast#35119 regionblurRadius:375 blurInput:816x1814 blurRect:247x116
04-28 19:00:14.944 D/RenderEngine( 1966): drawLayersInternal layername:Toast#35119 regionblurRadius:375 blurInput:816x1814 blurRect:247x116
04-28 19:00:14.944 W/LayerDrawable( 5963): Failed to obtain smooth corners because the drawable of the children in the layerstate is null
04-28 19:00:14.946 D/RenderEngine( 1966): drawLayersInternal layername:Toast#35119 regionblurRadius:375 blurInput:816x1814 blurRect:247x116
04-28 19:00:14.947 D/RenderEngine( 1966): drawLayersInternal layername:Toast#35119 regionblurRadius:375 blurInput:816x1814 blurRect:247x116
