04-28 18:49:53.714 D/MiuiRefreshRatePolicy( 3839): reset
04-28 18:49:53.714 E/DisplayModeDirectorImpl( 3839): Invalid displayId: 76, only 0 and 1 are supported
04-28 18:49:53.714 D/RenderEngine( 1966): drawLayersInternal layername:Toast#34875 regionblurRadius:375 blurInput:816x1814 blurRect:680x159
04-28 18:49:53.714 D/MiuiRefreshRatePolicy( 3839): reset
04-28 18:49:53.714 E/DisplayModeDirectorImpl( 3839): Invalid displayId: 68, only 0 and 1 are supported
04-28 18:49:53.714 D/MiuiRefreshRatePolicy( 3839): reset
04-28 18:49:53.714 E/DisplayModeDirectorImpl( 3839): Invalid displayId: 64, only 0 and 1 are supported
04-28 18:49:53.714 D/MiuiRefreshRatePolicy( 3839): reset
04-28 18:49:53.714 E/DisplayModeDirectorImpl( 3839): Invalid displayId: 56, only 0 and 1 are supported
04-28 18:49:53.714 D/MiuiRefreshRatePolicy( 3839): reset
04-28 18:49:53.714 E/DisplayModeDirectorImpl( 3839): Invalid displayId: 42, only 0 and 1 are supported
04-28 18:49:53.714 D/MiuiRefreshRatePolicy( 3839): reset
04-28 18:49:53.714 E/DisplayModeDirectorImpl( 3839): Invalid displayId: 34, only 0 and 1 are supported
04-28 18:49:53.714 D/MiuiRefreshRatePolicy( 3839): reset
04-28 18:49:53.714 E/DisplayModeDirectorImpl( 3839): Invalid displayId: 24, only 0 and 1 are supported
04-28 18:49:53.714 D/MiuiRefreshRatePolicy( 3839): reset
04-28 18:49:53.714 E/DisplayModeDirectorImpl( 3839): Invalid displayId: 6, only 0 and 1 are supported
04-28 18:49:53.714 D/DisplayContentStubImpl( 3839): onNewImeFrame: isImeVisible = false, imeFrame = Rect(0, 0 - 0, 0)
04-28 18:49:53.714 W/InsetsSource( 3839): Has no intersection or mTmpFrame.height(), return Insets.NONE mTmpFrame.height() =0 hasIntersection =false
04-28 18:49:53.714 W/InsetsSource( 3839): Has no intersection or mTmpFrame.height(), return Insets.NONE mTmpFrame.height() =0 hasIntersection =false
04-28 18:49:53.715 D/BarFollowAnimation( 3839): pairAppearanceRegionAndWin win=Window{e686fc7 u0 com.smartsales.prism/com.smartsales.prism.MainActivity} 0
04-28 18:49:53.715 D/BarFollowAnimation( 3839): isAppTaskBarOnTop win:Window{e686fc7 u0 com.smartsales.prism/com.smartsales.prism.MainActivity} (mCurrentTopTask:Task{534de26 #28142 type=standard A=10433:com.smartsales.prism} : true); (mAssociatedTask:Task{534de26 #28142 type=standard A=10433:com.smartsales.prism} : true); (mHomeTask:Task{39ded46 #1 type=home} : false); mReparentToOriginParent:false mLastAppBarVisible:true mLastHomeBarVisible:false
04-28 18:49:53.715 D/MiuiRefreshRatePolicy( 3839): reset
04-28 18:49:53.715 D/RenderEngine( 1966): drawLayersInternal layername:Toast#34875 regionblurRadius:375 blurInput:816x1814 blurRect:680x159
04-28 18:49:53.715 I/PowerManagerServiceImpl( 3839): Release wakelock: SCREEN_BRIGHT_WAKE_LOCK           'WindowManager/displayId:0' ON_AFTER_RELEASE DISABLED ACQ=-1s423ms (uid=1000 pid=3839 pkg=android ws=WorkSource{1000 com.android.systemui})
04-28 18:49:53.716 W/InsetsSource( 3839): Has no intersection or mTmpFrame.height(), return Insets.NONE mTmpFrame.height() =0 hasIntersection =false
04-28 18:49:53.716 W/InsetsSource( 3839): Has no intersection or mTmpFrame.height(), return Insets.NONE mTmpFrame.height() =0 hasIntersection =false
04-28 18:49:53.717 D/RenderEngine( 1966): drawLayersInternal layername:Toast#34875 regionblurRadius:375 blurInput:816x1814 blurRect:680x159
04-28 18:49:53.717 W/InsetsSource( 5963): Has no intersection or mTmpFrame.height(), return Insets.NONE mTmpFrame.height() =0 hasIntersection =false
04-28 18:49:53.717 W/InsetsSource( 5963): Has no intersection or mTmpFrame.height(), return Insets.NONE mTmpFrame.height() =0 hasIntersection =false
04-28 18:49:53.717 W/InsetsSource( 5963): Has no intersection or mTmpFrame.height(), return Insets.NONE mTmpFrame.height() =0 hasIntersection =false
04-28 18:49:53.717 W/InsetsSource( 5963): Has no intersection or mTmpFrame.height(), return Insets.NONE mTmpFrame.height() =0 hasIntersection =false
04-28 18:49:53.717 W/InsetsSource( 5963): Has no intersection or mTmpFrame.height(), return Insets.NONE mTmpFrame.height() =0 hasIntersection =false
04-28 18:49:53.717 W/InsetsSource( 5963): Has no intersection or mTmpFrame.height(), return Insets.NONE mTmpFrame.height() =60 hasIntersection =false
04-28 18:49:53.717 W/InsetsSource( 5963): Has no intersection or mTmpFrame.height(), return Insets.NONE mTmpFrame.height() =0 hasIntersection =false
04-28 18:49:53.717 W/InsetsSource( 5963): Has no intersection or mTmpFrame.height(), return Insets.NONE mTmpFrame.height() =45 hasIntersection =false
04-28 18:49:53.717 W/InsetsSource( 5963): Has no intersection or mTmpFrame.height(), return Insets.NONE mTmpFrame.height() =169 hasIntersection =false
04-28 18:49:53.717 W/InsetsSource( 5963): Has no intersection or mTmpFrame.height(), return Insets.NONE mTmpFrame.height() =0 hasIntersection =false
04-28 18:49:53.717 W/InsetsSource( 5963): Has no intersection or mTmpFrame.height(), return Insets.NONE mTmpFrame.height() =45 hasIntersection =false
04-28 18:49:53.717 W/InsetsSource( 5963): Has no intersection or mTmpFrame.height(), return Insets.NONE mTmpFrame.height() =169 hasIntersection =false
04-28 18:49:53.717 W/NotificationService( 3839): Toast already killed. pkg=com.smartsales.prism token=android.os.BinderProxy@b46ec12
04-28 18:49:53.718 D/RenderEngine( 1966): drawLayersInternal layername:Toast#34875 regionblurRadius:375 blurInput:816x1814 blurRect:680x159
04-28 18:49:53.720 D/RenderEngine( 1966): drawLayersInternal layername:Toast#34875 regionblurRadius:375 blurInput:816x1814 blurRect:680x159
04-28 18:49:53.722 D/RenderEngine( 1966): drawLayersInternal layername:Toast#34875 regionblurRadius:375 blurInput:816x1814 blurRect:680x159
04-28 18:49:53.723 D/RenderEngine( 1966): drawLayersInternal layername:Toast#34875 regionblurRadius:375 blurInput:816x1814 blurRect:680x159
04-28 18:49:53.725 D/RenderEngine( 1966): drawLayersInternal layername:Toast#34875 regionblurRadius:375 blurInput:816x1814 blurRect:680x159
04-28 18:49:53.730 W/HWComposer( 1966): Ignoring duplicate VSYNC event from HWC for display 4630946654109872275 (t=663102873210000)
04-28 18:49:53.744 D/RefreshRateSelector( 1966): Touch Boost
04-28 18:49:53.744 D/MI-SF   ( 1966): modeGroup41426432 mIsSupportAutomodeForMaxFpsSetting is 1(1), getCurrentBrightness() = 1093(0), mIsKeepAutoMode 0 isAutoModeAllowed() 1
04-28 18:49:53.744 D/RefreshRateSelector( 1966): fixedMode_group: 41426432, isFindModeGroup 1
04-28 18:49:53.744 D/RefreshRateSelector( 1966): find max refresh rate:120, mode Group:41426432
04-28 18:49:53.744 D/DisplayModeController( 1966): setDesiredMode 4630946654109872275 {mode={fps=120.00 Hz, modePtr={id=1, vsyncRate=120.00 Hz, peakRefreshRate=120.00 Hz}}, emitEvent=true, force=false}
04-28 18:49:53.744 D/BufferQueueConsumer( 5963): [VRI[Toast]#1958(BLAST Consumer)1958](id:174b000008fd,api:0,p:-1,c:5963) disconnect: caller 0
04-28 18:49:53.749 W/HWComposer( 1966): Ignoring duplicate VSYNC event from HWC for display 4630946654109872275 (t=663102889847000)
04-28 18:49:53.749 D/RefreshRateSelector( 1966): Touch Boost
04-28 18:49:53.749 D/MI-SF   ( 1966): modeGroup41426432 mIsSupportAutomodeForMaxFpsSetting is 1(1), getCurrentBrightness() = 1093(0), mIsKeepAutoMode 0 isAutoModeAllowed() 1
04-28 18:49:53.749 D/RefreshRateSelector( 1966): fixedMode_group: 41426432, isFindModeGroup 1
04-28 18:49:53.749 D/RefreshRateSelector( 1966): find max refresh rate:120, mode Group:41426432
04-28 18:49:53.749 I/SDM     ( 1810): SDMDisplay::SetActiveConfigWithConstraints: display = 0, config: 1, WxH 1440x3200, fps 120@auto@120:30
04-28 18:49:53.751 W/SDM     ( 1810): HWDeviceDRM::GetSupportedBitClkRate: Requested rate not supported: 1286000000
04-28 18:49:53.751 I/SDM     ( 1810): HWDeviceDRM::UpdateMixerAttributes: Mixer WxH 1440x3200-1 for Peripheral
04-28 18:49:53.752 I/MiClstc ( 1810): simplifyLayerName Unknown layer 1, skip
04-28 18:49:53.752 I/MiClstc ( 1810): DropLayers erase layer 1
04-28 18:49:53.756 I/vendor.qti.hardware.display.composer-service( 1810): Sensor: notify citsensorservice to trigger cwb, misForced = 0
04-28 18:49:53.756 I/SDM     ( 1810): CWB config passed by cwb_client : tappoint 1  CWB_ROI : (699.000000 110.000000 940.000000 351.000000) for display-0
04-28 18:49:53.757 D/FPSMonitor( 1841): threadFuncFpsMonitor display 0, fps 30
04-28 18:49:53.757 D/libsensor-D2SNotifier( 2925): DisplayId 0 Displayinfo2SlpiNotifier to type 8 displayFrequency = 30
04-28 18:49:53.762 W/HWComposer( 1966): Ignoring duplicate VSYNC event from HWC for display 4630946654109872275 (t=663102906484000)
04-28 18:49:53.765 I/DisplayDeviceRepository( 3839): Display device changed render timings: "内置屏幕", renderFrameRate=120.00001, presentationDeadlineNanos=11333333, appVsyncOffsetNanos=1000000, frameRateOverrides=[]
04-28 18:49:53.766 W/BpBinder( 1966): Large outgoing transaction of 117236 bytes, interface descriptor android.gui.IWindowInfosListener, code 1 was sent
04-28 18:49:53.766 D/AudioFlingerImpl( 1930): setGameParameters keyvalue: screen_state=on
04-28 18:49:53.766 D/DeviceHalAidl( 1930): [default] setParameters: parameters: "screen_state=on"
04-28 18:49:53.766 D/PAL: API( 1794): pal_set_param: 1497: Enter: param id 8 (PAL_PARAM_ID_SCREEN_STATE)
04-28 18:49:53.766 D/PAL: ResourceManager( 1794): setParameter: 11845: Enter param id: 8 (PAL_PARAM_ID_SCREEN_STATE)
04-28 18:49:53.766 I/PAL: ResourceManager( 1794): setParameter: 11872: Screen State:1
04-28 18:49:53.766 D/PAL: ResourceManager( 1794): setParameter: 13545: Exit status: 0
04-28 18:49:53.766 D/PAL: API( 1794): pal_set_param: 1514: Exit, status 0
04-28 18:49:53.766 D/DeviceHalAidl( 1930): [usb] setParameters: parameters: "screen_state=on"
04-28 18:49:53.766 D/AHAL_Module( 1794): updateScreenState: usb: 1
04-28 18:49:53.766 D/DeviceHalAidl( 1930): [r_submix] setParameters: parameters: "screen_state=on"
04-28 18:49:53.767 D/AHAL_Module( 1794): updateScreenState: r_submix: 1
04-28 18:49:53.767 D/DeviceHalAidl( 1930): [bluetooth] setParameters: parameters: "screen_state=on"
04-28 18:49:53.767 D/AHAL_Module( 1794): updateScreenState: bluetooth: 1
04-28 18:49:53.767 D/MiuiGxzwAnimView( 5963): onDisplayChanged: oldState = 2, newState = 2
04-28 18:49:53.768 D/WindowManager( 3839): DeferredDisplayUpdater: partially applying DisplayInfo(1440 x 3200) immediately
04-28 18:49:53.768 V/AutoDensityController( 5963): on display changed 0 context dpi:586 origin dpi:600 target dpi:586
04-28 18:49:53.768 W/DisplayContentStubImpl( 3839):  displayMetricsChanged=false physicalDisplayChanged=false displayId=0 newUniqueId=local:4630946654109872275 currentUnique=local:4630946654109872275
04-28 18:49:53.768 D/DisplayContentStubImpl( 3839): Display{#0 state=ON size=1440x3200 ROTATION_0} isActivityEmbeddingSplitEnable false
04-28 18:49:53.768 D/ControlCenterWindowViewController( 5963): on display changed 0
04-28 18:49:53.768 V/AODAutoDensityController( 5963): on display changed 0 context dpi:586 origin dpi:600 target dpi:586
04-28 18:49:53.768 W/InsetsSource( 3839): Has no intersection or mTmpFrame.height(), return Insets.NONE mTmpFrame.height() =0 hasIntersection =false
04-28 18:49:53.768 W/InsetsSource( 3839): Has no intersection or mTmpFrame.height(), return Insets.NONE mTmpFrame.height() =0 hasIntersection =false
04-28 18:49:53.768 D/MiuiRefreshRatePolicy( 3839): reset
04-28 18:49:53.768 E/DisplayModeDirectorImpl( 3839): Invalid displayId: 138, only 0 and 1 are supported
04-28 18:49:53.768 D/MiuiRefreshRatePolicy( 3839): reset
04-28 18:49:53.768 E/DisplayModeDirectorImpl( 3839): Invalid displayId: 120, only 0 and 1 are supported
04-28 18:49:53.768 D/MiuiRefreshRatePolicy( 3839): reset
04-28 18:49:53.769 E/DisplayModeDirectorImpl( 3839): Invalid displayId: 76, only 0 and 1 are supported
04-28 18:49:53.769 D/MiuiRefreshRatePolicy( 3839): reset
04-28 18:49:53.769 E/DisplayModeDirectorImpl( 3839): Invalid displayId: 68, only 0 and 1 are supported
04-28 18:49:53.769 D/MiuiRefreshRatePolicy( 3839): reset
04-28 18:49:53.769 E/DisplayModeDirectorImpl( 3839): Invalid displayId: 64, only 0 and 1 are supported
04-28 18:49:53.769 D/MiuiRefreshRatePolicy( 3839): reset
04-28 18:49:53.769 E/DisplayModeDirectorImpl( 3839): Invalid displayId: 56, only 0 and 1 are supported
04-28 18:49:53.769 D/MiuiRefreshRatePolicy( 3839): reset
04-28 18:49:53.769 E/DisplayModeDirectorImpl( 3839): Invalid displayId: 42, only 0 and 1 are supported
04-28 18:49:53.769 D/MiuiRefreshRatePolicy( 3839): reset
04-28 18:49:53.769 E/DisplayModeDirectorImpl( 3839): Invalid displayId: 34, only 0 and 1 are supported
04-28 18:49:53.769 D/MiuiRefreshRatePolicy( 3839): reset
04-28 18:49:53.769 E/DisplayModeDirectorImpl( 3839): Invalid displayId: 24, only 0 and 1 are supported
04-28 18:49:53.769 D/MiuiRefreshRatePolicy( 3839): reset
04-28 18:49:53.769 E/DisplayModeDirectorImpl( 3839): Invalid displayId: 6, only 0 and 1 are supported
04-28 18:49:53.769 W/InsetsSource( 3839): Has no intersection or mTmpFrame.height(), return Insets.NONE mTmpFrame.height() =0 hasIntersection =false
04-28 18:49:53.769 W/InsetsSource( 3839): Has no intersection or mTmpFrame.height(), return Insets.NONE mTmpFrame.height() =0 hasIntersection =false
04-28 18:49:53.769 D/BarFollowAnimation( 3839): pairAppearanceRegionAndWin win=Window{e686fc7 u0 com.smartsales.prism/com.smartsales.prism.MainActivity} 0
04-28 18:49:53.769 D/RefreshRateSelector( 1966): Touch Boost
04-28 18:49:53.769 D/MI-SF   ( 1966): modeGroup41426432 mIsSupportAutomodeForMaxFpsSetting is 1(1), getCurrentBrightness() = 1093(0), mIsKeepAutoMode 0 isAutoModeAllowed() 1
04-28 18:49:53.769 D/RefreshRateSelector( 1966): fixedMode_group: 41426432, isFindModeGroup 1
04-28 18:49:53.769 D/RefreshRateSelector( 1966): find max refresh rate:120, mode Group:41426432
04-28 18:49:53.769 D/BarFollowAnimation( 3839): isAppTaskBarOnTop win:Window{e686fc7 u0 com.smartsales.prism/com.smartsales.prism.MainActivity} (mCurrentTopTask:Task{534de26 #28142 type=standard A=10433:com.smartsales.prism} : true); (mAssociatedTask:Task{534de26 #28142 type=standard A=10433:com.smartsales.prism} : true); (mHomeTask:Task{39ded46 #1 type=home} : false); mReparentToOriginParent:false mLastAppBarVisible:true mLastHomeBarVisible:false
04-28 18:49:53.770 D/MiuiRefreshRatePolicy( 3839): reset
04-28 18:49:53.770 W/InsetsSource( 3839): Has no intersection or mTmpFrame.height(), return Insets.NONE mTmpFrame.height() =0 hasIntersection =false
04-28 18:49:53.770 W/InsetsSource( 3839): Has no intersection or mTmpFrame.height(), return Insets.NONE mTmpFrame.height() =0 hasIntersection =false
04-28 18:49:53.771 W/HWComposer( 1966): Ignoring duplicate VSYNC event from HWC for display 4630946654109872275 (t=663102914803000)
04-28 18:49:53.771 I/SDM     ( 1810): PartialUpdateSrcSplit::SetCwbRoiForNonPU: CWB ROI Rect(699.000000 110.000000 940.000000 351.000000)
04-28 18:49:53.771 W/InsetsSource(31883): Has no intersection or mTmpFrame.height(), return Insets.NONE mTmpFrame.height() =0 hasIntersection =false
04-28 18:49:53.771 W/InsetsSource(31883): Has no intersection or mTmpFrame.height(), return Insets.NONE mTmpFrame.height() =0 hasIntersection =false
04-28 18:49:53.771 W/InsetsSource(31883): Has no intersection or mTmpFrame.height(), return Insets.NONE mTmpFrame.height() =0 hasIntersection =false
04-28 18:49:53.771 W/InsetsSource(31883): Has no intersection or mTmpFrame.height(), return Insets.NONE mTmpFrame.height() =0 hasIntersection =false
04-28 18:49:53.771 W/InsetsSource(31883): Has no intersection or mTmpFrame.height(), return Insets.NONE mTmpFrame.height() =0 hasIntersection =false
04-28 18:49:53.771 W/InsetsSource(31883): Has no intersection or mTmpFrame.height(), return Insets.NONE mTmpFrame.height() =0 hasIntersection =false
04-28 18:49:53.776 I/sensors ( 2925): qsh_qmi:41, qsh_qmi
04-28 18:49:53.779 W/HWComposer( 1966): Ignoring duplicate VSYNC event from HWC for display 4630946654109872275 (t=663102923121000)
04-28 18:49:53.781 I/sensors ( 2925): ~qsh_qmi:68, ~qsh_qmi
04-28 18:49:53.782 W/GestureStubView_Left( 5261): onDisplayChanged
04-28 18:49:53.782 W/GestureStubView_Left( 5261): adaptRotation   currentRotation=0   mRotation=0
04-28 18:49:53.782 W/GestureStubView_Right( 5261): onDisplayChanged
04-28 18:49:53.782 W/GestureStubView_Right( 5261): adaptRotation   currentRotation=0   mRotation=0
04-28 18:49:53.783 W/Launcher( 5261): onDisplayChanged: newRotation=0, mCurrentRotation=0
04-28 18:49:53.787 I/SDM     ( 1810): NotifyCWBStatus: Notify the client about buffer (0xefaaa9d0) status 0 for display-0.
04-28 18:49:53.787 W/HWComposer( 1966): Ignoring duplicate VSYNC event from HWC for display 4630946654109872275 (t=663102931440000)
04-28 18:49:53.787 I/SDM     ( 1810): SDMConcurrentWriteBack::ProcessCWBStatus: CWB queue is empty. Display: 0
04-28 18:49:53.789 W/BpBinder( 1966): Large outgoing transaction of 117236 bytes, interface descriptor android.gui.IWindowInfosListener, code 1 was sent
04-28 18:49:53.795 W/HWComposer( 1966): Ignoring duplicate VSYNC event from HWC for display 4630946654109872275 (t=663102939758000)
04-28 18:49:53.804 W/HWComposer( 1966): Ignoring duplicate VSYNC event from HWC for display 4630946654109872275 (t=663102948077000)
04-28 18:49:53.812 W/HWComposer( 1966): Ignoring duplicate VSYNC event from HWC for display 4630946654109872275 (t=663102956395000)
04-28 18:49:53.843 I/SDM     ( 1810): DisplayBase::CommitThread: Received Idle Timeout, panel: cmd, timeout: 70000 us
04-28 18:49:53.843 D/libsensor-parseRGB( 2925): CWB NotifyIdleStatus 1
04-28 18:49:53.876 E/HwcComposer( 1966): getLuts failed Status(-129, EX_TRANSACTION_FAILED): 'UNKNOWN_TRANSACTION: '
04-28 18:49:53.892 D/MI-SF   ( 1966): setIdleFps choose FPS:60, mode:20709632 mode_group 24641792
04-28 18:49:53.893 D/DisplayModeController( 1966): setDesiredMode 4630946654109872275 {mode={fps=60.00 Hz, modePtr={id=5, vsyncRate=60.00 Hz, peakRefreshRate=60.00 Hz}}, emitEvent=false, force=false}
04-28 18:49:53.894 D/MI-SF   ( 1966): setIdleFps choose FPS:60, mode:20709632 mode_group 24641792
04-28 18:49:53.894 I/SDM     ( 1810): SDMDisplay::SetActiveConfigWithConstraints: display = 0, config: 5, WxH 1440x3200, fps 60@idle@60:1
04-28 18:49:53.895 W/SDM     ( 1810): HWDeviceDRM::GetSupportedBitClkRate: Requested rate not supported: 1286000000
04-28 18:49:53.895 I/SDM     ( 1810): HWDeviceDRM::UpdateMixerAttributes: Mixer WxH 1440x3200-1 for Peripheral
04-28 18:49:53.896 I/SDM     ( 1810): HWDeviceDRM::SetupConcurrentWriteback: Tear down the Concurrent Writeback topology
04-28 18:49:53.906 D/libsensor-D2SNotifier( 2925): DisplayId 0 Displayinfo2SlpiNotifier to type 8 displayFrequency = 1
04-28 18:49:53.908 D/FPSMonitor( 1841): threadFuncFpsMonitor display 0, fps 1
04-28 18:49:53.910 I/sensors ( 2925): qsh_qmi:41, qsh_qmi
04-28 18:49:53.918 I/sensors ( 2925): ~qsh_qmi:68, ~qsh_qmi
04-28 18:49:53.980 D/AudioPipeline(12133): SIM audio drawer entries emitted count=2 downloading=1 queued=0 holding=0 maxDownloadProgress=0.0
04-28 18:49:53.981 D/DownloadService(12133): Audio files state: downloading=1, queued=0, ready=1, queueSize=0
04-28 18:49:53.982 I/SDM     ( 1810): DisplayBase::CommitThread: Received Idle Timeout, panel: cmd, timeout: 69999 us
04-28 18:49:53.983 W/DownloadService(12133): Notification permission missing, skip foreground notification update
04-28 18:49:53.984 D/libsensor-parseRGB( 2925): CWB NotifyIdleStatus 1
04-28 18:49:54.007 D/BluetoothGatt(12133): readRssi() - device: XX:XX:XX:XX:8F:96
04-28 18:49:54.009 D/BtGatt.GattService(28530): readRemoteRssi() - address=XX:XX:XX:XX:8F:96
04-28 18:49:54.009 D/bt_btif_gattc(28530): system/btif/src/btif_gatt_client.cc:644 btif_gattc_read_remote_rssi:
04-28 18:49:54.010 D/ble_sec (28530): system/stack/btm/btm_ble_sec.cc:539 BTM_ReadDevInfo: Determined device_type:BLE addr_type:public
04-28 18:49:54.010 D/bt_shim_hci(28530): system/main/shim/hci_layer.cc:233 transmit_command: Sending command READ_RSSI(0x1405)
04-28 18:49:54.011 D/vendor.qti.bluetooth@1.0-ibs_handler( 1781): SerialClockVote: vote for UART CLK ON
04-28 18:49:54.012 D/vendor.qti.bluetooth@1.0-wake_lock( 1781): Acquire wakelock is acquired
04-28 18:49:54.012 I/vendor.qti.bluetooth@1.0-ibs_handler( 1781): DeviceWakeUp: Writing IBS_WAKE_IND
04-28 18:49:54.012 D/RefreshRateSelector( 1966): Touch Boost
04-28 18:49:54.012 D/MI-SF   ( 1966): modeGroup41426432 mIsSupportAutomodeForMaxFpsSetting is 1(1), getCurrentBrightness() = 1093(0), mIsKeepAutoMode 0 isAutoModeAllowed() 1
04-28 18:49:54.012 D/RefreshRateSelector( 1966): fixedMode_group: 41426432, isFindModeGroup 1
04-28 18:49:54.012 D/RefreshRateSelector( 1966): find max refresh rate:120, mode Group:41426432
04-28 18:49:54.012 D/DisplayModeController( 1966): setDesiredMode 4630946654109872275 {mode={fps=120.00 Hz, modePtr={id=1, vsyncRate=120.00 Hz, peakRefreshRate=120.00 Hz}}, emitEvent=true, force=false}
04-28 18:49:54.012 E/DisplayModeController( 1966): setDesiredMode : Idle status skip setActiveMode, isDdicIdleMode: 1
04-28 18:49:54.016 I/vendor.qti.bluetooth@1.0-ibs_handler( 1781): ProcessIbsCmd: Received IBS_WAKE_ACK: 0xFC
04-28 18:49:54.016 I/vendor.qti.bluetooth@1.0-ibs_handler( 1781): ProcessIbsCmd: Signal wack_cond_
04-28 18:49:54.016 D/vendor.qti.bluetooth@1.0-ibs_handler( 1781): DeviceWakeUp: Unblocked from waiting for FC, pthread_cond_timedwait ret = 0
04-28 18:49:54.017 I/vendor.qti.bluetooth@1.0-ibs_handler( 1781): ProcessIbsCmd: Received IBS_WAKE_IND: 0xFD
04-28 18:49:54.017 I/vendor.qti.bluetooth@1.0-ibs_handler( 1781): ProcessIbsCmd: Writing IBS_WAKE_ACK
04-28 18:49:54.017 D/bt_shim_hci(28530): system/main/shim/hci_layer.cc:183 OnTransmitPacketCommandComplete: Received cmd complete for READ_RSSI(0x1405)
04-28 18:49:54.017 D/btm_acl (28530): system/stack/acl/btm_acl.cc:1867 btm_read_rssi_complete: Read rrsi complete rssi:-44 hci status:HCI_SUCCESS
04-28 18:49:54.017 V/bt_btif_gattc(28530): system/btif/src/btif_gatt_client.cc:308 btm_read_rssi_cb: HAL bt_gatt_callbacks->client->read_remote_rssi_cb
04-28 18:49:54.018 D/BtGatt.GattService(28530): onReadRemoteRssi() - clientIf=79 address=XX:XX:XX:XX:8F:96, rssi=-44, status=0
04-28 18:49:54.019 D/RefreshRateSelector( 1966): Touch Boost
04-28 18:49:54.019 D/MI-SF   ( 1966): modeGroup41426432 mIsSupportAutomodeForMaxFpsSetting is 1(1), getCurrentBrightness() = 1093(0), mIsKeepAutoMode 0 isAutoModeAllowed() 1
04-28 18:49:54.019 D/RefreshRateSelector( 1966): fixedMode_group: 41426432, isFindModeGroup 1
04-28 18:49:54.019 D/RefreshRateSelector( 1966): find max refresh rate:120, mode Group:41426432
04-28 18:49:54.019 I/SDM     ( 1810): SDMDisplay::SetActiveConfigWithConstraints: display = 0, config: 1, WxH 1440x3200, fps 120@auto@120:30
04-28 18:49:54.020 W/SDM     ( 1810): HWDeviceDRM::GetSupportedBitClkRate: Requested rate not supported: 1286000000
04-28 18:49:54.020 I/SDM     ( 1810): HWDeviceDRM::UpdateMixerAttributes: Mixer WxH 1440x3200-1 for Peripheral
04-28 18:49:54.024 I/vendor.qti.hardware.display.composer-service( 1810): Sensor: notify citsensorservice to trigger cwb, misForced = 0
04-28 18:49:54.026 D/FPSMonitor( 1841): threadFuncFpsMonitor display 0, fps 30
04-28 18:49:54.026 I/SDM     ( 1810): CWB config passed by cwb_client : tappoint 1  CWB_ROI : (699.000000 110.000000 940.000000 351.000000) for display-0
04-28 18:49:54.028 D/libsensor-D2SNotifier( 2925): DisplayId 0 Displayinfo2SlpiNotifier to type 8 displayFrequency = 30
04-28 18:49:54.029 W/HWComposer( 1966): Ignoring duplicate VSYNC event from HWC for display 4630946654109872275 (t=663103172674000)
04-28 18:49:54.032 D/JavaheapMonitor(18033): Java heap used=8M max=256M, proc: com.android.vending
04-28 18:49:54.034 V/JavaheapMonitor(18033): Check java heap usage finished! Next check delay: 300000
04-28 18:49:54.038 D/RefreshRateSelector( 1966): Touch Boost
04-28 18:49:54.038 D/MI-SF   ( 1966): modeGroup41426432 mIsSupportAutomodeForMaxFpsSetting is 1(1), getCurrentBrightness() = 1093(0), mIsKeepAutoMode 0 isAutoModeAllowed() 1
04-28 18:49:54.038 D/RefreshRateSelector( 1966): fixedMode_group: 41426432, isFindModeGroup 1
04-28 18:49:54.038 D/RefreshRateSelector( 1966): find max refresh rate:120, mode Group:41426432
04-28 18:49:54.038 W/HWComposer( 1966): Ignoring duplicate VSYNC event from HWC for display 4630946654109872275 (t=663103180992000)
04-28 18:49:54.039 I/SDM     ( 1810): PartialUpdateSrcSplit::SetCwbRoiForNonPU: CWB ROI Rect(699.000000 110.000000 940.000000 351.000000)
04-28 18:49:54.050 I/sensors ( 2925): qsh_qmi:41, qsh_qmi
04-28 18:49:54.053 I/SDM     ( 1810): NotifyCWBStatus: Notify the client about buffer (0xefaa1ef0) status 0 for display-0.
04-28 18:49:54.053 I/SDM     ( 1810): SDMConcurrentWriteBack::ProcessCWBStatus: CWB queue is empty. Display: 0
04-28 18:49:54.056 I/sensors ( 2925): ~qsh_qmi:68, ~qsh_qmi
04-28 18:49:54.061 I/vendor.qti.bluetooth@1.0-ibs_handler( 1781): ProcessIbsCmd: Received IBS_SLEEP_IND: 0xFE
04-28 18:49:54.111 I/SDM     ( 1810): DisplayBase::CommitThread: Received Idle Timeout, panel: cmd, timeout: 70000 us
04-28 18:49:54.111 D/libsensor-parseRGB( 2925): CWB NotifyIdleStatus 1
04-28 18:49:54.116 D/JavaheapMonitor( 3271): Java heap used=14M max=256M, proc: com.miui.powerkeeper
04-28 18:49:54.116 V/JavaheapMonitor( 3271): Check java heap usage finished! Next check delay: 300000
04-28 18:49:54.122 D/MI-SF   ( 1966): setIdleFps choose FPS:60, mode:20709632 mode_group 24641792
04-28 18:49:54.122 D/DisplayModeController( 1966): setDesiredMode 4630946654109872275 {mode={fps=60.00 Hz, modePtr={id=5, vsyncRate=60.00 Hz, peakRefreshRate=60.00 Hz}}, emitEvent=false, force=false}
04-28 18:49:54.128 I/SDM     ( 1810): SDMDisplay::SetActiveConfigWithConstraints: display = 0, config: 5, WxH 1440x3200, fps 60@idle@60:1
04-28 18:49:54.128 W/SDM     ( 1810): HWDeviceDRM::GetSupportedBitClkRate: Requested rate not supported: 1286000000
04-28 18:49:54.128 I/SDM     ( 1810): HWDeviceDRM::UpdateMixerAttributes: Mixer WxH 1440x3200-1 for Peripheral
04-28 18:49:54.130 I/SDM     ( 1810): HWDeviceDRM::SetupConcurrentWriteback: Tear down the Concurrent Writeback topology
04-28 18:49:54.133 E/HwcComposer( 1966): getLuts failed Status(-129, EX_TRANSACTION_FAILED): 'UNKNOWN_TRANSACTION: '
04-28 18:49:54.135 D/FPSMonitor( 1841): threadFuncFpsMonitor display 0, fps 1
04-28 18:49:54.135 D/libsensor-D2SNotifier( 2925): DisplayId 0 Displayinfo2SlpiNotifier to type 8 displayFrequency = 1
04-28 18:49:54.149 I/sensors ( 2925): qsh_qmi:41, qsh_qmi
04-28 18:49:54.152 I/sensors ( 2925): ~qsh_qmi:68, ~qsh_qmi
04-28 18:49:54.207 I/SDM     ( 1810): DisplayBase::CommitThread: Received Idle Timeout, panel: cmd, timeout: 70000 us
04-28 18:49:54.207 D/libsensor-parseRGB( 2925): CWB NotifyIdleStatus 1
04-28 18:49:54.229 D/AudioPipeline(12133): SIM audio drawer entries emitted count=2 downloading=1 queued=0 holding=0 maxDownloadProgress=0.0
04-28 18:49:54.229 D/DownloadService(12133): Audio files state: downloading=1, queued=0, ready=1, queueSize=0
04-28 18:49:54.231 W/DownloadService(12133): Notification permission missing, skip foreground notification update
04-28 18:49:54.266 I/vendor.qti.bluetooth@1.0-ibs_handler( 1781): DeviceSleep: TX Awake, Sending SLEEP_IND
04-28 18:49:54.266 D/vendor.qti.bluetooth@1.0-ibs_handler( 1781): SerialClockVote: vote for UART CLK OFF
04-28 18:49:54.270 D/RefreshRateSelector( 1966): Touch Boost
04-28 18:49:54.270 D/MI-SF   ( 1966): modeGroup41426432 mIsSupportAutomodeForMaxFpsSetting is 1(1), getCurrentBrightness() = 1093(0), mIsKeepAutoMode 0 isAutoModeAllowed() 1
04-28 18:49:54.270 D/RefreshRateSelector( 1966): fixedMode_group: 41426432, isFindModeGroup 1
04-28 18:49:54.270 D/RefreshRateSelector( 1966): find max refresh rate:120, mode Group:41426432
04-28 18:49:54.270 D/DisplayModeController( 1966): setDesiredMode 4630946654109872275 {mode={fps=120.00 Hz, modePtr={id=1, vsyncRate=120.00 Hz, peakRefreshRate=120.00 Hz}}, emitEvent=true, force=false}
04-28 18:49:54.270 E/DisplayModeController( 1966): setDesiredMode : Idle status skip setActiveMode, isDdicIdleMode: 1
04-28 18:49:54.272 I/SDM     ( 1810): SDMDisplay::SetActiveConfigWithConstraints: display = 0, config: 1, WxH 1440x3200, fps 120@auto@120:30
04-28 18:49:54.273 W/SDM     ( 1810): HWDeviceDRM::GetSupportedBitClkRate: Requested rate not supported: 1286000000
04-28 18:49:54.273 I/SDM     ( 1810): HWDeviceDRM::UpdateMixerAttributes: Mixer WxH 1440x3200-1 for Peripheral
04-28 18:49:54.274 I/vendor.qti.hardware.display.composer-service( 1810): Sensor: notify citsensorservice to trigger cwb, misForced = 0
04-28 18:49:54.274 I/SDM     ( 1810): CWB config passed by cwb_client : tappoint 1  CWB_ROI : (699.000000 110.000000 940.000000 351.000000) for display-0
04-28 18:49:54.281 D/FPSMonitor( 1841): threadFuncFpsMonitor display 0, fps 30
04-28 18:49:54.282 D/libsensor-D2SNotifier( 2925): DisplayId 0 Displayinfo2SlpiNotifier to type 8 displayFrequency = 30
04-28 18:49:54.289 I/sensors ( 2925): qsh_qmi:41, qsh_qmi
04-28 18:49:54.293 D/RefreshRateSelector( 1966): Touch Boost
04-28 18:49:54.293 D/MI-SF   ( 1966): modeGroup41426432 mIsSupportAutomodeForMaxFpsSetting is 1(1), getCurrentBrightness() = 1093(0), mIsKeepAutoMode 0 isAutoModeAllowed() 1
04-28 18:49:54.293 D/RefreshRateSelector( 1966): fixedMode_group: 41426432, isFindModeGroup 1
04-28 18:49:54.293 D/RefreshRateSelector( 1966): find max refresh rate:120, mode Group:41426432
04-28 18:49:54.294 I/sensors ( 2925): ~qsh_qmi:68, ~qsh_qmi
04-28 18:49:54.294 I/SDM     ( 1810): PartialUpdateSrcSplit::SetCwbRoiForNonPU: CWB ROI Rect(699.000000 110.000000 940.000000 351.000000)
04-28 18:49:54.310 I/SDM     ( 1810): NotifyCWBStatus: Notify the client about buffer (0xefaaa5b0) status 0 for display-0.
04-28 18:49:54.310 I/SDM     ( 1810): SDMConcurrentWriteBack::ProcessCWBStatus: CWB queue is empty. Display: 0
04-28 18:49:54.366 I/SDM     ( 1810): DisplayBase::CommitThread: Received Idle Timeout, panel: cmd, timeout: 69999 us
04-28 18:49:54.366 D/libsensor-parseRGB( 2925): CWB NotifyIdleStatus 1
04-28 18:49:54.380 D/MI-SF   ( 1966): setIdleFps choose FPS:60, mode:20709632 mode_group 24641792
04-28 18:49:54.380 D/DisplayModeController( 1966): setDesiredMode 4630946654109872275 {mode={fps=60.00 Hz, modePtr={id=5, vsyncRate=60.00 Hz, peakRefreshRate=60.00 Hz}}, emitEvent=false, force=false}
04-28 18:49:54.385 I/SDM     ( 1810): SDMDisplay::SetActiveConfigWithConstraints: display = 0, config: 5, WxH 1440x3200, fps 60@idle@60:1
04-28 18:49:54.386 W/SDM     ( 1810): HWDeviceDRM::GetSupportedBitClkRate: Requested rate not supported: 1286000000
04-28 18:49:54.386 I/SDM     ( 1810): HWDeviceDRM::UpdateMixerAttributes: Mixer WxH 1440x3200-1 for Peripheral
04-28 18:49:54.388 I/SDM     ( 1810): HWDeviceDRM::SetupConcurrentWriteback: Tear down the Concurrent Writeback topology
04-28 18:49:54.391 E/HwcComposer( 1966): getLuts failed Status(-129, EX_TRANSACTION_FAILED): 'UNKNOWN_TRANSACTION: '
04-28 18:49:54.393 D/libsensor-D2SNotifier( 2925): DisplayId 0 Displayinfo2SlpiNotifier to type 8 displayFrequency = 1
04-28 18:49:54.394 D/FPSMonitor( 1841): threadFuncFpsMonitor display 0, fps 1
04-28 18:49:54.399 I/sensors ( 2925): qsh_qmi:41, qsh_qmi
04-28 18:49:54.402 I/sensors ( 2925): ~qsh_qmi:68, ~qsh_qmi
04-28 18:49:54.416 D/vendor.qti.bluetooth@1.0-wake_lock( 1781): Release wakelock is released
04-28 18:49:54.445 D/AudioPipeline(12133): SIM audio drawer entries emitted count=2 downloading=1 queued=0 holding=0 maxDownloadProgress=0.0
04-28 18:49:54.445 D/DownloadService(12133): Audio files state: downloading=1, queued=0, ready=1, queueSize=0
04-28 18:49:54.447 W/DownloadService(12133): Notification permission missing, skip foreground notification update
04-28 18:49:54.465 I/SDM     ( 1810): DisplayBase::CommitThread: Received Idle Timeout, panel: cmd, timeout: 70000 us
04-28 18:49:54.465 D/libsensor-parseRGB( 2925): CWB NotifyIdleStatus 1
04-28 18:49:54.472 D/RefreshRateSelector( 1966): Touch Boost
04-28 18:49:54.472 D/MI-SF   ( 1966): modeGroup41426432 mIsSupportAutomodeForMaxFpsSetting is 1(1), getCurrentBrightness() = 1093(0), mIsKeepAutoMode 0 isAutoModeAllowed() 1
04-28 18:49:54.472 D/RefreshRateSelector( 1966): fixedMode_group: 41426432, isFindModeGroup 1
04-28 18:49:54.472 D/RefreshRateSelector( 1966): find max refresh rate:120, mode Group:41426432
04-28 18:49:54.472 D/DisplayModeController( 1966): setDesiredMode 4630946654109872275 {mode={fps=120.00 Hz, modePtr={id=1, vsyncRate=120.00 Hz, peakRefreshRate=120.00 Hz}}, emitEvent=true, force=false}
04-28 18:49:54.472 E/DisplayModeController( 1966): setDesiredMode : Idle status skip setActiveMode, isDdicIdleMode: 1
04-28 18:49:54.486 I/SDM     ( 1810): SDMDisplay::SetActiveConfigWithConstraints: display = 0, config: 1, WxH 1440x3200, fps 120@auto@120:30
04-28 18:49:54.487 W/SDM     ( 1810): HWDeviceDRM::GetSupportedBitClkRate: Requested rate not supported: 1286000000
04-28 18:49:54.487 I/SDM     ( 1810): HWDeviceDRM::UpdateMixerAttributes: Mixer WxH 1440x3200-1 for Peripheral
04-28 18:49:54.489 I/vendor.qti.hardware.display.composer-service( 1810): Sensor: notify citsensorservice to trigger cwb, misForced = 0
04-28 18:49:54.489 I/SDM     ( 1810): CWB config passed by cwb_client : tappoint 1  CWB_ROI : (699.000000 110.000000 940.000000 351.000000) for display-0
04-28 18:49:54.493 D/libsensor-D2SNotifier( 2925): DisplayId 0 Displayinfo2SlpiNotifier to type 8 displayFrequency = 30
04-28 18:49:54.493 D/FPSMonitor( 1841): threadFuncFpsMonitor display 0, fps 30
04-28 18:49:54.505 D/RefreshRateSelector( 1966): Touch Boost
04-28 18:49:54.505 D/MI-SF   ( 1966): modeGroup41426432 mIsSupportAutomodeForMaxFpsSetting is 1(1), getCurrentBrightness() = 1093(0), mIsKeepAutoMode 0 isAutoModeAllowed() 1
04-28 18:49:54.505 D/RefreshRateSelector( 1966): fixedMode_group: 41426432, isFindModeGroup 1
04-28 18:49:54.505 D/RefreshRateSelector( 1966): find max refresh rate:120, mode Group:41426432
04-28 18:49:54.506 I/SDM     ( 1810): PartialUpdateSrcSplit::SetCwbRoiForNonPU: CWB ROI Rect(699.000000 110.000000 940.000000 351.000000)
04-28 18:49:54.511 I/sensors ( 2925): qsh_qmi:41, qsh_qmi
04-28 18:49:54.514 I/sensors ( 2925): ~qsh_qmi:68, ~qsh_qmi
04-28 18:49:54.518 I/SDM     ( 1810): NotifyCWBStatus: Notify the client about buffer (0xefaa91c0) status 0 for display-0.
04-28 18:49:54.518 I/SDM     ( 1810): SDMConcurrentWriteBack::ProcessCWBStatus: CWB queue is empty. Display: 0
04-28 18:49:54.578 I/SDM     ( 1810): DisplayBase::CommitThread: Received Idle Timeout, panel: cmd, timeout: 70000 us
04-28 18:49:54.578 D/libsensor-parseRGB( 2925): CWB NotifyIdleStatus 1
04-28 18:49:54.583 D/MI-SF   ( 1966): setIdleFps choose FPS:60, mode:20709632 mode_group 24641792
04-28 18:49:54.583 D/DisplayModeController( 1966): setDesiredMode 4630946654109872275 {mode={fps=60.00 Hz, modePtr={id=5, vsyncRate=60.00 Hz, peakRefreshRate=60.00 Hz}}, emitEvent=false, force=false}
04-28 18:49:54.585 I/SDM     ( 1810): SDMDisplay::SetActiveConfigWithConstraints: display = 0, config: 5, WxH 1440x3200, fps 60@idle@60:1
04-28 18:49:54.586 W/SDM     ( 1810): HWDeviceDRM::GetSupportedBitClkRate: Requested rate not supported: 1286000000
04-28 18:49:54.586 I/SDM     ( 1810): HWDeviceDRM::UpdateMixerAttributes: Mixer WxH 1440x3200-1 for Peripheral
04-28 18:49:54.591 I/SDM     ( 1810): HWDeviceDRM::SetupConcurrentWriteback: Tear down the Concurrent Writeback topology
04-28 18:49:54.596 E/HwcComposer( 1966): getLuts failed Status(-129, EX_TRANSACTION_FAILED): 'UNKNOWN_TRANSACTION: '
04-28 18:49:54.597 D/libsensor-D2SNotifier( 2925): DisplayId 0 Displayinfo2SlpiNotifier to type 8 displayFrequency = 1
04-28 18:49:54.597 D/FPSMonitor( 1841): threadFuncFpsMonitor display 0, fps 1
04-28 18:49:54.601 I/sensors ( 2925): qsh_qmi:41, qsh_qmi
04-28 18:49:54.612 D/JavaheapMonitor(  686): Java heap used=14M max=512M, proc: com.sohu.inputmethod.sogou.xiaomi
04-28 18:49:54.613 V/JavaheapMonitor(  686): Check java heap usage finished! Next check delay: 300000
04-28 18:49:54.614 I/sensors ( 2925): ~qsh_qmi:68, ~qsh_qmi
04-28 18:49:54.649 D/AudioPipeline(12133): SIM audio drawer entries emitted count=2 downloading=1 queued=0 holding=0 maxDownloadProgress=0.0
04-28 18:49:54.649 D/DownloadService(12133): Audio files state: downloading=1, queued=0, ready=1, queueSize=0
04-28 18:49:54.651 W/DownloadService(12133): Notification permission missing, skip foreground notification update
04-28 18:49:54.673 I/SDM     ( 1810): DisplayBase::CommitThread: Received Idle Timeout, panel: cmd, timeout: 70000 us
04-28 18:49:54.673 D/libsensor-parseRGB( 2925): CWB NotifyIdleStatus 1
04-28 18:49:54.678 D/RefreshRateSelector( 1966): Touch Boost
04-28 18:49:54.678 D/MI-SF   ( 1966): modeGroup41426432 mIsSupportAutomodeForMaxFpsSetting is 1(1), getCurrentBrightness() = 1093(0), mIsKeepAutoMode 0 isAutoModeAllowed() 1
04-28 18:49:54.678 D/RefreshRateSelector( 1966): fixedMode_group: 41426432, isFindModeGroup 1
04-28 18:49:54.678 D/RefreshRateSelector( 1966): find max refresh rate:120, mode Group:41426432
04-28 18:49:54.678 D/DisplayModeController( 1966): setDesiredMode 4630946654109872275 {mode={fps=120.00 Hz, modePtr={id=1, vsyncRate=120.00 Hz, peakRefreshRate=120.00 Hz}}, emitEvent=true, force=false}
04-28 18:49:54.678 E/DisplayModeController( 1966): setDesiredMode : Idle status skip setActiveMode, isDdicIdleMode: 1
04-28 18:49:54.694 D/RefreshRateSelector( 1966): Touch Boost
04-28 18:49:54.694 D/MI-SF   ( 1966): modeGroup41426432 mIsSupportAutomodeForMaxFpsSetting is 1(1), getCurrentBrightness() = 1093(0), mIsKeepAutoMode 0 isAutoModeAllowed() 1
04-28 18:49:54.694 D/RefreshRateSelector( 1966): fixedMode_group: 41426432, isFindModeGroup 1
04-28 18:49:54.694 D/RefreshRateSelector( 1966): find max refresh rate:120, mode Group:41426432
04-28 18:49:54.694 I/SDM     ( 1810): SDMDisplay::SetActiveConfigWithConstraints: display = 0, config: 1, WxH 1440x3200, fps 120@auto@120:30
04-28 18:49:54.695 W/SDM     ( 1810): HWDeviceDRM::GetSupportedBitClkRate: Requested rate not supported: 1286000000
04-28 18:49:54.695 I/SDM     ( 1810): HWDeviceDRM::UpdateMixerAttributes: Mixer WxH 1440x3200-1 for Peripheral
04-28 18:49:54.697 I/vendor.qti.hardware.display.composer-service( 1810): Sensor: notify citsensorservice to trigger cwb, misForced = 0
04-28 18:49:54.699 I/SDM     ( 1810): CWB config passed by cwb_client : tappoint 1  CWB_ROI : (699.000000 110.000000 940.000000 351.000000) for display-0
04-28 18:49:54.701 D/FPSMonitor( 1841): threadFuncFpsMonitor display 0, fps 30
04-28 18:49:54.701 D/libsensor-D2SNotifier( 2925): DisplayId 0 Displayinfo2SlpiNotifier to type 8 displayFrequency = 30
04-28 18:49:54.710 I/sensors ( 2925): qsh_qmi:41, qsh_qmi
04-28 18:49:54.714 D/RefreshRateSelector( 1966): Touch Boost
04-28 18:49:54.714 D/MI-SF   ( 1966): modeGroup41426432 mIsSupportAutomodeForMaxFpsSetting is 1(1), getCurrentBrightness() = 1093(0), mIsKeepAutoMode 0 isAutoModeAllowed() 1
04-28 18:49:54.714 D/RefreshRateSelector( 1966): fixedMode_group: 41426432, isFindModeGroup 1
04-28 18:49:54.714 D/RefreshRateSelector( 1966): find max refresh rate:120, mode Group:41426432
04-28 18:49:54.714 I/SDM     ( 1810): PartialUpdateSrcSplit::SetCwbRoiForNonPU: CWB ROI Rect(699.000000 110.000000 940.000000 351.000000)
04-28 18:49:54.716 I/sensors ( 2925): ~qsh_qmi:68, ~qsh_qmi
04-28 18:49:54.722 D/AlarmManager( 3839): mBroadcastRefCount -> 1
04-28 18:49:54.727 E/JobScheduler.Background( 3839): Couldn't determine stopped state for unknown package: com.miui.cleanmaster
04-28 18:49:54.727 E/JobScheduler.Background( 3839): Couldn't determine stopped state for unknown package: com.miui.cleanmaster
04-28 18:49:54.727 E/JobScheduler.Background( 3839): Couldn't determine stopped state for unknown package: com.miui.cleanmaster
04-28 18:49:54.728 I/SDM     ( 1810): NotifyCWBStatus: Notify the client about buffer (0xefaa7850) status 0 for display-0.
04-28 18:49:54.728 I/SDM     ( 1810): SDMConcurrentWriteBack::ProcessCWBStatus: CWB queue is empty. Display: 0
04-28 18:49:54.729 D/BatteryStatsManagerStub( 3839): notifyEvent for resId=128 used 0ms
04-28 18:49:54.731 D/MyLog   (32464): -->log(1): [Tid:522] [Alarm] heartbeat alarm has been triggered.
04-28 18:49:54.735 I/whetstone.activity( 3839): processNotifyEvent1 resId = 128, bundle = Bundle[{startTime=806115008, sourcePkg=com.xiaomi.xmsf, type=ELAPSED_WAKEUP, statsTag=*walarm*:com.xiaomi.push.PING_TIMER, creatorUid=10203, elapsedRealtime=806115000}]
04-28 18:49:54.736 D/MyLog   (32464): -->log(1): [Tid:522] [Alarm] Ping XMChannelService on timer
04-28 18:49:54.737 I/EventMonitor( 3271): notifyEvent resId=128
04-28 18:49:54.739 W/PushService(32464): [Tid:2] [XMPushService] onStart() with intent.Action = com.xiaomi.push.timer, chid = null, pkg = null|null
04-28 18:49:54.740 W/PushService(32464): [Tid:523] [Job] Handle intent action = com.xiaomi.push.timer
04-28 18:49:54.740 W/PushService(32464): [Tid:523] [Alarm] Service called on timer
04-28 18:49:54.740 W/PushService(32464): [Tid:523] [HwKaMgr] update fall down state: false
04-28 18:49:54.740 W/PushService(32464): [Tid:523] [Alarm] register alarm. (false)
04-28 18:49:54.740 W/PushService(32464): [Tid:523] [HwKaMgr] [Available] MdKa is Unavailable. reason: not supported
04-28 18:49:54.740 D/MyLog   (32464): -->log(0): [Tid:523] [HB] short ping interval count: 3
04-28 18:49:54.740 W/PushService(32464): [Tid:523] [HB] ping interval:235000
04-28 18:49:54.740 W/PushService(32464): [Tid:523] registerPing, firstPing=false, interval=235000, nextTime=806350000
04-28 18:49:54.741 E/AlarmManager( 3839): not align this alarm: Alarm{9a3b75e type 2 origWhen 806350000 whenElapsed 806350000 com.xiaomi.xmsf}, reason=0
04-28 18:49:54.742 D/MyLog   (32464): -->log(1): [Tid:523] [Alarm] register timer 806350000, delta=234979ms
04-28 18:49:54.742 W/PushService(32464): [Tid:523] [HwKaMgr] [ping] start ping action
04-28 18:49:54.742 W/PushService(32464): [Tid:523] [Slim] SND ping id=0
04-28 18:49:54.743 D/MyLog   (32464): -->log(1): [Tid:523] [Slim] Wrote {cmd=PING;chid=0;len=12}
04-28 18:49:54.743 W/PushService(32464): [Tid:523] [HwKaMgr] [socket] send message
04-28 18:49:54.743 D/MyLog   (32464): -->log(1): [Tid:523] [Slim] 06:49:54 下午 Sent  Blob [PING,0,0]
04-28 18:49:54.743 W/PushService(32464): [Tid:523] [HwKaMgr] [Available] MdKa is Unavailable. reason: not supported
04-28 18:49:54.743 W/PushService(32464): [Tid:522] [Alarm] heartbeat alarm finish in 12
04-28 18:49:54.744 W/PushService(32464): [Tid:493] SleepModeMonitor check and upload.
04-28 18:49:54.747 D/AlarmManager( 3839): mBroadcastRefCount -> 0
04-28 18:49:54.747 D/AlarmManager( 3839): mPendingIntent -> PendingIntent{d47e73f: PendingIntentRecord{3ef2108 com.xiaomi.xmsf broadcastIntent}}
04-28 18:49:54.786 I/SDM     ( 1810): DisplayBase::CommitThread: Received Idle Timeout, panel: cmd, timeout: 70000 us
04-28 18:49:54.786 D/libsensor-parseRGB( 2925): CWB NotifyIdleStatus 1
04-28 18:49:54.790 D/MI-SF   ( 1966): setIdleFps choose FPS:60, mode:20709632 mode_group 24641792
04-28 18:49:54.790 D/DisplayModeController( 1966): setDesiredMode 4630946654109872275 {mode={fps=60.00 Hz, modePtr={id=5, vsyncRate=60.00 Hz, peakRefreshRate=60.00 Hz}}, emitEvent=false, force=false}
04-28 18:49:54.790 D/MyLog   (32464): -->log(1): [Tid:5755] [Slim] Read {cmd=PING;chid=0;len=8}
04-28 18:49:54.790 W/PushService(32464): [Tid:5755] [HwKaMgr] [socket] receive message
04-28 18:49:54.790 W/PushService(32464): [Tid:5755] [Slim] RCV ping id=0
04-28 18:49:54.790 D/MyLog   (32464): -->log(1): [Tid:5755] [Slim] 06:49:54 下午 RCV  Blob [PING,0,0]
04-28 18:49:54.790 W/PushService(32464): [Tid:523] stats key not found
04-28 18:49:54.790 W/PushService(32464): [Tid:523] -->onPong()
04-28 18:49:54.790 W/PushService(32464): [Tid:523] [HwKaMgr] [Available] MdKa is Unavailable. reason: not supported
04-28 18:49:54.791 D/MyLog   (32464): -->log(0): [Tid:523] UNDatas upload all removed messages reason: 5 allIds: 2882303761517411749:scm64261777364399146XM;
04-28 18:49:54.791 W/PushService(32464): [Tid:523] try send mi push message. packagename:null action:Notification
04-28 18:49:54.792 D/MyLog   (32464): -->log(1): [Tid:523] [Slim] Wrote {cmd=SECMSG;chid=5;len=321}
04-28 18:49:54.792 W/PushService(32464): [Tid:523] [HwKaMgr] [socket] send message
04-28 18:49:54.792 D/MyLog   (32464): -->log(1): [Tid:523] [Slim] 06:49:54 下午 Sent  Blob [SECMSG,5,vU8Ec-2842]
04-28 18:49:54.793 I/SDM     ( 1810): SDMDisplay::SetActiveConfigWithConstraints: display = 0, config: 5, WxH 1440x3200, fps 60@idle@60:1
04-28 18:49:54.793 W/SDM     ( 1810): HWDeviceDRM::GetSupportedBitClkRate: Requested rate not supported: 1286000000
04-28 18:49:54.793 I/SDM     ( 1810): HWDeviceDRM::UpdateMixerAttributes: Mixer WxH 1440x3200-1 for Peripheral
04-28 18:49:54.795 I/SDM     ( 1810): HWDeviceDRM::SetupConcurrentWriteback: Tear down the Concurrent Writeback topology
04-28 18:49:54.798 E/HwcComposer( 1966): getLuts failed Status(-129, EX_TRANSACTION_FAILED): 'UNKNOWN_TRANSACTION: '
04-28 18:49:54.802 D/libsensor-D2SNotifier( 2925): DisplayId 0 Displayinfo2SlpiNotifier to type 8 displayFrequency = 1
04-28 18:49:54.805 D/FPSMonitor( 1841): threadFuncFpsMonitor display 0, fps 1
04-28 18:49:54.808 I/sensors ( 2925): qsh_qmi:41, qsh_qmi
04-28 18:49:54.819 I/sensors ( 2925): ~qsh_qmi:68, ~qsh_qmi
04-28 18:49:54.855 D/AudioPipeline(12133): SIM audio drawer entries emitted count=2 downloading=1 queued=0 holding=0 maxDownloadProgress=0.0
04-28 18:49:54.856 D/DownloadService(12133): Audio files state: downloading=1, queued=0, ready=1, queueSize=0
04-28 18:49:54.858 W/DownloadService(12133): Notification permission missing, skip foreground notification update
04-28 18:49:54.881 I/SDM     ( 1810): DisplayBase::CommitThread: Received Idle Timeout, panel: cmd, timeout: 70000 us
04-28 18:49:54.881 D/libsensor-parseRGB( 2925): CWB NotifyIdleStatus 1
04-28 18:49:54.887 D/RefreshRateSelector( 1966): Touch Boost
04-28 18:49:54.887 D/MI-SF   ( 1966): modeGroup41426432 mIsSupportAutomodeForMaxFpsSetting is 1(1), getCurrentBrightness() = 1093(0), mIsKeepAutoMode 0 isAutoModeAllowed() 1
04-28 18:49:54.887 D/RefreshRateSelector( 1966): fixedMode_group: 41426432, isFindModeGroup 1
04-28 18:49:54.887 D/RefreshRateSelector( 1966): find max refresh rate:120, mode Group:41426432
04-28 18:49:54.887 D/DisplayModeController( 1966): setDesiredMode 4630946654109872275 {mode={fps=120.00 Hz, modePtr={id=1, vsyncRate=120.00 Hz, peakRefreshRate=120.00 Hz}}, emitEvent=true, force=false}
04-28 18:49:54.887 E/DisplayModeController( 1966): setDesiredMode : Idle status skip setActiveMode, isDdicIdleMode: 1
04-28 18:49:54.902 I/SDM     ( 1810): SDMDisplay::SetActiveConfigWithConstraints: display = 0, config: 1, WxH 1440x3200, fps 120@auto@120:30
04-28 18:49:54.903 W/SDM     ( 1810): HWDeviceDRM::GetSupportedBitClkRate: Requested rate not supported: 1286000000
04-28 18:49:54.903 I/SDM     ( 1810): HWDeviceDRM::UpdateMixerAttributes: Mixer WxH 1440x3200-1 for Peripheral
04-28 18:49:54.905 I/vendor.qti.hardware.display.composer-service( 1810): Sensor: notify citsensorservice to trigger cwb, misForced = 0
04-28 18:49:54.907 I/SDM     ( 1810): CWB config passed by cwb_client : tappoint 1  CWB_ROI : (699.000000 110.000000 940.000000 351.000000) for display-0
04-28 18:49:54.909 D/FPSMonitor( 1841): threadFuncFpsMonitor display 0, fps 30
04-28 18:49:54.909 D/libsensor-D2SNotifier( 2925): DisplayId 0 Displayinfo2SlpiNotifier to type 8 displayFrequency = 30
04-28 18:49:54.918 I/sensors ( 2925): qsh_qmi:41, qsh_qmi
04-28 18:49:54.922 D/RefreshRateSelector( 1966): Touch Boost
04-28 18:49:54.922 D/MI-SF   ( 1966): modeGroup41426432 mIsSupportAutomodeForMaxFpsSetting is 1(1), getCurrentBrightness() = 1093(0), mIsKeepAutoMode 0 isAutoModeAllowed() 1
04-28 18:49:54.922 D/RefreshRateSelector( 1966): fixedMode_group: 41426432, isFindModeGroup 1
04-28 18:49:54.922 D/RefreshRateSelector( 1966): find max refresh rate:120, mode Group:41426432
04-28 18:49:54.922 I/SDM     ( 1810): PartialUpdateSrcSplit::SetCwbRoiForNonPU: CWB ROI Rect(699.000000 110.000000 940.000000 351.000000)
04-28 18:49:54.929 I/sensors ( 2925): ~qsh_qmi:68, ~qsh_qmi
04-28 18:49:54.934 I/SDM     ( 1810): NotifyCWBStatus: Notify the client about buffer (0xefaaabe0) status 0 for display-0.
04-28 18:49:54.934 I/SDM     ( 1810): SDMConcurrentWriteBack::ProcessCWBStatus: CWB queue is empty. Display: 0
04-28 18:49:54.940 D/JavaheapMonitor( 5536): Java heap used=11M max=256M, proc: com.android.networkstack.process
04-28 18:49:54.940 V/JavaheapMonitor( 5536): Check java heap usage finished! Next check delay: 300000
04-28 18:49:54.965 D/MiuiWifiCommonBase( 3839): band: 0, compensate: 0
04-28 18:49:54.965 D/WifiClientModeImpl[719075603:wlan0]( 3839): updateLinkLayerStatsRssiSpeedFrequencyCapabilities rssi=-34 TxLinkspeed=300 freq=2462 RxLinkSpeed=300
04-28 18:49:54.965 I/WifiService( 3839): getConnectionInfo uid=1000
04-28 18:49:54.965 V/WifiService( 3839): Clearing REDACT_FOR_LOCAL_MAC_ADDRESS for android(uid=1000)
04-28 18:49:54.965 V/WifiService( 3839): Clearing REDACT_FOR_NETWORK_SETTINGS for android(uid=1000)
04-28 18:49:54.965 V/WifiService( 3839): Clearing REDACT_FOR_ACCESS_FINE_LOCATION for android(uid=1000)
04-28 18:49:54.967 D/WifiDataStall( 3839): tx tput in kbps: 132000
04-28 18:49:54.968 D/WifiDataStall( 3839): rx tput in kbps: 206250
04-28 18:49:54.968 V/WifiConfigManager( 3839): Updating scan detail cache freq=2462 BSSID=74:39:89:2a:67:26 RSSI=-33 for "MstRobot"WPA_PSK
04-28 18:49:54.968 D/WifiChannelUtilization( 3839):  freq: 2462 onTime: 17600958 busyTime: 10658577 onTimeDiff: 2058 busyTimeDiff: 1116 utilization: 138 utilization t0: -89
04-28 18:49:54.969 D/WifiDataStall( 3839):  ccaLevel = 80
04-28 18:49:54.969 D/WifiDataStall( 3839): L2 txTputKbps: 138187, rxTputKbps: 206250, L3 txTputKbps: 10, rxTputKbps: 247, TxTrafficHigh: true, RxTrafficHigh: true, Throughput Sufficient: true
04-28 18:49:54.969 D/WifiThroughputPredictor( 3839):  utilization (LLS) 80 isBluetoothConnected: false final utilization: 80
