04-29 21:56:17.695 D/BarFollowAnimation( 4381): pairAppearanceRegionAndWin win=Window{fc2c1af u0 com.smartsales.prism/com.smartsales.prism.MainActivity} 0
04-29 21:56:17.695 D/BarFollowAnimation( 4381): isAppTaskBarOnTop win:Window{fc2c1af u0 com.smartsales.prism/com.smartsales.prism.MainActivity} (mCurrentTopTask:Task{7dd017f #28212 type=standard A=10434:com.smartsales.prism} : true); (mAssociatedTask:Task{7dd017f #28212 type=standard A=10434:com.smartsales.prism} : true); (mHomeTask:Task{5d5aefa #1 type=home} : false); mReparentToOriginParent:false mLastAppBarVisible:true mLastHomeBarVisible:false
04-29 21:56:17.698 D/BarFollowAnimation( 4381): pairAppearanceRegionAndWin win=Window{fc2c1af u0 com.smartsales.prism/com.smartsales.prism.MainActivity} 0
04-29 21:56:17.698 D/BarFollowAnimation( 4381): isAppTaskBarOnTop win:Window{fc2c1af u0 com.smartsales.prism/com.smartsales.prism.MainActivity} (mCurrentTopTask:Task{7dd017f #28212 type=standard A=10434:com.smartsales.prism} : true); (mAssociatedTask:Task{7dd017f #28212 type=standard A=10434:com.smartsales.prism} : true); (mHomeTask:Task{5d5aefa #1 type=home} : false); mReparentToOriginParent:false mLastAppBarVisible:true mLastHomeBarVisible:false
04-29 21:56:17.705 D/BarFollowAnimation( 4381): pairAppearanceRegionAndWin win=Window{fc2c1af u0 com.smartsales.prism/com.smartsales.prism.MainActivity} 0
04-29 21:56:17.705 D/BarFollowAnimation( 4381): isAppTaskBarOnTop win:Window{fc2c1af u0 com.smartsales.prism/com.smartsales.prism.MainActivity} (mCurrentTopTask:Task{7dd017f #28212 type=standard A=10434:com.smartsales.prism} : true); (mAssociatedTask:Task{7dd017f #28212 type=standard A=10434:com.smartsales.prism} : true); (mHomeTask:Task{5d5aefa #1 type=home} : false); mReparentToOriginParent:false mLastAppBarVisible:true mLastHomeBarVisible:false
04-29 21:56:17.711 D/MQSThread.vibrator( 4381): reportVibrationDailyUse:{"name":"vibration_dailyuse","audio_event":{"vibration_package_name":"com.smartsales.prism","vibration_effect_id":"CLICK","vibration_count":"3"},"dgt":"null","audio_ext":"null" }
04-29 21:56:17.752 D/BarFollowAnimation( 4381): pairAppearanceRegionAndWin win=Window{fc2c1af u0 com.smartsales.prism/com.smartsales.prism.MainActivity} 0
04-29 21:56:17.752 D/BarFollowAnimation( 4381): isAppTaskBarOnTop win:Window{fc2c1af u0 com.smartsales.prism/com.smartsales.prism.MainActivity} (mCurrentTopTask:Task{7dd017f #28212 type=standard A=10434:com.smartsales.prism} : true); (mAssociatedTask:Task{7dd017f #28212 type=standard A=10434:com.smartsales.prism} : true); (mHomeTask:Task{5d5aefa #1 type=home} : false); mReparentToOriginParent:false mLastAppBarVisible:true mLastHomeBarVisible:false
04-29 21:56:17.780 D/BarFollowAnimation( 4381): pairAppearanceRegionAndWin win=Window{fc2c1af u0 com.smartsales.prism/com.smartsales.prism.MainActivity} 0
04-29 21:56:17.780 D/BarFollowAnimation( 4381): isAppTaskBarOnTop win:Window{fc2c1af u0 com.smartsales.prism/com.smartsales.prism.MainActivity} (mCurrentTopTask:Task{7dd017f #28212 type=standard A=10434:com.smartsales.prism} : true); (mAssociatedTask:Task{7dd017f #28212 type=standard A=10434:com.smartsales.prism} : true); (mHomeTask:Task{5d5aefa #1 type=home} : false); mReparentToOriginParent:false mLastAppBarVisible:true mLastHomeBarVisible:false
04-29 21:56:17.787 D/BarFollowAnimation( 4381): pairAppearanceRegionAndWin win=Window{fc2c1af u0 com.smartsales.prism/com.smartsales.prism.MainActivity} 0
04-29 21:56:17.787 D/BarFollowAnimation( 4381): isAppTaskBarOnTop win:Window{fc2c1af u0 com.smartsales.prism/com.smartsales.prism.MainActivity} (mCurrentTopTask:Task{7dd017f #28212 type=standard A=10434:com.smartsales.prism} : true); (mAssociatedTask:Task{7dd017f #28212 type=standard A=10434:com.smartsales.prism} : true); (mHomeTask:Task{5d5aefa #1 type=home} : false); mReparentToOriginParent:false mLastAppBarVisible:true mLastHomeBarVisible:false
04-29 21:56:17.793 D/BarFollowAnimation( 4381): pairAppearanceRegionAndWin win=Window{fc2c1af u0 com.smartsales.prism/com.smartsales.prism.MainActivity} 0
04-29 21:56:17.793 D/BarFollowAnimation( 4381): isAppTaskBarOnTop win:Window{fc2c1af u0 com.smartsales.prism/com.smartsales.prism.MainActivity} (mCurrentTopTask:Task{7dd017f #28212 type=standard A=10434:com.smartsales.prism} : true); (mAssociatedTask:Task{7dd017f #28212 type=standard A=10434:com.smartsales.prism} : true); (mHomeTask:Task{5d5aefa #1 type=home} : false); mReparentToOriginParent:false mLastAppBarVisible:true mLastHomeBarVisible:false
04-29 21:56:17.796 D/BarFollowAnimation( 4381): pairAppearanceRegionAndWin win=Window{fc2c1af u0 com.smartsales.prism/com.smartsales.prism.MainActivity} 0
04-29 21:56:17.796 D/BarFollowAnimation( 4381): isAppTaskBarOnTop win:Window{fc2c1af u0 com.smartsales.prism/com.smartsales.prism.MainActivity} (mCurrentTopTask:Task{7dd017f #28212 type=standard A=10434:com.smartsales.prism} : true); (mAssociatedTask:Task{7dd017f #28212 type=standard A=10434:com.smartsales.prism} : true); (mHomeTask:Task{5d5aefa #1 type=home} : false); mReparentToOriginParent:false mLastAppBarVisible:true mLastHomeBarVisible:false
04-29 21:56:17.800 D/BarFollowAnimation( 4381): pairAppearanceRegionAndWin win=Window{fc2c1af u0 com.smartsales.prism/com.smartsales.prism.MainActivity} 0
04-29 21:56:17.801 D/BarFollowAnimation( 4381): isAppTaskBarOnTop win:Window{fc2c1af u0 com.smartsales.prism/com.smartsales.prism.MainActivity} (mCurrentTopTask:Task{7dd017f #28212 type=standard A=10434:com.smartsales.prism} : true); (mAssociatedTask:Task{7dd017f #28212 type=standard A=10434:com.smartsales.prism} : true); (mHomeTask:Task{5d5aefa #1 type=home} : false); mReparentToOriginParent:false mLastAppBarVisible:true mLastHomeBarVisible:false
04-29 21:56:18.134 E/WindowManager( 4381):  source = Task{7dd017f #28212 type=standard A=10434:com.smartsales.prism} excludeMiuiNavBar = true excludeMiuiStatusBar = true excludeIme = false excludeNavBar = true miuiNavSurfaceControl = Surface(name=NavigationBar Container of Task = 28212#5623)/@0xb9eaa38 miuiStatusSurfaceControl = Surface(name=StatusBar Container of Task = 28212#5625)/@0x1c59776
04-29 21:56:18.141 D/WindowManager( 4381): snapshot isNothing = false source = Task{7dd017f #28212 type=standard A=10434:com.smartsales.prism}
04-29 21:56:18.143 I/CameraActivitySceneMode( 4381): decideSceneMode: ActivityStateChange isn't resumend activityName = com.smartsales.prism.MainActivity, displayId = 0, state = 3, mIsVideocallResumed = false
04-29 21:56:18.151 D/BarFollowAnimation( 4381): pairAppearanceRegionAndWin win=Window{fc2c1af u0 com.smartsales.prism/com.smartsales.prism.MainActivity} 0
04-29 21:56:18.151 D/BarFollowAnimation( 4381): isAppTaskBarOnTop win:Window{fc2c1af u0 com.smartsales.prism/com.smartsales.prism.MainActivity} (mCurrentTopTask:Task{7dd017f #28212 type=standard A=10434:com.smartsales.prism} : true); (mAssociatedTask:Task{7dd017f #28212 type=standard A=10434:com.smartsales.prism} : true); (mHomeTask:Task{5d5aefa #1 type=home} : false); mReparentToOriginParent:false mLastAppBarVisible:true mLastHomeBarVisible:false
04-29 21:56:18.153 D/BarFollowAnimation( 4381): pairAppearanceRegionAndWin win=Window{fc2c1af u0 com.smartsales.prism/com.smartsales.prism.MainActivity} 0
04-29 21:56:18.153 D/BarFollowAnimation( 4381): isAppTaskBarOnTop win:Window{fc2c1af u0 com.smartsales.prism/com.smartsales.prism.MainActivity} (mCurrentTopTask:Task{7dd017f #28212 type=standard A=10434:com.smartsales.prism} : true); (mAssociatedTask:Task{7dd017f #28212 type=standard A=10434:com.smartsales.prism} : true); (mHomeTask:Task{5d5aefa #1 type=home} : false); mReparentToOriginParent:false mLastAppBarVisible:true mLastHomeBarVisible:false
04-29 21:56:18.167 I/DataHub ( 4381): unregisterUIAgentListener packageName: com.smartsales.prism~10434
04-29 21:56:18.167 I/RemoteCallbackList( 4381): unregister success, remove callback for com.smartsales.prism~10434
04-29 21:56:18.167 D/BarFollowAnimation( 4381): onTaskInfoChanedForCaptionBar Task{7dd017f #28212 type=standard A=10434:com.smartsales.prism} shouldbeVisible:true isVisible:false isOnTop:true windowMode:1 preDisplayId:-1 displayId:0 mCaptionAssociatedTask:null mIsTouchedInCaption:false
04-29 21:56:18.167 I/CameraActivitySceneMode( 4381): decideSceneMode: ActivityStateChange isn't resumend activityName = com.smartsales.prism.MainActivity, displayId = 0, state = 4, mIsVideocallResumed = false
04-29 21:56:18.168 D/MiuiMirrorInputMethodImpl( 4381): InsetsControlTarget invalid!:Window{fc2c1af u0 com.smartsales.prism/com.smartsales.prism.MainActivity}
04-29 21:56:18.168 D/BarFollowAnimation( 4381): isAppTaskBarOnTop win:Window{fc2c1af u0 com.smartsales.prism/com.smartsales.prism.MainActivity} (mCurrentTopTask:Task{7dd017f #28212 type=standard A=10434:com.smartsales.prism} : true); (mAssociatedTask:Task{7dd017f #28212 type=standard A=10434:com.smartsales.prism} : true); (mHomeTask:Task{5d5aefa #1 type=home} : false); mReparentToOriginParent:false mLastAppBarVisible:true mLastHomeBarVisible:false
04-29 21:56:18.168 I/SmartPower: com.smartsales.prism/10434(29300)( 4381): visible->invisible(429315ms) R(become invisible) adj=0.
04-29 21:56:18.168 I/SmartPower: com.smartsales.prism/10434(29300)( 4381): invisible->background(0ms) R(become background) adj=0.
04-29 21:56:18.172 I/WindowManager( 4381): wms.hideSurface mWin:Window{fc2c1af u0 com.smartsales.prism/com.smartsales.prism.MainActivity} reason:(prepareSurfaceLocked) in Surface(name=com.smartsales.prism/com.smartsales.prism.MainActivity#5645)/@0x8835cc8
04-29 21:56:18.174 I/CameraActivitySceneMode( 4381): decideSceneMode: ActivityStateChange isn't resumend activityName = com.smartsales.prism.MainActivity, displayId = 0, state = 5, mIsVideocallResumed = false
04-29 21:56:18.175 D/MiuiDecorationController(13752): relayout::taskId=28212, visible=false, bounds=Rect(0, 0 - 1440, 3200), focused=true, oldImmersive=false, newImmersive=false, windowMode=1, activityType=1, displayId=0, baseActivity=ComponentInfo{com.smartsales.prism/com.smartsales.prism.MainActivity}, topActivity=ComponentInfo{com.smartsales.prism/com.smartsales.prism.MainActivity}, callers=com.android.wm.shell.multitasking.miuimultiwinswitch.miuiwindowdecor.decoration.MiuiDecorationController.relayout:4 com.android.wm.shell.multitasking.miuimultiwinswitch.miuiwindowdecor.MulWinSwitchDecorViewModel.onTaskInfoChanged:18 com.android.wm.shell.multitasking.common.taskmanager.MultiTaskingTaskListener.onTaskInfoChanged:47 com.android.wm.shell.ShellTaskOrganizer.onTaskInfoChanged:136 android.window.TaskOrganizer$1.lambda$onTaskInfoChanged$6:300 
04-29 21:56:18.223 I/CameraActivitySceneMode( 4381): decideSceneMode: ActivityStateChange isn't resumend activityName = com.smartsales.prism.MainActivity, displayId = 0, state = 6, mIsVideocallResumed = false
04-29 21:56:18.226 W/SSRU-ResourceUsageProxy( 4381): Nonexistent ongoing transaction AW_TOP:181024411 for u:0 pkg:com.smartsales.prism ended
04-29 21:56:18.366 D/MiuiDecorationController(13752): relayout::taskId=28212, visible=false, bounds=Rect(0, 0 - 1440, 3200), focused=true, oldImmersive=false, newImmersive=false, windowMode=1, activityType=1, displayId=0, baseActivity=ComponentInfo{com.smartsales.prism/com.smartsales.prism.MainActivity}, topActivity=ComponentInfo{com.smartsales.prism/com.smartsales.prism.MainActivity}, callers=com.android.wm.shell.multitasking.miuimultiwinswitch.miuiwindowdecor.decoration.MiuiDecorationController.relayout:4 com.android.wm.shell.multitasking.miuimultiwinswitch.miuiwindowdecor.MulWinSwitchDecorViewModel.lambda$relayoutDecorations$12:5 com.android.wm.shell.multitasking.miuimultiwinswitch.miuiwindowdecor.MulWinSwitchDecorViewModel.$r8$lambda$3XUvBAeRtPEOdi-13ite9VIoLt8:1 com.android.wm.shell.multitasking.miuimultiwinswitch.miuiwindowdecor.MulWinSwitchDecorViewModel$$ExternalSyntheticLambda9.accept:10 java.util.concurrent.ConcurrentHashMap.forEach:1608 
04-29 21:56:18.462 D/BarFollowAnimation( 4381): isAppTaskBarOnTop win:Window{9879ca4 u0 NotificationShade} (mCurrentTopTask:Task{7dd017f #28212 type=standard A=10434:com.smartsales.prism} : true); (mAssociatedTask:Task{7dd017f #28212 type=standard A=10434:com.smartsales.prism} : true); (mHomeTask:Task{5d5aefa #1 type=home} : false); mReparentToOriginParent:false mLastAppBarVisible:true mLastHomeBarVisible:false
04-29 21:56:18.467 D/BarFollowAnimation( 4381): isAppTaskBarOnTop win:Window{9879ca4 u0 NotificationShade} (mCurrentTopTask:Task{7dd017f #28212 type=standard A=10434:com.smartsales.prism} : true); (mAssociatedTask:Task{7dd017f #28212 type=standard A=10434:com.smartsales.prism} : true); (mHomeTask:Task{5d5aefa #1 type=home} : false); mReparentToOriginParent:false mLastAppBarVisible:true mLastHomeBarVisible:false
04-29 21:56:18.475 D/MiuiDecorationController(13752): relayout::taskId=28212, visible=false, bounds=Rect(0, 0 - 1440, 3200), focused=true, oldImmersive=false, newImmersive=false, windowMode=1, activityType=1, displayId=0, baseActivity=ComponentInfo{com.smartsales.prism/com.smartsales.prism.MainActivity}, topActivity=ComponentInfo{com.smartsales.prism/com.smartsales.prism.MainActivity}, callers=com.android.wm.shell.multitasking.miuimultiwinswitch.miuiwindowdecor.decoration.MiuiDecorationController.relayout:4 com.android.wm.shell.multitasking.miuimultiwinswitch.miuiwindowdecor.decoration.MiuiDecorationController.updateNeedShowAndRelayout:38 com.android.wm.shell.multitasking.miuimultiwinswitch.miuiwindowdecor.MulWinSwitchDecorViewModel.lambda$disable$4:3 com.android.wm.shell.multitasking.miuimultiwinswitch.miuiwindowdecor.MulWinSwitchDecorViewModel.$r8$lambda$lfZznhn5bTM5EA7GvCf8XHKgFAY:1 com.android.wm.shell.multitasking.miuimultiwinswitch.miuiwindowdecor.MulWinSwitchDecorViewModel$$ExternalSyntheticLambda6.accept:12 
04-29 21:56:18.480 D/BarFollowAnimation( 4381): isAppTaskBarOnTop win:Window{9879ca4 u0 NotificationShade} (mCurrentTopTask:Task{7dd017f #28212 type=standard A=10434:com.smartsales.prism} : true); (mAssociatedTask:Task{7dd017f #28212 type=standard A=10434:com.smartsales.prism} : true); (mHomeTask:Task{5d5aefa #1 type=home} : false); mReparentToOriginParent:false mLastAppBarVisible:true mLastHomeBarVisible:false
04-29 21:56:18.485 D/BarFollowAnimation( 4381): isAppTaskBarOnTop win:Window{9879ca4 u0 NotificationShade} (mCurrentTopTask:Task{7dd017f #28212 type=standard A=10434:com.smartsales.prism} : true); (mAssociatedTask:Task{7dd017f #28212 type=standard A=10434:com.smartsales.prism} : true); (mHomeTask:Task{5d5aefa #1 type=home} : false); mReparentToOriginParent:false mLastAppBarVisible:true mLastHomeBarVisible:false
04-29 21:56:18.494 D/BarFollowAnimation( 4381): isAppTaskBarOnTop win:Window{9879ca4 u0 NotificationShade} (mCurrentTopTask:Task{7dd017f #28212 type=standard A=10434:com.smartsales.prism} : true); (mAssociatedTask:Task{7dd017f #28212 type=standard A=10434:com.smartsales.prism} : true); (mHomeTask:Task{5d5aefa #1 type=home} : false); mReparentToOriginParent:false mLastAppBarVisible:true mLastHomeBarVisible:false
04-29 21:56:18.495 D/BarFollowAnimation( 4381): isAppTaskBarOnTop win:Window{9879ca4 u0 NotificationShade} (mCurrentTopTask:Task{7dd017f #28212 type=standard A=10434:com.smartsales.prism} : true); (mAssociatedTask:Task{7dd017f #28212 type=standard A=10434:com.smartsales.prism} : true); (mHomeTask:Task{5d5aefa #1 type=home} : false); mReparentToOriginParent:false mLastAppBarVisible:true mLastHomeBarVisible:false
04-29 21:56:18.497 D/BarFollowAnimation( 4381): isAppTaskBarOnTop win:Window{9879ca4 u0 NotificationShade} (mCurrentTopTask:Task{7dd017f #28212 type=standard A=10434:com.smartsales.prism} : true); (mAssociatedTask:Task{7dd017f #28212 type=standard A=10434:com.smartsales.prism} : true); (mHomeTask:Task{5d5aefa #1 type=home} : false); mReparentToOriginParent:false mLastAppBarVisible:true mLastHomeBarVisible:false
04-29 21:56:18.557 D/BarFollowAnimation( 4381): isAppTaskBarOnTop win:Window{9879ca4 u0 NotificationShade} (mCurrentTopTask:Task{7dd017f #28212 type=standard A=10434:com.smartsales.prism} : true); (mAssociatedTask:Task{7dd017f #28212 type=standard A=10434:com.smartsales.prism} : true); (mHomeTask:Task{5d5aefa #1 type=home} : false); mReparentToOriginParent:false mLastAppBarVisible:true mLastHomeBarVisible:false
04-29 21:56:18.578 D/BarFollowAnimation( 4381): onTaskInfoChanedForCaptionBar Task{7dd017f #28212 type=standard A=10434:com.smartsales.prism} shouldbeVisible:true isVisible:false isOnTop:true windowMode:1 preDisplayId:-1 displayId:0 mCaptionAssociatedTask:null mIsTouchedInCaption:false
04-29 21:56:18.581 D/BarFollowAnimation( 4381): isAppTaskBarOnTop win:Window{9879ca4 u0 NotificationShade} (mCurrentTopTask:Task{7dd017f #28212 type=standard A=10434:com.smartsales.prism} : true); (mAssociatedTask:Task{7dd017f #28212 type=standard A=10434:com.smartsales.prism} : true); (mHomeTask:Task{5d5aefa #1 type=home} : false); mReparentToOriginParent:false mLastAppBarVisible:true mLastHomeBarVisible:false
04-29 21:56:18.586 D/BarFollowAnimation( 4381): isAppTaskBarOnTop win:Window{9879ca4 u0 NotificationShade} (mCurrentTopTask:Task{7dd017f #28212 type=standard A=10434:com.smartsales.prism} : true); (mAssociatedTask:Task{7dd017f #28212 type=standard A=10434:com.smartsales.prism} : true); (mHomeTask:Task{5d5aefa #1 type=home} : false); mReparentToOriginParent:false mLastAppBarVisible:true mLastHomeBarVisible:false
04-29 21:56:18.588 D/BarFollowAnimation( 4381): isAppTaskBarOnTop win:Window{9879ca4 u0 NotificationShade} (mCurrentTopTask:Task{7dd017f #28212 type=standard A=10434:com.smartsales.prism} : true); (mAssociatedTask:Task{7dd017f #28212 type=standard A=10434:com.smartsales.prism} : true); (mHomeTask:Task{5d5aefa #1 type=home} : false); mReparentToOriginParent:false mLastAppBarVisible:true mLastHomeBarVisible:false
04-29 21:56:18.595 D/BarFollowAnimation( 4381): isAppTaskBarOnTop win:Window{9879ca4 u0 NotificationShade} (mCurrentTopTask:Task{7dd017f #28212 type=standard A=10434:com.smartsales.prism} : true); (mAssociatedTask:Task{7dd017f #28212 type=standard A=10434:com.smartsales.prism} : true); (mHomeTask:Task{5d5aefa #1 type=home} : false); mReparentToOriginParent:false mLastAppBarVisible:true mLastHomeBarVisible:false
04-29 21:56:18.596 D/BarFollowAnimation( 4381): isAppTaskBarOnTop win:Window{9879ca4 u0 NotificationShade} (mCurrentTopTask:Task{7dd017f #28212 type=standard A=10434:com.smartsales.prism} : true); (mAssociatedTask:Task{7dd017f #28212 type=standard A=10434:com.smartsales.prism} : true); (mHomeTask:Task{5d5aefa #1 type=home} : false); mReparentToOriginParent:false mLastAppBarVisible:true mLastHomeBarVisible:false
04-29 21:56:18.596 D/MiuiDecorationController(13752): relayout::taskId=28212, visible=false, bounds=Rect(0, 0 - 1440, 3200), focused=true, oldImmersive=false, newImmersive=false, windowMode=1, activityType=1, displayId=0, baseActivity=ComponentInfo{com.smartsales.prism/com.smartsales.prism.MainActivity}, topActivity=ComponentInfo{com.smartsales.prism/com.smartsales.prism.MainActivity}, callers=com.android.wm.shell.multitasking.miuimultiwinswitch.miuiwindowdecor.decoration.MiuiDecorationController.relayout:4 com.android.wm.shell.multitasking.miuimultiwinswitch.miuiwindowdecor.MulWinSwitchDecorViewModel.onTaskInfoChanged:18 com.android.wm.shell.multitasking.common.taskmanager.MultiTaskingTaskListener.onTaskInfoChanged:47 com.android.wm.shell.ShellTaskOrganizer.onTaskInfoChanged:136 android.window.TaskOrganizer$1.lambda$onTaskInfoChanged$6:300 
04-29 21:56:18.611 D/BarFollowAnimation( 4381): isAppTaskBarOnTop win:Window{9879ca4 u0 NotificationShade} (mCurrentTopTask:Task{7dd017f #28212 type=standard A=10434:com.smartsales.prism} : true); (mAssociatedTask:Task{7dd017f #28212 type=standard A=10434:com.smartsales.prism} : true); (mHomeTask:Task{5d5aefa #1 type=home} : false); mReparentToOriginParent:false mLastAppBarVisible:true mLastHomeBarVisible:false
04-29 21:56:18.731 D/BarFollowAnimation( 4381): isAppTaskBarOnTop win:Window{9879ca4 u0 NotificationShade} (mCurrentTopTask:Task{7dd017f #28212 type=standard A=10434:com.smartsales.prism} : true); (mAssociatedTask:Task{7dd017f #28212 type=standard A=10434:com.smartsales.prism} : true); (mHomeTask:Task{5d5aefa #1 type=home} : false); mReparentToOriginParent:false mLastAppBarVisible:true mLastHomeBarVisible:false
04-29 21:56:18.742 D/BarFollowAnimation( 4381): isAppTaskBarOnTop win:Window{9879ca4 u0 NotificationShade} (mCurrentTopTask:Task{7dd017f #28212 type=standard A=10434:com.smartsales.prism} : true); (mAssociatedTask:Task{7dd017f #28212 type=standard A=10434:com.smartsales.prism} : true); (mHomeTask:Task{5d5aefa #1 type=home} : false); mReparentToOriginParent:false mLastAppBarVisible:true mLastHomeBarVisible:false
04-29 21:56:18.752 D/BarFollowAnimation( 4381): isAppTaskBarOnTop win:Window{9879ca4 u0 NotificationShade} (mCurrentTopTask:Task{7dd017f #28212 type=standard A=10434:com.smartsales.prism} : true); (mAssociatedTask:Task{7dd017f #28212 type=standard A=10434:com.smartsales.prism} : true); (mHomeTask:Task{5d5aefa #1 type=home} : false); mReparentToOriginParent:false mLastAppBarVisible:true mLastHomeBarVisible:false
04-29 21:56:18.755 D/BarFollowAnimation( 4381): isAppTaskBarOnTop win:Window{9879ca4 u0 NotificationShade} (mCurrentTopTask:Task{7dd017f #28212 type=standard A=10434:com.smartsales.prism} : true); (mAssociatedTask:Task{7dd017f #28212 type=standard A=10434:com.smartsales.prism} : true); (mHomeTask:Task{5d5aefa #1 type=home} : false); mReparentToOriginParent:false mLastAppBarVisible:true mLastHomeBarVisible:false
04-29 21:56:18.786 D/BarFollowAnimation( 4381): isAppTaskBarOnTop win:Window{9879ca4 u0 NotificationShade} (mCurrentTopTask:Task{7dd017f #28212 type=standard A=10434:com.smartsales.prism} : true); (mAssociatedTask:Task{7dd017f #28212 type=standard A=10434:com.smartsales.prism} : true); (mHomeTask:Task{5d5aefa #1 type=home} : false); mReparentToOriginParent:false mLastAppBarVisible:true mLastHomeBarVisible:false
04-29 21:56:18.787 D/BarFollowAnimation( 4381): isAppTaskBarOnTop win:Window{9879ca4 u0 NotificationShade} (mCurrentTopTask:Task{7dd017f #28212 type=standard A=10434:com.smartsales.prism} : true); (mAssociatedTask:Task{7dd017f #28212 type=standard A=10434:com.smartsales.prism} : true); (mHomeTask:Task{5d5aefa #1 type=home} : false); mReparentToOriginParent:false mLastAppBarVisible:true mLastHomeBarVisible:false
04-29 21:56:18.808 D/BarFollowAnimation( 4381): isAppTaskBarOnTop win:Window{9879ca4 u0 NotificationShade} (mCurrentTopTask:Task{7dd017f #28212 type=standard A=10434:com.smartsales.prism} : true); (mAssociatedTask:Task{7dd017f #28212 type=standard A=10434:com.smartsales.prism} : true); (mHomeTask:Task{5d5aefa #1 type=home} : false); mReparentToOriginParent:false mLastAppBarVisible:true mLastHomeBarVisible:false
04-29 21:56:18.809 D/BarFollowAnimation( 4381): isAppTaskBarOnTop win:Window{9879ca4 u0 NotificationShade} (mCurrentTopTask:Task{7dd017f #28212 type=standard A=10434:com.smartsales.prism} : true); (mAssociatedTask:Task{7dd017f #28212 type=standard A=10434:com.smartsales.prism} : true); (mHomeTask:Task{5d5aefa #1 type=home} : false); mReparentToOriginParent:false mLastAppBarVisible:true mLastHomeBarVisible:false
04-29 21:56:18.810 D/BarFollowAnimation( 4381): isAppTaskBarOnTop win:Window{9879ca4 u0 NotificationShade} (mCurrentTopTask:Task{7dd017f #28212 type=standard A=10434:com.smartsales.prism} : true); (mAssociatedTask:Task{7dd017f #28212 type=standard A=10434:com.smartsales.prism} : true); (mHomeTask:Task{5d5aefa #1 type=home} : false); mReparentToOriginParent:false mLastAppBarVisible:true mLastHomeBarVisible:false
04-29 21:56:18.812 D/BarFollowAnimation( 4381): isAppTaskBarOnTop win:Window{9879ca4 u0 NotificationShade} (mCurrentTopTask:Task{7dd017f #28212 type=standard A=10434:com.smartsales.prism} : true); (mAssociatedTask:Task{7dd017f #28212 type=standard A=10434:com.smartsales.prism} : true); (mHomeTask:Task{5d5aefa #1 type=home} : false); mReparentToOriginParent:false mLastAppBarVisible:true mLastHomeBarVisible:false
04-29 21:56:18.816 D/BarFollowAnimation( 4381): isAppTaskBarOnTop win:Window{9879ca4 u0 NotificationShade} (mCurrentTopTask:Task{7dd017f #28212 type=standard A=10434:com.smartsales.prism} : true); (mAssociatedTask:Task{7dd017f #28212 type=standard A=10434:com.smartsales.prism} : true); (mHomeTask:Task{5d5aefa #1 type=home} : false); mReparentToOriginParent:false mLastAppBarVisible:true mLastHomeBarVisible:false
04-29 21:56:18.821 D/BarFollowAnimation( 4381): isAppTaskBarOnTop win:Window{9879ca4 u0 NotificationShade} (mCurrentTopTask:Task{7dd017f #28212 type=standard A=10434:com.smartsales.prism} : true); (mAssociatedTask:Task{7dd017f #28212 type=standard A=10434:com.smartsales.prism} : true); (mHomeTask:Task{5d5aefa #1 type=home} : false); mReparentToOriginParent:false mLastAppBarVisible:true mLastHomeBarVisible:false
04-29 21:56:18.829 D/BarFollowAnimation( 4381): isAppTaskBarOnTop win:Window{9879ca4 u0 NotificationShade} (mCurrentTopTask:Task{7dd017f #28212 type=standard A=10434:com.smartsales.prism} : true); (mAssociatedTask:Task{7dd017f #28212 type=standard A=10434:com.smartsales.prism} : true); (mHomeTask:Task{5d5aefa #1 type=home} : false); mReparentToOriginParent:false mLastAppBarVisible:true mLastHomeBarVisible:false
04-29 21:56:18.830 D/BarFollowAnimation( 4381): isAppTaskBarOnTop win:Window{9879ca4 u0 NotificationShade} (mCurrentTopTask:Task{7dd017f #28212 type=standard A=10434:com.smartsales.prism} : true); (mAssociatedTask:Task{7dd017f #28212 type=standard A=10434:com.smartsales.prism} : true); (mHomeTask:Task{5d5aefa #1 type=home} : false); mReparentToOriginParent:false mLastAppBarVisible:true mLastHomeBarVisible:false
04-29 21:56:18.831 D/BarFollowAnimation( 4381): isAppTaskBarOnTop win:Window{9879ca4 u0 NotificationShade} (mCurrentTopTask:Task{7dd017f #28212 type=standard A=10434:com.smartsales.prism} : true); (mAssociatedTask:Task{7dd017f #28212 type=standard A=10434:com.smartsales.prism} : true); (mHomeTask:Task{5d5aefa #1 type=home} : false); mReparentToOriginParent:false mLastAppBarVisible:true mLastHomeBarVisible:false
04-29 21:56:18.914 D/BarFollowAnimation( 4381): isAppTaskBarOnTop win:Window{9879ca4 u0 NotificationShade} (mCurrentTopTask:Task{7dd017f #28212 type=standard A=10434:com.smartsales.prism} : true); (mAssociatedTask:Task{7dd017f #28212 type=standard A=10434:com.smartsales.prism} : true); (mHomeTask:Task{5d5aefa #1 type=home} : false); mReparentToOriginParent:false mLastAppBarVisible:true mLastHomeBarVisible:false
04-29 21:56:18.920 D/BarFollowAnimation( 4381): isAppTaskBarOnTop win:Window{9879ca4 u0 NotificationShade} (mCurrentTopTask:Task{7dd017f #28212 type=standard A=10434:com.smartsales.prism} : true); (mAssociatedTask:Task{7dd017f #28212 type=standard A=10434:com.smartsales.prism} : true); (mHomeTask:Task{5d5aefa #1 type=home} : false); mReparentToOriginParent:false mLastAppBarVisible:true mLastHomeBarVisible:false
04-29 21:56:18.929 D/BarFollowAnimation( 4381): isAppTaskBarOnTop win:Window{9879ca4 u0 NotificationShade} (mCurrentTopTask:Task{7dd017f #28212 type=standard A=10434:com.smartsales.prism} : true); (mAssociatedTask:Task{7dd017f #28212 type=standard A=10434:com.smartsales.prism} : true); (mHomeTask:Task{5d5aefa #1 type=home} : false); mReparentToOriginParent:false mLastAppBarVisible:true mLastHomeBarVisible:false
04-29 21:56:18.929 D/BarFollowAnimation( 4381): isAppTaskBarOnTop win:Window{9879ca4 u0 NotificationShade} (mCurrentTopTask:Task{7dd017f #28212 type=standard A=10434:com.smartsales.prism} : true); (mAssociatedTask:Task{7dd017f #28212 type=standard A=10434:com.smartsales.prism} : true); (mHomeTask:Task{5d5aefa #1 type=home} : false); mReparentToOriginParent:false mLastAppBarVisible:true mLastHomeBarVisible:false
04-29 21:56:18.934 D/BarFollowAnimation( 4381): isAppTaskBarOnTop win:Window{9879ca4 u0 NotificationShade} (mCurrentTopTask:Task{7dd017f #28212 type=standard A=10434:com.smartsales.prism} : true); (mAssociatedTask:Task{7dd017f #28212 type=standard A=10434:com.smartsales.prism} : true); (mHomeTask:Task{5d5aefa #1 type=home} : false); mReparentToOriginParent:false mLastAppBarVisible:true mLastHomeBarVisible:false
04-29 21:56:18.960 D/BarFollowAnimation( 4381): isAppTaskBarOnTop win:Window{9879ca4 u0 NotificationShade} (mCurrentTopTask:Task{7dd017f #28212 type=standard A=10434:com.smartsales.prism} : true); (mAssociatedTask:Task{7dd017f #28212 type=standard A=10434:com.smartsales.prism} : true); (mHomeTask:Task{5d5aefa #1 type=home} : false); mReparentToOriginParent:false mLastAppBarVisible:true mLastHomeBarVisible:false
04-29 21:56:19.048 D/BarFollowAnimation( 4381): isAppTaskBarOnTop win:Window{9879ca4 u0 NotificationShade} (mCurrentTopTask:Task{7dd017f #28212 type=standard A=10434:com.smartsales.prism} : true); (mAssociatedTask:Task{7dd017f #28212 type=standard A=10434:com.smartsales.prism} : true); (mHomeTask:Task{5d5aefa #1 type=home} : false); mReparentToOriginParent:false mLastAppBarVisible:true mLastHomeBarVisible:false
04-29 21:56:19.054 D/BarFollowAnimation( 4381): isAppTaskBarOnTop win:Window{9879ca4 u0 NotificationShade} (mCurrentTopTask:Task{7dd017f #28212 type=standard A=10434:com.smartsales.prism} : true); (mAssociatedTask:Task{7dd017f #28212 type=standard A=10434:com.smartsales.prism} : true); (mHomeTask:Task{5d5aefa #1 type=home} : false); mReparentToOriginParent:false mLastAppBarVisible:true mLastHomeBarVisible:false
04-29 21:56:19.055 D/BarFollowAnimation( 4381): isAppTaskBarOnTop win:Window{9879ca4 u0 NotificationShade} (mCurrentTopTask:Task{7dd017f #28212 type=standard A=10434:com.smartsales.prism} : true); (mAssociatedTask:Task{7dd017f #28212 type=standard A=10434:com.smartsales.prism} : true); (mHomeTask:Task{5d5aefa #1 type=home} : false); mReparentToOriginParent:false mLastAppBarVisible:true mLastHomeBarVisible:false
04-29 21:56:19.059 D/BarFollowAnimation( 4381): isAppTaskBarOnTop win:Window{9879ca4 u0 NotificationShade} (mCurrentTopTask:Task{7dd017f #28212 type=standard A=10434:com.smartsales.prism} : true); (mAssociatedTask:Task{7dd017f #28212 type=standard A=10434:com.smartsales.prism} : true); (mHomeTask:Task{5d5aefa #1 type=home} : false); mReparentToOriginParent:false mLastAppBarVisible:true mLastHomeBarVisible:false
04-29 21:56:19.067 D/BarFollowAnimation( 4381): isAppTaskBarOnTop win:Window{9879ca4 u0 NotificationShade} (mCurrentTopTask:Task{7dd017f #28212 type=standard A=10434:com.smartsales.prism} : true); (mAssociatedTask:Task{7dd017f #28212 type=standard A=10434:com.smartsales.prism} : true); (mHomeTask:Task{5d5aefa #1 type=home} : false); mReparentToOriginParent:false mLastAppBarVisible:true mLastHomeBarVisible:false
04-29 21:56:19.069 D/BarFollowAnimation( 4381): isAppTaskBarOnTop win:Window{9879ca4 u0 NotificationShade} (mCurrentTopTask:Task{7dd017f #28212 type=standard A=10434:com.smartsales.prism} : true); (mAssociatedTask:Task{7dd017f #28212 type=standard A=10434:com.smartsales.prism} : true); (mHomeTask:Task{5d5aefa #1 type=home} : false); mReparentToOriginParent:false mLastAppBarVisible:true mLastHomeBarVisible:false
04-29 21:56:19.076 D/BarFollowAnimation( 4381): isAppTaskBarOnTop win:Window{9879ca4 u0 NotificationShade} (mCurrentTopTask:Task{7dd017f #28212 type=standard A=10434:com.smartsales.prism} : true); (mAssociatedTask:Task{7dd017f #28212 type=standard A=10434:com.smartsales.prism} : true); (mHomeTask:Task{5d5aefa #1 type=home} : false); mReparentToOriginParent:false mLastAppBarVisible:true mLastHomeBarVisible:false
04-29 21:56:19.080 D/BarFollowAnimation( 4381): isAppTaskBarOnTop win:Window{9879ca4 u0 NotificationShade} (mCurrentTopTask:Task{7dd017f #28212 type=standard A=10434:com.smartsales.prism} : true); (mAssociatedTask:Task{7dd017f #28212 type=standard A=10434:com.smartsales.prism} : true); (mHomeTask:Task{5d5aefa #1 type=home} : false); mReparentToOriginParent:false mLastAppBarVisible:true mLastHomeBarVisible:false
04-29 21:56:19.081 D/BarFollowAnimation( 4381): isAppTaskBarOnTop win:Window{9879ca4 u0 NotificationShade} (mCurrentTopTask:Task{7dd017f #28212 type=standard A=10434:com.smartsales.prism} : true); (mAssociatedTask:Task{7dd017f #28212 type=standard A=10434:com.smartsales.prism} : true); (mHomeTask:Task{5d5aefa #1 type=home} : false); mReparentToOriginParent:false mLastAppBarVisible:true mLastHomeBarVisible:false
04-29 21:56:19.082 D/BarFollowAnimation( 4381): isAppTaskBarOnTop win:Window{9879ca4 u0 NotificationShade} (mCurrentTopTask:Task{7dd017f #28212 type=standard A=10434:com.smartsales.prism} : true); (mAssociatedTask:Task{7dd017f #28212 type=standard A=10434:com.smartsales.prism} : true); (mHomeTask:Task{5d5aefa #1 type=home} : false); mReparentToOriginParent:false mLastAppBarVisible:true mLastHomeBarVisible:false
04-29 21:56:19.083 D/BarFollowAnimation( 4381): isAppTaskBarOnTop win:Window{9879ca4 u0 NotificationShade} (mCurrentTopTask:Task{7dd017f #28212 type=standard A=10434:com.smartsales.prism} : true); (mAssociatedTask:Task{7dd017f #28212 type=standard A=10434:com.smartsales.prism} : true); (mHomeTask:Task{5d5aefa #1 type=home} : false); mReparentToOriginParent:false mLastAppBarVisible:true mLastHomeBarVisible:false
04-29 21:56:19.084 D/BarFollowAnimation( 4381): isAppTaskBarOnTop win:Window{9879ca4 u0 NotificationShade} (mCurrentTopTask:Task{7dd017f #28212 type=standard A=10434:com.smartsales.prism} : true); (mAssociatedTask:Task{7dd017f #28212 type=standard A=10434:com.smartsales.prism} : true); (mHomeTask:Task{5d5aefa #1 type=home} : false); mReparentToOriginParent:false mLastAppBarVisible:true mLastHomeBarVisible:false
04-29 21:56:19.085 D/BarFollowAnimation( 4381): isAppTaskBarOnTop win:Window{9879ca4 u0 NotificationShade} (mCurrentTopTask:Task{7dd017f #28212 type=standard A=10434:com.smartsales.prism} : true); (mAssociatedTask:Task{7dd017f #28212 type=standard A=10434:com.smartsales.prism} : true); (mHomeTask:Task{5d5aefa #1 type=home} : false); mReparentToOriginParent:false mLastAppBarVisible:true mLastHomeBarVisible:false
04-29 21:56:19.086 D/BarFollowAnimation( 4381): isAppTaskBarOnTop win:Window{9879ca4 u0 NotificationShade} (mCurrentTopTask:Task{7dd017f #28212 type=standard A=10434:com.smartsales.prism} : true); (mAssociatedTask:Task{7dd017f #28212 type=standard A=10434:com.smartsales.prism} : true); (mHomeTask:Task{5d5aefa #1 type=home} : false); mReparentToOriginParent:false mLastAppBarVisible:true mLastHomeBarVisible:false
04-29 21:56:19.087 D/BarFollowAnimation( 4381): isAppTaskBarOnTop win:Window{9879ca4 u0 NotificationShade} (mCurrentTopTask:Task{7dd017f #28212 type=standard A=10434:com.smartsales.prism} : true); (mAssociatedTask:Task{7dd017f #28212 type=standard A=10434:com.smartsales.prism} : true); (mHomeTask:Task{5d5aefa #1 type=home} : false); mReparentToOriginParent:false mLastAppBarVisible:true mLastHomeBarVisible:false
04-29 21:56:19.088 D/BarFollowAnimation( 4381): isAppTaskBarOnTop win:Window{9879ca4 u0 NotificationShade} (mCurrentTopTask:Task{7dd017f #28212 type=standard A=10434:com.smartsales.prism} : true); (mAssociatedTask:Task{7dd017f #28212 type=standard A=10434:com.smartsales.prism} : true); (mHomeTask:Task{5d5aefa #1 type=home} : false); mReparentToOriginParent:false mLastAppBarVisible:true mLastHomeBarVisible:false
04-29 21:56:19.089 D/BarFollowAnimation( 4381): isAppTaskBarOnTop win:Window{9879ca4 u0 NotificationShade} (mCurrentTopTask:Task{7dd017f #28212 type=standard A=10434:com.smartsales.prism} : true); (mAssociatedTask:Task{7dd017f #28212 type=standard A=10434:com.smartsales.prism} : true); (mHomeTask:Task{5d5aefa #1 type=home} : false); mReparentToOriginParent:false mLastAppBarVisible:true mLastHomeBarVisible:false
04-29 21:56:19.099 D/BarFollowAnimation( 4381): isAppTaskBarOnTop win:Window{9879ca4 u0 NotificationShade} (mCurrentTopTask:Task{7dd017f #28212 type=standard A=10434:com.smartsales.prism} : true); (mAssociatedTask:Task{7dd017f #28212 type=standard A=10434:com.smartsales.prism} : true); (mHomeTask:Task{5d5aefa #1 type=home} : false); mReparentToOriginParent:false mLastAppBarVisible:true mLastHomeBarVisible:false
04-29 21:56:19.100 D/BarFollowAnimation( 4381): isAppTaskBarOnTop win:Window{9879ca4 u0 NotificationShade} (mCurrentTopTask:Task{7dd017f #28212 type=standard A=10434:com.smartsales.prism} : true); (mAssociatedTask:Task{7dd017f #28212 type=standard A=10434:com.smartsales.prism} : true); (mHomeTask:Task{5d5aefa #1 type=home} : false); mReparentToOriginParent:false mLastAppBarVisible:true mLastHomeBarVisible:false
04-29 21:56:19.103 D/BarFollowAnimation( 4381): isAppTaskBarOnTop win:Window{9879ca4 u0 NotificationShade} (mCurrentTopTask:Task{7dd017f #28212 type=standard A=10434:com.smartsales.prism} : true); (mAssociatedTask:Task{7dd017f #28212 type=standard A=10434:com.smartsales.prism} : true); (mHomeTask:Task{5d5aefa #1 type=home} : false); mReparentToOriginParent:false mLastAppBarVisible:true mLastHomeBarVisible:false
04-29 21:56:19.105 D/BarFollowAnimation( 4381): checkBarStatus mReparentToOriginParent:false hasTopFullAppTask:true mHomeTask:Task{5d5aefa #1 type=home} mCurrentTopTask: Task{7dd017f #28212 type=standard A=10434:com.smartsales.prism} mAssociatedTask: Task{7dd017f #28212 type=standard A=10434:com.smartsales.prism} homeTaskonTop:false mCurrentTaskIsTop: true mLastAppBarVisible:true mLastHomeBarVisible:false isInSplitScreen:false
04-29 21:56:19.106 D/BarFollowAnimation( 4381): isAppTaskBarOnTop win:Window{9879ca4 u0 NotificationShade} (mCurrentTopTask:Task{7dd017f #28212 type=standard A=10434:com.smartsales.prism} : true); (mAssociatedTask:Task{7dd017f #28212 type=standard A=10434:com.smartsales.prism} : true); (mHomeTask:Task{5d5aefa #1 type=home} : false); mReparentToOriginParent:false mLastAppBarVisible:true mLastHomeBarVisible:false
04-29 21:56:19.107 D/BarFollowAnimation( 4381): isAppTaskBarOnTop win:Window{9879ca4 u0 NotificationShade} (mCurrentTopTask:Task{7dd017f #28212 type=standard A=10434:com.smartsales.prism} : true); (mAssociatedTask:Task{7dd017f #28212 type=standard A=10434:com.smartsales.prism} : true); (mHomeTask:Task{5d5aefa #1 type=home} : false); mReparentToOriginParent:false mLastAppBarVisible:true mLastHomeBarVisible:false
04-29 21:56:19.118 D/BarFollowAnimation( 4381): isAppTaskBarOnTop win:Window{9879ca4 u0 NotificationShade} (mCurrentTopTask:Task{7dd017f #28212 type=standard A=10434:com.smartsales.prism} : true); (mAssociatedTask:Task{7dd017f #28212 type=standard A=10434:com.smartsales.prism} : true); (mHomeTask:Task{5d5aefa #1 type=home} : false); mReparentToOriginParent:false mLastAppBarVisible:true mLastHomeBarVisible:false
04-29 21:56:19.128 D/BarFollowAnimation( 4381): isAppTaskBarOnTop win:Window{9879ca4 u0 NotificationShade} (mCurrentTopTask:Task{7dd017f #28212 type=standard A=10434:com.smartsales.prism} : true); (mAssociatedTask:Task{7dd017f #28212 type=standard A=10434:com.smartsales.prism} : true); (mHomeTask:Task{5d5aefa #1 type=home} : false); mReparentToOriginParent:false mLastAppBarVisible:true mLastHomeBarVisible:false
04-29 21:56:19.131 D/BarFollowAnimation( 4381): isAppTaskBarOnTop win:Window{9879ca4 u0 NotificationShade} (mCurrentTopTask:Task{7dd017f #28212 type=standard A=10434:com.smartsales.prism} : true); (mAssociatedTask:Task{7dd017f #28212 type=standard A=10434:com.smartsales.prism} : true); (mHomeTask:Task{5d5aefa #1 type=home} : false); mReparentToOriginParent:false mLastAppBarVisible:true mLastHomeBarVisible:false
04-29 21:56:19.133 D/BarFollowAnimation( 4381): isAppTaskBarOnTop win:Window{9879ca4 u0 NotificationShade} (mCurrentTopTask:Task{7dd017f #28212 type=standard A=10434:com.smartsales.prism} : true); (mAssociatedTask:Task{7dd017f #28212 type=standard A=10434:com.smartsales.prism} : true); (mHomeTask:Task{5d5aefa #1 type=home} : false); mReparentToOriginParent:false mLastAppBarVisible:true mLastHomeBarVisible:false
04-29 21:56:19.143 D/BarFollowAnimation( 4381): isAppTaskBarOnTop win:Window{9879ca4 u0 NotificationShade} (mCurrentTopTask:Task{7dd017f #28212 type=standard A=10434:com.smartsales.prism} : true); (mAssociatedTask:Task{7dd017f #28212 type=standard A=10434:com.smartsales.prism} : true); (mHomeTask:Task{5d5aefa #1 type=home} : false); mReparentToOriginParent:false mLastAppBarVisible:true mLastHomeBarVisible:false
04-29 21:56:19.145 D/BarFollowAnimation( 4381): checkBarStatus mReparentToOriginParent:false hasTopFullAppTask:true mHomeTask:Task{5d5aefa #1 type=home} mCurrentTopTask: Task{7dd017f #28212 type=standard A=10434:com.smartsales.prism} mAssociatedTask: Task{7dd017f #28212 type=standard A=10434:com.smartsales.prism} homeTaskonTop:false mCurrentTaskIsTop: true mLastAppBarVisible:true mLastHomeBarVisible:false isInSplitScreen:false
04-29 21:56:19.146 D/BarFollowAnimation( 4381): isAppTaskBarOnTop win:Window{9879ca4 u0 NotificationShade} (mCurrentTopTask:Task{7dd017f #28212 type=standard A=10434:com.smartsales.prism} : true); (mAssociatedTask:Task{7dd017f #28212 type=standard A=10434:com.smartsales.prism} : true); (mHomeTask:Task{5d5aefa #1 type=home} : false); mReparentToOriginParent:false mLastAppBarVisible:true mLastHomeBarVisible:false
04-29 21:56:19.148 D/WindowManager( 4381): Collecting in transition 204: ActivityRecord{183227218 u0 com.smartsales.prism/.MainActivity t28212} init visibleRequested:false dc:Display{#0 state=DOZE size=1440x3200 ROTATION_0}
04-29 21:56:19.149 D/BarFollowAnimation( 4381): onTaskInfoChanedForCaptionBar Task{7dd017f #28212 type=standard A=10434:com.smartsales.prism} shouldbeVisible:true isVisible:false isOnTop:true windowMode:1 preDisplayId:-1 displayId:0 mCaptionAssociatedTask:null mIsTouchedInCaption:false
04-29 21:56:19.149 I/SmartPower: com.smartsales.prism/10434(29300)( 4381): background->invisible(981ms) R(become foreground) adj=0.
04-29 21:56:19.150 D/ATMSImpl( 4381): Notify ticket snatching mode scenario package is com.smartsales.prism
04-29 21:56:19.151 I/WindowManager( 4381): Try to add startingWindow type = STARTING_WINDOW_TYPE_SPLASH_SCREEN this = ActivityRecord{183227218 u0 com.smartsales.prism/.MainActivity t28212} mOccludesParent = true preAllowTaskSnapshot = true afterAllowTaskSnapshot = true newTask = false taskSwitch = true processRunning = true activityCreated = true activityAllDrawn = false isSnapshotCompatible = false snapshotRotation = NaN resolvedTheme = 2131755641 theme = 2131755641
04-29 21:56:19.151 D/PreStartingManager( 4381): Get background color: ff000000  key: com.smartsales.prism_night  containColor: false
04-29 21:56:19.151 D/BarFollowAnimation( 4381): isAppTaskBarOnTop win:Window{9879ca4 u0 NotificationShade} (mCurrentTopTask:Task{7dd017f #28212 type=standard A=10434:com.smartsales.prism} : true); (mAssociatedTask:Task{7dd017f #28212 type=standard A=10434:com.smartsales.prism} : true); (mHomeTask:Task{5d5aefa #1 type=home} : false); mReparentToOriginParent:false mLastAppBarVisible:true mLastHomeBarVisible:false
04-29 21:56:19.152 D/DisplayContentStubImpl( 4381):    ChangeInfo{3260b81 container=Task{7dd017f #28212 type=standard A=10434:com.smartsales.prism} flags=0x0}
04-29 21:56:19.152 D/DisplayContentStubImpl( 4381):    ChangeInfo{f5a0614 container=ActivityRecord{183227218 u0 com.smartsales.prism/.MainActivity t28212} flags=0x0}
04-29 21:56:19.152 D/DisplayContentStubImpl( 4381): } topActivity=ActivityRecord{183227218 u0 com.smartsales.prism/.MainActivity t28212} mIsHoldOn=false
04-29 21:56:19.152 V/WindowManager( 4381): Win Window{fc2c1af u0 com.smartsales.prism/com.smartsales.prism.MainActivity}: isOnScreen=false mDrawState=0
04-29 21:56:19.152 D/PreStartingManager( 4381): Due to transparent, set drawable to null for com.smartsales.prism
04-29 21:56:19.152 D/PreStartingManager( 4381): Drawable is null, pkg: com.smartsales.prism  isNewSplash: false
04-29 21:56:19.152 I/CameraActivitySceneMode( 4381): decideSceneMode: ActivityStateChange activityName = com.smartsales.prism.MainActivity, displayId = 0, state = 2
04-29 21:56:19.153 D/WindowManager( 4381):    ChangeInfo{3260b81 container=Task{7dd017f #28212 type=standard A=10434:com.smartsales.prism} flags=0x0}
04-29 21:56:19.153 D/WindowManager( 4381):    ChangeInfo{f5a0614 container=ActivityRecord{183227218 u0 com.smartsales.prism/.MainActivity t28212} flags=0x0}
04-29 21:56:19.155 D/BarFollowAnimation( 4381): isAppTaskBarOnTop win:Window{9879ca4 u0 NotificationShade} (mCurrentTopTask:Task{7dd017f #28212 type=standard A=10434:com.smartsales.prism} : true); (mAssociatedTask:Task{7dd017f #28212 type=standard A=10434:com.smartsales.prism} : true); (mHomeTask:Task{5d5aefa #1 type=home} : false); mReparentToOriginParent:false mLastAppBarVisible:true mLastHomeBarVisible:false
04-29 21:56:19.155 D/MiuiDecorationController(13752): relayout::taskId=28212, visible=false, bounds=Rect(0, 0 - 1440, 3200), focused=true, oldImmersive=false, newImmersive=false, windowMode=1, activityType=1, displayId=0, baseActivity=ComponentInfo{com.smartsales.prism/com.smartsales.prism.MainActivity}, topActivity=ComponentInfo{com.smartsales.prism/com.smartsales.prism.MainActivity}, callers=com.android.wm.shell.multitasking.miuimultiwinswitch.miuiwindowdecor.decoration.MiuiDecorationController.relayout:4 com.android.wm.shell.multitasking.miuimultiwinswitch.miuiwindowdecor.MulWinSwitchDecorViewModel.onTaskInfoChanged:18 com.android.wm.shell.multitasking.common.taskmanager.MultiTaskingTaskListener.onTaskInfoChanged:47 com.android.wm.shell.ShellTaskOrganizer.onTaskInfoChanged:136 android.window.TaskOrganizer$1.lambda$onTaskInfoChanged$6:300 
04-29 21:56:19.155 D/WindowManager( 4381): isSyncFinished true. ar: ActivityRecord{183227218 u0 com.smartsales.prism/.MainActivity t28212}
04-29 21:56:19.155 V/ShellStartingWindow(13752): addSplashScreen for package: com.smartsales.prism with theme: 7f100279 for task: 28212, suggestType: 3
04-29 21:56:19.156 D/BarFollowAnimation( 4381): isAppTaskBarOnTop win:Window{9879ca4 u0 NotificationShade} (mCurrentTopTask:Task{7dd017f #28212 type=standard A=10434:com.smartsales.prism} : true); (mAssociatedTask:Task{7dd017f #28212 type=standard A=10434:com.smartsales.prism} : true); (mHomeTask:Task{5d5aefa #1 type=home} : false); mReparentToOriginParent:false mLastAppBarVisible:true mLastHomeBarVisible:false
04-29 21:56:19.156 D/BarFollowAnimation( 4381): isAppTaskBarOnTop win:Window{9879ca4 u0 NotificationShade} (mCurrentTopTask:Task{7dd017f #28212 type=standard A=10434:com.smartsales.prism} : true); (mAssociatedTask:Task{7dd017f #28212 type=standard A=10434:com.smartsales.prism} : true); (mHomeTask:Task{5d5aefa #1 type=home} : false); mReparentToOriginParent:false mLastAppBarVisible:true mLastHomeBarVisible:false
04-29 21:56:19.157 D/WindowManager( 4381): isSyncFinished true. ar: ActivityRecord{183227218 u0 com.smartsales.prism/.MainActivity t28212}
04-29 21:56:19.157 D/TaskSnapshot_Helper(13752): Due to transparent, set themeDrawable to null for ActivityInfo{26812d8 com.smartsales.prism.MainActivity}
04-29 21:56:19.157 D/MiuiMirrorInputMethodImpl( 4381): InsetsControlTarget invalid!:Window{fc2c1af u0 com.smartsales.prism/com.smartsales.prism.MainActivity}
04-29 21:56:19.158 D/BarFollowAnimation( 4381): isAppTaskBarOnTop win:Window{9879ca4 u0 NotificationShade} (mCurrentTopTask:Task{7dd017f #28212 type=standard A=10434:com.smartsales.prism} : true); (mAssociatedTask:Task{7dd017f #28212 type=standard A=10434:com.smartsales.prism} : true); (mHomeTask:Task{5d5aefa #1 type=home} : false); mReparentToOriginParent:false mLastAppBarVisible:true mLastHomeBarVisible:false
04-29 21:56:19.159 D/WindowManager( 4381): isSyncFinished true. ar: ActivityRecord{183227218 u0 com.smartsales.prism/.MainActivity t28212}
04-29 21:56:19.159 D/CoreBackPreview( 4381): Window{667a9b9 u0 Splash Screen com.smartsales.prism}: Setting back callback OnBackInvokedCallbackInfo{mCallback=android.window.IOnBackInvokedCallback$Stub$Proxy@d9d107b, mPriority=0, mIsAnimationCallback=false, mOverrideBehavior=0}
04-29 21:56:19.159 D/BarFollowAnimation( 4381): isAppTaskBarOnTop win:Window{9879ca4 u0 NotificationShade} (mCurrentTopTask:Task{7dd017f #28212 type=standard A=10434:com.smartsales.prism} : true); (mAssociatedTask:Task{7dd017f #28212 type=standard A=10434:com.smartsales.prism} : true); (mHomeTask:Task{5d5aefa #1 type=home} : false); mReparentToOriginParent:false mLastAppBarVisible:true mLastHomeBarVisible:false
04-29 21:56:19.159 D/WindowManager( 4381): isSyncFinished true. ar: ActivityRecord{183227218 u0 com.smartsales.prism/.MainActivity t28212}
04-29 21:56:19.160 D/BarFollowAnimation( 4381): isAppTaskBarOnTop win:Window{9879ca4 u0 NotificationShade} (mCurrentTopTask:Task{7dd017f #28212 type=standard A=10434:com.smartsales.prism} : true); (mAssociatedTask:Task{7dd017f #28212 type=standard A=10434:com.smartsales.prism} : true); (mHomeTask:Task{5d5aefa #1 type=home} : false); mReparentToOriginParent:false mLastAppBarVisible:true mLastHomeBarVisible:false
04-29 21:56:19.160 D/WindowManager( 4381): isSyncFinished true. ar: ActivityRecord{183227218 u0 com.smartsales.prism/.MainActivity t28212}
04-29 21:56:19.161 D/BarFollowAnimation( 4381): isAppTaskBarOnTop win:Window{9879ca4 u0 NotificationShade} (mCurrentTopTask:Task{7dd017f #28212 type=standard A=10434:com.smartsales.prism} : true); (mAssociatedTask:Task{7dd017f #28212 type=standard A=10434:com.smartsales.prism} : true); (mHomeTask:Task{5d5aefa #1 type=home} : false); mReparentToOriginParent:false mLastAppBarVisible:true mLastHomeBarVisible:false
04-29 21:56:19.161 D/WindowManager( 4381): isSyncFinished true. ar: ActivityRecord{183227218 u0 com.smartsales.prism/.MainActivity t28212}
04-29 21:56:19.166 D/WindowManager( 4381): Finishing drawing starting window: Window{667a9b9 u0 Splash Screen com.smartsales.prism} mDrawState: DRAW_PENDING
