04-29 21:57:00.975 D/SmartSalesConn(29300): 📡 fresh query, caching IP=192.168.0.101
04-29 21:57:00.975 D/SmartSalesConn(29300): 📶 state=CONNECTED ip=192.168.0.101
04-29 21:57:00.975 D/SmartSalesConn(29300): 🔌 connectUsingSession: connected, ip=192.168.0.101 ssid=MstRobot
04-29 21:57:00.978 D/SmartSalesConn(29300): 📤 TX [BadgeSignal]: Ver#get (56 65 72 23 67 65 74)
04-29 21:57:00.979 D/ConnectivityVM(29300): managerStatus=Ready managerState=CONNECTED
04-29 21:57:01.002 D/SmartSalesConn(29300): 📥 RX [Notification]: Ver#1.0.0.1 (56 65 72 23 31 2E 30 2E 30 2E 31)
04-29 21:57:01.002 I/SmartSalesConn(29300): 🧾 Badge firmware version: 1.0.0.1
04-29 21:57:01.006 I/martsales.prism(29300): Compiler allocated 5252KB to compile void com.smartsales.prism.ui.AgentIntelligenceContentKt.AgentIntelligenceContent(java.util.List, com.smartsales.prism.domain.model.UiState, java.lang.String, boolean, java.lang.String, java.lang.String, com.smartsales.core.pipeline.AgentActivity, java.util.List, java.util.List, java.util.List, java.lang.String, boolean, java.util.Map, kotlin.jvm.functions.Function2, kotlin.jvm.functions.Function0, kotlin.jvm.functions.Function0, kotlin.jvm.functions.Function1, kotlin.jvm.functions.Function0, kotlin.jvm.functions.Function0, kotlin.jvm.functions.Function0, kotlin.jvm.functions.Function0, kotlin.jvm.functions.Function0, kotlin.jvm.functions.Function0, kotlin.jvm.functions.Function0, kotlin.jvm.functions.Function0, boolean, com.smartsales.prism.ui.components.DynamicIslandUiState, boolean, boolean, boolean, boolean, boolean, boolean, boolean, kotlin.jvm.functions.Function0, kotlin.jvm.functions.Function0, com.smartsales.prism.ui.sim.SimVoiceDraftUiState, boolean, kotlin.jvm.functions.Function0, kotlin.jvm.functions.Function1, kotlin.jvm.functions.Function0, kotlin.jvm.functions.Function0, kotlin.jvm.functions.Function0, kotlin.jvm.functions.Function1, kotlin.jvm.functions.Function0, kotlin.jvm.functions.Function1, kotlin.jvm.functions.Function0, kotlin.jvm.functions.Function0, kotlin.jvm.functions.Function1, androidx.compose.runtime.Composer, int, int, int, int, int, int, int)
04-29 21:57:01.010 I/SmartSalesConn(29300): 🧾 Badge firmware version query sent
04-29 21:57:01.048 D/SmartSalesConn(29300): 📥 RX [Notification]: tim#get (74 69 6D 23 67 65 74)
04-29 21:57:01.048 D/SmartSalesConn(29300): ⏰ Badge time sync requested
04-29 21:57:01.108 I/SmartSalesConn(29300): ⏰ Time sync responded: tim#20260429215701
04-29 21:57:03.980 D/SmartSalesConn(29300): 🌐 network query device=CHLE_Intelligent
04-29 21:57:03.980 I/SmartSalesConn(29300): 📡 queryNetwork ENTRY (in mutex)
04-29 21:57:03.980 D/SmartSalesConn(29300): 📡 CACHED (3043ms old)
04-29 21:57:03.981 D/SmartSalesConn(29300): 📶 state=CONNECTED ip=192.168.0.101
04-29 21:57:03.981 D/SmartSalesConn(29300): 🌐 Network status ok device=CHLE_Intelligent ip=192.168.0.101
04-29 21:57:03.982 D/SmartSalesConn(29300): BadgeHttpClient.isReachable start url=http://192.168.0.101:8088/
04-29 21:57:04.177 D/SmartSalesConn(29300): BadgeHttpClient.isReachable response url=http://192.168.0.101:8088/ code=200 reachable=true
04-29 21:57:07.851 I/martsales.prism(29300): This is sticky GC, maxfree is 33554432 minfree is 8388608
04-29 21:57:12.466 D/InstallDependencyHelper( 4381): No missing dependency for com.smartsales.prism
04-29 21:57:12.472 I/PackageManager( 4381): Update package com.smartsales.prism code path from /data/app/~~opxmyTKMVyk359cagKbDaw==/com.smartsales.prism-v_ERAkkq2jo5QfkxilB3jw== to /data/app/vmdl1690106845.tmp; Retain data and using new
04-29 21:57:12.491 I/AppsFilter( 4381): interaction: PackageSetting{d5da63c com.smartsales.aitest/10431} -> PackageSetting{460964 com.smartsales.prism/10434} BLOCKED
04-29 21:57:12.492 I/AppsFilter( 4381): interaction: PackageSetting{392032d com.android.microdroid.empty_payload/10234} -> PackageSetting{460964 com.smartsales.prism/10434} BLOCKED
04-29 21:57:12.492 I/AppsFilter( 4381): interaction: PackageSetting{2c8ba53 org.qtproject.example.LubanCat_Record/10290} -> PackageSetting{460964 com.smartsales.prism/10434} BLOCKED
04-29 21:57:12.492 I/AppsFilter( 4381): interaction: PackageSetting{d5da63c com.smartsales.aitest/10431} -> PackageSetting{75b6440 com.smartsales.prism/10434} BLOCKED
04-29 21:57:12.492 I/AppsFilter( 4381): interaction: PackageSetting{392032d com.android.microdroid.empty_payload/10234} -> PackageSetting{75b6440 com.smartsales.prism/10434} BLOCKED
04-29 21:57:12.492 I/AppsFilter( 4381): interaction: PackageSetting{2c8ba53 org.qtproject.example.LubanCat_Record/10290} -> PackageSetting{75b6440 com.smartsales.prism/10434} BLOCKED
04-29 21:57:12.539 I/BaselineProfile( 4381): com.smartsales.prism dexmetadataFile does not exist.
04-29 21:57:12.540 I/ActivityManager( 4381): Force stopping com.smartsales.prism appid=10434 user=-1: installPackageLI
04-29 21:57:12.541 D/ProfileTranscode( 4381): com.smartsales.prism read profile exception: java.io.FileNotFoundException: dexopt/baseline.prof
04-29 21:57:12.541 D/MiuiDamonService( 4381): report App died, packageName = com.smartsales.prism, pid = 29300
04-29 21:57:12.543 I/ActivityManager( 4381): Killing 29300:com.smartsales.prism/u0a434 (adj 0): stop com.smartsales.prism due to installPackageLI
04-29 21:57:12.543 W/PackageFreezer( 4381): Freeze package com.smartsales.prism about 0.052 seconds for reason: installPackageLI
04-29 21:57:12.544 I/InstallationTiming( 4381): com.smartsales.prism|null|1851|1671|94|2|0|0|6
04-29 21:57:12.544 I/PackageManager( 4381): installation completed for package:com.smartsales.prism. Final code path: /data/app/~~t1mjXMc30Kc6ufaoZKQVZQ==/com.smartsales.prism-DADRefKwXvd8TmreLp2YVg==
04-29 21:57:12.544 D/IorapForwardingService( 4381): onAppInstall! packageName:com.smartsales.prism; uid:-1
04-29 21:57:12.544 D/IorapForwardingService( 4381): onAppRemove! packageName:com.smartsales.prism; uid:10434
04-29 21:57:12.544 I/AppsFilter( 4381): interaction: PackageSetting{bf76877 com.smartsales.aitest/10431} -> PackageSetting{f7f0bfb com.smartsales.prism/10434} BLOCKED
04-29 21:57:12.546 I/AppsFilter( 4381): interaction: PackageSetting{a7b854d com.android.microdroid.empty_payload/10234} -> PackageSetting{f7f0bfb com.smartsales.prism/10434} BLOCKED
04-29 21:57:12.546 I/AppsFilter( 4381): interaction: PackageSetting{fc36802 org.qtproject.example.LubanCat_Record/10290} -> PackageSetting{f7f0bfb com.smartsales.prism/10434} BLOCKED
04-29 21:57:12.546 W/ActivityTaskManager( 4381): Force removing ActivityRecord{183227218 u0 com.smartsales.prism/.MainActivity t28212 f}}: app died, no saved state
04-29 21:57:12.547 D/WindowManager( 4381): Collecting in transition 206: Task{7dd017f #28212 type=standard A=10434:com.smartsales.prism} init visibleRequested:true dc:Display{#0 state=ON size=1440x3200 ROTATION_0}
04-29 21:57:12.547 I/iorapd  ( 2669): readahead_clear: packageName: com.smartsales.prism, uid: 4294967295
04-29 21:57:12.548 D/WindowManager( 4381): Collecting in transition 206: ActivityRecord{183227218 u0 com.smartsales.prism/.MainActivity t28212 f}} init visibleRequested:false dc:Display{#0 state=ON size=1440x3200 ROTATION_0}
04-29 21:57:12.548 I/CameraActivitySceneMode( 4381): decideSceneMode: ActivityStateChange isn't resumend activityName = com.smartsales.prism.MainActivity, displayId = 0, state = 9, mIsVideocallResumed = false
04-29 21:57:12.548 D/BarFollowAnimation( 4381): onTaskInfoChanedForCaptionBar Task{7dd017f #28212 type=standard A=10434:com.smartsales.prism} shouldbeVisible:false isVisible:true isOnTop:true windowMode:1 preDisplayId:-1 displayId:0 mCaptionAssociatedTask:null mIsTouchedInCaption:false
04-29 21:57:12.548 D/BarFollowAnimation( 4381): isAppTaskBarOnTop win:Window{ee713f3 u0 com.smartsales.prism/com.smartsales.prism.MainActivity} (mCurrentTopTask:Task{7dd017f #28212 type=standard A=10434:com.smartsales.prism} : false); (mAssociatedTask:Task{7dd017f #28212 type=standard A=10434:com.smartsales.prism} : false); (mHomeTask:Task{5d5aefa #1 type=home} : false); mReparentToOriginParent:false mLastAppBarVisible:true mLastHomeBarVisible:false
04-29 21:57:12.548 D/WindowManager( 4381): updateSystemBarAttributes displayId: 0 Window{ee713f3 u0 com.smartsales.prism/com.smartsales.prism.MainActivity} winAppearance=
04-29 21:57:12.549 D/WmSystemUiDebug( 4381): on system bar attributes changed displayId=0 appearance= appearanceRegions=[AppearanceRegion{ bounds=[0,0][1440,3200]}] navbarColorManagedByIme=false behavior=1 requestedVisibleTypes=[statusBars navigationBars captionBar systemGestures mandatorySystemGestures tappableElement displayCutout windowDecor systemOverlays] packageName=com.smartsales.prism letterboxDetails=[]
04-29 21:57:12.550 D/MiSightJni(10732): MiSight: Java_com_miui_misight_MiSight_nativeSendEvent enter called. '{"ProcessName":"com.smartsales.prism","OomAdj":0,"PssOrRss":265059,"MemAvail":4564768,"Reason":"stop com.smartsales.prism due to installPackageLI","MemTotal":12}'
04-29 21:57:12.550 D/MiEvent (10732): flatten EventId 902003001 -t 1777471032 -paraList {"MemAvail":4564768,"MemTotal":12,"OomAdj":0,"ProcessName":"com.smartsales.prism","PssOrRss":265059,"Reason":"stop com.smartsales.prism due to installPackageLI"}
04-29 21:57:12.550 D/MiEvent (10732): report:EventId 902003001 -t 1777471032 -paraList {"MemAvail":4564768,"MemTotal":12,"OomAdj":0,"ProcessName":"com.smartsales.prism","PssOrRss":265059,"Reason":"stop com.smartsales.prism due to installPackageLI"} success
04-29 21:57:12.550 I/iorapd  ( 2669): readahead_clear: packageName: com.smartsales.prism, uid: 10434
04-29 21:57:12.553 V/WindowManagerShell(13752): Transition requested (#206): android.os.BinderProxy@4f8fd47 TransitionRequestInfo { type = CLOSE, triggerTask = TaskInfo{userId=0 taskId=28212 effectiveUid=10434 displayId=0 isRunning=false baseIntent=Intent { act=android.intent.action.MAIN cat=[android.intent.category.LAUNCHER] flg=0x10200000 cmp=com.smartsales.prism/.MainActivity } baseActivity=null topActivity=null origActivity=null realActivity=ComponentInfo{com.smartsales.prism/com.smartsales.prism.MainActivity} numActivities=0 lastActiveTime=79261985 supportsSplitScreenMultiWindow=true mSoScDisplayMode=-1 supportsMultiWindow=true resizeMode=1 isResizeable=true minWidth=-1 minHeight=-1 defaultMinSize=200 token=WCT{android.window.IWindowContainerToken$Stub$Proxy@719a974} topActivityType=1 pictureInPictureParams=null shouldDockBigOverlays=false launchIntoPipHostTaskId=-1 lastParentTaskIdBeforePip=-1 displayCutoutSafeInsets=Rect(0, 0 - 0, 0) topActivityInfo=null launchCookies=[] positionInParent=Point(0, 0) parentTaskId=-1 isFocused=true isVisible=true isVisibleRequested=true isTopActivityNoDisplay=false isSleeping=false locusId=null displayAreaFeatureId=1 isTopActivityTransparent=false isActivityStackTransparent=true lastNonFullscreenBounds=Rect(372, 934 - 1069, 2374) capturedLink=null capturedLinkTimestamp=0 requestedVisibleTypes=-9 topActivityRequestOpenInBrowserEducationTimestamp=0 appCompatTaskInfo=AppCompatTaskInfo { topActivityInSizeCompat=false eligibleForLetterboxEducation= false topActivityInMiuiSizeCompat=false isLetterboxEducationEnabled= false isLetterboxDoubleTapEnabled= false eligibleForUserAspectRatioButton= false topActivityBoundsLetterboxed= false isFromLetterboxDoubleTap= false topActivityLetterboxVerticalPosition= -1 topActivityLetterboxHorizontalPosition= -1 topActivityLetterboxWidth=-1 topActivityLetterboxHeight=-1 topActivityAppBounds=Rect(0, 0 - 0, 0) isUserFullscreenOverrideEnabled=false isSystemFullscreenOverrideEnabled=false hasMinAspectRatioOverride=false topActivityLetterboxBounds=null cameraCompatTaskInfo=CameraCompatTaskInfo { freeformCameraCompatMode=undefined}} isImmersive=false mTopActivityRequestOrientation=-2 mStatusBarParent=null mNavBarParent=null mBehindAppLockPkg=null mOriginatingUid=0 isEmbedded=false shouldBeVisible=false isCreatedByOrganizer=false mIsCastMode=false mTopActivityMediaSize=null mTopActivityRecordName=null mTopActivityOrientation=-2 topActivityMainWindowFrame=null}, pipChange = null, remoteTransition = null, displayChange = null, flags = 0, debugId = 206 }
04-29 21:57:12.553 I/SoScStageCoordinator(13752): Transition requested:TransitionRequestInfo { type = CLOSE, triggerTask = TaskInfo{userId=0 taskId=28212 effectiveUid=10434 displayId=0 isRunning=false baseIntent=Intent { act=android.intent.action.MAIN cat=[android.intent.category.LAUNCHER] flg=0x10200000 cmp=com.smartsales.prism/.MainActivity } baseActivity=null topActivity=null origActivity=null realActivity=ComponentInfo{com.smartsales.prism/com.smartsales.prism.MainActivity} numActivities=0 lastActiveTime=79261985 supportsSplitScreenMultiWindow=true mSoScDisplayMode=-1 supportsMultiWindow=true resizeMode=1 isResizeable=true minWidth=-1 minHeight=-1 defaultMinSize=200 token=WCT{android.window.IWindowContainerToken$Stub$Proxy@719a974} topActivityType=1 pictureInPictureParams=null shouldDockBigOverlays=false launchIntoPipHostTaskId=-1 lastParentTaskIdBeforePip=-1 displayCutoutSafeInsets=Rect(0, 0 - 0, 0) topActivityInfo=null launchCookies=[] positionInParent=Point(0, 0) parentTaskId=-1 isFocused=true isVisible=true isVisibleRequested=true isTopActivityNoDisplay=false isSleeping=false locusId=null displayAreaFeatureId=1 isTopActivityTransparent=false isActivityStackTransparent=true lastNonFullscreenBounds=Rect(372, 934 - 1069, 2374) capturedLink=null capturedLinkTimestamp=0 requestedVisibleTypes=-9 topActivityRequestOpenInBrowserEducationTimestamp=0 appCompatTaskInfo=AppCompatTaskInfo { topActivityInSizeCompat=false eligibleForLetterboxEducation= false topActivityInMiuiSizeCompat=false isLetterboxEducationEnabled= false isLetterboxDoubleTapEnabled= false eligibleForUserAspectRatioButton= false topActivityBoundsLetterboxed= false isFromLetterboxDoubleTap= false topActivityLetterboxVerticalPosition= -1 topActivityLetterboxHorizontalPosition= -1 topActivityLetterboxWidth=-1 topActivityLetterboxHeight=-1 topActivityAppBounds=Rect(0, 0 - 0, 0) isUserFullscreenOverrideEnabled=false isSystemFullscreenOverrideEnabled=false hasMinAspectRatioOverride=false topActivityLetterboxBounds=null cameraCompatTaskInfo=CameraCompatTaskInfo { freeformCameraCompatMode=undefined}} isImmersive=false mTopActivityRequestOrientation=-2 mStatusBarParent=null mNavBarParent=null mBehindAppLockPkg=null mOriginatingUid=0 isEmbedded=false shouldBeVisible=false isCreatedByOrganizer=false mIsCastMode=false mTopActivityMediaSize=null mTopActivityRecordName=null mTopActivityOrientation=-2 topActivityMainWindowFrame=null}, pipChange = null, remoteTransition = null, displayChange = null, flags = 0, debugId = 206 } isSoScActive:false triggerTask:TaskInfo{userId=0 taskId=28212 effectiveUid=10434 displayId=0 isRunning=false baseIntent=Intent { act=android.intent.action.MAIN cat=[android.intent.category.LAUNCHER] flg=0x10200000 cmp=com.smartsales.prism/.MainActivity } baseActivity=null topActivity=null origActivity=null realActivity=ComponentInfo{com.smartsales.prism/com.smartsales.prism.MainActivity} numActivities=0 lastActiveTime=79261985 supportsSplitScreenMultiWindow=true mSoScDisplayMode=-1 supportsMultiWindow=true resizeMode=1 isResizeable=true minWidth=-1 minHeight=-1 defaultMinSize=200 token=WCT{android.window.IWindowContainerToken$Stub$Proxy@719a974} topActivityType=1 pictureInPictureParams=null shouldDockBigOverlays=false launchIntoPipHostTaskId=-1 lastParentTaskIdBeforePip=-1 displayCutoutSafeInsets=Rect(0, 0 - 0, 0) topActivityInfo=null launchCookies=[] positionInParent=Point(0, 0) parentTaskId=-1 isFocused=true isVisible=true isVisibleRequested=true isTopActivityNoDisplay=false isSleeping=false locusId=null displayAreaFeatureId=1 isTopActivityTransparent=false isActivityStackTransparent=true lastNonFullscreenBounds=Rect(372, 934 - 1069, 2374) capturedLink=null capturedLinkTimestamp=0 requestedVisibleTypes=-9 topActivityRequestOpenInBrowserEducationTimestamp=0 appCompatTaskInfo=AppCompatTaskInfo { topActivityInSizeCompat=false eligibleForLetterboxEducation= false topActivityInMiuiSizeCompat=false isLetterboxEducationEnabled= false isLetterboxDoubleTapEnabled= false eligibleForUserAspectRatioButton= false topActivityBoundsLetterboxed= false isFromLetter
04-29 21:57:12.554 V/WindowManager( 4381): Win Window{ee713f3 u0 com.smartsales.prism/com.smartsales.prism.MainActivity}: isOnScreen=true mDrawState=4
04-29 21:57:12.555 D/BarFollowAnimation( 4381): pairAppearanceRegionAndWin win=Window{ee713f3 u0 com.smartsales.prism/com.smartsales.prism.MainActivity} 0
04-29 21:57:12.555 D/BarFollowAnimation( 4381): isAppTaskBarOnTop win:Window{ee713f3 u0 com.smartsales.prism/com.smartsales.prism.MainActivity} (mCurrentTopTask:Task{7dd017f #28212 type=standard A=10434:com.smartsales.prism} : false); (mAssociatedTask:Task{7dd017f #28212 type=standard A=10434:com.smartsales.prism} : false); (mHomeTask:Task{5d5aefa #1 type=home} : true); mReparentToOriginParent:false mLastAppBarVisible:true mLastHomeBarVisible:false
04-29 21:57:12.557 D/WindowManager( 4381):    ChangeInfo{49cff73 container=Task{7dd017f #28212 type=standard A=10434:com.smartsales.prism} flags=0x0}
04-29 21:57:12.557 D/WindowManager( 4381):    ChangeInfo{6b20aa9 container=ActivityRecord{183227218 u0 com.smartsales.prism/.MainActivity t28212 f} isExiting} flags=0x0}
04-29 21:57:12.558 D/BarFollowAnimation( 4381): pairAppearanceRegionAndWin win=Window{ee713f3 u0 com.smartsales.prism/com.smartsales.prism.MainActivity} 0
04-29 21:57:12.558 D/BarFollowAnimation( 4381): isAppTaskBarOnTop win:Window{ee713f3 u0 com.smartsales.prism/com.smartsales.prism.MainActivity} (mCurrentTopTask:Task{7dd017f #28212 type=standard A=10434:com.smartsales.prism} : false); (mAssociatedTask:Task{7dd017f #28212 type=standard A=10434:com.smartsales.prism} : false); (mHomeTask:Task{5d5aefa #1 type=home} : true); mReparentToOriginParent:false mLastAppBarVisible:true mLastHomeBarVisible:false
04-29 21:57:12.562 D/WindowManager( 4381):    ChangeInfo{49cff73 container=Task{7dd017f #28212 type=standard A=10434:com.smartsales.prism} flags=0x0}
04-29 21:57:12.562 D/WindowManager( 4381):    ChangeInfo{6b20aa9 container=ActivityRecord{183227218 u0 com.smartsales.prism/.MainActivity t28212 f} isExiting} flags=0x0}
04-29 21:57:12.562 D/WindowManager( 4381):    ChangeInfo{49cff73 container=Task{7dd017f #28212 type=standard A=10434:com.smartsales.prism} flags=0x0}
04-29 21:57:12.562 D/WindowManager( 4381):    ChangeInfo{6b20aa9 container=ActivityRecord{183227218 u0 com.smartsales.prism/.MainActivity t28212 f} isExiting} flags=0x0}
04-29 21:57:12.565 I/CamOpt_Adapter( 4381): onForegroundInfoChanged: ForegroundInfo{mForegroundPackageName='com.miui.home', mForegroundUid=10140, mForegroundPid=13025, mForegroundDisplayId=0, mLastForegroundPackageName='com.smartsales.prism', mLastForegroundUid=10434, mLastForegroundPid=29300, mLastForegroundDisplayId=0, mMultiWindowForegroundPackageName='com.miui.home', mMultiWindowForegroundUid=10140, mFlags=0}
04-29 21:57:12.565 D/BluetoothLatencyMode(13357): ForegroundInfo{mForegroundPackageName='com.miui.home', mForegroundUid=10140, mForegroundPid=13025, mForegroundDisplayId=0, mLastForegroundPackageName='com.smartsales.prism', mLastForegroundUid=10434, mLastForegroundPid=29300, mLastForegroundDisplayId=0, mMultiWindowForegroundPackageName='com.miui.home', mMultiWindowForegroundUid=10140, mFlags=0}
04-29 21:57:12.565 I/CamOpt_Service( 4381): onForegroundInfoChanged: ForegroundInfo{mForegroundPackageName='com.miui.home', mForegroundUid=10140, mForegroundPid=13025, mForegroundDisplayId=0, mLastForegroundPackageName='com.smartsales.prism', mLastForegroundUid=10434, mLastForegroundPid=29300, mLastForegroundDisplayId=0, mMultiWindowForegroundPackageName='com.miui.home', mMultiWindowForegroundUid=10140, mFlags=0}
04-29 21:57:12.566 I/GST     (12368): forePkg: com.miui.home, preForePkg: com.smartsales.prism
04-29 21:57:12.566 I/ActivityManager( 4381): Force stopping com.smartsales.prism appid=10434 user=0: pkg removed
04-29 21:57:12.567 D/BarFollowAnimation( 4381): pairAppearanceRegionAndWin win=Window{ee713f3 u0 com.smartsales.prism/com.smartsales.prism.MainActivity} 0
04-29 21:57:12.567 D/BarFollowAnimation( 4381): isAppTaskBarOnTop win:Window{ee713f3 u0 com.smartsales.prism/com.smartsales.prism.MainActivity} (mCurrentTopTask:Task{7dd017f #28212 type=standard A=10434:com.smartsales.prism} : false); (mAssociatedTask:Task{7dd017f #28212 type=standard A=10434:com.smartsales.prism} : false); (mHomeTask:Task{5d5aefa #1 type=home} : true); mReparentToOriginParent:false mLastAppBarVisible:true mLastHomeBarVisible:false
04-29 21:57:12.569 I/WindowManager( 4381):   Force removing ActivityRecord{183227218 u0 com.smartsales.prism/.MainActivity t28212 f} isExiting}
04-29 21:57:12.569 W/WindowManager( 4381): removeAppToken: Attempted to remove non-existing token: Token{aca369b ActivityRecord{183227218 u0 com.smartsales.prism/.MainActivity t28212 f} isExiting}}
04-29 21:57:12.570 D/PerfEngineController(12931): ForegroundInfo{mForegroundPackageName='com.miui.home', mForegroundUid=10140, mForegroundPid=13025, mForegroundDisplayId=0, mLastForegroundPackageName='com.smartsales.prism', mLastForegroundUid=10434, mLastForegroundPid=29300, mLastForegroundDisplayId=0, mMultiWindowForegroundPackageName='com.miui.home', mMultiWindowForegroundUid=10140, mFlags=0}
04-29 21:57:12.571 D/WindowManager( 4381):    ChangeInfo{49cff73 container=Task{7dd017f #28212 type=standard A=10434:com.smartsales.prism} flags=0x0}
04-29 21:57:12.571 D/WindowManager( 4381):    ChangeInfo{6b20aa9 container=ActivityRecord{183227218 u0 com.smartsales.prism/.MainActivity t28212 f} isExiting} flags=0x0}
04-29 21:57:12.572 D/WindowManager( 4381):    ChangeInfo{49cff73 container=Task{7dd017f #28212 type=standard A=10434:com.smartsales.prism} flags=0x0}
04-29 21:57:12.572 D/WindowManager( 4381):    ChangeInfo{6b20aa9 container=ActivityRecord{183227218 u0 com.smartsales.prism/.MainActivity t28212 f} isExiting} flags=0x0}
04-29 21:57:12.572 D/FloatingDialogManager( 2885): onForegroundInfoChanged:  foregroundPackageName:com.miui.home mLastForegroundPackageName:com.smartsales.prism
04-29 21:57:12.573 E/TransitionChain( 4381):    ChangeInfo{49cff73 container=Task{7dd017f #28212 type=standard A=10434:com.smartsales.prism} flags=0x0}
04-29 21:57:12.573 E/TransitionChain( 4381):    ChangeInfo{6b20aa9 container=ActivityRecord{183227218 u0 com.smartsales.prism/.MainActivity t28212 f} isExiting} flags=0x0}
04-29 21:57:12.573 E/TransitionChain( 4381):    ChangeInfo{49cff73 container=Task{7dd017f #28212 type=standard A=10434:com.smartsales.prism} flags=0x0}
04-29 21:57:12.573 E/TransitionChain( 4381):    ChangeInfo{6b20aa9 container=ActivityRecord{183227218 u0 com.smartsales.prism/.MainActivity t28212 f} isExiting} flags=0x0}
04-29 21:57:12.573 D/ActivityTaskManager( 4381):  setSkipCaptureLayers tr: Task{7dd017f #28212 type=standard A=10434:com.smartsales.prism}
04-29 21:57:12.575 I/ProcessMonitor(11742): onForegroundInfoChanged: ForegroundInfo{mForegroundPackageName='com.miui.home', mForegroundUid=10140, mForegroundPid=13025, mForegroundDisplayId=0, mLastForegroundPackageName='com.smartsales.prism', mLastForegroundUid=10434, mLastForegroundPid=29300, mLastForegroundDisplayId=0, mMultiWindowForegroundPackageName='com.miui.home', mMultiWindowForegroundUid=10140, mFlags=0}
04-29 21:57:12.575 D/HyperComm_AppMonitor(13537): onForegroundInfoChanged: foregroundInfo = ForegroundInfo{mForegroundPackageName='com.miui.home', mForegroundUid=10140, mForegroundPid=13025, mForegroundDisplayId=0, mLastForegroundPackageName='com.smartsales.prism', mLastForegroundUid=10434, mLastForegroundPid=29300, mLastForegroundDisplayId=0, mMultiWindowForegroundPackageName='com.miui.home', mMultiWindowForegroundUid=10140, mFlags=0}
04-29 21:57:12.579 D/BarFollowAnimation( 4381): pairAppearanceRegionAndWin win=Window{ee713f3 u0 com.smartsales.prism/com.smartsales.prism.MainActivity} 0
04-29 21:57:12.579 D/BarFollowAnimation( 4381): isAppTaskBarOnTop win:Window{ee713f3 u0 com.smartsales.prism/com.smartsales.prism.MainActivity} (mCurrentTopTask:Task{7dd017f #28212 type=standard A=10434:com.smartsales.prism} : false); (mAssociatedTask:Task{7dd017f #28212 type=standard A=10434:com.smartsales.prism} : false); (mHomeTask:Task{5d5aefa #1 type=home} : true); mReparentToOriginParent:false mLastAppBarVisible:true mLastHomeBarVisible:false
04-29 21:57:12.582 D/BarFollowAnimation( 4381): pairAppearanceRegionAndWin win=Window{ee713f3 u0 com.smartsales.prism/com.smartsales.prism.MainActivity} 0
04-29 21:57:12.582 D/BarFollowAnimation( 4381): isAppTaskBarOnTop win:Window{ee713f3 u0 com.smartsales.prism/com.smartsales.prism.MainActivity} (mCurrentTopTask:Task{7dd017f #28212 type=standard A=10434:com.smartsales.prism} : false); (mAssociatedTask:Task{7dd017f #28212 type=standard A=10434:com.smartsales.prism} : false); (mHomeTask:Task{5d5aefa #1 type=home} : true); mReparentToOriginParent:false mLastAppBarVisible:true mLastHomeBarVisible:false
04-29 21:57:12.583 I/GameBoosterService(11742): onForegroundInfoChanged: Cur=com.miui.home	 last=com.smartsales.prism
04-29 21:57:12.584 D/GameBoosterService(11742): onGameStatusChange foreground:ForegroundInfo{mForegroundPackageName='com.miui.home', mForegroundUid=10140, mForegroundPid=13025, mForegroundDisplayId=0, mLastForegroundPackageName='com.smartsales.prism', mLastForegroundUid=10434, mLastForegroundPid=29300, mLastForegroundDisplayId=0, mMultiWindowForegroundPackageName='com.miui.home', mMultiWindowForegroundUid=10140, mFlags=0}
04-29 21:57:12.584 D/IorapForwardingService( 4381): onForegroundInfoChanged! lastpid: 29300 lastuid: 10434 lastpkn: com.smartsales.prism curpkn: com.miui.home
04-29 21:57:12.588 D/BarFollowAnimation( 4381): pairAppearanceRegionAndWin win=Window{ee713f3 u0 com.smartsales.prism/com.smartsales.prism.MainActivity} 0
04-29 21:57:12.588 D/BarFollowAnimation( 4381): isAppTaskBarOnTop win:Window{ee713f3 u0 com.smartsales.prism/com.smartsales.prism.MainActivity} (mCurrentTopTask:Task{7dd017f #28212 type=standard A=10434:com.smartsales.prism} : false); (mAssociatedTask:Task{7dd017f #28212 type=standard A=10434:com.smartsales.prism} : false); (mHomeTask:Task{5d5aefa #1 type=home} : true); mReparentToOriginParent:false mLastAppBarVisible:true mLastHomeBarVisible:false
04-29 21:57:12.589 D/MiuiMirrorInputMethodImpl( 4381): InsetsControlTarget invalid!:Window{ee713f3 u0 com.smartsales.prism/com.smartsales.prism.MainActivity}
04-29 21:57:12.589 D/BarFollowAnimation( 4381): isAppTaskBarOnTop win:Window{a944bd7 u0 com.miui.home/com.miui.home.launcher.Launcher} (mCurrentTopTask:Task{7dd017f #28212 type=standard A=10434:com.smartsales.prism} : false); (mAssociatedTask:Task{7dd017f #28212 type=standard A=10434:com.smartsales.prism} : false); (mHomeTask:Task{5d5aefa #1 type=home} : true); mReparentToOriginParent:false mLastAppBarVisible:true mLastHomeBarVisible:false
04-29 21:57:12.590 D/DockWindowManagerService(17333): onActivityChanged: curName = ComponentInfo{com.miui.home/com.miui.home.launcher.Launcher}	preName = ComponentInfo{com.smartsales.prism/com.smartsales.prism.MainActivity}
04-29 21:57:12.592 D/BarFollowAnimation( 4381): pairAppearanceRegionAndWin win=Window{ee713f3 u0 com.smartsales.prism/com.smartsales.prism.MainActivity} 0
04-29 21:57:12.592 D/BarFollowAnimation( 4381): isAppTaskBarOnTop win:Window{a944bd7 u0 com.miui.home/com.miui.home.launcher.Launcher} (mCurrentTopTask:Task{7dd017f #28212 type=standard A=10434:com.smartsales.prism} : false); (mAssociatedTask:Task{7dd017f #28212 type=standard A=10434:com.smartsales.prism} : false); (mHomeTask:Task{5d5aefa #1 type=home} : true); mReparentToOriginParent:false mLastAppBarVisible:true mLastHomeBarVisible:false
04-29 21:57:12.594 E/ActivityManagerWrapper(13025):  mainTaskId=28212   userId=0   windowMode=1   isExcludedFromRecents=false   baseIntent=Intent { act=android.intent.action.MAIN flag=270532608 cmp=ComponentInfo{com.smartsales.prism/com.smartsales.prism.MainActivity} }
04-29 21:57:12.595 D/GlobalDock-MonitorService(11742): onForegroundInfoChanged: appUserId=0	myUserId=0	foregroundInfo = ForegroundInfo{mForegroundPackageName='com.miui.home', mForegroundUid=10140, mForegroundPid=13025, mForegroundDisplayId=0, mLastForegroundPackageName='com.smartsales.prism', mLastForegroundUid=10434, mLastForegroundPid=29300, mLastForegroundDisplayId=0, mMultiWindowForegroundPackageName='com.miui.home', mMultiWindowForegroundUid=10140, mFlags=0}
04-29 21:57:12.595 I/BeautyService(11742): onForegroundInfoChanged: Cur=com.miui.home	 last=com.smartsales.prism
04-29 21:57:12.612 D/RecentsTaskLoader(13025): reloadTasksData [TaskKey{id=28212, stackId=0, baseIntent=Intent { act=android.intent.action.MAIN cat=[android.intent.category.LAUNCHER] flg=0x10200000 cmp=com.smartsales.prism/.MainActivity }, userId=0, lastActiveTime=79261985, windowingMode=1, isThumbnailBlur=false, isAccessLocked=false, isScreening=false, topActivity=null, mHashCode=841387244}, title=智能销售-安卓, titleDescription=智能销售-安卓, bounds=null, isLaunchTarget=false, isStackTask=true, isSystemApp=false, isDockable=true, baseActivity=null, isLocked=true, mNeedHide=false, hasMultipleTasks=false, cti1Key=, cti2Key=, cti1Task=, cti2Task=] 
04-29 21:57:12.612 W/PackageConfigPersister( 4381): App-specific configuration not found for packageName: com.smartsales.prism and userId: 0
04-29 21:57:12.616 E/DynamicIslandEventCoordinator(13752): updatePkgSupportFreeform : com.smartsales.prism, true
04-29 21:57:12.616 D/MiuiClockController(13752): receive package changed com.smartsales.prism
04-29 21:57:12.616 D/MiuiClockController(13752): receive package changed com.smartsales.prism
04-29 21:57:12.617 D/DynamicIslandSafeguardsController(13752): cancelDelayExitApp com.miui.home com.smartsales.prism
04-29 21:57:12.617 D/MiuiNetworkPolicyAppBuckets( 4381): updateAppPN packageName=com.smartsales.prism,uid=10434,installed=false
04-29 21:57:12.617 D/MiuiNetworkPolicyTrafficLimit( 4381): updateAppPN packageName=com.smartsales.prism,uid=10434,installed=false
04-29 21:57:12.624 D/MiuiCarService( 4381): action:android.intent.action.PACKAGE_REMOVED, packageName:com.smartsales.prism
04-29 21:57:12.624 I/Telecom ( 4381): CarModeTracker: Package com.smartsales.prism is not tracked.: SSH.oR@SWo
04-29 21:57:12.624 E/SLM-SRV-SLAAppLib( 4381): initBroadcastReceivercom.smartsales.prism
04-29 21:57:12.624 I/SLM-SRV-SLAAppLib( 4381): ACTION_PACKAGE_REMOVED uid = 10434com.smartsales.prism
04-29 21:57:12.624 I/KernelTuningService( 4381): ACTION_PACKAGE_REMOVED uid = 10434 packageName = com.smartsales.prism
04-29 21:57:12.626 D/GnssSsruImpl( 4381): onLocationPermissionsChanged provider:passive packageName:com.smartsales.prism
04-29 21:57:12.626 D/GnssSsruImpl( 4381): onLocationPermissionsChanged provider:network packageName:com.smartsales.prism
04-29 21:57:12.626 D/GnssSsruImpl( 4381): onLocationPermissionsChanged provider:fused packageName:com.smartsales.prism
04-29 21:57:12.626 I/CurrentTilesInteractor(13752): onReceive: com.smartsales.prism is not in currentTiles
04-29 21:57:12.626 D/ActivityThread(13815): Package [com.smartsales.prism] reported as REPLACED, but missing application info. Assuming REMOVED.
04-29 21:57:12.627 D/ActivityThread(20006): Package [com.smartsales.prism] reported as REPLACED, but missing application info. Assuming REMOVED.
04-29 21:57:12.627 D/ActivityThread(32458): Package [com.smartsales.prism] reported as REPLACED, but missing application info. Assuming REMOVED.
04-29 21:57:12.627 D/ActivityThread(32359): Package [com.smartsales.prism] reported as REPLACED, but missing application info. Assuming REMOVED.
04-29 21:57:12.627 D/ActivityThread(30256): Package [com.smartsales.prism] reported as REPLACED, but missing application info. Assuming REMOVED.
04-29 21:57:12.627 D/ActivityThread(31313): Package [com.smartsales.prism] reported as REPLACED, but missing application info. Assuming REMOVED.
04-29 21:57:12.627 D/ActivityThread(11555): Package [com.smartsales.prism] reported as REPLACED, but missing application info. Assuming REMOVED.
04-29 21:57:12.627 D/ActivityThread(10669): Package [com.smartsales.prism] reported as REPLACED, but missing application info. Assuming REMOVED.
04-29 21:57:12.628 D/ActivityThread(11305): Package [com.smartsales.prism] reported as REPLACED, but missing application info. Assuming REMOVED.
04-29 21:57:12.628 D/ActivityThread(13357): Package [com.smartsales.prism] reported as REPLACED, but missing application info. Assuming REMOVED.
04-29 21:57:12.628 D/ActivityThread(15268): Package [com.smartsales.prism] reported as REPLACED, but missing application info. Assuming REMOVED.
04-29 21:57:12.628 D/ActivityThread(12931): Package [com.smartsales.prism] reported as REPLACED, but missing application info. Assuming REMOVED.
04-29 21:57:12.628 D/ActivityThread(20318): Package [com.smartsales.prism] reported as REPLACED, but missing application info. Assuming REMOVED.
04-29 21:57:12.628 D/ActivityThread(12581): Package [com.smartsales.prism] reported as REPLACED, but missing application info. Assuming REMOVED.
04-29 21:57:12.628 D/ActivityThread(15964): Package [com.smartsales.prism] reported as REPLACED, but missing application info. Assuming REMOVED.
04-29 21:57:12.628 D/ActivityThread(26998): Package [com.smartsales.prism] reported as REPLACED, but missing application info. Assuming REMOVED.
04-29 21:57:12.628 D/ActivityThread(12262): Package [com.smartsales.prism] reported as REPLACED, but missing application info. Assuming REMOVED.
04-29 21:57:12.629 D/ActivityThread( 4215): Package [com.smartsales.prism] reported as REPLACED, but missing application info. Assuming REMOVED.
04-29 21:57:12.629 D/ActivityThread(10646): Package [com.smartsales.prism] reported as REPLACED, but missing application info. Assuming REMOVED.
04-29 21:57:12.629 D/ActivityThread(17333): Package [com.smartsales.prism] reported as REPLACED, but missing application info. Assuming REMOVED.
04-29 21:57:12.629 D/ActivityThread(32365): Package [com.smartsales.prism] reported as REPLACED, but missing application info. Assuming REMOVED.
04-29 21:57:12.629 D/ActivityThread(17487): Package [com.smartsales.prism] reported as REPLACED, but missing application info. Assuming REMOVED.
04-29 21:57:12.629 D/ActivityThread(13966): Package [com.smartsales.prism] reported as REPLACED, but missing application info. Assuming REMOVED.
04-29 21:57:12.629 D/ActivityThread(13089): Package [com.smartsales.prism] reported as REPLACED, but missing application info. Assuming REMOVED.
04-29 21:57:12.629 D/ActivityThread(12012): Package [com.smartsales.prism] reported as REPLACED, but missing application info. Assuming REMOVED.
04-29 21:57:12.629 D/ActivityThread( 2885): Package [com.smartsales.prism] reported as REPLACED, but missing application info. Assuming REMOVED.
04-29 21:57:12.629 D/ActivityThread(16409): Package [com.smartsales.prism] reported as REPLACED, but missing application info. Assuming REMOVED.
04-29 21:57:12.630 D/ActivityThread(13821): Package [com.smartsales.prism] reported as REPLACED, but missing application info. Assuming REMOVED.
04-29 21:57:12.630 D/ActivityThread(19361): Package [com.smartsales.prism] reported as REPLACED, but missing application info. Assuming REMOVED.
04-29 21:57:12.630 D/ActivityThread(19578): Package [com.smartsales.prism] reported as REPLACED, but missing application info. Assuming REMOVED.
04-29 21:57:12.630 D/ActivityThread(15255): Package [com.smartsales.prism] reported as REPLACED, but missing application info. Assuming REMOVED.
04-29 21:57:12.630 D/ActivityThread(11483): Package [com.smartsales.prism] reported as REPLACED, but missing application info. Assuming REMOVED.
04-29 21:57:12.630 D/ActivityThread(11607): Package [com.smartsales.prism] reported as REPLACED, but missing application info. Assuming REMOVED.
04-29 21:57:12.630 D/ActivityThread( 9824): Package [com.smartsales.prism] reported as REPLACED, but missing application info. Assuming REMOVED.
04-29 21:57:12.630 D/ActivityThread(10837): Package [com.smartsales.prism] reported as REPLACED, but missing application info. Assuming REMOVED.
04-29 21:57:12.631 D/ActivityThread(11628): Package [com.smartsales.prism] reported as REPLACED, but missing application info. Assuming REMOVED.
04-29 21:57:12.631 D/ActivityThread(24162): Package [com.smartsales.prism] reported as REPLACED, but missing application info. Assuming REMOVED.
04-29 21:57:12.631 D/BarFollowAnimation( 4381): pairAppearanceRegionAndWin win=Window{ee713f3 u0 com.smartsales.prism/com.smartsales.prism.MainActivity} 0
04-29 21:57:12.631 D/BarFollowAnimation( 4381): isAppTaskBarOnTop win:Window{a944bd7 u0 com.miui.home/com.miui.home.launcher.Launcher} (mCurrentTopTask:Task{7dd017f #28212 type=standard A=10434:com.smartsales.prism} : false); (mAssociatedTask:Task{7dd017f #28212 type=standard A=10434:com.smartsales.prism} : false); (mHomeTask:Task{5d5aefa #1 type=home} : true); mReparentToOriginParent:false mLastAppBarVisible:true mLastHomeBarVisible:false
04-29 21:57:12.631 D/ActivityThread( 4381): Package [com.smartsales.prism] reported as REPLACED, but missing application info. Assuming REMOVED.
04-29 21:57:12.631 D/ActivityThread(13378): Package [com.smartsales.prism] reported as REPLACED, but missing application info. Assuming REMOVED.
04-29 21:57:12.631 D/ActivityThread(19359): Package [com.smartsales.prism] reported as REPLACED, but missing application info. Assuming REMOVED.
04-29 21:57:12.631 D/ActivityThread(13680): Package [com.smartsales.prism] reported as REPLACED, but missing application info. Assuming REMOVED.
04-29 21:57:12.631 D/ActivityThread(28838): Package [com.smartsales.prism] reported as REPLACED, but missing application info. Assuming REMOVED.
04-29 21:57:12.631 D/ActivityThread(13561): Package [com.smartsales.prism] reported as REPLACED, but missing application info. Assuming REMOVED.
04-29 21:57:12.632 D/ActivityThread(25578): Package [com.smartsales.prism] reported as REPLACED, but missing application info. Assuming REMOVED.
04-29 21:57:12.632 D/ActivityThread(21000): Package [com.smartsales.prism] reported as REPLACED, but missing application info. Assuming REMOVED.
04-29 21:57:12.632 D/ActivityThread(29003): Package [com.smartsales.prism] reported as REPLACED, but missing application info. Assuming REMOVED.
04-29 21:57:12.632 D/ActivityThread( 3747): Package [com.smartsales.prism] reported as REPLACED, but missing application info. Assuming REMOVED.
04-29 21:57:12.632 D/ActivityThread(15736): Package [com.smartsales.prism] reported as REPLACED, but missing application info. Assuming REMOVED.
04-29 21:57:12.633 D/ActivityThread(13440): Package [com.smartsales.prism] reported as REPLACED, but missing application info. Assuming REMOVED.
04-29 21:57:12.633 D/ActivityThread( 3838): Package [com.smartsales.prism] reported as REPLACED, but missing application info. Assuming REMOVED.
04-29 21:57:12.633 D/TransitionImpl( 4381): forceAddToTransition Task{7dd017f #28212 type=standard A=10434:com.smartsales.prism}
04-29 21:57:12.633 D/ActivityThread(26457): Package [com.smartsales.prism] reported as REPLACED, but missing application info. Assuming REMOVED.
04-29 21:57:12.633 D/WindowManager( 4381): Final targets: [ChangeInfo{e7810ad container=Task{5d5aefa #1 type=home} flags=0x30}, ChangeInfo{49cff73 container=Task{7dd017f #28212 type=standard A=10434:com.smartsales.prism} flags=0x0}, ChangeInfo{f091161 container=WallpaperWindowToken{6d6e251 showWhenLocked=false} flags=0x0}]
04-29 21:57:12.633 D/ActivityThread(13452): Package [com.smartsales.prism] reported as REPLACED, but missing application info. Assuming REMOVED.
04-29 21:57:12.634 D/ActivityThread(25283): Package [com.smartsales.prism] reported as REPLACED, but missing application info. Assuming REMOVED.
04-29 21:57:12.634 D/ActivityThread(11606): Package [com.smartsales.prism] reported as REPLACED, but missing application info. Assuming REMOVED.
04-29 21:57:12.634 I/DynamicIslandService( 4381): elementSurfaceTransition is null for:com.smartsales.prism
04-29 21:57:12.634 D/ActivityThread(14707): Package [com.smartsales.prism] reported as REPLACED, but missing application info. Assuming REMOVED.
04-29 21:57:12.634 D/WindowManager( 4381): Calling onTransitionReady info={id=206 t=CLOSE f=0x0 trk=0 r=[0@Point(0, 0)] c=[{WCT{RemoteToken{d5617c5 Task{5d5aefa #1 type=home}}} m=TO_FRONT f=SHOW_WALLPAPER|MOVE_TO_TOP leash=Surface(name=Task=1#51)/@0x5f1668f sb=Rect(0, 0 - 1440, 3200) eb=Rect(0, 0 - 1440, 3200) epz=Point(1440, 3200) d=0 taskParent=-1 v=trueMiuiChangeImpl {miuiEmbedding:false, scale:1.0}},{WCT{RemoteToken{a2a9c61 Task{7dd017f #28212 type=standard A=10434:com.smartsales.prism}}} m=CLOSE f=NONE leash=Surface(name=Task=28212#5622)/@0x6c8854c sb=Rect(0, 0 - 1440, 3200) eb=Rect(0, 0 - 1440, 3200) epz=Point(1440, 3200) d=0 taskParent=-1 v=falseMiuiChangeImpl {miuiEmbedding:false, scale:1.0}},{m=TO_FRONT f=IS_WALLPAPER leash=Surface(name=WallpaperWindowToken{6d6e251 showWhenLocked=false}#1072)/@0xe193ab6 sb=Rect(0, 0 - 1440, 3200) eb=Rect(0, 0 - 1440, 3200) epz=Point(1440, 3200) d=0 v=trueMiuiChangeImpl {miuiEmbedding:false, scale:1.0}}] mk=[true] noAni=[false] df=[false] rsa=[false] oa=[false] nc=[0] ho=[false] hla=[false] iSync=[-1]}, mToken=Token{46a9147 TransitionRecord{c2a09c4 id=206 type=CLOSE flags=0x0 c=[
04-29 21:57:12.634 D/WindowManager( 4381):    ChangeInfo{49cff73 container=Task{7dd017f #28212 type=standard A=10434:com.smartsales.prism} flags=0x0}
04-29 21:57:12.634 D/WindowManager( 4381):    ChangeInfo{6b20aa9 container=ActivityRecord{183227218 u0 com.smartsales.prism/.MainActivity t28212 f} isExiting} flags=0x0}
04-29 21:57:12.635 D/ActivityThread(11016): Package [com.smartsales.prism] reported as REPLACED, but missing application info. Assuming REMOVED.
04-29 21:57:12.635 D/ActivityThread(30908): Package [com.smartsales.prism] reported as REPLACED, but missing application info. Assuming REMOVED.
04-29 21:57:12.635 D/ActivityThread(19312): Package [com.smartsales.prism] reported as REPLACED, but missing application info. Assuming REMOVED.
04-29 21:57:12.635 E/WindowManager( 4381):  source = Task{7dd017f #28212 type=standard A=10434:com.smartsales.prism} excludeMiuiNavBar = true excludeMiuiStatusBar = true excludeIme = false excludeNavBar = true miuiNavSurfaceControl = Surface(name=NavigationBar Container of Task = 28212#5623)/@0xb9eaa38 miuiStatusSurfaceControl = Surface(name=StatusBar Container of Task = 28212#5625)/@0x1c59776
04-29 21:57:12.635 D/ActivityThread(27555): Package [com.smartsales.prism] reported as REPLACED, but missing application info. Assuming REMOVED.
04-29 21:57:12.635 D/ActivityThread(21252): Package [com.smartsales.prism] reported as REPLACED, but missing application info. Assuming REMOVED.
04-29 21:57:12.635 D/ActivityThread(10921): Package [com.smartsales.prism] reported as REPLACED, but missing application info. Assuming REMOVED.
04-29 21:57:12.636 D/ActivityThread(13415): Package [com.smartsales.prism] reported as REPLACED, but missing application info. Assuming REMOVED.
04-29 21:57:12.636 D/ActivityThread(10955): Package [com.smartsales.prism] reported as REPLACED, but missing application info. Assuming REMOVED.
04-29 21:57:12.636 D/ActivityThread(12368): Package [com.smartsales.prism] reported as REPLACED, but missing application info. Assuming REMOVED.
04-29 21:57:12.637 D/ActivityThread(12984): Package [com.smartsales.prism] reported as REPLACED, but missing application info. Assuming REMOVED.
04-29 21:57:12.637 D/ActivityThread(10986): Package [com.smartsales.prism] reported as REPLACED, but missing application info. Assuming REMOVED.
04-29 21:57:12.637 D/ActivityThread(24784): Package [com.smartsales.prism] reported as REPLACED, but missing application info. Assuming REMOVED.
04-29 21:57:12.637 D/ActivityThread(15359): Package [com.smartsales.prism] reported as REPLACED, but missing application info. Assuming REMOVED.
04-29 21:57:12.638 D/ActivityThread(20936): Package [com.smartsales.prism] reported as REPLACED, but missing application info. Assuming REMOVED.
04-29 21:57:12.638 D/ActivityThread(14802): Package [com.smartsales.prism] reported as REPLACED, but missing application info. Assuming REMOVED.
04-29 21:57:12.638 D/ActivityThread(15578): Package [com.smartsales.prism] reported as REPLACED, but missing application info. Assuming REMOVED.
04-29 21:57:12.638 D/ActivityThread(11521): Package [com.smartsales.prism] reported as REPLACED, but missing application info. Assuming REMOVED.
04-29 21:57:12.637 D/ActivityThread(13537): Package [com.smartsales.prism] reported as REPLACED, but missing application info. Assuming REMOVED.
04-29 21:57:12.638 D/ActivityThread(14456): Package [com.smartsales.prism] reported as REPLACED, but missing application info. Assuming REMOVED.
04-29 21:57:12.638 D/BarFollowAnimation( 4381): disableBarAnimation change={WCT{RemoteToken{a2a9c61 Task{7dd017f #28212 type=standard A=10434:com.smartsales.prism}}} m=CLOSE f=NONE leash=Surface(name=Task=28212#5622)/@0x6c8854c sb=Rect(0, 0 - 1440, 3200) eb=Rect(0, 0 - 1440, 3200) epz=Point(1440, 3200) d=0 taskParent=-1 v=falseMiuiChangeImpl {miuiEmbedding:false, scale:1.0}} 1 1
04-29 21:57:12.638 D/BarFollowAnimation( 4381): startStatusBarAnimation change= {WCT{RemoteToken{a2a9c61 Task{7dd017f #28212 type=standard A=10434:com.smartsales.prism}}} m=CLOSE f=NONE leash=Surface(name=Task=28212#5622)/@0x6c8854c sb=Rect(0, 0 - 1440, 3200) eb=Rect(0, 0 - 1440, 3200) epz=Point(1440, 3200) d=0 taskParent=-1 v=falseMiuiChangeImpl {miuiEmbedding:false, scale:1.0}} isRecent=false startWindowMode=1 endWindowMode=1 statusState=-1 isRotationAnimation=false
04-29 21:57:12.638 D/Launcher.Model(13025): LauncherAppsCallback onPackageChanged|com.smartsales.prism|UserHandle{0}|false
04-29 21:57:12.639 D/ActivityThread(29834): Package [com.smartsales.prism] reported as REPLACED, but missing application info. Assuming REMOVED.
04-29 21:57:12.639 D/Launcher.Model(13025): onPackageChanged: packageName = com.smartsales.prism
04-29 21:57:12.639 I/SurfaceFlinger( 2214): SF-MICapture: mode:0, layerName:com.smartsales.prism/com.smartsales.prism.MainActivity#5688
04-29 21:57:12.639 D/PackageModifiedListener(13025): checkWidgetBlurState: post WidgetBlurStateMessage com.smartsales.prism
04-29 21:57:12.639 D/MaMlHostView(13025): onMessageEvent: message = WidgetBlurStateMessage{packageName='com.smartsales.prism'}
04-29 21:57:12.639 D/MaMlHostView(13025): onMessageEvent: message = WidgetBlurStateMessage{packageName='com.smartsales.prism'}
04-29 21:57:12.639 D/MaMlHostView(13025): onMessageEvent: message = WidgetBlurStateMessage{packageName='com.smartsales.prism'}
04-29 21:57:12.639 D/MaMlHostView(13025): onMessageEvent: message = WidgetBlurStateMessage{packageName='com.smartsales.prism'}
04-29 21:57:12.639 D/MaMlHostView(13025): onMessageEvent: message = WidgetBlurStateMessage{packageName='com.smartsales.prism'}
04-29 21:57:12.639 D/Launcher.Widget(13025): onMessageEvent: message = WidgetBlurStateMessage{packageName='com.smartsales.prism'}
04-29 21:57:12.639 D/Launcher.Widget(13025): onMessageEvent: message = WidgetBlurStateMessage{packageName='com.smartsales.prism'}
04-29 21:57:12.639 D/ActivityThread(13613): Package [com.smartsales.prism] reported as REPLACED, but missing application info. Assuming REMOVED.
04-29 21:57:12.639 D/ActivityThread(13025): Package [com.smartsales.prism] reported as REPLACED, but missing application info. Assuming REMOVED.
04-29 21:57:12.642 D/ActivityThread(17469): Package [com.smartsales.prism] reported as REPLACED, but missing application info. Assuming REMOVED.
04-29 21:57:12.626 D/ActivityThread(32556): Package [com.smartsales.prism] reported as REPLACED, but missing application info. Assuming REMOVED.
04-29 21:57:12.643 D/ActivityThread(  780): Package [com.smartsales.prism] reported as REPLACED, but missing application info. Assuming REMOVED.
04-29 21:57:12.643 D/ActivityThread(17663): Package [com.smartsales.prism] reported as REPLACED, but missing application info. Assuming REMOVED.
04-29 21:57:12.643 D/ActivityThread(29361): Package [com.smartsales.prism] reported as REPLACED, but missing application info. Assuming REMOVED.
04-29 21:57:12.643 D/ActivityThread(22473): Package [com.smartsales.prism] reported as REPLACED, but missing application info. Assuming REMOVED.
04-29 21:57:12.644 D/ActivityThread(11199): Package [com.smartsales.prism] reported as REPLACED, but missing application info. Assuming REMOVED.
04-29 21:57:12.644 D/ActivityThread(32511): Package [com.smartsales.prism] reported as REPLACED, but missing application info. Assuming REMOVED.
04-29 21:57:12.644 D/ActivityThread( 6386): Package [com.smartsales.prism] reported as REPLACED, but missing application info. Assuming REMOVED.
04-29 21:57:12.644 D/ActivityThread(28929): Package [com.smartsales.prism] reported as REPLACED, but missing application info. Assuming REMOVED.
04-29 21:57:12.644 D/ActivityThread(14749): Package [com.smartsales.prism] reported as REPLACED, but missing application info. Assuming REMOVED.
04-29 21:57:12.645 D/ActivityThread(16845): Package [com.smartsales.prism] reported as REPLACED, but missing application info. Assuming REMOVED.
04-29 21:57:12.645 D/ActivityThread(25061): Package [com.smartsales.prism] reported as REPLACED, but missing application info. Assuming REMOVED.
04-29 21:57:12.646 D/ActivityThread(11334): Package [com.smartsales.prism] reported as REPLACED, but missing application info. Assuming REMOVED.
04-29 21:57:12.647 D/WindowManager( 4381): snapshot isNothing = false source = Task{7dd017f #28212 type=standard A=10434:com.smartsales.prism}
04-29 21:57:12.647 D/ActivityThread(13721): Package [com.smartsales.prism] reported as REPLACED, but missing application info. Assuming REMOVED.
