04-29 21:56:19.166 D/BarFollowAnimation( 4381): isAppTaskBarOnTop win:Window{9879ca4 u0 NotificationShade} (mCurrentTopTask:Task{7dd017f #28212 type=standard A=10434:com.smartsales.prism} : true); (mAssociatedTask:Task{7dd017f #28212 type=standard A=10434:com.smartsales.prism} : true); (mHomeTask:Task{5d5aefa #1 type=home} : false); mReparentToOriginParent:false mLastAppBarVisible:true mLastHomeBarVisible:false
04-29 21:56:19.167 I/BLASTSyncEngine( 4381): SyncGroup 204:  Unfinished container:ActivityRecord{183227218 u0 com.smartsales.prism/.MainActivity t28212}
04-29 21:56:19.167 I/BLASTSyncEngine( 4381): isActivitySyncFinished isSyncFinished false ActivityRecord{183227218 u0 com.smartsales.prism/.MainActivity t28212}
04-29 21:56:19.167 D/BarFollowAnimation( 4381): isAppTaskBarOnTop win:Window{9879ca4 u0 NotificationShade} (mCurrentTopTask:Task{7dd017f #28212 type=standard A=10434:com.smartsales.prism} : true); (mAssociatedTask:Task{7dd017f #28212 type=standard A=10434:com.smartsales.prism} : true); (mHomeTask:Task{5d5aefa #1 type=home} : false); mReparentToOriginParent:false mLastAppBarVisible:true mLastHomeBarVisible:false
04-29 21:56:19.167 I/BLASTSyncEngine( 4381): SyncGroup 204:  Unfinished container:ActivityRecord{183227218 u0 com.smartsales.prism/.MainActivity t28212}
04-29 21:56:19.167 I/BLASTSyncEngine( 4381): isActivitySyncFinished isSyncFinished false ActivityRecord{183227218 u0 com.smartsales.prism/.MainActivity t28212}
04-29 21:56:19.169 D/BarFollowAnimation( 4381): isAppTaskBarOnTop win:Window{9879ca4 u0 NotificationShade} (mCurrentTopTask:Task{7dd017f #28212 type=standard A=10434:com.smartsales.prism} : true); (mAssociatedTask:Task{7dd017f #28212 type=standard A=10434:com.smartsales.prism} : true); (mHomeTask:Task{5d5aefa #1 type=home} : false); mReparentToOriginParent:false mLastAppBarVisible:true mLastHomeBarVisible:false
04-29 21:56:19.169 I/BLASTSyncEngine( 4381): SyncGroup 204:  Unfinished container:ActivityRecord{183227218 u0 com.smartsales.prism/.MainActivity t28212}
04-29 21:56:19.169 I/BLASTSyncEngine( 4381): isActivitySyncFinished isSyncFinished false ActivityRecord{183227218 u0 com.smartsales.prism/.MainActivity t28212}
04-29 21:56:19.169 D/BarFollowAnimation( 4381): isAppTaskBarOnTop win:Window{9879ca4 u0 NotificationShade} (mCurrentTopTask:Task{7dd017f #28212 type=standard A=10434:com.smartsales.prism} : true); (mAssociatedTask:Task{7dd017f #28212 type=standard A=10434:com.smartsales.prism} : true); (mHomeTask:Task{5d5aefa #1 type=home} : false); mReparentToOriginParent:false mLastAppBarVisible:true mLastHomeBarVisible:false
04-29 21:56:19.169 I/BLASTSyncEngine( 4381): SyncGroup 204:  Unfinished container:ActivityRecord{183227218 u0 com.smartsales.prism/.MainActivity t28212}
04-29 21:56:19.169 I/BLASTSyncEngine( 4381): isActivitySyncFinished isSyncFinished false ActivityRecord{183227218 u0 com.smartsales.prism/.MainActivity t28212}
04-29 21:56:19.170 D/BarFollowAnimation( 4381): isAppTaskBarOnTop win:Window{9879ca4 u0 NotificationShade} (mCurrentTopTask:Task{7dd017f #28212 type=standard A=10434:com.smartsales.prism} : true); (mAssociatedTask:Task{7dd017f #28212 type=standard A=10434:com.smartsales.prism} : true); (mHomeTask:Task{5d5aefa #1 type=home} : false); mReparentToOriginParent:false mLastAppBarVisible:true mLastHomeBarVisible:false
04-29 21:56:19.170 I/BLASTSyncEngine( 4381): SyncGroup 204:  Unfinished container:ActivityRecord{183227218 u0 com.smartsales.prism/.MainActivity t28212}
04-29 21:56:19.170 I/BLASTSyncEngine( 4381): isActivitySyncFinished isSyncFinished false ActivityRecord{183227218 u0 com.smartsales.prism/.MainActivity t28212}
04-29 21:56:19.172 D/BarFollowAnimation( 4381): isAppTaskBarOnTop win:Window{9879ca4 u0 NotificationShade} (mCurrentTopTask:Task{7dd017f #28212 type=standard A=10434:com.smartsales.prism} : true); (mAssociatedTask:Task{7dd017f #28212 type=standard A=10434:com.smartsales.prism} : true); (mHomeTask:Task{5d5aefa #1 type=home} : false); mReparentToOriginParent:false mLastAppBarVisible:true mLastHomeBarVisible:false
04-29 21:56:19.172 I/BLASTSyncEngine( 4381): SyncGroup 204:  Unfinished container:ActivityRecord{183227218 u0 com.smartsales.prism/.MainActivity t28212}
04-29 21:56:19.172 I/BLASTSyncEngine( 4381): isActivitySyncFinished isSyncFinished false ActivityRecord{183227218 u0 com.smartsales.prism/.MainActivity t28212}
04-29 21:56:19.173 D/BarFollowAnimation( 4381): isAppTaskBarOnTop win:Window{9879ca4 u0 NotificationShade} (mCurrentTopTask:Task{7dd017f #28212 type=standard A=10434:com.smartsales.prism} : true); (mAssociatedTask:Task{7dd017f #28212 type=standard A=10434:com.smartsales.prism} : true); (mHomeTask:Task{5d5aefa #1 type=home} : false); mReparentToOriginParent:false mLastAppBarVisible:true mLastHomeBarVisible:false
04-29 21:56:19.174 I/BLASTSyncEngine( 4381): SyncGroup 204:  Unfinished container:ActivityRecord{183227218 u0 com.smartsales.prism/.MainActivity t28212}
04-29 21:56:19.174 I/BLASTSyncEngine( 4381): isActivitySyncFinished isSyncFinished false ActivityRecord{183227218 u0 com.smartsales.prism/.MainActivity t28212}
04-29 21:56:19.178 D/BarFollowAnimation( 4381): isAppTaskBarOnTop win:Window{9879ca4 u0 NotificationShade} (mCurrentTopTask:Task{7dd017f #28212 type=standard A=10434:com.smartsales.prism} : true); (mAssociatedTask:Task{7dd017f #28212 type=standard A=10434:com.smartsales.prism} : true); (mHomeTask:Task{5d5aefa #1 type=home} : false); mReparentToOriginParent:false mLastAppBarVisible:true mLastHomeBarVisible:false
04-29 21:56:19.178 I/BLASTSyncEngine( 4381): SyncGroup 204:  Unfinished container:ActivityRecord{183227218 u0 com.smartsales.prism/.MainActivity t28212}
04-29 21:56:19.178 I/BLASTSyncEngine( 4381): isActivitySyncFinished isSyncFinished false ActivityRecord{183227218 u0 com.smartsales.prism/.MainActivity t28212}
04-29 21:56:19.180 D/BarFollowAnimation( 4381): isAppTaskBarOnTop win:Window{9879ca4 u0 NotificationShade} (mCurrentTopTask:Task{7dd017f #28212 type=standard A=10434:com.smartsales.prism} : true); (mAssociatedTask:Task{7dd017f #28212 type=standard A=10434:com.smartsales.prism} : true); (mHomeTask:Task{5d5aefa #1 type=home} : false); mReparentToOriginParent:false mLastAppBarVisible:true mLastHomeBarVisible:false
04-29 21:56:19.181 I/BLASTSyncEngine( 4381): SyncGroup 204:  Unfinished container:ActivityRecord{183227218 u0 com.smartsales.prism/.MainActivity t28212}
04-29 21:56:19.181 I/BLASTSyncEngine( 4381): isActivitySyncFinished isSyncFinished false ActivityRecord{183227218 u0 com.smartsales.prism/.MainActivity t28212}
04-29 21:56:19.182 D/BarFollowAnimation( 4381): isAppTaskBarOnTop win:Window{9879ca4 u0 NotificationShade} (mCurrentTopTask:Task{7dd017f #28212 type=standard A=10434:com.smartsales.prism} : true); (mAssociatedTask:Task{7dd017f #28212 type=standard A=10434:com.smartsales.prism} : true); (mHomeTask:Task{5d5aefa #1 type=home} : false); mReparentToOriginParent:false mLastAppBarVisible:true mLastHomeBarVisible:false
04-29 21:56:19.183 I/BLASTSyncEngine( 4381): SyncGroup 204:  Unfinished container:ActivityRecord{183227218 u0 com.smartsales.prism/.MainActivity t28212}
04-29 21:56:19.183 I/BLASTSyncEngine( 4381): isActivitySyncFinished isSyncFinished false ActivityRecord{183227218 u0 com.smartsales.prism/.MainActivity t28212}
04-29 21:56:19.184 D/BarFollowAnimation( 4381): isAppTaskBarOnTop win:Window{9879ca4 u0 NotificationShade} (mCurrentTopTask:Task{7dd017f #28212 type=standard A=10434:com.smartsales.prism} : true); (mAssociatedTask:Task{7dd017f #28212 type=standard A=10434:com.smartsales.prism} : true); (mHomeTask:Task{5d5aefa #1 type=home} : false); mReparentToOriginParent:false mLastAppBarVisible:true mLastHomeBarVisible:false
04-29 21:56:19.184 I/BLASTSyncEngine( 4381): SyncGroup 204:  Unfinished container:ActivityRecord{183227218 u0 com.smartsales.prism/.MainActivity t28212}
04-29 21:56:19.184 I/BLASTSyncEngine( 4381): isActivitySyncFinished isSyncFinished false ActivityRecord{183227218 u0 com.smartsales.prism/.MainActivity t28212}
04-29 21:56:19.184 D/BarFollowAnimation( 4381): isAppTaskBarOnTop win:Window{9879ca4 u0 NotificationShade} (mCurrentTopTask:Task{7dd017f #28212 type=standard A=10434:com.smartsales.prism} : true); (mAssociatedTask:Task{7dd017f #28212 type=standard A=10434:com.smartsales.prism} : true); (mHomeTask:Task{5d5aefa #1 type=home} : false); mReparentToOriginParent:false mLastAppBarVisible:true mLastHomeBarVisible:false
04-29 21:56:19.185 I/BLASTSyncEngine( 4381): SyncGroup 204:  Unfinished container:ActivityRecord{183227218 u0 com.smartsales.prism/.MainActivity t28212}
04-29 21:56:19.185 I/BLASTSyncEngine( 4381): isActivitySyncFinished isSyncFinished false ActivityRecord{183227218 u0 com.smartsales.prism/.MainActivity t28212}
04-29 21:56:19.190 D/CoreBackPreview( 4381): Window{fc2c1af u0 com.smartsales.prism/com.smartsales.prism.MainActivity}: Setting back callback null
04-29 21:56:19.192 D/BarFollowAnimation( 4381): isAppTaskBarOnTop win:Window{9879ca4 u0 NotificationShade} (mCurrentTopTask:Task{7dd017f #28212 type=standard A=10434:com.smartsales.prism} : true); (mAssociatedTask:Task{7dd017f #28212 type=standard A=10434:com.smartsales.prism} : true); (mHomeTask:Task{5d5aefa #1 type=home} : false); mReparentToOriginParent:false mLastAppBarVisible:true mLastHomeBarVisible:false
04-29 21:56:19.192 I/BLASTSyncEngine( 4381): SyncGroup 204:  Unfinished container:ActivityRecord{183227218 u0 com.smartsales.prism/.MainActivity t28212}
04-29 21:56:19.192 I/BLASTSyncEngine( 4381): isActivitySyncFinished isSyncFinished false ActivityRecord{183227218 u0 com.smartsales.prism/.MainActivity t28212}
04-29 21:56:19.194 D/BarFollowAnimation( 4381): isAppTaskBarOnTop win:Window{9879ca4 u0 NotificationShade} (mCurrentTopTask:Task{7dd017f #28212 type=standard A=10434:com.smartsales.prism} : true); (mAssociatedTask:Task{7dd017f #28212 type=standard A=10434:com.smartsales.prism} : true); (mHomeTask:Task{5d5aefa #1 type=home} : false); mReparentToOriginParent:false mLastAppBarVisible:true mLastHomeBarVisible:false
04-29 21:56:19.194 I/BLASTSyncEngine( 4381): SyncGroup 204:  Unfinished container:ActivityRecord{183227218 u0 com.smartsales.prism/.MainActivity t28212}
04-29 21:56:19.194 I/BLASTSyncEngine( 4381): isActivitySyncFinished isSyncFinished false ActivityRecord{183227218 u0 com.smartsales.prism/.MainActivity t28212}
04-29 21:56:19.195 D/BarFollowAnimation( 4381): onTaskInfoChanedForCaptionBar Task{7dd017f #28212 type=standard A=10434:com.smartsales.prism} shouldbeVisible:true isVisible:false isOnTop:true windowMode:1 preDisplayId:-1 displayId:0 mCaptionAssociatedTask:null mIsTouchedInCaption:false
04-29 21:56:19.197 D/WmSystemUiDebug(29300): set navigation bar color,Alpha=0.0, RGB:0,0,0 caller:androidx.activity.EdgeToEdgeApi29.setUp:312 androidx.activity.EdgeToEdge.enable:93 com.smartsales.prism.MainActivity.onCreate:65 android.app.Activity.performCreate:9428 android.app.Activity.performCreate:9371 android.app.Instrumentation.callActivityOnCreate:1537 android.app.ActivityThread.performLaunchActivity:4703 android.app.ActivityThread.handleLaunchActivity:4950 android.app.ActivityThread.handleRelaunchActivityInner:7205 android.app.ActivityThread.handleRelaunchActivity:7096 
04-29 21:56:19.197 D/Activity(29300): Activity = ActivityInfo{9cd746 com.smartsales.prism.MainActivity}, Resume onConfigurationChanged = {1.0 460mcc11mnc [zh_CN] ldltr sw384dp w384dp h792dp 600dpi nrml long hdr widecg port night finger -keyb/v/h -nav/h winConfig={ mBounds=Rect(0, 0 - 1440, 3200) mAppBounds=Rect(0, 169 - 1440, 3140) mMaxBounds=Rect(0, 0 - 1440, 3200) mDisplayRotation=ROTATION_0 mWindowingMode=fullscreen mActivityType=standard mAlwaysOnTop=undefined mRotation=ROTATION_0 mInSplitScreen=false letterBoxed=false foScaled=false isSpecificEmbedded=false embeddingScale=1.0} s.3 fontWeightAdjustment=0/d/o themeChanged=0 themeChangedFlags=0 display=0 extraData = Bundle[{}] screenType=0/o}
04-29 21:56:19.203 D/MiuiDecorationController(13752): relayout::taskId=28212, visible=false, bounds=Rect(0, 0 - 1440, 3200), focused=true, oldImmersive=false, newImmersive=false, windowMode=1, activityType=1, displayId=0, baseActivity=ComponentInfo{com.smartsales.prism/com.smartsales.prism.MainActivity}, topActivity=ComponentInfo{com.smartsales.prism/com.smartsales.prism.MainActivity}, callers=com.android.wm.shell.multitasking.miuimultiwinswitch.miuiwindowdecor.decoration.MiuiDecorationController.relayout:4 com.android.wm.shell.multitasking.miuimultiwinswitch.miuiwindowdecor.MulWinSwitchDecorViewModel.onTaskInfoChanged:18 com.android.wm.shell.multitasking.common.taskmanager.MultiTaskingTaskListener.onTaskInfoChanged:47 com.android.wm.shell.ShellTaskOrganizer.onTaskInfoChanged:136 android.window.TaskOrganizer$1.lambda$onTaskInfoChanged$6:300 
04-29 21:56:19.205 I/DataHub ( 4381): registerUIAgentListener packageName: com.smartsales.prism~10434, client:miui.security.IUIAgentInteractionClient$Stub$Proxy@67d18e5
04-29 21:56:19.205 I/RemoteCallbackList( 4381): register success, put callback for com.smartsales.prism~10434
04-29 21:56:19.209 D/DecorViewImmersiveImpl(29300): onAttachedToWindow. pkg: com.smartsales.prism
04-29 21:56:19.209 D/DecorViewImmersiveImpl(29300): getWindowType: 1 title:com.smartsales.prism/com.smartsales.prism.MainActivity
04-29 21:56:19.221 D/CoreBackPreview( 4381): Window{ee713f3 u0 com.smartsales.prism/com.smartsales.prism.MainActivity}: Setting back callback OnBackInvokedCallbackInfo{mCallback=android.window.IOnBackInvokedCallback$Stub$Proxy@6f78fba, mPriority=0, mIsAnimationCallback=false, mOverrideBehavior=0}
04-29 21:56:19.229 D/BarFollowAnimation( 4381): isAppTaskBarOnTop win:Window{9879ca4 u0 NotificationShade} (mCurrentTopTask:Task{7dd017f #28212 type=standard A=10434:com.smartsales.prism} : true); (mAssociatedTask:Task{7dd017f #28212 type=standard A=10434:com.smartsales.prism} : true); (mHomeTask:Task{5d5aefa #1 type=home} : false); mReparentToOriginParent:false mLastAppBarVisible:true mLastHomeBarVisible:false
04-29 21:56:19.239 I/WindowManager( 4381): finishDrawing of relaunch: Window{ee713f3 u0 com.smartsales.prism/com.smartsales.prism.MainActivity} 89ms
04-29 21:56:19.239 D/WindowManager( 4381): wms.finishDrawingLocked: mDrawState=COMMIT_DRAW_PENDING Window{ee713f3 u0 com.smartsales.prism/com.smartsales.prism.MainActivity} in Surface(name=com.smartsales.prism/com.smartsales.prism.MainActivity#5688)/@0x90f0e6b
04-29 21:56:19.240 D/BarFollowAnimation( 4381): isAppTaskBarOnTop win:Window{9879ca4 u0 NotificationShade} (mCurrentTopTask:Task{7dd017f #28212 type=standard A=10434:com.smartsales.prism} : true); (mAssociatedTask:Task{7dd017f #28212 type=standard A=10434:com.smartsales.prism} : true); (mHomeTask:Task{5d5aefa #1 type=home} : false); mReparentToOriginParent:false mLastAppBarVisible:true mLastHomeBarVisible:false
04-29 21:56:19.240 D/WindowManager( 4381): wms.commitFinishDrawingLocked: mDrawState=READY_TO_SHOW Window{ee713f3 u0 com.smartsales.prism/com.smartsales.prism.MainActivity} in Surface(name=com.smartsales.prism/com.smartsales.prism.MainActivity#5688)/@0x90f0e6b
04-29 21:56:19.240 I/WindowManager( 4381): onFirstWindowDrawn, try to remove startingWindow. ar: ActivityRecord{183227218 u0 com.smartsales.prism/.MainActivity t28212}  associatedTask: null  isMainWindow: true  startingWindow: Window{667a9b9 u0 Splash Screen com.smartsales.prism}  startingData: SplashScreenStartingData{9c13405 removeAfterTransaction= 0}
04-29 21:56:19.240 I/WindowManager( 4381):    ChangeInfo{3260b81 container=Task{7dd017f #28212 type=standard A=10434:com.smartsales.prism} flags=0x0}
04-29 21:56:19.240 I/WindowManager( 4381):    ChangeInfo{f5a0614 container=ActivityRecord{183227218 u0 com.smartsales.prism/.MainActivity t28212} flags=0x0}
04-29 21:56:19.241 D/BarFollowAnimation( 4381): isAppTaskBarOnTop win:Window{9879ca4 u0 NotificationShade} (mCurrentTopTask:Task{7dd017f #28212 type=standard A=10434:com.smartsales.prism} : true); (mAssociatedTask:Task{7dd017f #28212 type=standard A=10434:com.smartsales.prism} : true); (mHomeTask:Task{5d5aefa #1 type=home} : false); mReparentToOriginParent:false mLastAppBarVisible:true mLastHomeBarVisible:false
04-29 21:56:19.241 D/WindowManager( 4381): wms.commitFinishDrawingLocked: mDrawState=READY_TO_SHOW Window{ee713f3 u0 com.smartsales.prism/com.smartsales.prism.MainActivity} in Surface(name=com.smartsales.prism/com.smartsales.prism.MainActivity#5688)/@0x90f0e6b
04-29 21:56:19.241 I/WindowManager( 4381): onFirstWindowDrawn, try to remove startingWindow. ar: ActivityRecord{183227218 u0 com.smartsales.prism/.MainActivity t28212}  associatedTask: null  isMainWindow: true  startingWindow: Window{667a9b9 u0 Splash Screen com.smartsales.prism}  startingData: SplashScreenStartingData{9c13405 removeAfterTransaction= 1}
04-29 21:56:19.241 I/WindowManager( 4381):    ChangeInfo{3260b81 container=Task{7dd017f #28212 type=standard A=10434:com.smartsales.prism} flags=0x0}
04-29 21:56:19.241 I/WindowManager( 4381):    ChangeInfo{f5a0614 container=ActivityRecord{183227218 u0 com.smartsales.prism/.MainActivity t28212} flags=0x0}
04-29 21:56:19.243 I/WindowManager( 4381): onFirstWindowDrawn, try to remove startingWindow. ar: ActivityRecord{183227218 u0 com.smartsales.prism/.MainActivity t28212}  associatedTask: null  isMainWindow: true  startingWindow: Window{667a9b9 u0 Splash Screen com.smartsales.prism}  startingData: SplashScreenStartingData{9c13405 removeAfterTransaction= 1}
04-29 21:56:19.243 I/WindowManager( 4381):    ChangeInfo{3260b81 container=Task{7dd017f #28212 type=standard A=10434:com.smartsales.prism} flags=0x0}
04-29 21:56:19.243 I/WindowManager( 4381):    ChangeInfo{f5a0614 container=ActivityRecord{183227218 u0 com.smartsales.prism/.MainActivity t28212} flags=0x0}
04-29 21:56:19.296 I/DisplayPolicyStubImpl( 4381): boost for touch up, package:com.smartsales.prism
04-29 21:56:19.311 D/BarFollowAnimation( 4381): isAppTaskBarOnTop win:Window{9879ca4 u0 NotificationShade} (mCurrentTopTask:Task{7dd017f #28212 type=standard A=10434:com.smartsales.prism} : true); (mAssociatedTask:Task{7dd017f #28212 type=standard A=10434:com.smartsales.prism} : true); (mHomeTask:Task{5d5aefa #1 type=home} : false); mReparentToOriginParent:false mLastAppBarVisible:true mLastHomeBarVisible:false
04-29 21:56:19.311 D/WindowManager( 4381): wms.commitFinishDrawingLocked: mDrawState=READY_TO_SHOW Window{ee713f3 u0 com.smartsales.prism/com.smartsales.prism.MainActivity} in Surface(name=com.smartsales.prism/com.smartsales.prism.MainActivity#5688)/@0x90f0e6b
04-29 21:56:19.311 I/WindowManager( 4381): onFirstWindowDrawn, try to remove startingWindow. ar: ActivityRecord{183227218 u0 com.smartsales.prism/.MainActivity t28212}  associatedTask: null  isMainWindow: true  startingWindow: Window{667a9b9 u0 Splash Screen com.smartsales.prism}  startingData: SplashScreenStartingData{9c13405 removeAfterTransaction= 1}
04-29 21:56:19.311 I/WindowManager( 4381):    ChangeInfo{3260b81 container=Task{7dd017f #28212 type=standard A=10434:com.smartsales.prism} flags=0x0}
04-29 21:56:19.311 I/WindowManager( 4381):    ChangeInfo{f5a0614 container=ActivityRecord{183227218 u0 com.smartsales.prism/.MainActivity t28212} flags=0x0}
04-29 21:56:19.312 D/BarFollowAnimation( 4381): isAppTaskBarOnTop win:Window{9879ca4 u0 NotificationShade} (mCurrentTopTask:Task{7dd017f #28212 type=standard A=10434:com.smartsales.prism} : true); (mAssociatedTask:Task{7dd017f #28212 type=standard A=10434:com.smartsales.prism} : true); (mHomeTask:Task{5d5aefa #1 type=home} : false); mReparentToOriginParent:false mLastAppBarVisible:true mLastHomeBarVisible:false
04-29 21:56:19.312 D/WindowManager( 4381): wms.commitFinishDrawingLocked: mDrawState=READY_TO_SHOW Window{ee713f3 u0 com.smartsales.prism/com.smartsales.prism.MainActivity} in Surface(name=com.smartsales.prism/com.smartsales.prism.MainActivity#5688)/@0x90f0e6b
04-29 21:56:19.312 I/WindowManager( 4381): onFirstWindowDrawn, try to remove startingWindow. ar: ActivityRecord{183227218 u0 com.smartsales.prism/.MainActivity t28212}  associatedTask: null  isMainWindow: true  startingWindow: Window{667a9b9 u0 Splash Screen com.smartsales.prism}  startingData: SplashScreenStartingData{9c13405 removeAfterTransaction= 1}
04-29 21:56:19.312 I/WindowManager( 4381):    ChangeInfo{3260b81 container=Task{7dd017f #28212 type=standard A=10434:com.smartsales.prism} flags=0x0}
04-29 21:56:19.312 I/WindowManager( 4381):    ChangeInfo{f5a0614 container=ActivityRecord{183227218 u0 com.smartsales.prism/.MainActivity t28212} flags=0x0}
04-29 21:56:19.313 I/WindowManager( 4381): onFirstWindowDrawn, try to remove startingWindow. ar: ActivityRecord{183227218 u0 com.smartsales.prism/.MainActivity t28212}  associatedTask: null  isMainWindow: true  startingWindow: Window{667a9b9 u0 Splash Screen com.smartsales.prism}  startingData: SplashScreenStartingData{9c13405 removeAfterTransaction= 1}
04-29 21:56:19.313 I/WindowManager( 4381):    ChangeInfo{3260b81 container=Task{7dd017f #28212 type=standard A=10434:com.smartsales.prism} flags=0x0}
04-29 21:56:19.313 I/WindowManager( 4381):    ChangeInfo{f5a0614 container=ActivityRecord{183227218 u0 com.smartsales.prism/.MainActivity t28212} flags=0x0}
04-29 21:56:19.313 I/VRI[prism](13752): DisplayState - old: 3, new: 2
04-29 21:56:19.321 I/WindowManager( 4381): onFirstWindowDrawn, try to remove startingWindow. ar: ActivityRecord{183227218 u0 com.smartsales.prism/.MainActivity t28212}  associatedTask: null  isMainWindow: true  startingWindow: Window{667a9b9 u0 Splash Screen com.smartsales.prism}  startingData: SplashScreenStartingData{9c13405 removeAfterTransaction= 1}
04-29 21:56:19.321 I/WindowManager( 4381):    ChangeInfo{3260b81 container=Task{7dd017f #28212 type=standard A=10434:com.smartsales.prism} flags=0x0}
04-29 21:56:19.321 I/WindowManager( 4381):    ChangeInfo{f5a0614 container=ActivityRecord{183227218 u0 com.smartsales.prism/.MainActivity t28212} flags=0x0}
04-29 21:56:19.340 D/BarFollowAnimation( 4381): isAppTaskBarOnTop win:Window{9879ca4 u0 NotificationShade} (mCurrentTopTask:Task{7dd017f #28212 type=standard A=10434:com.smartsales.prism} : true); (mAssociatedTask:Task{7dd017f #28212 type=standard A=10434:com.smartsales.prism} : true); (mHomeTask:Task{5d5aefa #1 type=home} : false); mReparentToOriginParent:false mLastAppBarVisible:true mLastHomeBarVisible:false
04-29 21:56:19.341 D/WindowManager( 4381): wms.commitFinishDrawingLocked: mDrawState=READY_TO_SHOW Window{ee713f3 u0 com.smartsales.prism/com.smartsales.prism.MainActivity} in Surface(name=com.smartsales.prism/com.smartsales.prism.MainActivity#5688)/@0x90f0e6b
04-29 21:56:19.341 I/WindowManager( 4381): onFirstWindowDrawn, try to remove startingWindow. ar: ActivityRecord{183227218 u0 com.smartsales.prism/.MainActivity t28212}  associatedTask: null  isMainWindow: true  startingWindow: Window{667a9b9 u0 Splash Screen com.smartsales.prism}  startingData: SplashScreenStartingData{9c13405 removeAfterTransaction= 1}
04-29 21:56:19.341 I/WindowManager( 4381):    ChangeInfo{3260b81 container=Task{7dd017f #28212 type=standard A=10434:com.smartsales.prism} flags=0x0}
04-29 21:56:19.341 I/WindowManager( 4381):    ChangeInfo{f5a0614 container=ActivityRecord{183227218 u0 com.smartsales.prism/.MainActivity t28212} flags=0x0}
04-29 21:56:19.342 I/WindowManager( 4381): onFirstWindowDrawn, try to remove startingWindow. ar: ActivityRecord{183227218 u0 com.smartsales.prism/.MainActivity t28212}  associatedTask: null  isMainWindow: true  startingWindow: Window{667a9b9 u0 Splash Screen com.smartsales.prism}  startingData: SplashScreenStartingData{9c13405 removeAfterTransaction= 1}
04-29 21:56:19.342 I/WindowManager( 4381):    ChangeInfo{3260b81 container=Task{7dd017f #28212 type=standard A=10434:com.smartsales.prism} flags=0x0}
04-29 21:56:19.342 I/WindowManager( 4381):    ChangeInfo{f5a0614 container=ActivityRecord{183227218 u0 com.smartsales.prism/.MainActivity t28212} flags=0x0}
04-29 21:56:19.349 I/WindowManager( 4381): onFirstWindowDrawn, try to remove startingWindow. ar: ActivityRecord{183227218 u0 com.smartsales.prism/.MainActivity t28212}  associatedTask: null  isMainWindow: true  startingWindow: Window{667a9b9 u0 Splash Screen com.smartsales.prism}  startingData: SplashScreenStartingData{9c13405 removeAfterTransaction= 1}
04-29 21:56:19.349 I/WindowManager( 4381):    ChangeInfo{3260b81 container=Task{7dd017f #28212 type=standard A=10434:com.smartsales.prism} flags=0x0}
04-29 21:56:19.349 I/WindowManager( 4381):    ChangeInfo{f5a0614 container=ActivityRecord{183227218 u0 com.smartsales.prism/.MainActivity t28212} flags=0x0}
04-29 21:56:19.352 D/BarFollowAnimation( 4381): isAppTaskBarOnTop win:Window{9879ca4 u0 NotificationShade} (mCurrentTopTask:Task{7dd017f #28212 type=standard A=10434:com.smartsales.prism} : true); (mAssociatedTask:Task{7dd017f #28212 type=standard A=10434:com.smartsales.prism} : true); (mHomeTask:Task{5d5aefa #1 type=home} : false); mReparentToOriginParent:false mLastAppBarVisible:true mLastHomeBarVisible:false
04-29 21:56:19.352 D/WindowManager( 4381): wms.commitFinishDrawingLocked: mDrawState=READY_TO_SHOW Window{ee713f3 u0 com.smartsales.prism/com.smartsales.prism.MainActivity} in Surface(name=com.smartsales.prism/com.smartsales.prism.MainActivity#5688)/@0x90f0e6b
04-29 21:56:19.352 I/WindowManager( 4381): onFirstWindowDrawn, try to remove startingWindow. ar: ActivityRecord{183227218 u0 com.smartsales.prism/.MainActivity t28212}  associatedTask: null  isMainWindow: true  startingWindow: Window{667a9b9 u0 Splash Screen com.smartsales.prism}  startingData: SplashScreenStartingData{9c13405 removeAfterTransaction= 1}
04-29 21:56:19.352 I/WindowManager( 4381):    ChangeInfo{3260b81 container=Task{7dd017f #28212 type=standard A=10434:com.smartsales.prism} flags=0x0}
04-29 21:56:19.352 I/WindowManager( 4381):    ChangeInfo{f5a0614 container=ActivityRecord{183227218 u0 com.smartsales.prism/.MainActivity t28212} flags=0x0}
04-29 21:56:19.352 I/SmartPower: com.smartsales.prism/10434(29300)( 4381): invisible->visible(203ms) R(become visible) adj=0.
04-29 21:56:19.352 D/BarFollowAnimation( 4381): onTaskInfoChanedForCaptionBar Task{7dd017f #28212 type=standard A=10434:com.smartsales.prism} shouldbeVisible:true isVisible:true isOnTop:true windowMode:1 preDisplayId:-1 displayId:0 mCaptionAssociatedTask:null mIsTouchedInCaption:false
04-29 21:56:19.352 I/WindowManager( 4381): ar has drawn, do not show Starting for = ActivityRecord{183227218 u0 com.smartsales.prism/.MainActivity t28212}
04-29 21:56:19.352 D/WindowManager( 4381): wms.commitFinishDrawingLocked: mDrawState=READY_TO_SHOW Window{ee713f3 u0 com.smartsales.prism/com.smartsales.prism.MainActivity} in Surface(name=com.smartsales.prism/com.smartsales.prism.MainActivity#5688)/@0x90f0e6b
04-29 21:56:19.352 I/WindowManager( 4381): onFirstWindowDrawn, try to remove startingWindow. ar: ActivityRecord{183227218 u0 com.smartsales.prism/.MainActivity t28212}  associatedTask: null  isMainWindow: true  startingWindow: Window{667a9b9 u0 Splash Screen com.smartsales.prism}  startingData: SplashScreenStartingData{9c13405 removeAfterTransaction= 1}
04-29 21:56:19.353 I/WindowManager( 4381):    ChangeInfo{3260b81 container=Task{7dd017f #28212 type=standard A=10434:com.smartsales.prism} flags=0x0}
04-29 21:56:19.353 I/WindowManager( 4381):    ChangeInfo{f5a0614 container=ActivityRecord{183227218 u0 com.smartsales.prism/.MainActivity t28212} flags=0x0}
04-29 21:56:19.353 I/WindowManager( 4381): wms.showSurfaceRobustly mWin:Window{ee713f3 u0 com.smartsales.prism/com.smartsales.prism.MainActivity} in Surface(name=com.smartsales.prism/com.smartsales.prism.MainActivity#5688)/@0x90f0e6b
04-29 21:56:19.353 D/WindowManager( 4381): Final targets: [ChangeInfo{3260b81 container=Task{7dd017f #28212 type=standard A=10434:com.smartsales.prism} flags=0x10}, ChangeInfo{ea6debd container=DefaultTaskDisplayArea@207942879 flags=0x10}, ChangeInfo{57a6426 container=WallpaperWindowToken{92e7ac7 showWhenLocked=true} flags=0x0}, ChangeInfo{5429b68 container=WallpaperWindowToken{6d6e251 showWhenLocked=false} flags=0x0}]
04-29 21:56:19.353 D/WindowManager( 4381): Calling onTransitionReady info={id=204 t=TO_BACK f=0x108 trk=0 r=[0@Point(0, 0)] c=[{WCT{RemoteToken{a2a9c61 Task{7dd017f #28212 type=standard A=10434:com.smartsales.prism}}} m=TO_FRONT f=NONE p=WCT{RemoteToken{44551a DefaultTaskDisplayArea@207942879}} leash=Surface(name=Task=28212#5622)/@0x6c8854c sb=Rect(0, 0 - 1440, 3200) eb=Rect(0, 0 - 1440, 3200) epz=Point(1440, 3200) d=0 taskParent=-1 v=trueMiuiChangeImpl {miuiEmbedding:false, scale:1.0}},{WCT{RemoteToken{44551a DefaultTaskDisplayArea@207942879}} m=TO_FRONT f=FLAG_IS_TASK_DISPLAY_AREA leash=Surface(name=DefaultTaskDisplayArea#10)/@0xf8723ea sb=Rect(0, 0 - 1440, 3200) eb=Rect(0, 0 - 1440, 3200) epz=Point(1440, 3200) d=0 v=trueMiuiChangeImpl {miuiEmbedding:false, scale:1.0}},{m=TO_BACK f=IS_WALLPAPER leash=Surface(name=WallpaperWindowToken{92e7ac7 showWhenLocked=false}#1071)/@0xf1d18f4 sb=Rect(0, 0 - 1440, 3200) eb=Rect(0, 0 - 1440, 3200) epz=Point(1440, 3200) d=0 v=falseMiuiChangeImpl {miuiEmbedding:false, scale:1.0}},{m=CHANGE f=IS_WALLPAPER leash=Surface(name=WallpaperWindowToken{6d6e251 showWhenLocked=false}#1072)/@0xe193ab6 sb=Rect(0, 0 - 1440, 3200) eb=Rect(0, 0 - 1440, 3200) epz=Point(1440, 3200) d=0 v=falseMiuiChangeImpl {miuiEmbedding:false, scale:1.0}}] mk=[true] noAni=[false] df=[false] rsa=[false] oa=[false] nc=[0] ho=[false] hla=[false] iSync=[-1]}, mToken=Token{43c0ca4 TransitionRecord{6cc794e id=204 type=TO_BACK flags=0x108 c=[
04-29 21:56:19.353 D/WindowManager( 4381):    ChangeInfo{3260b81 container=Task{7dd017f #28212 type=standard A=10434:com.smartsales.prism} flags=0x10}
04-29 21:56:19.353 D/WindowManager( 4381):    ChangeInfo{f5a0614 container=ActivityRecord{183227218 u0 com.smartsales.prism/.MainActivity t28212} flags=0x0}
04-29 21:56:19.354 D/BarFollowAnimation( 4381): disableBarAnimation change={WCT{RemoteToken{a2a9c61 Task{7dd017f #28212 type=standard A=10434:com.smartsales.prism}}} m=TO_FRONT f=NONE p=WCT{RemoteToken{44551a DefaultTaskDisplayArea@207942879}} leash=Surface(name=Task=28212#5622)/@0x6c8854c sb=Rect(0, 0 - 1440, 3200) eb=Rect(0, 0 - 1440, 3200) epz=Point(1440, 3200) d=0 taskParent=-1 v=trueMiuiChangeImpl {miuiEmbedding:false, scale:1.0}} 1 1
04-29 21:56:19.354 D/BarFollowAnimation( 4381): startStatusBarAnimation change= {WCT{RemoteToken{a2a9c61 Task{7dd017f #28212 type=standard A=10434:com.smartsales.prism}}} m=TO_FRONT f=NONE p=WCT{RemoteToken{44551a DefaultTaskDisplayArea@207942879}} leash=Surface(name=Task=28212#5622)/@0x6c8854c sb=Rect(0, 0 - 1440, 3200) eb=Rect(0, 0 - 1440, 3200) epz=Point(1440, 3200) d=0 taskParent=-1 v=trueMiuiChangeImpl {miuiEmbedding:false, scale:1.0}} isRecent=false startWindowMode=1 endWindowMode=1 statusState=-1 isRotationAnimation=false
04-29 21:56:19.354 D/BarFollowAnimation( 4381): startStatusBarAnimation task=Task{7dd017f #28212 type=standard A=10434:com.smartsales.prism}
04-29 21:56:19.354 D/BarFollowAnimation( 4381): bindAssociatedTask task=Task{7dd017f #28212 type=standard A=10434:com.smartsales.prism}
04-29 21:56:19.354 V/WindowManager( 4381):         {WCT{RemoteToken{a2a9c61 Task{7dd017f #28212 type=standard A=10434:com.smartsales.prism}}} m=TO_FRONT f=NONE p=WCT{RemoteToken{44551a DefaultTaskDisplayArea@207942879}} leash=Surface(name=Task=28212#5622)/@0x6c8854c sb=Rect(0, 0 - 1440, 3200) eb=Rect(0, 0 - 1440, 3200) epz=Point(1440, 3200) d=0 taskParent=-1 v=trueMiuiChangeImpl {miuiEmbedding:false, scale:1.0}},
04-29 21:56:19.355 D/MiuiDecorationController(13752): relayout::taskId=28212, visible=true, bounds=Rect(0, 0 - 1440, 3200), focused=true, oldImmersive=false, newImmersive=false, windowMode=1, activityType=1, displayId=0, baseActivity=ComponentInfo{com.smartsales.prism/com.smartsales.prism.MainActivity}, topActivity=ComponentInfo{com.smartsales.prism/com.smartsales.prism.MainActivity}, callers=com.android.wm.shell.multitasking.miuimultiwinswitch.miuiwindowdecor.MulWinSwitchDecorViewModel.onTaskChanging:110 com.android.wm.shell.freeform.FreeformTaskTransitionObserver.onTransitionReady:283 com.android.wm.shell.transition.Transitions.dispatchReady:241 com.android.wm.shell.transition.Transitions.onTransitionReady:280 com.android.wm.shell.transition.Transitions$TransitionPlayerImpl$$ExternalSyntheticLambda1.run:48 
04-29 21:56:19.356 D/ActivityTaskManager( 4381):  setSkipCaptureLayers tr: Task{7dd017f #28212 type=standard A=10434:com.smartsales.prism}
04-29 21:56:19.366 D/MiuiDecorationController(13752): relayout::taskId=28212, visible=true, bounds=Rect(0, 0 - 1440, 3200), focused=true, oldImmersive=false, newImmersive=false, windowMode=1, activityType=1, displayId=0, baseActivity=ComponentInfo{com.smartsales.prism/com.smartsales.prism.MainActivity}, topActivity=ComponentInfo{com.smartsales.prism/com.smartsales.prism.MainActivity}, callers=com.android.wm.shell.multitasking.miuimultiwinswitch.miuiwindowdecor.decoration.MiuiDecorationController.relayout:4 com.android.wm.shell.multitasking.miuimultiwinswitch.miuiwindowdecor.MulWinSwitchDecorViewModel.onTaskInfoChanged:18 com.android.wm.shell.multitasking.common.taskmanager.MultiTaskingTaskListener.onTaskInfoChanged:47 com.android.wm.shell.ShellTaskOrganizer.onTaskInfoChanged:136 android.window.TaskOrganizer$1.lambda$onTaskInfoChanged$6:300 
04-29 21:56:19.371 D/ActivityTaskManager( 4381):  setSkipCaptureLayers tr: Task{7dd017f #28212 type=standard A=10434:com.smartsales.prism}
04-29 21:56:19.379 I/WindowManager( 4381): StartingWindow exit animation finished, win = Window{667a9b9 u0 Splash Screen com.smartsales.prism EXITING} remove = false
04-29 21:56:19.380 D/MiuiMirrorInputMethodImpl( 4381): InsetsControlTarget invalid!:Window{fc2c1af u0 com.smartsales.prism/com.smartsales.prism.MainActivity}
04-29 21:56:19.380 D/WindowManager( 4381): postWindowRemoveCleanupLocked: Removing startingWindow Window{667a9b9 u0 Splash Screen com.smartsales.prism} from ActivityRecord{183227218 u0 com.smartsales.prism/.MainActivity t28212} activity = ActivityRecord{183227218 u0 com.smartsales.prism/.MainActivity t28212}
04-29 21:56:19.380 D/BarFollowAnimation( 4381): pairAppearanceRegionAndWin win=Window{ee713f3 u0 com.smartsales.prism/com.smartsales.prism.MainActivity} 0
04-29 21:56:19.380 D/BarFollowAnimation( 4381): isAppTaskBarOnTop win:Window{9879ca4 u0 NotificationShade} (mCurrentTopTask:Task{7dd017f #28212 type=standard A=10434:com.smartsales.prism} : true); (mAssociatedTask:Task{7dd017f #28212 type=standard A=10434:com.smartsales.prism} : true); (mHomeTask:Task{5d5aefa #1 type=home} : false); mReparentToOriginParent:false mLastAppBarVisible:true mLastHomeBarVisible:false
04-29 21:56:19.381 D/BarFollowAnimation( 4381): pairAppearanceRegionAndWin win=Window{ee713f3 u0 com.smartsales.prism/com.smartsales.prism.MainActivity} 0
04-29 21:56:19.381 D/BarFollowAnimation( 4381): isAppTaskBarOnTop win:Window{9879ca4 u0 NotificationShade} (mCurrentTopTask:Task{7dd017f #28212 type=standard A=10434:com.smartsales.prism} : true); (mAssociatedTask:Task{7dd017f #28212 type=standard A=10434:com.smartsales.prism} : true); (mHomeTask:Task{5d5aefa #1 type=home} : false); mReparentToOriginParent:false mLastAppBarVisible:true mLastHomeBarVisible:false
04-29 21:56:19.389 D/BarFollowAnimation( 4381): pairAppearanceRegionAndWin win=Window{ee713f3 u0 com.smartsales.prism/com.smartsales.prism.MainActivity} 0
04-29 21:56:19.390 D/BarFollowAnimation( 4381): isAppTaskBarOnTop win:Window{9879ca4 u0 NotificationShade} (mCurrentTopTask:Task{7dd017f #28212 type=standard A=10434:com.smartsales.prism} : true); (mAssociatedTask:Task{7dd017f #28212 type=standard A=10434:com.smartsales.prism} : true); (mHomeTask:Task{5d5aefa #1 type=home} : false); mReparentToOriginParent:false mLastAppBarVisible:true mLastHomeBarVisible:false
04-29 21:56:19.391 D/BarFollowAnimation( 4381): isAppTaskBarOnTop win:Window{ee713f3 u0 com.smartsales.prism/com.smartsales.prism.MainActivity} (mCurrentTopTask:Task{7dd017f #28212 type=standard A=10434:com.smartsales.prism} : true); (mAssociatedTask:Task{7dd017f #28212 type=standard A=10434:com.smartsales.prism} : true); (mHomeTask:Task{5d5aefa #1 type=home} : false); mReparentToOriginParent:false mLastAppBarVisible:true mLastHomeBarVisible:false
04-29 21:56:19.391 D/BarFollowAnimation( 4381): current status bar control target is : Window{ee713f3 u0 com.smartsales.prism/com.smartsales.prism.MainActivity}
04-29 21:56:19.392 D/WindowManager( 4381): updateSystemBarAttributes displayId: 16777216 Window{ee713f3 u0 com.smartsales.prism/com.smartsales.prism.MainActivity} winAppearance=
04-29 21:56:19.392 D/WindowManager( 4381): wms.Input focus has changed to Window{ee713f3 u0 com.smartsales.prism/com.smartsales.prism.MainActivity} display=0 updateInputWindows = true
04-29 21:56:19.392 D/ScrollScenario( 4381): ScrollState: fling start on com.smartsales.prism
04-29 21:56:19.392 D/WmSystemUiDebug( 4381): on system bar attributes changed displayId=16777216 appearance= appearanceRegions=[AppearanceRegion{ bounds=[0,0][1440,3200]}] navbarColorManagedByIme=false behavior=1 requestedVisibleTypes=[statusBars navigationBars captionBar systemGestures mandatorySystemGestures tappableElement displayCutout windowDecor systemOverlays] packageName=com.smartsales.prism letterboxDetails=[]
04-29 21:56:19.392 I/WindowManager( 4381): Allow fixed rotation for not collecting:ActivityRecord{183227218 u0 com.smartsales.prism/.MainActivity t28212}
04-29 21:56:19.412 D/MiuiSplitInputMethodImpl( 4381): Make sure ime layering to: Window{ee713f3 u0 com.smartsales.prism/com.smartsales.prism.MainActivity} when transition animation start
04-29 21:56:19.412 D/MiuiMirrorInputMethodImpl( 4381): InsetsControlTarget invalid!:Window{ee713f3 u0 com.smartsales.prism/com.smartsales.prism.MainActivity}
04-29 21:56:19.429 D/BarFollowAnimation( 4381): pairAppearanceRegionAndWin win=Window{ee713f3 u0 com.smartsales.prism/com.smartsales.prism.MainActivity} 0
04-29 21:56:19.429 D/BarFollowAnimation( 4381): isAppTaskBarOnTop win:Window{ee713f3 u0 com.smartsales.prism/com.smartsales.prism.MainActivity} (mCurrentTopTask:Task{7dd017f #28212 type=standard A=10434:com.smartsales.prism} : true); (mAssociatedTask:Task{7dd017f #28212 type=standard A=10434:com.smartsales.prism} : true); (mHomeTask:Task{5d5aefa #1 type=home} : false); mReparentToOriginParent:false mLastAppBarVisible:true mLastHomeBarVisible:false
04-29 21:56:19.530 V/WindowManager( 4381): Win Window{ee713f3 u0 com.smartsales.prism/com.smartsales.prism.MainActivity}: isOnScreen=true mDrawState=4
04-29 21:56:19.531 D/BarFollowAnimation( 4381): pairAppearanceRegionAndWin win=Window{ee713f3 u0 com.smartsales.prism/com.smartsales.prism.MainActivity} 0
04-29 21:56:19.531 D/BarFollowAnimation( 4381): isAppTaskBarOnTop win:Window{ee713f3 u0 com.smartsales.prism/com.smartsales.prism.MainActivity} (mCurrentTopTask:Task{7dd017f #28212 type=standard A=10434:com.smartsales.prism} : true); (mAssociatedTask:Task{7dd017f #28212 type=standard A=10434:com.smartsales.prism} : true); (mHomeTask:Task{5d5aefa #1 type=home} : false); mReparentToOriginParent:false mLastAppBarVisible:true mLastHomeBarVisible:false
04-29 21:56:19.539 D/BarFollowAnimation( 4381): pairAppearanceRegionAndWin win=Window{ee713f3 u0 com.smartsales.prism/com.smartsales.prism.MainActivity} 0
04-29 21:56:19.539 D/BarFollowAnimation( 4381): isAppTaskBarOnTop win:Window{ee713f3 u0 com.smartsales.prism/com.smartsales.prism.MainActivity} (mCurrentTopTask:Task{7dd017f #28212 type=standard A=10434:com.smartsales.prism} : true); (mAssociatedTask:Task{7dd017f #28212 type=standard A=10434:com.smartsales.prism} : true); (mHomeTask:Task{5d5aefa #1 type=home} : false); mReparentToOriginParent:false mLastAppBarVisible:true mLastHomeBarVisible:false
04-29 21:56:19.540 I/WindowManager( 4381): Allow fixed rotation for not collecting:ActivityRecord{183227218 u0 com.smartsales.prism/.MainActivity t28212}
04-29 21:56:19.543 D/BarFollowAnimation( 4381): pairAppearanceRegionAndWin win=Window{ee713f3 u0 com.smartsales.prism/com.smartsales.prism.MainActivity} 0
04-29 21:56:19.543 D/BarFollowAnimation( 4381): isAppTaskBarOnTop win:Window{ee713f3 u0 com.smartsales.prism/com.smartsales.prism.MainActivity} (mCurrentTopTask:Task{7dd017f #28212 type=standard A=10434:com.smartsales.prism} : true); (mAssociatedTask:Task{7dd017f #28212 type=standard A=10434:com.smartsales.prism} : true); (mHomeTask:Task{5d5aefa #1 type=home} : false); mReparentToOriginParent:false mLastAppBarVisible:true mLastHomeBarVisible:false
04-29 21:56:19.544 D/BarFollowAnimation( 4381): isAppTaskBarOnTop win:Window{ee713f3 u0 com.smartsales.prism/com.smartsales.prism.MainActivity} (mCurrentTopTask:Task{7dd017f #28212 type=standard A=10434:com.smartsales.prism} : true); (mAssociatedTask:Task{7dd017f #28212 type=standard A=10434:com.smartsales.prism} : true); (mHomeTask:Task{5d5aefa #1 type=home} : false); mReparentToOriginParent:false mLastAppBarVisible:true mLastHomeBarVisible:false
04-29 21:56:19.555 D/BarFollowAnimation( 4381): pairAppearanceRegionAndWin win=Window{ee713f3 u0 com.smartsales.prism/com.smartsales.prism.MainActivity} 0
04-29 21:56:19.556 D/BarFollowAnimation( 4381): isAppTaskBarOnTop win:Window{ee713f3 u0 com.smartsales.prism/com.smartsales.prism.MainActivity} (mCurrentTopTask:Task{7dd017f #28212 type=standard A=10434:com.smartsales.prism} : true); (mAssociatedTask:Task{7dd017f #28212 type=standard A=10434:com.smartsales.prism} : true); (mHomeTask:Task{5d5aefa #1 type=home} : false); mReparentToOriginParent:false mLastAppBarVisible:true mLastHomeBarVisible:false
04-29 21:56:19.563 D/BarFollowAnimation( 4381): pairAppearanceRegionAndWin win=Window{ee713f3 u0 com.smartsales.prism/com.smartsales.prism.MainActivity} 0
04-29 21:56:19.563 D/BarFollowAnimation( 4381): isAppTaskBarOnTop win:Window{ee713f3 u0 com.smartsales.prism/com.smartsales.prism.MainActivity} (mCurrentTopTask:Task{7dd017f #28212 type=standard A=10434:com.smartsales.prism} : true); (mAssociatedTask:Task{7dd017f #28212 type=standard A=10434:com.smartsales.prism} : true); (mHomeTask:Task{5d5aefa #1 type=home} : false); mReparentToOriginParent:false mLastAppBarVisible:true mLastHomeBarVisible:false
04-29 21:56:19.570 D/MiuiDecorationController(13752): relayout::taskId=28212, visible=true, bounds=Rect(0, 0 - 1440, 3200), focused=true, oldImmersive=false, newImmersive=false, windowMode=1, activityType=1, displayId=0, baseActivity=ComponentInfo{com.smartsales.prism/com.smartsales.prism.MainActivity}, topActivity=ComponentInfo{com.smartsales.prism/com.smartsales.prism.MainActivity}, callers=com.android.wm.shell.multitasking.miuimultiwinswitch.miuiwindowdecor.decoration.MiuiDecorationController.relayout:4 com.android.wm.shell.multitasking.miuimultiwinswitch.miuiwindowdecor.MulWinSwitchDecorViewModel.lambda$relayoutDecorations$12:5 com.android.wm.shell.multitasking.miuimultiwinswitch.miuiwindowdecor.MulWinSwitchDecorViewModel.$r8$lambda$3XUvBAeRtPEOdi-13ite9VIoLt8:1 com.android.wm.shell.multitasking.miuimultiwinswitch.miuiwindowdecor.MulWinSwitchDecorViewModel$$ExternalSyntheticLambda9.accept:10 java.util.concurrent.ConcurrentHashMap.forEach:1608 
04-29 21:56:19.571 D/ActivityTaskManager( 4381):  setSkipCaptureLayers tr: Task{7dd017f #28212 type=standard A=10434:com.smartsales.prism}
04-29 21:56:19.580 D/MiuiDecorationController(13752): relayout::taskId=28212, visible=true, bounds=Rect(0, 0 - 1440, 3200), focused=true, oldImmersive=false, newImmersive=false, windowMode=1, activityType=1, displayId=0, baseActivity=ComponentInfo{com.smartsales.prism/com.smartsales.prism.MainActivity}, topActivity=ComponentInfo{com.smartsales.prism/com.smartsales.prism.MainActivity}, callers=com.android.wm.shell.multitasking.miuimultiwinswitch.miuiwindowdecor.decoration.MiuiDecorationController.relayout:4 com.android.wm.shell.multitasking.miuimultiwinswitch.miuiwindowdecor.decoration.MiuiDecorationController.updateNeedShowAndRelayout:38 com.android.wm.shell.multitasking.miuimultiwinswitch.miuiwindowdecor.MulWinSwitchDecorViewModel.lambda$disable$4:3 com.android.wm.shell.multitasking.miuimultiwinswitch.miuiwindowdecor.MulWinSwitchDecorViewModel.$r8$lambda$lfZznhn5bTM5EA7GvCf8XHKgFAY:1 com.android.wm.shell.multitasking.miuimultiwinswitch.miuiwindowdecor.MulWinSwitchDecorViewModel$$ExternalSyntheticLambda6.accept:12 
04-29 21:56:19.583 D/ActivityTaskManager( 4381):  setSkipCaptureLayers tr: Task{7dd017f #28212 type=standard A=10434:com.smartsales.prism}
04-29 21:56:19.586 D/BarFollowAnimation( 4381): pairAppearanceRegionAndWin win=Window{ee713f3 u0 com.smartsales.prism/com.smartsales.prism.MainActivity} 0
04-29 21:56:19.587 D/BarFollowAnimation( 4381): isAppTaskBarOnTop win:Window{ee713f3 u0 com.smartsales.prism/com.smartsales.prism.MainActivity} (mCurrentTopTask:Task{7dd017f #28212 type=standard A=10434:com.smartsales.prism} : true); (mAssociatedTask:Task{7dd017f #28212 type=standard A=10434:com.smartsales.prism} : true); (mHomeTask:Task{5d5aefa #1 type=home} : false); mReparentToOriginParent:false mLastAppBarVisible:true mLastHomeBarVisible:false
04-29 21:56:19.593 D/BarFollowAnimation( 4381): pairAppearanceRegionAndWin win=Window{ee713f3 u0 com.smartsales.prism/com.smartsales.prism.MainActivity} 0
04-29 21:56:19.593 D/BarFollowAnimation( 4381): isAppTaskBarOnTop win:Window{ee713f3 u0 com.smartsales.prism/com.smartsales.prism.MainActivity} (mCurrentTopTask:Task{7dd017f #28212 type=standard A=10434:com.smartsales.prism} : true); (mAssociatedTask:Task{7dd017f #28212 type=standard A=10434:com.smartsales.prism} : true); (mHomeTask:Task{5d5aefa #1 type=home} : false); mReparentToOriginParent:false mLastAppBarVisible:true mLastHomeBarVisible:false
04-29 21:56:19.595 D/MiuiMirrorInputMethodImpl( 4381): InsetsControlTarget invalid!:Window{ee713f3 u0 com.smartsales.prism/com.smartsales.prism.MainActivity}
04-29 21:56:19.595 I/WindowManager( 4381): Allow fixed rotation for not collecting:ActivityRecord{183227218 u0 com.smartsales.prism/.MainActivity t28212}
04-29 21:56:19.607 D/BarFollowAnimation( 4381): pairAppearanceRegionAndWin win=Window{ee713f3 u0 com.smartsales.prism/com.smartsales.prism.MainActivity} 0
04-29 21:56:19.607 D/BarFollowAnimation( 4381): isAppTaskBarOnTop win:Window{ee713f3 u0 com.smartsales.prism/com.smartsales.prism.MainActivity} (mCurrentTopTask:Task{7dd017f #28212 type=standard A=10434:com.smartsales.prism} : true); (mAssociatedTask:Task{7dd017f #28212 type=standard A=10434:com.smartsales.prism} : true); (mHomeTask:Task{5d5aefa #1 type=home} : false); mReparentToOriginParent:false mLastAppBarVisible:true mLastHomeBarVisible:false
04-29 21:56:19.609 D/BarFollowAnimation( 4381): pairAppearanceRegionAndWin win=Window{ee713f3 u0 com.smartsales.prism/com.smartsales.prism.MainActivity} 0
04-29 21:56:19.610 D/BarFollowAnimation( 4381): isAppTaskBarOnTop win:Window{ee713f3 u0 com.smartsales.prism/com.smartsales.prism.MainActivity} (mCurrentTopTask:Task{7dd017f #28212 type=standard A=10434:com.smartsales.prism} : true); (mAssociatedTask:Task{7dd017f #28212 type=standard A=10434:com.smartsales.prism} : true); (mHomeTask:Task{5d5aefa #1 type=home} : false); mReparentToOriginParent:false mLastAppBarVisible:true mLastHomeBarVisible:false
04-29 21:56:19.610 I/WindowManager( 4381): Allow fixed rotation for not collecting:ActivityRecord{183227218 u0 com.smartsales.prism/.MainActivity t28212}
04-29 21:56:19.636 D/ActivityThread(32359): Package [com.smartsales.prism] reported as REPLACED, but missing application info. Assuming REMOVED.
04-29 21:56:19.639 D/ActivityThread(32359): Package [com.smartsales.prism] reported as REPLACED, but missing application info. Assuming REMOVED.
04-29 21:56:19.639 D/ActivityThread(32359): Package [com.smartsales.prism] reported as REPLACED, but missing application info. Assuming REMOVED.
04-29 21:56:19.639 D/ActivityThread(32359): Package [com.smartsales.prism] reported as REPLACED, but missing application info. Assuming REMOVED.
04-29 21:56:19.639 D/ActivityThread(32359): Package [com.smartsales.prism] reported as REPLACED, but missing application info. Assuming REMOVED.
04-29 21:56:19.640 D/ActivityThread(32359): Package [com.smartsales.prism] reported as REPLACED, but missing application info. Assuming REMOVED.
04-29 21:56:19.640 D/ActivityThread(32359): Package [com.smartsales.prism] reported as REPLACED, but missing application info. Assuming REMOVED.
04-29 21:56:19.640 D/ActivityThread(32359): Package [com.smartsales.prism] reported as REPLACED, but missing application info. Assuming REMOVED.
04-29 21:56:19.640 D/ActivityThread(32359): Package [com.smartsales.prism] reported as REPLACED, but missing application info. Assuming REMOVED.
04-29 21:56:19.640 D/ActivityThread(32359): Package [com.smartsales.prism] reported as REPLACED, but missing application info. Assuming REMOVED.
04-29 21:56:19.640 D/ActivityThread(32359): Package [com.smartsales.prism] reported as REPLACED, but missing application info. Assuming REMOVED.
04-29 21:56:19.640 D/ActivityThread(32359): Package [com.smartsales.prism] reported as REPLACED, but missing application info. Assuming REMOVED.
04-29 21:56:19.678 D/BarFollowAnimation( 4381): pairAppearanceRegionAndWin win=Window{ee713f3 u0 com.smartsales.prism/com.smartsales.prism.MainActivity} 0
04-29 21:56:19.678 D/BarFollowAnimation( 4381): isAppTaskBarOnTop win:Window{ee713f3 u0 com.smartsales.prism/com.smartsales.prism.MainActivity} (mCurrentTopTask:Task{7dd017f #28212 type=standard A=10434:com.smartsales.prism} : true); (mAssociatedTask:Task{7dd017f #28212 type=standard A=10434:com.smartsales.prism} : true); (mHomeTask:Task{5d5aefa #1 type=home} : false); mReparentToOriginParent:false mLastAppBarVisible:true mLastHomeBarVisible:false
04-29 21:56:19.679 I/WindowManager( 4381): Allow fixed rotation for not collecting:ActivityRecord{183227218 u0 com.smartsales.prism/.MainActivity t28212}
