04-29 21:57:28.203 V/WindowManager( 4381): Win Window{b11f57b u0 Splash Screen com.smartsales.prism}: isOnScreen=true mDrawState=4
04-29 21:57:28.203 D/BarFollowAnimation( 4381): pairAppearanceRegionAndWin win=Window{b11f57b u0 Splash Screen com.smartsales.prism} 0
04-29 21:57:28.203 I/ViewRootImpl(29485): com.smartsales.prism/com.smartsales.prism.MainActivity use first frame acceleration
04-29 21:57:28.204 D/BarFollowAnimation( 4381): isAppTaskBarOnTop win:Window{b11f57b u0 Splash Screen com.smartsales.prism} (mCurrentTopTask:Task{423e04c #28213 type=standard A=10434:com.smartsales.prism} : true); (mAssociatedTask:Task{423e04c #28213 type=standard A=10434:com.smartsales.prism} : true); (mHomeTask:Task{5d5aefa #1 type=home} : false); mReparentToOriginParent:false mLastAppBarVisible:true mLastHomeBarVisible:false
04-29 21:57:28.204 I/WindowManager( 4381): Allow fixed rotation for not collecting:ActivityRecord{241484320 u0 com.smartsales.prism/.MainActivity t28213}
04-29 21:57:28.205 V/WindowManager( 4381): Win Window{b11f57b u0 Splash Screen com.smartsales.prism}: isOnScreen=true mDrawState=4
04-29 21:57:28.205 V/WindowManager( 4381): Win Window{bfbf918 u0 com.smartsales.prism/com.smartsales.prism.MainActivity}: isOnScreen=false mDrawState=0
04-29 21:57:28.206 D/BarFollowAnimation( 4381): pairAppearanceRegionAndWin win=Window{b11f57b u0 Splash Screen com.smartsales.prism} 0
04-29 21:57:28.206 D/BarFollowAnimation( 4381): isAppTaskBarOnTop win:Window{b11f57b u0 Splash Screen com.smartsales.prism} (mCurrentTopTask:Task{423e04c #28213 type=standard A=10434:com.smartsales.prism} : true); (mAssociatedTask:Task{423e04c #28213 type=standard A=10434:com.smartsales.prism} : true); (mHomeTask:Task{5d5aefa #1 type=home} : false); mReparentToOriginParent:false mLastAppBarVisible:true mLastHomeBarVisible:false
04-29 21:57:28.206 I/WindowManager( 4381): Allow fixed rotation for not collecting:ActivityRecord{241484320 u0 com.smartsales.prism/.MainActivity t28213}
04-29 21:57:28.208 I/ActivityObserverUtil(11305): activityResumed ComponentInfo{com.smartsales.prism/com.smartsales.prism.MainActivity}
04-29 21:57:28.208 D/DecorViewImmersiveImpl(29485): onAttachedToWindow. pkg: com.smartsales.prism
04-29 21:57:28.208 I/TopActivityMonitor(11305): send TopActivityChangeEvent=TopActivityChangeEvent(prev=ComponentInfo{com.miui.home/com.miui.home.launcher.Launcher}, current=ComponentInfo{com.smartsales.prism/com.smartsales.prism.MainActivity},appChanged=true)
04-29 21:57:28.208 D/services(12262): [XMS][observer] ActivityObserver activityResumed packageName: com.smartsales.prism
04-29 21:57:28.208 D/DecorViewImmersiveImpl(29485): getWindowType: 1 title:com.smartsales.prism/com.smartsales.prism.MainActivity
04-29 21:57:28.208 D/MiuiNBIManagerImpl(29485): init success, pkgName=com.smartsales.prism mIsNBIEnable=false mDisableVersionCode=-1 mActivityRulesSize=0
04-29 21:57:28.211 D/AppUpdateXmsfLauncher(12262): activityResumed intent : Intent { cmp=com.smartsales.prism/.MainActivity (has extras) }
04-29 21:57:28.212 D/RecentsImpl(13025): mActivityStateObserver com.smartsales.prism.MainActivity
04-29 21:57:28.212 W/RecentsImpl(13025): updateGestureWindowVisibleImpl, className=com.smartsales.prism.MainActivity
04-29 21:57:28.212 D/auth    (13425): [XMS][Auth] ActivityObserver activityResumed packageName: com.smartsales.prism
04-29 21:57:28.213 I/travelService_ActivityObserverUtils(11305): activityResumed ComponentInfo{com.smartsales.prism/com.smartsales.prism.MainActivity}
04-29 21:57:28.218 D/BtGatt.GattService(13357): bleAppName = com.smartsales.prism#
04-29 21:57:28.221 D/BluetoothEvent( 4381): onChange ls=com.smartsales.prism# uids:[10434]
04-29 21:57:28.273 E/TurboSchedMonitor(29485): failed to find setSchedAffinity method com.smartsales.prism
04-29 21:57:28.274 E/TurboSchedMonitor(29485): failed to find setSchedAffinity method com.smartsales.prism
04-29 21:57:28.274 E/TurboSchedMonitor(29485): failed to find setSchedAffinity method com.smartsales.prism
04-29 21:57:28.274 E/TurboSchedMonitor(29485): failed to find setSchedAffinity method com.smartsales.prism
04-29 21:57:28.274 E/TurboSchedMonitor(29485): failed to find setSchedAffinity method com.smartsales.prism
04-29 21:57:28.274 E/TurboSchedMonitor(29485): failed to find setSchedAffinity method com.smartsales.prism
04-29 21:57:28.293 D/nativeloader(29485): Load /data/app/~~t1mjXMc30Kc6ufaoZKQVZQ==/com.smartsales.prism-DADRefKwXvd8TmreLp2YVg==/base.apk!/lib/arm64-v8a/libneonuijni_public.so using class loader ns clns-10 (caller=/data/app/~~t1mjXMc30Kc6ufaoZKQVZQ==/com.smartsales.prism-DADRefKwXvd8TmreLp2YVg==/base.apk!classes31.dex): ok
04-29 21:57:28.306 E/TurboSchedMonitor(29485): failed to find setSchedAffinity method com.smartsales.prism
04-29 21:57:28.306 E/TurboSchedMonitor(29485): failed to find setSchedAffinity method com.smartsales.prism
04-29 21:57:28.307 D/ConnectivityVM(29485): managerStatus=Connecting managerState=RECONNECTING
04-29 21:57:28.319 D/OneTrackSdk( 1698): updateDebugSwitch sEnable: false sDebugMode：false sDebugProperty：false
04-29 21:57:28.373 D/CoreBackPreview( 4381): Window{bfbf918 u0 com.smartsales.prism/com.smartsales.prism.MainActivity}: Setting back callback OnBackInvokedCallbackInfo{mCallback=android.window.IOnBackInvokedCallback$Stub$Proxy@8c99531, mPriority=0, mIsAnimationCallback=false, mOverrideBehavior=0}
04-29 21:57:28.426 D/BarFollowAnimation( 4381): pairAppearanceRegionAndWin win=Window{b11f57b u0 Splash Screen com.smartsales.prism} 0
04-29 21:57:28.426 D/BarFollowAnimation( 4381): isAppTaskBarOnTop win:Window{b11f57b u0 Splash Screen com.smartsales.prism} (mCurrentTopTask:Task{423e04c #28213 type=standard A=10434:com.smartsales.prism} : true); (mAssociatedTask:Task{423e04c #28213 type=standard A=10434:com.smartsales.prism} : true); (mHomeTask:Task{5d5aefa #1 type=home} : false); mReparentToOriginParent:false mLastAppBarVisible:true mLastHomeBarVisible:false
04-29 21:57:28.427 D/BarFollowAnimation( 4381): isAppTaskBarOnTop win:Window{bfbf918 u0 com.smartsales.prism/com.smartsales.prism.MainActivity} (mCurrentTopTask:Task{423e04c #28213 type=standard A=10434:com.smartsales.prism} : true); (mAssociatedTask:Task{423e04c #28213 type=standard A=10434:com.smartsales.prism} : true); (mHomeTask:Task{5d5aefa #1 type=home} : false); mReparentToOriginParent:false mLastAppBarVisible:true mLastHomeBarVisible:false
04-29 21:57:28.427 D/BarFollowAnimation( 4381): current status bar control target is : Window{bfbf918 u0 com.smartsales.prism/com.smartsales.prism.MainActivity}
04-29 21:57:28.428 D/WindowManager( 4381): wms.Input focus has changed to Window{bfbf918 u0 com.smartsales.prism/com.smartsales.prism.MainActivity} display=0 updateInputWindows = true
04-29 21:57:28.428 I/WindowManager( 4381): Allow fixed rotation for not collecting:ActivityRecord{241484320 u0 com.smartsales.prism/.MainActivity t28213}
04-29 21:57:28.466 D/WindowManager( 4381): wms.finishDrawingLocked: mDrawState=COMMIT_DRAW_PENDING Window{bfbf918 u0 com.smartsales.prism/com.smartsales.prism.MainActivity} in Surface(name=com.smartsales.prism/com.smartsales.prism.MainActivity#5778)/@0xd4bc197
04-29 21:57:28.467 D/BarFollowAnimation( 4381): pairAppearanceRegionAndWin win=Window{b11f57b u0 Splash Screen com.smartsales.prism} 0
04-29 21:57:28.467 D/BarFollowAnimation( 4381): isAppTaskBarOnTop win:Window{bfbf918 u0 com.smartsales.prism/com.smartsales.prism.MainActivity} (mCurrentTopTask:Task{423e04c #28213 type=standard A=10434:com.smartsales.prism} : true); (mAssociatedTask:Task{423e04c #28213 type=standard A=10434:com.smartsales.prism} : true); (mHomeTask:Task{5d5aefa #1 type=home} : false); mReparentToOriginParent:false mLastAppBarVisible:true mLastHomeBarVisible:false
04-29 21:57:28.467 D/WindowManager( 4381): wms.commitFinishDrawingLocked: mDrawState=READY_TO_SHOW Window{bfbf918 u0 com.smartsales.prism/com.smartsales.prism.MainActivity} in Surface(name=com.smartsales.prism/com.smartsales.prism.MainActivity#5778)/@0xd4bc197
04-29 21:57:28.467 I/WindowManager( 4381): onFirstWindowDrawn, try to remove startingWindow. ar: ActivityRecord{241484320 u0 com.smartsales.prism/.MainActivity t28213}  associatedTask: null  isMainWindow: true  startingWindow: Window{b11f57b u0 Splash Screen com.smartsales.prism}  startingData: SplashScreenStartingData{d89854d removeAfterTransaction= 0}
04-29 21:57:28.469 I/SmartPower( 4381): Miui monitor launch : com.smartsales.prism/.MainActivity  transitionTime:12  launchTime:977  launchFrom:com.miui.home  launchType:1
04-29 21:57:28.469 I/AppStartScenario( 4381): notifyScenarioChanged: active=false param=Bundle[{renderThreadId=1675, pid=29485, uid=10434, name=com.smartsales.prism.MainActivity, type=2, state=2, processName=com.smartsales.prism, packageName=com.smartsales.prism}]
04-29 21:57:28.470 D/BarFollowAnimation( 4381): pairAppearanceRegionAndWin win=Window{b11f57b u0 Splash Screen com.smartsales.prism} 0
04-29 21:57:28.470 D/BarFollowAnimation( 4381): isAppTaskBarOnTop win:Window{bfbf918 u0 com.smartsales.prism/com.smartsales.prism.MainActivity} (mCurrentTopTask:Task{423e04c #28213 type=standard A=10434:com.smartsales.prism} : true); (mAssociatedTask:Task{423e04c #28213 type=standard A=10434:com.smartsales.prism} : true); (mHomeTask:Task{5d5aefa #1 type=home} : false); mReparentToOriginParent:false mLastAppBarVisible:true mLastHomeBarVisible:false
04-29 21:57:28.470 D/IorapForwardingService( 4381): AppLaunchObserver#onActivityLaunchFinished! pid:29485; uid:10434; name:com.smartsales.prism
04-29 21:57:28.472 I/WindowManager( 4381): wms.showSurfaceRobustly mWin:Window{bfbf918 u0 com.smartsales.prism/com.smartsales.prism.MainActivity} in Surface(name=com.smartsales.prism/com.smartsales.prism.MainActivity#5778)/@0xd4bc197
04-29 21:57:28.474 I/ActivityTaskManager( 4381): Displayed com.smartsales.prism/.MainActivity for user 0: +977ms
04-29 21:57:28.476 D/BufferQueueProducer(13752): [VRI[prism]#243(BLAST Consumer)243](id:35b800000107,api:1,p:13752,c:13752) disconnect: api 1 (caller=13752)
04-29 21:57:28.478 D/CoreBackPreview( 4381): Window{b11f57b u0 Splash Screen com.smartsales.prism}: Setting back callback null
04-29 21:57:28.478 D/BufferQueueConsumer(13752): [VRI[prism]#243(BLAST Consumer)243](id:35b800000107,api:0,p:-1,c:13752) disconnect: caller 13752
04-29 21:57:28.479 W/AppCompatLetterboxPolicy( 4381): start not layout letterbox Window{b11f57b u0 Splash Screen com.smartsales.prism EXITING}
04-29 21:57:28.479 D/BarFollowAnimation( 4381): pairAppearanceRegionAndWin win=Window{b11f57b u0 Splash Screen com.smartsales.prism EXITING} 0
04-29 21:57:28.479 D/BarFollowAnimation( 4381): isAppTaskBarOnTop win:Window{bfbf918 u0 com.smartsales.prism/com.smartsales.prism.MainActivity} (mCurrentTopTask:Task{423e04c #28213 type=standard A=10434:com.smartsales.prism} : true); (mAssociatedTask:Task{423e04c #28213 type=standard A=10434:com.smartsales.prism} : true); (mHomeTask:Task{5d5aefa #1 type=home} : false); mReparentToOriginParent:false mLastAppBarVisible:true mLastHomeBarVisible:false
04-29 21:57:28.480 D/BarFollowAnimation( 4381): pairAppearanceRegionAndWin win=Window{b11f57b u0 Splash Screen com.smartsales.prism EXITING} 0
04-29 21:57:28.480 D/BarFollowAnimation( 4381): isAppTaskBarOnTop win:Window{bfbf918 u0 com.smartsales.prism/com.smartsales.prism.MainActivity} (mCurrentTopTask:Task{423e04c #28213 type=standard A=10434:com.smartsales.prism} : true); (mAssociatedTask:Task{423e04c #28213 type=standard A=10434:com.smartsales.prism} : true); (mHomeTask:Task{5d5aefa #1 type=home} : false); mReparentToOriginParent:false mLastAppBarVisible:true mLastHomeBarVisible:false
04-29 21:57:28.543 I/ImeTracker( 4381): com.smartsales.prism:9f6b6b5c: onRequestHide at ORIGIN_SERVER reason HIDE_UNSPECIFIED_WINDOW fromUser false
04-29 21:57:28.546 D/SogouIME(11483): onStartInput: attribute:com.smartsales.prism 123782027 restarting:false
04-29 21:57:28.546 D/MiuiMirrorInputMethodImpl( 4381): InsetsControlTarget invalid!:Window{bfbf918 u0 com.smartsales.prism/com.smartsales.prism.MainActivity}
04-29 21:57:28.549 W/AppCompatLetterboxPolicy( 4381): start not layout letterbox Window{b11f57b u0 Splash Screen com.smartsales.prism EXITING}
04-29 21:57:28.549 D/BarFollowAnimation( 4381): pairAppearanceRegionAndWin win=Window{b11f57b u0 Splash Screen com.smartsales.prism EXITING} 0
04-29 21:57:28.549 D/BarFollowAnimation( 4381): isAppTaskBarOnTop win:Window{bfbf918 u0 com.smartsales.prism/com.smartsales.prism.MainActivity} (mCurrentTopTask:Task{423e04c #28213 type=standard A=10434:com.smartsales.prism} : true); (mAssociatedTask:Task{423e04c #28213 type=standard A=10434:com.smartsales.prism} : true); (mHomeTask:Task{5d5aefa #1 type=home} : false); mReparentToOriginParent:false mLastAppBarVisible:true mLastHomeBarVisible:false
04-29 21:57:28.560 I/ImeTracker(29485): com.smartsales.prism:9f6b6b5c: onCancelled at PHASE_CLIENT_ALREADY_HIDDEN
04-29 21:57:28.639 I/WindowManager( 4381): StartingWindow exit animation finished, win = Window{b11f57b u0 Splash Screen com.smartsales.prism EXITING} remove = true
04-29 21:57:28.639 I/WindowManager( 4381): wms.hideSurface mWin:Window{b11f57b u0 Splash Screen com.smartsales.prism EXITING} reason:(onExitAnimationDone) in Surface(name=Splash Screen com.smartsales.prism#5773)/@0x6b8bfae
04-29 21:57:28.640 D/MiuiMirrorInputMethodImpl( 4381): InsetsControlTarget invalid!:Window{bfbf918 u0 com.smartsales.prism/com.smartsales.prism.MainActivity}
04-29 21:57:28.640 D/WindowManager( 4381): postWindowRemoveCleanupLocked: Removing startingWindow Window{b11f57b u0 Splash Screen com.smartsales.prism} from ActivityRecord{241484320 u0 com.smartsales.prism/.MainActivity t28213} activity = ActivityRecord{241484320 u0 com.smartsales.prism/.MainActivity t28213}
04-29 21:57:28.640 D/BarFollowAnimation( 4381): pairAppearanceRegionAndWin win=Window{bfbf918 u0 com.smartsales.prism/com.smartsales.prism.MainActivity} 0
04-29 21:57:28.640 D/BarFollowAnimation( 4381): isAppTaskBarOnTop win:Window{bfbf918 u0 com.smartsales.prism/com.smartsales.prism.MainActivity} (mCurrentTopTask:Task{423e04c #28213 type=standard A=10434:com.smartsales.prism} : true); (mAssociatedTask:Task{423e04c #28213 type=standard A=10434:com.smartsales.prism} : true); (mHomeTask:Task{5d5aefa #1 type=home} : false); mReparentToOriginParent:false mLastAppBarVisible:true mLastHomeBarVisible:false
04-29 21:57:28.648 D/BarFollowAnimation( 4381): pairAppearanceRegionAndWin win=Window{bfbf918 u0 com.smartsales.prism/com.smartsales.prism.MainActivity} 0
04-29 21:57:28.648 D/BarFollowAnimation( 4381): isAppTaskBarOnTop win:Window{bfbf918 u0 com.smartsales.prism/com.smartsales.prism.MainActivity} (mCurrentTopTask:Task{423e04c #28213 type=standard A=10434:com.smartsales.prism} : true); (mAssociatedTask:Task{423e04c #28213 type=standard A=10434:com.smartsales.prism} : true); (mHomeTask:Task{5d5aefa #1 type=home} : false); mReparentToOriginParent:false mLastAppBarVisible:true mLastHomeBarVisible:false
04-29 21:57:28.747 I/martsales.prism(29485): Compiler allocated 6765KB to compile void android.view.ViewRootImpl.performTraversals()
04-29 21:57:28.985 I/TransitionCallback(13025): clear leash = Surface(name=TL_Surface(name=Task=28213#5756)/@0x39a9285_transition-leash#5768)/@0xaab667e, key = ComponentInfo{com.smartsales.prism/com.smartsales.prism.MainActivity}#28213
04-29 21:57:29.150 D/SmartSalesConn(29485): 📋 Service: 00001801-0000-1000-8000-00805f9b34fb
04-29 21:57:29.150 D/SmartSalesConn(29485):   📋 Char: 00002a05-0000-1000-8000-00805f9b34fb [INDICATE ]
04-29 21:57:29.150 D/SmartSalesConn(29485):     📋 Descriptor: 00002902-0000-1000-8000-00805f9b34fb ← CCCD ✅
04-29 21:57:29.150 D/SmartSalesConn(29485): 📋 Service: 00001800-0000-1000-8000-00805f9b34fb
04-29 21:57:29.150 D/SmartSalesConn(29485):   📋 Char: 00002a00-0000-1000-8000-00805f9b34fb [READ ]
04-29 21:57:29.150 D/SmartSalesConn(29485):     📋 (no descriptors)
04-29 21:57:29.150 D/SmartSalesConn(29485):   📋 Char: 00002a01-0000-1000-8000-00805f9b34fb [READ ]
04-29 21:57:29.150 D/SmartSalesConn(29485):     📋 (no descriptors)
04-29 21:57:29.150 D/SmartSalesConn(29485):   📋 Char: 00002aa6-0000-1000-8000-00805f9b34fb [READ ]
04-29 21:57:29.150 D/SmartSalesConn(29485):     📋 (no descriptors)
04-29 21:57:29.150 D/SmartSalesConn(29485): 📋 Service: 000000ff-0000-1000-8000-00805f9b34fb
04-29 21:57:29.150 D/SmartSalesConn(29485):   📋 Char: 0000ff01-0000-1000-8000-00805f9b34fb [READ WRITE NOTIFY ]
04-29 21:57:29.150 D/SmartSalesConn(29485):     📋 Descriptor: 00002902-0000-1000-8000-00805f9b34fb ← CCCD ✅
04-29 21:57:29.150 D/SmartSalesConn(29485):   📋 Char: 0000ff02-0000-1000-8000-00805f9b34fb [READ ]
04-29 21:57:29.150 D/SmartSalesConn(29485):     📋 (no descriptors)
04-29 21:57:29.150 D/SmartSalesConn(29485):   📋 Char: 0000ff03-0000-1000-8000-00805f9b34fb [WRITE ]
04-29 21:57:29.150 D/SmartSalesConn(29485):     📋 (no descriptors)
04-29 21:57:29.187 D/SmartSalesConn(29485): No CCCD descriptor for 0000ff02-0000-1000-8000-00805f9b34fb, notifications not available (will poll)
04-29 21:57:29.187 I/SmartSalesConn(29485): 🔌 Persistent GATT session established: 14:C1:9F:D7:E3:EE
04-29 21:57:29.187 I/SmartSalesConn(29485): 📶 BLE connected, waiting for explicit network observation
04-29 21:57:29.188 D/SmartSalesConn(29485): 🌐 network query device=CHLE_Intelligent
04-29 21:57:29.188 I/SmartSalesConn(29485): 📡 queryNetwork ENTRY (in mutex)
04-29 21:57:29.188 D/SmartSalesConn(29485): 📡 Starting persistent notification listener for 14:C1:9F:D7:E3:EE
04-29 21:57:29.193 D/SmartSalesConn(29485): 📤 TX [NetworkQuery]: wifi#address#ip#name (77 69 66 69 23 61 64 64 72 65 73 73 23 69 70 23 6E 61 6D 65)
04-29 21:57:29.223 D/SmartSalesConn(29485): 📥 RX [Notification]: IP#192.168.0.102 (49 50 23 31 39 32 2E 31 36 38 2E 30 2E 31 30 32)
04-29 21:57:29.224 D/SmartSalesConn(29485): ❓ Badge unknown notification: IP#192.168.0.102
04-29 21:57:29.225 D/SmartSalesConn(29485): 📥 RX [NetworkResponse]: IP#192.168.0.102 (49 50 23 31 39 32 2E 31 36 38 2E 30 2E 31 30 32)
04-29 21:57:29.230 D/SmartSalesConn(29485): 📥 RX [Notification]: SD#MstRobot (53 44 23 4D 73 74 52 6F 62 6F 74)
04-29 21:57:29.232 D/SmartSalesConn(29485): ❓ Badge unknown notification: SD#MstRobot
04-29 21:57:29.233 D/SmartSalesConn(29485): 📥 RX [NetworkResponse]: SD#MstRobot (53 44 23 4D 73 74 52 6F 62 6F 74)
04-29 21:57:29.233 D/SmartSalesConn(29485): 📡 fresh query, caching IP=192.168.0.102
04-29 21:57:29.234 D/SmartSalesConn(29485): 📶 state=CONNECTED ip=192.168.0.102
04-29 21:57:29.234 D/SmartSalesConn(29485): 🔌 connectUsingSession: connected, ip=192.168.0.102 ssid=MstRobot
04-29 21:57:29.242 D/SmartSalesConn(29485): 📤 TX [BadgeSignal]: Ver#get (56 65 72 23 67 65 74)
04-29 21:57:29.244 D/ConnectivityVM(29485): managerStatus=Ready managerState=CONNECTED
04-29 21:57:29.260 D/SmartSalesConn(29485): 📥 RX [Notification]: Ver#1.0.0.1 (56 65 72 23 31 2E 30 2E 30 2E 31)
04-29 21:57:29.261 I/SmartSalesConn(29485): 🧾 Badge firmware version: 1.0.0.1
04-29 21:57:29.289 I/SmartSalesConn(29485): 🧾 Badge firmware version query sent
04-29 21:57:29.290 D/SmartSalesConn(29485): 📥 RX [Notification]: tim#get (74 69 6D 23 67 65 74)
04-29 21:57:29.290 D/SmartSalesConn(29485): ⏰ Badge time sync requested
04-29 21:57:29.350 I/SmartSalesConn(29485): ⏰ Time sync responded: tim#20260429215729
04-29 21:57:29.600 W/RenderThread(29485): type=1400 audit(0.0:615015): avc:  denied  { getattr } for  path="/sys/module/metis/parameters/minor_window_app" dev="sysfs" ino=84433 scontext=u:r:untrusted_app:s0:c178,c257,c512,c768 tcontext=u:object_r:sysfs_migt:s0 tclass=file permissive=0 app=com.smartsales.prism
04-29 21:57:29.819 I/MiuiInputUtil( 4381): MiuiSpecialWindowInfo: bfbf918 com.smartsales.prism/com.smartsales.prism.MainActivity(15,0x0,0x0,[0,0,1440,3200],1.00);GestureStubLeft(8,0x104,0x0,[0,338,82,3109],1.00);GestureStubRight(7,0x104,0x0,[1358,338,1440,3109],1.00);GestureStubHome(9,0x104,0x0,[0,3109,1440,3200],1.00);GestureStub<none>;StatusBar1(14,0x104,0x0,[0,0,1440,169],1.00);StatusBar(22,0x106,0x0,[0,0,1440,169],0.00);
04-29 21:57:29.819 I/MIUIInput( 4381): [MotionEvent] publisher action=0x0, deviceId=8, 79306157, channel 'bfbf918 com.smartsales.prism/com.smartsales.prism.MainActivity'
04-29 21:57:29.824 I/MIUIInput(29485): [MotionEvent] ViewRootImpl windowName 'com.smartsales.prism/com.smartsales.prism.MainActivity', { action=ACTION_DOWN, id[0]=0, pointerCount=1, eventTime=79306157, downTime=79306157, phoneEventTime=1777471049818 } moveCount:0
04-29 21:57:29.870 D/ScrollScenario( 4381): ScrollState: scroll start on com.smartsales.prism
04-29 21:57:29.909 D/VibratorManagerService( 4381): Check AppOp mode VIBRATE for uid 10434 and package com.smartsales.prism returned audio=allow, op=allow
04-29 21:57:29.909 D/VibratorManagerService( 4381): Start AppOp mode VIBRATE for uid 10434 and package com.smartsales.prism returned allow
04-29 21:57:29.909 I/KeyboardFeature::Vibrator( 4381): trigger keyboard vibrate for com.smartsales.prism effectId: 0 always: false
04-29 21:57:29.994 D/VibratorManagerService( 4381): Finish AppOp mode VIBRATE for uid 10434 and package com.smartsales.prism
04-29 21:57:30.063 I/MIUIInput( 4381): [MotionEvent] publisher action=0x1, deviceId=8, 79306267, channel 'bfbf918 com.smartsales.prism/com.smartsales.prism.MainActivity'
04-29 21:57:30.064 D/ScrollScenario( 4381): ScrollState: fling start on com.smartsales.prism
04-29 21:57:30.064 D/ScrollScenario( 4381): ScrollState: scroll end on com.smartsales.prism
04-29 21:57:30.065 I/DisplayPolicyStubImpl( 4381): boost for touch up, package:com.smartsales.prism
04-29 21:57:30.157 I/MIUIInput(29485): [MotionEvent] ViewRootImpl windowName 'com.smartsales.prism/com.smartsales.prism.MainActivity', { action=ACTION_UP, id[0]=0, pointerCount=1, eventTime=79306267, downTime=79306157, phoneEventTime=1777471049928 } moveCount:4
04-29 21:57:30.589 D/AppPredictService(11742): start doPredict com.smartsales.prism
04-29 21:57:31.298 I/MIUIInput( 4381): [MotionEvent] publisher action=0x0, deviceId=8, 79307636, channel 'bfbf918 com.smartsales.prism/com.smartsales.prism.MainActivity'
04-29 21:57:31.298 I/MIUIInput(29485): [MotionEvent] ViewRootImpl windowName 'com.smartsales.prism/com.smartsales.prism.MainActivity', { action=ACTION_DOWN, id[0]=0, pointerCount=1, eventTime=79307636, downTime=79307636, phoneEventTime=1777471051297 } moveCount:0
04-29 21:57:31.327 D/ScrollScenario( 4381): ScrollState: fling end on com.smartsales.prism
04-29 21:57:31.327 D/ScrollScenario( 4381): ScrollState: scroll start on com.smartsales.prism
04-29 21:57:31.355 D/VibratorManagerService( 4381): Check AppOp mode VIBRATE for uid 10434 and package com.smartsales.prism returned audio=allow, op=allow
04-29 21:57:31.355 D/VibratorManagerService( 4381): Start AppOp mode VIBRATE for uid 10434 and package com.smartsales.prism returned allow
04-29 21:57:31.356 I/KeyboardFeature::Vibrator( 4381): trigger keyboard vibrate for com.smartsales.prism effectId: 0 always: false
04-29 21:57:31.435 D/VibratorManagerService( 4381): Finish AppOp mode VIBRATE for uid 10434 and package com.smartsales.prism
04-29 21:57:31.461 I/MIUIInput( 4381): [MotionEvent] publisher action=0x1, deviceId=8, 79307738, channel 'bfbf918 com.smartsales.prism/com.smartsales.prism.MainActivity'
04-29 21:57:31.461 D/ScrollScenario( 4381): ScrollState: fling start on com.smartsales.prism
04-29 21:57:31.461 D/ScrollScenario( 4381): ScrollState: scroll end on com.smartsales.prism
04-29 21:57:31.463 I/DisplayPolicyStubImpl( 4381): boost for touch up, package:com.smartsales.prism
04-29 21:57:31.480 I/MIUIInput(29485): [MotionEvent] ViewRootImpl windowName 'com.smartsales.prism/com.smartsales.prism.MainActivity', { action=ACTION_UP, id[0]=0, pointerCount=1, eventTime=79307738, downTime=79307636, phoneEventTime=1777471051399 } moveCount:3
04-29 21:57:31.985 I/MIUIInput( 4381): [MotionEvent] publisher action=0x0, deviceId=8, 79308322, channel 'bfbf918 com.smartsales.prism/com.smartsales.prism.MainActivity'
04-29 21:57:31.989 I/MIUIInput(29485): [MotionEvent] ViewRootImpl windowName 'com.smartsales.prism/com.smartsales.prism.MainActivity', { action=ACTION_DOWN, id[0]=0, pointerCount=1, eventTime=79308322, downTime=79308322, phoneEventTime=1777471051984 } moveCount:0
04-29 21:57:32.014 D/ScrollScenario( 4381): ScrollState: fling end on com.smartsales.prism
04-29 21:57:32.014 D/ScrollScenario( 4381): ScrollState: scroll start on com.smartsales.prism
04-29 21:57:32.048 D/VibratorManagerService( 4381): Check AppOp mode VIBRATE for uid 10434 and package com.smartsales.prism returned audio=allow, op=allow
04-29 21:57:32.049 D/VibratorManagerService( 4381): Start AppOp mode VIBRATE for uid 10434 and package com.smartsales.prism returned allow
04-29 21:57:32.049 I/KeyboardFeature::Vibrator( 4381): trigger keyboard vibrate for com.smartsales.prism effectId: 0 always: false
04-29 21:57:32.127 D/VibratorManagerService( 4381): Finish AppOp mode VIBRATE for uid 10434 and package com.smartsales.prism
04-29 21:57:32.156 I/MIUIInput( 4381): [MotionEvent] publisher action=0x1, deviceId=8, 79308403, channel 'bfbf918 com.smartsales.prism/com.smartsales.prism.MainActivity'
04-29 21:57:32.156 D/ScrollScenario( 4381): ScrollState: fling start on com.smartsales.prism
04-29 21:57:32.156 D/ScrollScenario( 4381): ScrollState: scroll end on com.smartsales.prism
04-29 21:57:32.157 I/DisplayPolicyStubImpl( 4381): boost for touch up failed because of timediff < 1, package:com.smartsales.prism
04-29 21:57:32.330 I/MIUIInput(29485): [MotionEvent] ViewRootImpl windowName 'com.smartsales.prism/com.smartsales.prism.MainActivity', { action=ACTION_UP, id[0]=0, pointerCount=1, eventTime=79308403, downTime=79308322, phoneEventTime=1777471052064 } moveCount:3
04-29 21:57:32.403 D/SmartSalesConn(29485): BadgeHttpClient.isReachable start url=http://192.168.0.102:8088/
04-29 21:57:33.033 I/martsales.prism(29485): Compiler allocated 4415KB to compile void com.smartsales.prism.ui.sim.SimAudioDrawerCardKt$SimAudioCard$cardContent$1.invoke(androidx.compose.foundation.layout.ColumnScope, androidx.compose.runtime.Composer, int)
04-29 21:57:33.173 D/PerfShielderService( 4381): com.smartsales.prism|com.smartsales.prism/com.smartsales.prism.MainActivity|235|79307918846619|118|2|4
04-29 21:57:33.175 D/PerfShielderService( 4381): com.smartsales.prism|com.smartsales.prism/com.smartsales.prism.MainActivity|1125|79309498622816|292|2|62
04-29 21:57:33.175 W/MiuiPerfServiceClient(10732): interceptAndQueuing:29485|com.smartsales.prism|235|118|79307918846619|Slow handle animation|4
04-29 21:57:33.176 W/MiuiPerfServiceClient(10732): interceptAndQueuing:29485|com.smartsales.prism|1125|292|79309498622816|Slow handle animation|62
04-29 21:57:33.421 I/MIUIInput( 4381): [MotionEvent] publisher action=0x0, deviceId=8, 79309759, channel 'bfbf918 com.smartsales.prism/com.smartsales.prism.MainActivity'
04-29 21:57:33.424 I/MIUIInput(29485): [MotionEvent] ViewRootImpl windowName 'com.smartsales.prism/com.smartsales.prism.MainActivity', { action=ACTION_DOWN, id[0]=0, pointerCount=1, eventTime=79309759, downTime=79309759, phoneEventTime=1777471053421 } moveCount:0
04-29 21:57:33.473 I/MIUIInput( 4381): [MotionEvent] publisher action=0x1, deviceId=8, 79309811, channel 'bfbf918 com.smartsales.prism/com.smartsales.prism.MainActivity'
04-29 21:57:33.474 I/MIUIInput(29485): [MotionEvent] ViewRootImpl windowName 'com.smartsales.prism/com.smartsales.prism.MainActivity', { action=ACTION_UP, id[0]=0, pointerCount=1, eventTime=79309811, downTime=79309759, phoneEventTime=1777471053473 } moveCount:0
04-29 21:57:33.474 I/DisplayPolicyStubImpl( 4381): boost for touch up, package:com.smartsales.prism
04-29 21:57:33.475 E/martsales.prism(29485): FrameInsert open fail: No such file or directory
04-29 21:57:33.670 D/ProfileInstaller(29485): Installing profile for com.smartsales.prism
04-29 21:57:34.367 D/PerfShielderService( 4381): com.smartsales.prism|com.smartsales.prism/com.smartsales.prism.MainActivity|236|79310047695211|125|2|8
04-29 21:57:34.367 W/MiuiPerfServiceClient(10732): interceptAndQueuing:29485|com.smartsales.prism|236|125|79310047695211|Slow handle animation|8
04-29 21:57:35.157 D/ScrollScenario( 4381): ScrollState: fling end on com.smartsales.prism
04-29 21:57:35.418 W/SmartSalesConn(29485): BadgeHttpClient.isReachable failure url=http://192.168.0.102:8088/ error=SocketTimeoutException:failed to connect to /192.168.0.102 (port 8088) from /192.168.0.106 (port 45554) after 3000ms
04-29 21:57:35.419 D/SmartSalesConn(29485): 🌐 network query device=CHLE_Intelligent
04-29 21:57:35.419 I/SmartSalesConn(29485): 📡 queryNetwork ENTRY (in mutex)
04-29 21:57:35.419 D/SmartSalesConn(29485): 📡 CACHED (6231ms old)
04-29 21:57:35.419 D/SmartSalesConn(29485): 📶 state=CONNECTED ip=192.168.0.102
04-29 21:57:35.420 D/SmartSalesConn(29485): 🌐 Network status ok device=CHLE_Intelligent ip=192.168.0.102
04-29 21:57:35.422 D/SmartSalesConn(29485): BadgeHttpClient.isReachable start url=http://192.168.0.102:8088/
04-29 21:57:35.424 D/ConnectivityVM(29485): managerStatus=HttpDelayed(badgeIp=192.168.0.102, ssid=MstRobot, baseUrl=http://192.168.0.102:8088) managerState=HTTP_DELAYED
04-29 21:57:35.461 I/adbd    ( 3091): in ShellService: run-as com.smartsales.prism sed -i s/value="true"/value="false"/ shared_prefs/prism_debug_mode_preferences.xml
04-29 21:57:35.464 E/HyperSentinel( 4381): ->pid:29485,processName:"com.smartsales.prism",Rss Memory Size Change 307220kb -> 385964kb
04-29 21:57:35.496 I/martsales.prism(29485): JIT allocated 51KB for stack maps of void com.smartsales.prism.ui.components.ConnectivityModalKt.DeviceCard(com.smartsales.prism.data.connectivity.registry.RegisteredDevice, boolean, com.smartsales.prism.ui.components.connectivity.ConnectivityManagerState, java.lang.Integer, java.lang.String, kotlin.jvm.functions.Function0, kotlin.jvm.functions.Function0, kotlin.jvm.functions.Function0, kotlin.jvm.functions.Function0, kotlin.jvm.functions.Function0, kotlin.jvm.functions.Function1, androidx.compose.runtime.Composer, int, int)
04-29 21:57:35.497 I/martsales.prism(29485): Compiler allocated 14MB to compile void com.smartsales.prism.ui.components.ConnectivityModalKt.DeviceCard(com.smartsales.prism.data.connectivity.registry.RegisteredDevice, boolean, com.smartsales.prism.ui.components.connectivity.ConnectivityManagerState, java.lang.Integer, java.lang.String, kotlin.jvm.functions.Function0, kotlin.jvm.functions.Function0, kotlin.jvm.functions.Function0, kotlin.jvm.functions.Function0, kotlin.jvm.functions.Function0, kotlin.jvm.functions.Function1, androidx.compose.runtime.Composer, int, int)
04-29 21:57:35.520 I/adbd    ( 3091): in ShellService: am force-stop com.smartsales.prism
04-29 21:57:35.555 I/ActivityManager( 4381): Force stopping com.smartsales.prism appid=10434 user=0: from process:2023
04-29 21:57:35.556 D/MiuiDamonService( 4381): report App died, packageName = com.smartsales.prism, pid = 29485
04-29 21:57:35.558 I/ActivityManager( 4381): Killing 29485:com.smartsales.prism/u0a434 (adj 0): stop com.smartsales.prism due to from process:2023
04-29 21:57:35.562 D/MiSightJni(10732): MiSight: Java_com_miui_misight_MiSight_nativeSendEvent enter called. '{"ProcessName":"com.smartsales.prism","OomAdj":0,"PssOrRss":0,"MemAvail":4658608,"Reason":"stop com.smartsales.prism due to from process:2023","MemTotal":12}'
04-29 21:57:35.562 D/MiEvent (10732): flatten EventId 902003001 -t 1777471055 -paraList {"MemAvail":4658608,"MemTotal":12,"OomAdj":0,"ProcessName":"com.smartsales.prism","PssOrRss":0,"Reason":"stop com.smartsales.prism due to from process:2023"}
04-29 21:57:35.562 D/MiEvent (10732): report:EventId 902003001 -t 1777471055 -paraList {"MemAvail":4658608,"MemTotal":12,"OomAdj":0,"ProcessName":"com.smartsales.prism","PssOrRss":0,"Reason":"stop com.smartsales.prism due to from process:2023"} success
04-29 21:57:35.563 W/ActivityTaskManager( 4381): Force removing ActivityRecord{241484320 u0 com.smartsales.prism/.MainActivity t28213 f}}: app died, no saved state
04-29 21:57:35.563 D/WindowManager( 4381): Collecting in transition 208: Task{423e04c #28213 type=standard A=10434:com.smartsales.prism} init visibleRequested:true dc:Display{#0 state=ON size=1440x3200 ROTATION_0}
04-29 21:57:35.564 D/WindowManager( 4381): Collecting in transition 208: ActivityRecord{241484320 u0 com.smartsales.prism/.MainActivity t28213 f}} init visibleRequested:false dc:Display{#0 state=ON size=1440x3200 ROTATION_0}
04-29 21:57:35.564 D/BarFollowAnimation( 4381): onTaskInfoChanedForCaptionBar Task{423e04c #28213 type=standard A=10434:com.smartsales.prism} shouldbeVisible:false isVisible:true isOnTop:true windowMode:1 preDisplayId:-1 displayId:0 mCaptionAssociatedTask:null mIsTouchedInCaption:false
04-29 21:57:35.564 D/BarFollowAnimation( 4381): isAppTaskBarOnTop win:Window{bfbf918 u0 com.smartsales.prism/com.smartsales.prism.MainActivity} (mCurrentTopTask:Task{423e04c #28213 type=standard A=10434:com.smartsales.prism} : false); (mAssociatedTask:Task{423e04c #28213 type=standard A=10434:com.smartsales.prism} : false); (mHomeTask:Task{5d5aefa #1 type=home} : false); mReparentToOriginParent:false mLastAppBarVisible:true mLastHomeBarVisible:false
04-29 21:57:35.565 D/WindowManager( 4381): updateSystemBarAttributes displayId: 0 Window{bfbf918 u0 com.smartsales.prism/com.smartsales.prism.MainActivity} winAppearance=
04-29 21:57:35.565 D/WmSystemUiDebug( 4381): on system bar attributes changed displayId=0 appearance= appearanceRegions=[AppearanceRegion{ bounds=[0,0][1440,3200]}] navbarColorManagedByIme=false behavior=1 requestedVisibleTypes=[statusBars navigationBars captionBar systemGestures mandatorySystemGestures tappableElement displayCutout windowDecor systemOverlays] packageName=com.smartsales.prism letterboxDetails=[]
04-29 21:57:35.565 I/CameraActivitySceneMode( 4381): decideSceneMode: ActivityStateChange isn't resumend activityName = com.smartsales.prism.MainActivity, displayId = 0, state = 9, mIsVideocallResumed = false
04-29 21:57:35.566 V/WindowManagerShell(13752): Transition requested (#208): android.os.BinderProxy@cb48ea0 TransitionRequestInfo { type = CLOSE, triggerTask = TaskInfo{userId=0 taskId=28213 effectiveUid=10434 displayId=0 isRunning=false baseIntent=Intent { act=android.intent.action.MAIN cat=[android.intent.category.LAUNCHER] flg=0x10200000 cmp=com.smartsales.prism/.MainActivity } baseActivity=null topActivity=null origActivity=null realActivity=ComponentInfo{com.smartsales.prism/com.smartsales.prism.MainActivity} numActivities=0 lastActiveTime=79330337 supportsSplitScreenMultiWindow=true mSoScDisplayMode=-1 supportsMultiWindow=true resizeMode=1 isResizeable=true minWidth=-1 minHeight=-1 defaultMinSize=200 token=WCT{android.window.IWindowContainerToken$Stub$Proxy@c15aa59} topActivityType=1 pictureInPictureParams=null shouldDockBigOverlays=false launchIntoPipHostTaskId=-1 lastParentTaskIdBeforePip=-1 displayCutoutSafeInsets=Rect(0, 0 - 0, 0) topActivityInfo=null launchCookies=[] positionInParent=Point(0, 0) parentTaskId=-1 isFocused=true isVisible=true isVisibleRequested=true isTopActivityNoDisplay=false isSleeping=false locusId=null displayAreaFeatureId=1 isTopActivityTransparent=false isActivityStackTransparent=true lastNonFullscreenBounds=Rect(372, 934 - 1069, 2374) capturedLink=null capturedLinkTimestamp=0 requestedVisibleTypes=-9 topActivityRequestOpenInBrowserEducationTimestamp=0 appCompatTaskInfo=AppCompatTaskInfo { topActivityInSizeCompat=false eligibleForLetterboxEducation= false topActivityInMiuiSizeCompat=false isLetterboxEducationEnabled= false isLetterboxDoubleTapEnabled= false eligibleForUserAspectRatioButton= false topActivityBoundsLetterboxed= false isFromLetterboxDoubleTap= false topActivityLetterboxVerticalPosition= -1 topActivityLetterboxHorizontalPosition= -1 topActivityLetterboxWidth=-1 topActivityLetterboxHeight=-1 topActivityAppBounds=Rect(0, 0 - 0, 0) isUserFullscreenOverrideEnabled=false isSystemFullscreenOverrideEnabled=false hasMinAspectRatioOverride=false topActivityLetterboxBounds=null cameraCompatTaskInfo=CameraCompatTaskInfo { freeformCameraCompatMode=undefined}} isImmersive=false mTopActivityRequestOrientation=-2 mStatusBarParent=null mNavBarParent=null mBehindAppLockPkg=null mOriginatingUid=0 isEmbedded=false shouldBeVisible=false isCreatedByOrganizer=false mIsCastMode=false mTopActivityMediaSize=null mTopActivityRecordName=null mTopActivityOrientation=-2 topActivityMainWindowFrame=null}, pipChange = null, remoteTransition = null, displayChange = null, flags = 0, debugId = 208 }
04-29 21:57:35.566 I/SoScStageCoordinator(13752): Transition requested:TransitionRequestInfo { type = CLOSE, triggerTask = TaskInfo{userId=0 taskId=28213 effectiveUid=10434 displayId=0 isRunning=false baseIntent=Intent { act=android.intent.action.MAIN cat=[android.intent.category.LAUNCHER] flg=0x10200000 cmp=com.smartsales.prism/.MainActivity } baseActivity=null topActivity=null origActivity=null realActivity=ComponentInfo{com.smartsales.prism/com.smartsales.prism.MainActivity} numActivities=0 lastActiveTime=79330337 supportsSplitScreenMultiWindow=true mSoScDisplayMode=-1 supportsMultiWindow=true resizeMode=1 isResizeable=true minWidth=-1 minHeight=-1 defaultMinSize=200 token=WCT{android.window.IWindowContainerToken$Stub$Proxy@c15aa59} topActivityType=1 pictureInPictureParams=null shouldDockBigOverlays=false launchIntoPipHostTaskId=-1 lastParentTaskIdBeforePip=-1 displayCutoutSafeInsets=Rect(0, 0 - 0, 0) topActivityInfo=null launchCookies=[] positionInParent=Point(0, 0) parentTaskId=-1 isFocused=true isVisible=true isVisibleRequested=true isTopActivityNoDisplay=false isSleeping=false locusId=null displayAreaFeatureId=1 isTopActivityTransparent=false isActivityStackTransparent=true lastNonFullscreenBounds=Rect(372, 934 - 1069, 2374) capturedLink=null capturedLinkTimestamp=0 requestedVisibleTypes=-9 topActivityRequestOpenInBrowserEducationTimestamp=0 appCompatTaskInfo=AppCompatTaskInfo { topActivityInSizeCompat=false eligibleForLetterboxEducation= false topActivityInMiuiSizeCompat=false isLetterboxEducationEnabled= false isLetterboxDoubleTapEnabled= false eligibleForUserAspectRatioButton= false topActivityBoundsLetterboxed= false isFromLetterboxDoubleTap= false topActivityLetterboxVerticalPosition= -1 topActivityLetterboxHorizontalPosition= -1 topActivityLetterboxWidth=-1 topActivityLetterboxHeight=-1 topActivityAppBounds=Rect(0, 0 - 0, 0) isUserFullscreenOverrideEnabled=false isSystemFullscreenOverrideEnabled=false hasMinAspectRatioOverride=false topActivityLetterboxBounds=null cameraCompatTaskInfo=CameraCompatTaskInfo { freeformCameraCompatMode=undefined}} isImmersive=false mTopActivityRequestOrientation=-2 mStatusBarParent=null mNavBarParent=null mBehindAppLockPkg=null mOriginatingUid=0 isEmbedded=false shouldBeVisible=false isCreatedByOrganizer=false mIsCastMode=false mTopActivityMediaSize=null mTopActivityRecordName=null mTopActivityOrientation=-2 topActivityMainWindowFrame=null}, pipChange = null, remoteTransition = null, displayChange = null, flags = 0, debugId = 208 } isSoScActive:false triggerTask:TaskInfo{userId=0 taskId=28213 effectiveUid=10434 displayId=0 isRunning=false baseIntent=Intent { act=android.intent.action.MAIN cat=[android.intent.category.LAUNCHER] flg=0x10200000 cmp=com.smartsales.prism/.MainActivity } baseActivity=null topActivity=null origActivity=null realActivity=ComponentInfo{com.smartsales.prism/com.smartsales.prism.MainActivity} numActivities=0 lastActiveTime=79330337 supportsSplitScreenMultiWindow=true mSoScDisplayMode=-1 supportsMultiWindow=true resizeMode=1 isResizeable=true minWidth=-1 minHeight=-1 defaultMinSize=200 token=WCT{android.window.IWindowContainerToken$Stub$Proxy@c15aa59} topActivityType=1 pictureInPictureParams=null shouldDockBigOverlays=false launchIntoPipHostTaskId=-1 lastParentTaskIdBeforePip=-1 displayCutoutSafeInsets=Rect(0, 0 - 0, 0) topActivityInfo=null launchCookies=[] positionInParent=Point(0, 0) parentTaskId=-1 isFocused=true isVisible=true isVisibleRequested=true isTopActivityNoDisplay=false isSleeping=false locusId=null displayAreaFeatureId=1 isTopActivityTransparent=false isActivityStackTransparent=true lastNonFullscreenBounds=Rect(372, 934 - 1069, 2374) capturedLink=null capturedLinkTimestamp=0 requestedVisibleTypes=-9 topActivityRequestOpenInBrowserEducationTimestamp=0 appCompatTaskInfo=AppCompatTaskInfo { topActivityInSizeCompat=false eligibleForLetterboxEducation= false topActivityInMiuiSizeCompat=false isLetterboxEducationEnabled= false isLetterboxDoubleTapEnabled= false eligibleForUserAspectRatioButton= false topActivityBoundsLetterboxed= false isFromLetter
04-29 21:57:35.566 D/GnssSsruImpl( 4381): onLocationPermissionsChanged provider:passive packageName:com.smartsales.prism
04-29 21:57:35.566 D/GnssSsruImpl( 4381): onLocationPermissionsChanged provider:network packageName:com.smartsales.prism
04-29 21:57:35.566 D/GnssSsruImpl( 4381): onLocationPermissionsChanged provider:fused packageName:com.smartsales.prism
04-29 21:57:35.570 V/WindowManager( 4381): Win Window{bfbf918 u0 com.smartsales.prism/com.smartsales.prism.MainActivity}: isOnScreen=true mDrawState=4
04-29 21:57:35.571 D/BarFollowAnimation( 4381): pairAppearanceRegionAndWin win=Window{bfbf918 u0 com.smartsales.prism/com.smartsales.prism.MainActivity} 0
04-29 21:57:35.571 D/BarFollowAnimation( 4381): isAppTaskBarOnTop win:Window{bfbf918 u0 com.smartsales.prism/com.smartsales.prism.MainActivity} (mCurrentTopTask:Task{423e04c #28213 type=standard A=10434:com.smartsales.prism} : false); (mAssociatedTask:Task{423e04c #28213 type=standard A=10434:com.smartsales.prism} : false); (mHomeTask:Task{5d5aefa #1 type=home} : true); mReparentToOriginParent:false mLastAppBarVisible:true mLastHomeBarVisible:false
04-29 21:57:35.572 D/WindowManager( 4381):    ChangeInfo{6dec630 container=Task{423e04c #28213 type=standard A=10434:com.smartsales.prism} flags=0x0}
04-29 21:57:35.572 D/WindowManager( 4381):    ChangeInfo{338d1eb container=ActivityRecord{241484320 u0 com.smartsales.prism/.MainActivity t28213 f} isExiting} flags=0x0}
04-29 21:57:35.573 D/BarFollowAnimation( 4381): pairAppearanceRegionAndWin win=Window{bfbf918 u0 com.smartsales.prism/com.smartsales.prism.MainActivity} 0
04-29 21:57:35.574 D/BarFollowAnimation( 4381): isAppTaskBarOnTop win:Window{bfbf918 u0 com.smartsales.prism/com.smartsales.prism.MainActivity} (mCurrentTopTask:Task{423e04c #28213 type=standard A=10434:com.smartsales.prism} : false); (mAssociatedTask:Task{423e04c #28213 type=standard A=10434:com.smartsales.prism} : false); (mHomeTask:Task{5d5aefa #1 type=home} : true); mReparentToOriginParent:false mLastAppBarVisible:true mLastHomeBarVisible:false
04-29 21:57:35.576 D/WindowManager( 4381):    ChangeInfo{6dec630 container=Task{423e04c #28213 type=standard A=10434:com.smartsales.prism} flags=0x0}
04-29 21:57:35.576 D/WindowManager( 4381):    ChangeInfo{338d1eb container=ActivityRecord{241484320 u0 com.smartsales.prism/.MainActivity t28213 f} isExiting} flags=0x0}
04-29 21:57:35.576 D/WindowManager( 4381):    ChangeInfo{6dec630 container=Task{423e04c #28213 type=standard A=10434:com.smartsales.prism} flags=0x0}
04-29 21:57:35.576 D/WindowManager( 4381):    ChangeInfo{338d1eb container=ActivityRecord{241484320 u0 com.smartsales.prism/.MainActivity t28213 f} isExiting} flags=0x0}
04-29 21:57:35.576 I/AppsFilter( 4381): interaction: PackageSetting{bf76877 com.smartsales.aitest/10431} -> PackageSetting{5e92b48 com.smartsales.prism/10434} BLOCKED
04-29 21:57:35.576 I/AppsFilter( 4381): interaction: PackageSetting{a7b854d com.android.microdroid.empty_payload/10234} -> PackageSetting{5e92b48 com.smartsales.prism/10434} BLOCKED
04-29 21:57:35.576 I/AppsFilter( 4381): interaction: PackageSetting{fc36802 org.qtproject.example.LubanCat_Record/10290} -> PackageSetting{5e92b48 com.smartsales.prism/10434} BLOCKED
04-29 21:57:35.580 D/BluetoothLatencyMode(13357): ForegroundInfo{mForegroundPackageName='com.miui.home', mForegroundUid=10140, mForegroundPid=13025, mForegroundDisplayId=0, mLastForegroundPackageName='com.smartsales.prism', mLastForegroundUid=10434, mLastForegroundPid=29485, mLastForegroundDisplayId=0, mMultiWindowForegroundPackageName='com.miui.home', mMultiWindowForegroundUid=10140, mFlags=0}
04-29 21:57:35.580 D/PerfEngineController(12931): ForegroundInfo{mForegroundPackageName='com.miui.home', mForegroundUid=10140, mForegroundPid=13025, mForegroundDisplayId=0, mLastForegroundPackageName='com.smartsales.prism', mLastForegroundUid=10434, mLastForegroundPid=29485, mLastForegroundDisplayId=0, mMultiWindowForegroundPackageName='com.miui.home', mMultiWindowForegroundUid=10140, mFlags=0}
04-29 21:57:35.584 D/BarFollowAnimation( 4381): pairAppearanceRegionAndWin win=Window{bfbf918 u0 com.smartsales.prism/com.smartsales.prism.MainActivity} 0
04-29 21:57:35.584 D/BarFollowAnimation( 4381): isAppTaskBarOnTop win:Window{bfbf918 u0 com.smartsales.prism/com.smartsales.prism.MainActivity} (mCurrentTopTask:Task{423e04c #28213 type=standard A=10434:com.smartsales.prism} : false); (mAssociatedTask:Task{423e04c #28213 type=standard A=10434:com.smartsales.prism} : false); (mHomeTask:Task{5d5aefa #1 type=home} : true); mReparentToOriginParent:false mLastAppBarVisible:true mLastHomeBarVisible:false
04-29 21:57:35.586 D/BarFollowAnimation( 4381): pairAppearanceRegionAndWin win=Window{bfbf918 u0 com.smartsales.prism/com.smartsales.prism.MainActivity} 0
04-29 21:57:35.586 D/BarFollowAnimation( 4381): isAppTaskBarOnTop win:Window{bfbf918 u0 com.smartsales.prism/com.smartsales.prism.MainActivity} (mCurrentTopTask:Task{423e04c #28213 type=standard A=10434:com.smartsales.prism} : false); (mAssociatedTask:Task{423e04c #28213 type=standard A=10434:com.smartsales.prism} : false); (mHomeTask:Task{5d5aefa #1 type=home} : true); mReparentToOriginParent:false mLastAppBarVisible:true mLastHomeBarVisible:false
04-29 21:57:35.587 D/CarrierSvcBindHelper(13680): onHandleForceStop: [com.smartsales.prism]
04-29 21:57:35.588 E/TransitionChain( 4381):    ChangeInfo{6dec630 container=Task{423e04c #28213 type=standard A=10434:com.smartsales.prism} flags=0x0}
04-29 21:57:35.588 E/TransitionChain( 4381):    ChangeInfo{338d1eb container=ActivityRecord{241484320 u0 com.smartsales.prism/.MainActivity t28213 f} isExiting} flags=0x0}
04-29 21:57:35.588 E/TransitionChain( 4381):    ChangeInfo{6dec630 container=Task{423e04c #28213 type=standard A=10434:com.smartsales.prism} flags=0x0}
04-29 21:57:35.588 E/TransitionChain( 4381):    ChangeInfo{338d1eb container=ActivityRecord{241484320 u0 com.smartsales.prism/.MainActivity t28213 f} isExiting} flags=0x0}
04-29 21:57:35.588 D/ActivityTaskManager( 4381):  setSkipCaptureLayers tr: Task{423e04c #28213 type=standard A=10434:com.smartsales.prism}
04-29 21:57:35.588 I/CamOpt_Adapter( 4381): onForegroundInfoChanged: ForegroundInfo{mForegroundPackageName='com.miui.home', mForegroundUid=10140, mForegroundPid=13025, mForegroundDisplayId=0, mLastForegroundPackageName='com.smartsales.prism', mLastForegroundUid=10434, mLastForegroundPid=29485, mLastForegroundDisplayId=0, mMultiWindowForegroundPackageName='com.miui.home', mMultiWindowForegroundUid=10140, mFlags=0}
04-29 21:57:35.589 I/CamOpt_Service( 4381): onForegroundInfoChanged: ForegroundInfo{mForegroundPackageName='com.miui.home', mForegroundUid=10140, mForegroundPid=13025, mForegroundDisplayId=0, mLastForegroundPackageName='com.smartsales.prism', mLastForegroundUid=10434, mLastForegroundPid=29485, mLastForegroundDisplayId=0, mMultiWindowForegroundPackageName='com.miui.home', mMultiWindowForegroundUid=10140, mFlags=0}
04-29 21:57:35.589 I/GST     (12368): forePkg: com.miui.home, preForePkg: com.smartsales.prism
04-29 21:57:35.590 D/BarFollowAnimation( 4381): pairAppearanceRegionAndWin win=Window{bfbf918 u0 com.smartsales.prism/com.smartsales.prism.MainActivity} 0
04-29 21:57:35.590 D/BarFollowAnimation( 4381): isAppTaskBarOnTop win:Window{bfbf918 u0 com.smartsales.prism/com.smartsales.prism.MainActivity} (mCurrentTopTask:Task{423e04c #28213 type=standard A=10434:com.smartsales.prism} : false); (mAssociatedTask:Task{423e04c #28213 type=standard A=10434:com.smartsales.prism} : false); (mHomeTask:Task{5d5aefa #1 type=home} : true); mReparentToOriginParent:false mLastAppBarVisible:true mLastHomeBarVisible:false
04-29 21:57:35.590 D/FloatingDialogManager( 2885): onForegroundInfoChanged:  foregroundPackageName:com.miui.home mLastForegroundPackageName:com.smartsales.prism
04-29 21:57:35.591 E/ActivityManagerWrapper(13025):  mainTaskId=28213   userId=0   windowMode=1   isExcludedFromRecents=false   baseIntent=Intent { act=android.intent.action.MAIN flag=270532608 cmp=ComponentInfo{com.smartsales.prism/com.smartsales.prism.MainActivity} }
04-29 21:57:35.592 D/BarFollowAnimation( 4381): pairAppearanceRegionAndWin win=Window{bfbf918 u0 com.smartsales.prism/com.smartsales.prism.MainActivity} 0
04-29 21:57:35.592 D/BarFollowAnimation( 4381): isAppTaskBarOnTop win:Window{bfbf918 u0 com.smartsales.prism/com.smartsales.prism.MainActivity} (mCurrentTopTask:Task{423e04c #28213 type=standard A=10434:com.smartsales.prism} : false); (mAssociatedTask:Task{423e04c #28213 type=standard A=10434:com.smartsales.prism} : false); (mHomeTask:Task{5d5aefa #1 type=home} : true); mReparentToOriginParent:false mLastAppBarVisible:true mLastHomeBarVisible:false
04-29 21:57:35.593 I/ProcessMonitor(11742): onForegroundInfoChanged: ForegroundInfo{mForegroundPackageName='com.miui.home', mForegroundUid=10140, mForegroundPid=13025, mForegroundDisplayId=0, mLastForegroundPackageName='com.smartsales.prism', mLastForegroundUid=10434, mLastForegroundPid=29485, mLastForegroundDisplayId=0, mMultiWindowForegroundPackageName='com.miui.home', mMultiWindowForegroundUid=10140, mFlags=0}
04-29 21:57:35.593 D/MiuiMirrorInputMethodImpl( 4381): InsetsControlTarget invalid!:Window{bfbf918 u0 com.smartsales.prism/com.smartsales.prism.MainActivity}
